================================================================================================
104v 1단계 — 순환 × 스트림 200 (재표집 5 · 예산 1000)
   대상 43, 47, 48, 59, 60, 61 · 임시 OUT C:\Users\hanul\AppData\Local\Temp\cyc200_c4_lj0_c
   🚨 CYCLIC=True · sweep=sweep_forced_200x5
================================================================================================

################################################################################################
# 43-round2-size.py  (순환 × 200)
################################################################################################
  연장 경로 227개를 갈아끼웠다 (227개 중)

############################################################################################
# 종가판 — 목표 종가 · 손절·추격 종가
############################################################################################
  🚨 **양방향 관문**(위험/손절 20%·상한 20% · 현금규칙 per_slot → 현금제약 슬롯5): **통과** · 최대 상대 편차 1.345e-14
     ⚠️ 비트 단위 동일은 불가능하다 — 칸 크기를 `eq/5` vs `eq*0.02/0.10` 로 만들어 **부동소수점 경로가 다르다.** 문턱 1e-9 는 잡음(1e-14)보다 5자리 위다.

  [무비용]
    판              체결        자산 중앙        자산 5~95%(seed축)        MDD        거래당
    0회차           405       -0.76%     -54.83 ~  +113.32    -49.74%   +0.6890%
    1a            318      +44.60%     -16.49 ~  +221.39    -36.16%   +0.9039%
    2a            451      +45.68%     -18.78 ~  +201.23    -34.66%   +0.9039%
    자료 축(블록 20/40/80 · 가장 넓은 판이 헤드라인)
  0회차 총수익
    블록 20  (계열/블록 112.2개)  중앙    -15.51%  95%    -90.70 ~   +447.57  폭   538.27  0 포함   ← 가장 넓음(헤드라인)
    블록 40  (계열/블록  56.1개)  중앙    -18.05%  95%    -75.97 ~   +276.05  폭   352.02  0 포함
    블록 80  (계열/블록  28.1개)  중앙    +19.33%  95%    -79.77 ~   +277.59  폭   357.36  0 포함
  1a 총수익
    블록 20  (계열/블록 112.2개)  중앙    +13.75%  95%    -60.02 ~   +143.99  폭   204.01  0 포함
    블록 40  (계열/블록  56.1개)  중앙     -1.82%  95%    -57.62 ~   +284.29  폭   341.91  0 포함
    블록 80  (계열/블록  28.1개)  중앙    +25.07%  95%    -70.98 ~   +387.01  폭   457.98  0 포함   ← 가장 넓음(헤드라인)
  2a 총수익
    블록 20  (계열/블록 112.2개)  중앙    +24.74%  95%    -52.07 ~   +172.81  폭   224.88  0 포함
    블록 40  (계열/블록  56.1개)  중앙    +16.03%  95%    -48.60 ~   +127.96  폭   176.57  0 포함
    블록 80  (계열/블록  28.1개)  중앙    +32.50%  95%    -73.94 ~   +275.18  폭   349.12  0 포함   ← 가장 넓음(헤드라인)
    🚨 **주판정 — 짝비교(자료 축)**
  2a-0회차
    블록 20  (계열/블록 112.2개)  중앙    +29.46%  95%    -63.18 ~   +970.91  폭  1034.10  0 포함   ← 가장 넓음(헤드라인)
    블록 40  (계열/블록  56.1개)  중앙    +33.01%  95%    -61.72 ~   +567.16  폭   628.88  0 포함
    블록 80  (계열/블록  28.1개)  중앙    +33.19%  95%    -62.88 ~   +343.21  폭   406.10  0 포함
  2a-1a
    블록 20  (계열/블록 112.2개)  중앙    +11.51%  95%    -53.38 ~   +120.19  폭   173.57  0 포함
    블록 40  (계열/블록  56.1개)  중앙    +16.94%  95%    -66.82 ~   +178.85  폭   245.67  0 포함   ← 가장 넓음(헤드라인)
    블록 80  (계열/블록  28.1개)  중앙     +6.69%  95%    -53.02 ~    +97.22  폭   150.24  0 포함
  1a-0회차
    블록 20  (계열/블록 112.2개)  중앙    +35.19%  95%    -67.22 ~  +1021.62  폭  1088.84  0 포함   ← 가장 넓음(헤드라인)
    블록 40  (계열/블록  56.1개)  중앙    +57.18%  95%    -72.39 ~   +521.59  폭   593.98  0 포함
    블록 80  (계열/블록  28.1개)  중앙    +29.80%  95%    -67.35 ~   +253.57  폭   320.92  0 포함
    동시 보유 수 — 평균 6.92 · P10 6 · 중앙 7 · P90 8 · 최대 11
      미너비니 「4~8종목」 대비: 중앙 7 · **평균만 보면 안 된다**
    위험목표 초과 — 평균 +0.4576%p · 건수 133 · 현금 부족 진입 차단 13726회
      ⚠️ **1.25%%는 «계획된» 위험이다.** 갭다운이면 손절선보다 아래에서 나가므로 실제 손실이 더 크다.
    자유 현금 최솟값 +0.000002 (음수면 초과 투자)
    🚨 로그 축 검산: 누적 0.383853 vs 증분 합 0.383853 · 차 0.00e+00  **일치**

  [한국-미래에셋]
    판              체결        자산 중앙        자산 5~95%(seed축)        MDD        거래당
    0회차           405      -30.44%     -68.67 ~   +50.66    -58.39%   +0.2063%
    1a            318       +8.66%     -38.65 ~  +145.09    -41.97%   +0.4203%
    2a            448       +5.55%     -40.26 ~  +122.60    -42.27%   +0.4203%
    자료 축(블록 20/40/80 · 가장 넓은 판이 헤드라인)
  0회차 총수익
    블록 20  (계열/블록 112.2개)  중앙    -42.14%  95%    -93.80 ~   +265.59  폭   359.39  0 포함   ← 가장 넓음(헤드라인)
    블록 40  (계열/블록  56.1개)  중앙    -42.53%  95%    -83.64 ~   +177.51  폭   261.15  0 포함
    블록 80  (계열/블록  28.1개)  중앙    -17.85%  95%    -87.06 ~   +165.62  폭   252.68  0 포함
  1a 총수익
    블록 20  (계열/블록 112.2개)  중앙    -15.88%  95%    -71.13 ~    +83.68  폭   154.82  0 포함
    블록 40  (계열/블록  56.1개)  중앙    -25.34%  95%    -70.07 ~   +193.82  폭   263.90  0 포함
    블록 80  (계열/블록  28.1개)  중앙     -4.49%  95%    -79.81 ~   +267.00  폭   346.80  0 포함   ← 가장 넓음(헤드라인)
  2a 총수익
    블록 20  (계열/블록 112.2개)  중앙     -4.73%  95%    -65.70 ~   +144.56  폭   210.26  0 포함
    블록 40  (계열/블록  56.1개)  중앙    -24.18%  95%    -71.90 ~   +116.08  폭   187.98  0 포함
    블록 80  (계열/블록  28.1개)  중앙     -6.92%  95%    -79.27 ~   +198.93  폭   278.20  0 포함   ← 가장 넓음(헤드라인)
    🚨 **주판정 — 짝비교(자료 축)**
  2a-0회차
    블록 20  (계열/블록 112.2개)  중앙    +42.92%  95%    -66.77 ~  +1636.58  폭  1703.35  0 포함   ← 가장 넓음(헤드라인)
    블록 40  (계열/블록  56.1개)  중앙    +40.80%  95%    -71.90 ~   +801.90  폭   873.80  0 포함
    블록 80  (계열/블록  28.1개)  중앙    +19.62%  95%    -66.61 ~   +463.87  폭   530.48  0 포함
  2a-1a
    블록 20  (계열/블록 112.2개)  중앙    +10.99%  95%    -54.28 ~   +141.71  폭   196.00  0 포함
    블록 40  (계열/블록  56.1개)  중앙     -4.85%  95%    -61.42 ~   +148.89  폭   210.31  0 포함
    블록 80  (계열/블록  28.1개)  중앙     -9.18%  95%    -50.92 ~   +216.72  폭   267.64  0 포함   ← 가장 넓음(헤드라인)
  1a-0회차
    블록 20  (계열/블록 112.2개)  중앙    +44.13%  95%    -66.63 ~  +1203.17  폭  1269.80  0 포함   ← 가장 넓음(헤드라인)
    블록 40  (계열/블록  56.1개)  중앙    +66.66%  95%    -69.90 ~   +576.64  폭   646.54  0 포함
    블록 80  (계열/블록  28.1개)  중앙    +33.17%  95%    -65.51 ~   +318.94  폭   384.46  0 포함
    동시 보유 수 — 평균 6.88 · P10 6 · 중앙 7 · P90 8 · 최대 11
      미너비니 「4~8종목」 대비: 중앙 7 · **평균만 보면 안 된다**
    위험목표 초과 — 평균 +0.4559%p · 건수 133 · 현금 부족 진입 차단 13729회
      ⚠️ **1.25%%는 «계획된» 위험이다.** 갭다운이면 손절선보다 아래에서 나가므로 실제 손실이 더 크다.
    자유 현금 최솟값 +0.000001 (음수면 초과 투자)
    🚨 로그 축 검산: 누적 0.417068 vs 증분 합 0.417068 · 차 5.55e-17  **일치**

############################################################################################
# 실집행 근사판 — 목표 max(목표가,시가) · 손절·추격 min(선,시가)
############################################################################################

  [무비용]
    판              체결        자산 중앙        자산 5~95%(seed축)        MDD        거래당
    0회차           405       -5.08%     -58.91 ~   +96.77    -50.73%   +0.6144%
    1a            318      +43.50%     -17.20 ~  +196.39    -35.29%   +0.7272%
    2a            450      +46.68%     -27.67 ~  +169.01    -33.15%   +0.7272%
    자료 축(블록 20/40/80 · 가장 넓은 판이 헤드라인)
  0회차 총수익
    블록 20  (계열/블록 112.2개)  중앙    -21.54%  95%    -93.71 ~   +329.87  폭   423.58  0 포함
    블록 40  (계열/블록  56.1개)  중앙    -25.19%  95%    -88.03 ~   +361.06  폭   449.09  0 포함   ← 가장 넓음(헤드라인)
    블록 80  (계열/블록  28.1개)  중앙     +1.71%  95%    -86.58 ~   +211.34  폭   297.92  0 포함
  1a 총수익
    블록 20  (계열/블록 112.2개)  중앙    +17.59%  95%    -58.92 ~   +153.70  폭   212.62  0 포함
    블록 40  (계열/블록  56.1개)  중앙     +0.51%  95%    -62.54 ~   +319.95  폭   382.49  0 포함
    블록 80  (계열/블록  28.1개)  중앙    +22.99%  95%    -71.32 ~   +408.30  폭   479.62  0 포함   ← 가장 넓음(헤드라인)
  2a 총수익
    블록 20  (계열/블록 112.2개)  중앙    +30.71%  95%    -49.50 ~   +269.89  폭   319.39  0 포함
    블록 40  (계열/블록  56.1개)  중앙    +24.89%  95%    -59.24 ~   +298.26  폭   357.51  0 포함   ← 가장 넓음(헤드라인)
    블록 80  (계열/블록  28.1개)  중앙    +47.79%  95%    -67.11 ~   +279.13  폭   346.24  0 포함
    🚨 **주판정 — 짝비교(자료 축)**
  2a-0회차
    블록 20  (계열/블록 112.2개)  중앙    +51.61%  95%    -68.72 ~  +2263.05  폭  2331.77  0 포함   ← 가장 넓음(헤드라인)
    블록 40  (계열/블록  56.1개)  중앙    +48.29%  95%    -53.94 ~  +1104.48  폭  1158.42  0 포함
    블록 80  (계열/블록  28.1개)  중앙    +47.18%  95%    -61.16 ~   +583.36  폭   644.52  0 포함
  2a-1a
    블록 20  (계열/블록 112.2개)  중앙    +24.98%  95%    -66.99 ~   +146.09  폭   213.08  0 포함
    블록 40  (계열/블록  56.1개)  중앙    +23.55%  95%    -66.73 ~   +178.70  폭   245.43  0 포함   ← 가장 넓음(헤드라인)
    블록 80  (계열/블록  28.1개)  중앙    +10.86%  95%    -59.36 ~   +136.41  폭   195.78  0 포함
  1a-0회차
    블록 20  (계열/블록 112.2개)  중앙    +40.97%  95%    -67.74 ~  +1332.90  폭  1400.64  0 포함   ← 가장 넓음(헤드라인)
    블록 40  (계열/블록  56.1개)  중앙    +51.79%  95%    -64.38 ~   +698.53  폭   762.91  0 포함
    블록 80  (계열/블록  28.1개)  중앙    +30.37%  95%    -70.11 ~   +379.68  폭   449.79  0 포함
    동시 보유 수 — 평균 6.91 · P10 6 · 중앙 7 · P90 8 · 최대 11
      미너비니 「4~8종목」 대비: 중앙 7 · **평균만 보면 안 된다**
    위험목표 초과 — 평균 +0.5330%p · 건수 37 · 현금 부족 진입 차단 13727회
      ⚠️ **1.25%%는 «계획된» 위험이다.** 갭다운이면 손절선보다 아래에서 나가므로 실제 손실이 더 크다.
    자유 현금 최솟값 +0.000002 (음수면 초과 투자)
    🚨 로그 축 검산: 누적 0.435196 vs 증분 합 0.435196 · 차 0.00e+00  **일치**

  [한국-미래에셋]
    판              체결        자산 중앙        자산 5~95%(seed축)        MDD        거래당
    0회차           405      -34.32%     -71.53 ~   +38.96    -59.35%   +0.1321%
    1a            318       +6.62%     -38.45 ~  +124.75    -39.49%   +0.2444%
    2a            447       +1.91%     -45.65 ~  +124.67    -39.56%   +0.2444%
    자료 축(블록 20/40/80 · 가장 넓은 판이 헤드라인)
  0회차 총수익
    블록 20  (계열/블록 112.2개)  중앙    -43.75%  95%    -95.82 ~   +179.74  폭   275.56  0 포함
    블록 40  (계열/블록  56.1개)  중앙    -50.35%  95%    -91.89 ~   +241.44  폭   333.33  0 포함   ← 가장 넓음(헤드라인)
    블록 80  (계열/블록  28.1개)  중앙    -31.23%  95%    -91.28 ~   +123.14  폭   214.42  0 포함
  1a 총수익
    블록 20  (계열/블록 112.2개)  중앙    -11.88%  95%    -69.75 ~    +95.38  폭   165.13  0 포함
    블록 40  (계열/블록  56.1개)  중앙    -22.98%  95%    -72.92 ~   +228.25  폭   301.17  0 포함
    블록 80  (계열/블록  28.1개)  중앙     -6.91%  95%    -80.03 ~   +282.74  폭   362.76  0 포함   ← 가장 넓음(헤드라인)
  2a 총수익
    블록 20  (계열/블록 112.2개)  중앙     -6.76%  95%    -73.97 ~   +115.70  폭   189.67  0 포함
    블록 40  (계열/블록  56.1개)  중앙     -7.62%  95%    -73.23 ~    +71.81  폭   145.05  0 포함
    블록 80  (계열/블록  28.1개)  중앙    -12.97%  95%    -79.30 ~   +266.34  폭   345.64  0 포함   ← 가장 넓음(헤드라인)
    🚨 **주판정 — 짝비교(자료 축)**
  2a-0회차
    블록 20  (계열/블록 112.2개)  중앙    +55.96%  95%    -60.97 ~  +1977.72  폭  2038.69  0 포함   ← 가장 넓음(헤드라인)
    블록 40  (계열/블록  56.1개)  중앙    +48.85%  95%    -56.88 ~   +965.44  폭  1022.32  0 포함
    블록 80  (계열/블록  28.1개)  중앙    +51.96%  95%    -66.33 ~   +747.34  폭   813.68  0 포함
  2a-1a
    블록 20  (계열/블록 112.2개)  중앙    +17.37%  95%    -63.62 ~    +92.84  폭   156.46  0 포함
    블록 40  (계열/블록  56.1개)  중앙    +10.58%  95%    -66.01 ~   +136.31  폭   202.33  0 포함
    블록 80  (계열/블록  28.1개)  중앙     -1.68%  95%    -62.00 ~   +142.46  폭   204.46  0 포함   ← 가장 넓음(헤드라인)
  1a-0회차
    블록 20  (계열/블록 112.2개)  중앙    +49.39%  95%    -64.46 ~  +1576.35  폭  1640.81  0 포함   ← 가장 넓음(헤드라인)
    블록 40  (계열/블록  56.1개)  중앙    +62.16%  95%    -62.19 ~   +774.84  폭   837.02  0 포함
    블록 80  (계열/블록  28.1개)  중앙    +39.30%  95%    -67.80 ~   +451.81  폭   519.61  0 포함
    동시 보유 수 — 평균 6.88 · P10 6 · 중앙 7 · P90 8 · 최대 11
      미너비니 「4~8종목」 대비: 중앙 7 · **평균만 보면 안 된다**
    위험목표 초과 — 평균 +0.5316%p · 건수 36 · 현금 부족 진입 차단 13730회
      ⚠️ **1.25%%는 «계획된» 위험이다.** 갭다운이면 손절선보다 아래에서 나가므로 실제 손실이 더 크다.
    자유 현금 최솟값 +0.000003 (음수면 초과 투자)
    🚨 로그 축 검산: 누적 0.439273 vs 증분 합 0.439273 · 차 0.00e+00  **일치**

  🚨 짝비교 **날짜 축 정렬** — 360회 정렬 · 첫 건: 합집합 2250일 · 양쪽 공통 2238일(99.5%) · 변형에만 6일 · 0회차에만 6일
     ⚠️ 버려진 날은 없다(합집합). 한쪽에만 있는 날은 **직전 값을 끌어온다**(그날 손익이 없다는 뜻). 끌어온 비율이 크면 그 자체가 한계다.

저장: .cache/bt5y/out/43-round2.json
→ 43-round2-size.py 반환 0

################################################################################################
# 47-round3-pyramid.py  (순환 × 200)
################################################################################################
  연장 경로 227개를 갈아끼웠다 (227개 중)

############################################################################################
# 3회차 · 종가판
############################################################################################
  🚨 **양방향 관문**(증액 없음 · pilot=1.0 → 2a): **통과** · 최대 상대 편차 0.000e+00

  [무비용]
    판          체결        체결분거래당           산술           관측           격차         증액      증액막힘
    2a(=3d)      451       0.8521%       60.43%       45.68%      -14.74%p         0        0
    3a        871       0.3020%       39.87%       41.78%        1.90%p       129      285
    3b       1315       0.3890%       81.16%       64.67%      -16.48%p       114      523
    3c       1426       0.0519%       21.37%       29.12%        7.75%p       312      384
    동시 보유 — 2a(=3d) 중앙7(P10 6~P90 8·최대11) · 3a 중앙12(P10 10~P90 14·최대19)
    위험초과 — 2a(=3d) +0.4576%p · 3a +0.4720%p · 자유현금 최솟값 2a(=3d) +0.000002 · 3a +0.000002
    🚨 주판정 — 짝비교(자료 축 · 3a − 2a)
    블록 20  (계열/블록 112.3개)  중앙     +7.25%  95%    -63.68 ~   +182.49  폭   246.17  0 포함
    블록 40  (계열/블록  56.1개)  중앙     -2.23%  95%    -56.85 ~   +283.31  폭   340.16  0 포함   ← 가장 넓음(헤드라인)
    블록 80  (계열/블록  28.1개)  중앙    +26.42%  95%    -62.41 ~   +221.92  폭   284.33  0 포함
    항등 분해(3a): 산술 증분 -20.55%p · 격차 증분 +16.65%p = 관측 증분 -3.91%p

  [한국-미래에셋]
    판          체결        체결분거래당           산술           관측           격차         증액      증액막힘
    2a(=3d)      448       0.3821%       26.80%        5.55%      -21.24%p         0        0
    3a        863      -0.2052%      -27.97%       -4.25%       23.72%p       129      285
    3b       1312      -0.0811%      -16.31%       14.83%       31.14%p       111      526
    3c       1430      -0.5042%      -45.50%      -10.18%       35.32%p       312      382
    동시 보유 — 2a(=3d) 중앙7(P10 6~P90 8·최대11) · 3a 중앙12(P10 10~P90 14·최대19)
    위험초과 — 2a(=3d) +0.4559%p · 3a +0.4746%p · 자유현금 최솟값 2a(=3d) +0.000001 · 3a +0.000000
    🚨 주판정 — 짝비교(자료 축 · 3a − 2a)
    블록 20  (계열/블록 112.3개)  중앙     -7.51%  95%    -67.86 ~   +123.77  폭   191.63  0 포함
    블록 40  (계열/블록  56.1개)  중앙     -5.88%  95%    -54.39 ~   +217.51  폭   271.90  0 포함   ← 가장 넓음(헤드라인)
    블록 80  (계열/블록  28.1개)  중앙    -11.16%  95%    -72.77 ~   +174.07  폭   246.84  0 포함
    항등 분해(3a): 산술 증분 -54.76%p · 격차 증분 +44.97%p = 관측 증분 -9.80%p

############################################################################################
# 3회차 · 실집행 근사판
############################################################################################

  [무비용]
    판          체결        체결분거래당           산술           관측           격차         증액      증액막힘
    2a(=3d)      450       0.8189%       57.30%       46.68%      -10.62%p         0        0
    3a        869       0.4454%       61.44%       58.79%       -2.66%p       128      288
    3b       1334       0.2999%       62.34%       44.12%      -18.22%p       111      534
    3c       1443       0.1360%       24.96%       35.92%       10.96%p       314      392
    동시 보유 — 2a(=3d) 중앙7(P10 6~P90 8·최대11) · 3a 중앙12(P10 10~P90 14·최대20)
    위험초과 — 2a(=3d) +0.5330%p · 3a +0.5045%p · 자유현금 최솟값 2a(=3d) +0.000002 · 3a +0.000001
    🚨 주판정 — 짝비교(자료 축 · 3a − 2a)
    블록 20  (계열/블록 112.3개)  중앙     +0.15%  95%    -65.80 ~   +256.08  폭   321.88  0 포함
    블록 40  (계열/블록  56.2개)  중앙    +27.59%  95%    -62.99 ~   +566.70  폭   629.69  0 포함   ← 가장 넓음(헤드라인)
    블록 80  (계열/블록  28.1개)  중앙     +6.41%  95%    -54.98 ~   +402.58  폭   457.56  0 포함
    항등 분해(3a): 산술 증분 +4.14%p · 격차 증분 +7.96%p = 관측 증분 +12.11%p

  [한국-미래에셋]
    판          체결        체결분거래당           산술           관측           격차         증액      증액막힘
    2a(=3d)      447       0.2782%       19.34%        1.91%      -17.43%p         0        0
    3a        865      -0.0299%       -4.05%        8.47%       12.52%p       126      287
    3b       1327      -0.2458%      -50.19%       -1.29%       48.90%p       109      530
    3c       1447      -0.2865%      -30.65%       -0.98%       29.67%p       316      392
    동시 보유 — 2a(=3d) 중앙7(P10 6~P90 8·최대11) · 3a 중앙12(P10 10~P90 14·최대20)
    위험초과 — 2a(=3d) +0.5316%p · 3a +0.5028%p · 자유현금 최솟값 2a(=3d) +0.000003 · 3a +0.000000
    🚨 주판정 — 짝비교(자료 축 · 3a − 2a)
    블록 20  (계열/블록 112.3개)  중앙    +12.62%  95%    -52.36 ~   +218.93  폭   271.29  0 포함
    블록 40  (계열/블록  56.2개)  중앙    +29.91%  95%    -46.06 ~   +492.89  폭   538.95  0 포함   ← 가장 넓음(헤드라인)
    블록 80  (계열/블록  28.1개)  중앙    +31.28%  95%    -65.51 ~   +397.99  폭   463.50  0 포함
    항등 분해(3a): 산술 증분 -23.39%p · 격차 증분 +29.95%p = 관측 증분 +6.56%p

저장: .cache/bt5y/out/47-round3.json
→ 47-round3-pyramid.py 반환 0

################################################################################################
# 48-round4-regime.py  (순환 × 200)
################################################################################################
  연장 경로 227개를 갈아끼웠다 (227개 중)
국면 지표 — 등가중 `curve_harness_filt`(**하네스 문턱 + 시점 유니버스 + 일별 재배분**) 1396일 · S&P500 2319일
  등가중 ≥ 20MA 인 날 **55.3%** · S&P500 ≥ 50MA 인 날 **70.4%**

############################################################################################
# 4회차 · 종가판
############################################################################################
  방아쇠 45120 → 4a 36533 (81.0% 남음) · 4b 37460 (83.0%)

  [무비용]
    판              체결        체결분거래당           산술           관측           격차     동시보유중앙
    3a(=4d)       871       0.3020%       39.87%       41.78%        1.90%p        12
    4a            771       0.5682%       68.55%       58.81%       -9.74%p        12
    4b            709       0.5017%       53.10%       35.21%      -17.90%p        12
    4c            878       0.2364%       55.45%       47.77%       -7.68%p        12
    🚨 주판정 — 짝비교(자료 축 · 4a − 3a)
    블록 20  (계열/블록 109.5개)  중앙    +16.35%  95%    -40.40 ~   +145.13  폭   185.53  0 포함
    블록 40  (계열/블록  54.8개)  중앙    +17.67%  95%    -35.58 ~   +228.58  폭   264.16  0 포함   ← 가장 넓음(헤드라인)
    블록 80  (계열/블록  27.4개)  중앙     +9.06%  95%    -57.47 ~   +166.12  폭   223.59  0 포함
    항등 분해(4a): 산술 증분 +28.68%p · 격차 증분 -11.65%p = 관측 증분 +17.03%p
    위험초과 3a +0.4720%p · 4a +0.4577%p · 자유현금 최솟값 3a +0.000002 · 4a +0.000001

  [한국-미래에셋]
    판              체결        체결분거래당           산술           관측           격차     동시보유중앙
    3a(=4d)       863      -0.2052%      -27.97%       -4.25%       23.72%p        12
    4a            771       0.1247%       14.92%       13.12%       -1.80%p        11
    4b            704       0.0474%        5.25%        1.33%       -3.92%p        12
    4c            877      -0.2467%       -3.94%       10.72%       14.66%p        12
    🚨 주판정 — 짝비교(자료 축 · 4a − 3a)
    블록 20  (계열/블록 109.5개)  중앙    +29.47%  95%    -34.19 ~   +153.95  폭   188.15  0 포함
    블록 40  (계열/블록  54.8개)  중앙    +27.65%  95%    -33.49 ~   +321.89  폭   355.38  0 포함   ← 가장 넓음(헤드라인)
    블록 80  (계열/블록  27.4개)  중앙    +28.15%  95%    -27.67 ~   +209.39  폭   237.06  0 포함
    항등 분해(4a): 산술 증분 +42.89%p · 격차 증분 -25.52%p = 관측 증분 +17.37%p
    위험초과 3a +0.4746%p · 4a +0.4542%p · 자유현금 최솟값 3a +0.000000 · 4a +0.000003

############################################################################################
# 4회차 · 실집행 근사판
############################################################################################
  방아쇠 45120 → 4a 36533 (81.0% 남음) · 4b 37460 (83.0%)

  [무비용]
    판              체결        체결분거래당           산술           관측           격차     동시보유중앙
    3a(=4d)       869       0.4454%       61.44%       58.79%       -2.66%p        12
    4a            777       0.4945%       59.90%       55.38%       -4.53%p        12
    4b            716       0.4215%       48.71%       35.22%      -13.49%p        12
    4c            888       0.3729%       62.73%       59.01%       -3.72%p        12
    🚨 주판정 — 짝비교(자료 축 · 4a − 3a)
    블록 20  (계열/블록 109.3개)  중앙     -3.27%  95%    -59.49 ~   +256.88  폭   316.37  0 포함   ← 가장 넓음(헤드라인)
    블록 40  (계열/블록  54.7개)  중앙    -15.73%  95%    -58.92 ~   +163.55  폭   222.47  0 포함
    블록 80  (계열/블록  27.3개)  중앙    -12.47%  95%    -55.96 ~   +151.13  폭   207.10  0 포함
    항등 분해(4a): 산술 증분 -1.54%p · 격차 증분 -1.87%p = 관측 증분 -3.41%p
    위험초과 3a +0.5045%p · 4a +0.5107%p · 자유현금 최솟값 3a +0.000001 · 4a +0.000001

  [한국-미래에셋]
    판              체결        체결분거래당           산술           관측           격차     동시보유중앙
    3a(=4d)       865      -0.0299%       -4.05%        8.47%       12.52%p        12
    4a            777       0.0320%        3.85%       13.69%        9.84%p        12
    4b            712      -0.0109%       -1.22%        1.55%        2.78%p        12
    4c            890      -0.1130%        1.64%       14.70%       13.06%p        12
    🚨 주판정 — 짝비교(자료 축 · 4a − 3a)
    블록 20  (계열/블록 109.3개)  중앙    +14.29%  95%    -57.68 ~   +189.50  폭   247.18  0 포함   ← 가장 넓음(헤드라인)
    블록 40  (계열/블록  54.7개)  중앙    -17.09%  95%    -49.63 ~   +145.73  폭   195.36  0 포함
    블록 80  (계열/블록  27.3개)  중앙     -6.64%  95%    -54.07 ~    +91.53  폭   145.60  0 포함
    항등 분해(4a): 산술 증분 +7.90%p · 격차 증분 -2.69%p = 관측 증분 +5.21%p
    위험초과 3a +0.5028%p · 4a +0.5086%p · 자유현금 최솟값 3a +0.000000 · 4a +0.000001

저장: .cache/bt5y/out/48-round4.json
→ 48-round4-regime.py 반환 0

################################################################################################
# 59-regime-9y.py  (순환 × 200)
################################################################################################
  연장 경로 227개를 갈아끼웠다 (227개 중)
================================================================================
59번 — **국면 필터 · 1a 위에 직접 · 9년** (사전등록 tasks/59)
================================================================================
등가중 2319일 · S&P 2319일
국면이 «켜진» 날 — 등가중≥20MA 58.2% · S&P≥50MA 70.4% · S&P≥200MA 72.7%

────────────────────────────────────────────────────────────────────────────────
[1a · 미국 실제(무비용)] −8% / +20% 절반 / 본전→25일추격
  R0 없음            진입 14177 (100%) · 체결 317 · 체결분거래당 +0.537% · 자산중앙   +12.90% · MDD -40.8%
  R1 등가중<20MA      진입  9613 (68%) · 체결 257 · 체결분거래당 +1.190% · 자산중앙   +54.57% · MDD -35.3%
  R2 S&P<50MA      진입 11375 (80%) · 체결 263 · 체결분거래당 +2.340% · 자산중앙  +163.97% · MDD -26.0%
  R3 S&P<200MA     진입 12401 (87%) · 체결 277 · 체결분거래당 +1.002% · 자산중앙   +45.77% · MDD -33.1%
  ── A. **자료 축** 짝비교 (vs R0) — 블록 20/40/80 중 가장 넓은 구간 ──
    R1 등가중<20MA      블록80  중앙    +8.51%  95%   -69.07 ~  +512.86  → **0 포함**
    R2 S&P<50MA      블록20  중앙   +90.01%  95%   -45.46 ~  +952.31  → **0 포함**
    R3 S&P<200MA     블록80  중앙    +7.72%  95%   -67.55 ~  +330.18  → **0 포함**
  ── B. **확인 구간 단독** (2017-09 ~ 2021-01) ──
    R0 없음            진입 5357 · 자산중앙   +38.03%
    R1 등가중<20MA      진입 3901 · 자산중앙   +40.88%
    R2 S&P<50MA      진입 4299 · 자산중앙   +59.09%
    R3 S&P<200MA     진입 4781 · 자산중앙   +22.43%
    R1 등가중<20MA      짝비교 중앙    +9.73%  95%   -61.52 ~  +207.50  → 0 포함
    R2 S&P<50MA      짝비교 중앙    +9.99%  95%   -60.20 ~  +177.02  → 0 포함
    R3 S&P<200MA     짝비교 중앙   -10.39%  95%   -43.49 ~   +56.37  → 0 포함

────────────────────────────────────────────────────────────────────────────────
[1a · 한국-미래에셋] −8% / +20% 절반 / 본전→25일추격
  R0 없음            진입 14177 (100%) · 체결 317 · 체결분거래당 +0.055% · 자산중앙   -16.66% · MDD -47.2%
  R1 등가중<20MA      진입  9613 (68%) · 체결 257 · 체결분거래당 +0.705% · 자산중앙   +22.78% · MDD -42.7%
  R2 S&P<50MA      진입 11375 (80%) · 체결 263 · 체결분거래당 +1.850% · 자산중앙  +109.99% · MDD -29.6%
  R3 S&P<200MA     진입 12401 (87%) · 체결 277 · 체결분거래당 +0.517% · 자산중앙   +14.06% · MDD -37.1%
  ── A. **자료 축** 짝비교 (vs R0) — 블록 20/40/80 중 가장 넓은 구간 ──
    R1 등가중<20MA      블록80  중앙   +14.02%  95%   -66.99 ~  +587.00  → **0 포함**
    R2 S&P<50MA      블록20  중앙  +105.13%  95%   -42.29 ~ +1028.30  → **0 포함**
    R3 S&P<200MA     블록80  중앙   +12.96%  95%   -65.91 ~  +347.88  → **0 포함**

저장: 59-regime-9y.json
→ 59-regime-9y.py 반환 0

################################################################################################
# 60-regime-faithful.py  (순환 × 200)
################################################################################################
  연장 경로 227개를 갈아끼웠다 (227개 중)
================================================================================
60번 — **원전에 가까운 국면 + 전량 현금 + 귀무 검정**
================================================================================
M1(주도주 건강도) — 켜진 날 **34.9%** · 병든 날 1509일 (최근 50건 손실률 > 70%)
관문1 전량현금 구현 — 항상 켜짐: 자르기 0건 · 자산 차 0.00e+00 → **통과**

────────────────────────────────────────────────────────────────────────────────
[1a · 무비용] 9년 · seed 200
  칸                      진입     체결        자산중앙        5%하단      MDD
  R0 없음               14177    318     +44.60%     -16.49%   -36.2%
  M1 주도주건강             4993    224     +18.96%     -35.60%   -37.9%
  M1C +전량현금            4993    499     +43.20%      -0.36%   -34.1%  (강제청산 3783건)
  C50 S&P50+현금        11375    503     +58.43%     -17.21%   -37.6%  (강제청산 5302건)
  C20 등가중20+현금         9613    710     +51.58%      -7.98%   -55.4%  (강제청산 6787건)
  ── A. 자료 축 짝비교 (vs R0) ──
    M1 주도주건강           블록40  중앙   -20.03%  95%   -83.38 ~  +305.08 → **0 포함**
    M1C +전량현금          블록40  중앙   +51.14%  95%   -75.09 ~  +596.18 → **0 포함**
    C50 S&P50+현금       블록40  중앙   +59.04%  95%   -67.88 ~ +1227.77 → **0 포함**
    C20 등가중20+현금       블록80  중앙   +34.59%  95%   -80.39 ~  +984.21 → **0 포함**
  ── ★ B. **귀무 검정** — 가짜 국면 200회 (블록 셔플) ──
    귀무 분포 — 중앙 -1.68%p · 95% **+80.88%p** · 최대 +129.19%p
    관측 M1 주도주건강             -25.65%p  → 귀무 안
    관측 M1C +전량현금             -1.40%p  → 귀무 안
    관측 C50 S&P50+현금         +13.83%p  → 귀무 안
    관측 C20 등가중20+현금          +6.98%p  → 귀무 안
    ★ 관측 최선 = C50 S&P50+현금 (+13.83%p) vs 귀무 95% +80.88%p → ****미통과 — 「고른 것」과 구분 안 됨****

────────────────────────────────────────────────────────────────────────────────
[1a · 미래에셋] 9년 · seed 200
  칸                      진입     체결        자산중앙        5%하단      MDD
  R0 없음               14177    318      +8.66%     -38.65%   -42.0%
  M1 주도주건강             4993    224      -3.24%     -48.66%   -42.6%
  M1C +전량현금            4993    499     -10.61%     -38.01%   -42.1%  (강제청산 3783건)
  C50 S&P50+현금        11375    503      -1.08%     -49.52%   -45.3%  (강제청산 5302건)
  C20 등가중20+현금         9613    710     -22.12%     -53.47%   -67.7%  (강제청산 6787건)
  ── A. 자료 축 짝비교 (vs R0) ──
    M1 주도주건강           블록40  중앙   -13.63%  95%   -82.49 ~  +368.80 → **0 포함**
    M1C +전량현금          블록40  중앙   +27.72%  95%   -79.96 ~  +477.03 → **0 포함**
    C50 S&P50+현금       블록40  중앙   +26.22%  95%   -74.17 ~ +1182.83 → **0 포함**
    C20 등가중20+현금       블록80  중앙    -7.26%  95%   -87.31 ~  +693.98 → **0 포함**

저장: 60-regime-faithful.json
→ 60-regime-faithful.py 반환 0

################################################################################################
# 61-selection-leaders.py  (순환 × 200)
################################################################################################
  연장 경로 227개를 갈아끼웠다 (227개 중)
================================================================================
61번 — **선별 축: 주도 그룹의 주도주** (사전등록 tasks/61)
================================================================================
관문1 섹터 매칭 — 방아쇠 티커 3862 중 **3862 (100.0%)**
  🚨 섹터 없는 진입 0건 (0.0%) — **탈락 아니라 «제3군»으로 «통과» 처리**
월별 순위 117개월 (2016-12 ~ 2026-08)

────────────────────────────────────────────────────────────────────────────────
[1a · 무비용] 9년 · seed 200
  칸                         진입     체결        자산중앙        5%하단      MDD
  R0 없음                  14177    318     +44.60%     -16.49%   -36.2%
  S1 주도그룹                 5891    289    +178.49%     +44.68%   -33.9%
  S2 그룹내주도주              10086    333     +60.76%     -19.14%   -35.1%
  S3 주도그룹의주도주             3731    321    +245.11%    +116.42%   -29.9%
  ── A. 자료 축 짝비교 (vs R0) ──
    S1 주도그룹              블록80  중앙  +134.88%  95%   -43.66 ~ +1583.12 → **0 포함**
    S2 그룹내주도주            블록40  중앙   +18.89%  95%   -57.88 ~  +401.58 → **0 포함**
    S3 주도그룹의주도주          블록40  중앙  +270.44%  95%   -67.50 ~ +1562.63 → **0 포함**
  ── ★ B. **아무런 효과 없는 가정으로 돌려 보기** — 섹터 라벨을 섞어 가짜 필터 200회 ──
    효과 없다고 쳤을 때 — 보통 +1.24%p · **95% +103.52%p** · 최대 +251.36%p
    관측 S1 주도그룹               +133.89%p → **넘음**
    관측 S2 그룹내주도주              +16.16%p → 범위 안
    관측 S3 주도그룹의주도주           +200.51%p → **넘음**
    ★ 관측 최선 = S3 주도그룹의주도주 (+200.51%p) vs 95% +103.52%p → **통과**

────────────────────────────────────────────────────────────────────────────────
[1a · 미래에셋] 9년 · seed 200
  칸                         진입     체결        자산중앙        5%하단      MDD
  R0 없음                  14177    318      +8.66%     -38.65%   -42.0%
  S1 주도그룹                 5891    289    +116.05%      +7.53%   -36.7%
  S2 그룹내주도주              10086    333     +19.16%     -41.11%   -40.1%
  S3 주도그룹의주도주             3731    321    +158.87%     +62.27%   -32.7%
  ── A. 자료 축 짝비교 (vs R0) ──
    S1 주도그룹              블록80  중앙  +148.34%  95%   -43.84 ~ +1660.96 → **0 포함**
    S2 그룹내주도주            블록40  중앙   +17.28%  95%   -57.81 ~  +417.69 → **0 포함**
    S3 주도그룹의주도주          블록40  중앙  +278.18%  95%   -70.08 ~ +1626.19 → **0 포함**

저장: 61-selection-leaders.json
→ 61-selection-leaders.py 반환 0

확인 — 원본 캐시 md5
   6/6 그대로 · OK
