========================================================================================================
140bv — 139 의 ② 열에 «구간»을 붙인다 (부분집합 씨앗 20판 · quick 6슬롯)
   🚨 139 는 `random.Random(9090)` 로 부분집합을 «한 번»만 뽑는다 → 그 축에서 n=1
   임시 OUT C:\Users\hanul\AppData\Local\Temp\rndband_lxyuuji2  (입력 218장 하드링크 · 쓰는 파일 139-filter-curve.json 는 «링크 안 함»)
========================================================================================================

㉠ 관문 — 패치 끄고 두 판: **같아야** 통과 (안 같으면 다른 것이 값을 흔든다)
==========================================================================================================
139 — **좋은 것만 남기면 연 몇 개가 되고 얼마가 되나** · 사전등록
==========================================================================================================
★ 같은 «수»를 남기되 **① 완벽한 필터(룩어헤드) · ② 예측력 0 필터(무작위)**를 나란히
🚨 방향 먼저: ①은 크게 좋아지고 **②는 나빠질 것** → 답은 «필터가 거의 완벽해야 본전»

바탕 후보 **5,951건** (연 229건)

  남기는 비율 100%  연 추천 **  229건**  |  ① 완벽    14000만 (매수  543 · 투입 78%)  |  ② 무작위    14000만 (매수  543 · 투입 78%)
  남기는 비율 50%   연 추천 **  114건**  |  ① 완벽  1294688만 (매수  402 · 투입 71%)  |  ② 무작위     3123만 (매수  550 · 투입 75%)
  남기는 비율 25%   연 추천 **   57건**  |  ① 완벽 69924097만 (매수  259 · 투입 62%)  |  ② 무작위     3847만 (매수  456 · 투입 72%)
  남기는 비율 10%   연 추천 **   23건**  |  ① 완벽 39867338만 (매수  176 · 투입 54%)  |  ② 무작위     7949만 (매수  350 · 투입 61%)
  남기는 비율 5%    연 추천 **   11건**  |  ① 완벽 21657050만 (매수  128 · 투입 46%)  |  ② 무작위     7225만 (매수  250 · 투입 46%)

==========================================================================================================
### BT — 표
  남김             연 추천     **① 완벽**    **② 무작위**      차이(①−②)       ② 낙폭
  ----------------------------------------------------------------------
  100%           229건     14000만       14000만           0만     -37.0%
  50%            114건   1294688만        3123만     1291565만     -52.9%
  25%             57건  69924097만        3847만    69920250만     -51.8%
  10%             23건  39867338만        7949만    39859389만     -44.7%
  5%              11건  21657050만        7225만    21649825만     -30.1%

  **BU★** 예측력 0 필터가 현행(100%)보다 «나쁜가»
     50%   →     3123만  (현행 14000만 대비 **-77.7%**)  **나쁨**
     25%   →     3847만  (현행 14000만 대비 **-72.5%**)  **나쁨**
     10%   →     7949만  (현행 14000만 대비 **-43.2%**)  **나쁨**
     5%    →     7225만  (현행 14000만 대비 **-48.4%**)  **나쁨**

  **BV** 「필터가 완벽할 때만 얻는 몫」 = ① − ②
     50%    ①  1294688만  −  ②     3123만  =  ** 1291565만** (414.6배)
     25%    ① 69924097만  −  ②     3847만  =  **69920250만** (18174.5배)
     10%    ① 39867338만  −  ②     7949만  =  **39859389만** (5015.3배)
     5%     ① 21657050만  −  ②     7225만  =  **21649825만** (2997.7배)

저장: 139-filter-curve.json
==========================================================================================================
139 — **좋은 것만 남기면 연 몇 개가 되고 얼마가 되나** · 사전등록
==========================================================================================================
★ 같은 «수»를 남기되 **① 완벽한 필터(룩어헤드) · ② 예측력 0 필터(무작위)**를 나란히
🚨 방향 먼저: ①은 크게 좋아지고 **②는 나빠질 것** → 답은 «필터가 거의 완벽해야 본전»

바탕 후보 **5,951건** (연 229건)

  남기는 비율 100%  연 추천 **  229건**  |  ① 완벽    14000만 (매수  543 · 투입 78%)  |  ② 무작위    14000만 (매수  543 · 투입 78%)
  남기는 비율 50%   연 추천 **  114건**  |  ① 완벽  1294688만 (매수  402 · 투입 71%)  |  ② 무작위     3123만 (매수  550 · 투입 75%)
  남기는 비율 25%   연 추천 **   57건**  |  ① 완벽 69924097만 (매수  259 · 투입 62%)  |  ② 무작위     3847만 (매수  456 · 투입 72%)
  남기는 비율 10%   연 추천 **   23건**  |  ① 완벽 39867338만 (매수  176 · 투입 54%)  |  ② 무작위     7949만 (매수  350 · 투입 61%)
  남기는 비율 5%    연 추천 **   11건**  |  ① 완벽 21657050만 (매수  128 · 투입 46%)  |  ② 무작위     7225만 (매수  250 · 투입 46%)

==========================================================================================================
### BT — 표
  남김             연 추천     **① 완벽**    **② 무작위**      차이(①−②)       ② 낙폭
  ----------------------------------------------------------------------
  100%           229건     14000만       14000만           0만     -37.0%
  50%            114건   1294688만        3123만     1291565만     -52.9%
  25%             57건  69924097만        3847만    69920250만     -51.8%
  10%             23건  39867338만        7949만    39859389만     -44.7%
  5%              11건  21657050만        7225만    21649825만     -30.1%

  **BU★** 예측력 0 필터가 현행(100%)보다 «나쁜가»
     50%   →     3123만  (현행 14000만 대비 **-77.7%**)  **나쁨**
     25%   →     3847만  (현행 14000만 대비 **-72.5%**)  **나쁨**
     10%   →     7949만  (현행 14000만 대비 **-43.2%**)  **나쁨**
     5%    →     7225만  (현행 14000만 대비 **-48.4%**)  **나쁨**

  **BV** 「필터가 완벽할 때만 얻는 몫」 = ① − ②
     50%    ①  1294688만  −  ②     3123만  =  ** 1291565만** (414.6배)
     25%    ① 69924097만  −  ②     3847만  =  **69920250만** (18174.5배)
     10%    ① 39867338만  −  ②     7949만  =  **39859389만** (5015.3배)
     5%     ① 21657050만  −  ②     7225만  =  **21649825만** (2997.7배)

저장: 139-filter-curve.json
   **통과** — 100% 14000만 · 50% 3123만 · 25% 3847만 · 10% 7949만 · 5% 7225만

㉡ 본판 — 부분집합 씨앗 20판
==========================================================================================================
139 — **좋은 것만 남기면 연 몇 개가 되고 얼마가 되나** · 사전등록
==========================================================================================================
★ 같은 «수»를 남기되 **① 완벽한 필터(룩어헤드) · ② 예측력 0 필터(무작위)**를 나란히
🚨 방향 먼저: ①은 크게 좋아지고 **②는 나빠질 것** → 답은 «필터가 거의 완벽해야 본전»

바탕 후보 **5,951건** (연 229건)

  남기는 비율 100%  연 추천 **  229건**  |  ① 완벽    14000만 (매수  543 · 투입 78%)  |  ② 무작위    14000만 (매수  543 · 투입 78%)
  남기는 비율 50%   연 추천 **  114건**  |  ① 완벽  1294688만 (매수  402 · 투입 71%)  |  ② 무작위     5201만 (매수  523 · 투입 77%)
  남기는 비율 25%   연 추천 **   57건**  |  ① 완벽 69924097만 (매수  259 · 투입 62%)  |  ② 무작위     9180만 (매수  448 · 투입 72%)
  남기는 비율 10%   연 추천 **   23건**  |  ① 완벽 39867338만 (매수  176 · 투입 54%)  |  ② 무작위     4903만 (매수  382 · 투입 59%)
  남기는 비율 5%    연 추천 **   11건**  |  ① 완벽 21657050만 (매수  128 · 투입 46%)  |  ② 무작위     1030만 (매수  269 · 투입 47%)

==========================================================================================================
### BT — 표
  남김             연 추천     **① 완벽**    **② 무작위**      차이(①−②)       ② 낙폭
  ----------------------------------------------------------------------
  100%           229건     14000만       14000만           0만     -37.0%
  50%            114건   1294688만        5201만     1289487만     -39.5%
  25%             57건  69924097만        9180만    69914917만     -44.7%
  10%             23건  39867338만        4903만    39862435만     -42.1%
  5%              11건  21657050만        1030만    21656020만     -40.0%

  **BU★** 예측력 0 필터가 현행(100%)보다 «나쁜가»
     50%   →     5201만  (현행 14000만 대비 **-62.8%**)  **나쁨**
     25%   →     9180만  (현행 14000만 대비 **-34.4%**)  **나쁨**
     10%   →     4903만  (현행 14000만 대비 **-65.0%**)  **나쁨**
     5%    →     1030만  (현행 14000만 대비 **-92.6%**)  **나쁨**

  **BV** 「필터가 완벽할 때만 얻는 몫」 = ① − ②
     50%    ①  1294688만  −  ②     5201만  =  ** 1289487만** (248.9배)
     25%    ① 69924097만  −  ②     9180만  =  **69914917만** (7617.1배)
     10%    ① 39867338만  −  ②     4903만  =  **39862435만** (8130.8배)
     5%     ① 21657050만  −  ②     1030만  =  **21656020만** (21025.0배)

저장: 139-filter-curve.json
    1판  100%   14000만 · 50%    5201만 · 25%    9180만 · 10%    4903만 · 5%    1030만
==========================================================================================================
139 — **좋은 것만 남기면 연 몇 개가 되고 얼마가 되나** · 사전등록
==========================================================================================================
★ 같은 «수»를 남기되 **① 완벽한 필터(룩어헤드) · ② 예측력 0 필터(무작위)**를 나란히
🚨 방향 먼저: ①은 크게 좋아지고 **②는 나빠질 것** → 답은 «필터가 거의 완벽해야 본전»

바탕 후보 **5,951건** (연 229건)

  남기는 비율 100%  연 추천 **  229건**  |  ① 완벽    14000만 (매수  543 · 투입 78%)  |  ② 무작위    14000만 (매수  543 · 투입 78%)
  남기는 비율 50%   연 추천 **  114건**  |  ① 완벽  1294688만 (매수  402 · 투입 71%)  |  ② 무작위     4451만 (매수  528 · 투입 77%)
  남기는 비율 25%   연 추천 **   57건**  |  ① 완벽 69924097만 (매수  259 · 투입 62%)  |  ② 무작위     3342만 (매수  464 · 투입 73%)
  남기는 비율 10%   연 추천 **   23건**  |  ① 완벽 39867338만 (매수  176 · 투입 54%)  |  ② 무작위     3343만 (매수  368 · 투입 62%)
  남기는 비율 5%    연 추천 **   11건**  |  ① 완벽 21657050만 (매수  128 · 투입 46%)  |  ② 무작위     3677만 (매수  250 · 투입 47%)

==========================================================================================================
### BT — 표
  남김             연 추천     **① 완벽**    **② 무작위**      차이(①−②)       ② 낙폭
  ----------------------------------------------------------------------
  100%           229건     14000만       14000만           0만     -37.0%
  50%            114건   1294688만        4451만     1290237만     -50.7%
  25%             57건  69924097만        3342만    69920756만     -43.6%
  10%             23건  39867338만        3343만    39863995만     -35.8%
  5%              11건  21657050만        3677만    21653373만     -35.1%

  **BU★** 예측력 0 필터가 현행(100%)보다 «나쁜가»
     50%   →     4451만  (현행 14000만 대비 **-68.2%**)  **나쁨**
     25%   →     3342만  (현행 14000만 대비 **-76.1%**)  **나쁨**
     10%   →     3343만  (현행 14000만 대비 **-76.1%**)  **나쁨**
     5%    →     3677만  (현행 14000만 대비 **-73.7%**)  **나쁨**

  **BV** 「필터가 완벽할 때만 얻는 몫」 = ① − ②
     50%    ①  1294688만  −  ②     4451만  =  ** 1290237만** (290.9배)
     25%    ① 69924097만  −  ②     3342만  =  **69920756만** (20924.2배)
     10%    ① 39867338만  −  ②     3343만  =  **39863995만** (11925.4배)
     5%     ① 21657050만  −  ②     3677만  =  **21653373만** (5889.7배)

저장: 139-filter-curve.json
    2판  100%   14000만 · 50%    4451만 · 25%    3342만 · 10%    3343만 · 5%    3677만
==========================================================================================================
139 — **좋은 것만 남기면 연 몇 개가 되고 얼마가 되나** · 사전등록
==========================================================================================================
★ 같은 «수»를 남기되 **① 완벽한 필터(룩어헤드) · ② 예측력 0 필터(무작위)**를 나란히
🚨 방향 먼저: ①은 크게 좋아지고 **②는 나빠질 것** → 답은 «필터가 거의 완벽해야 본전»

바탕 후보 **5,951건** (연 229건)

  남기는 비율 100%  연 추천 **  229건**  |  ① 완벽    14000만 (매수  543 · 투입 78%)  |  ② 무작위    14000만 (매수  543 · 투입 78%)
  남기는 비율 50%   연 추천 **  114건**  |  ① 완벽  1294688만 (매수  402 · 투입 71%)  |  ② 무작위     6940만 (매수  509 · 투입 77%)
  남기는 비율 25%   연 추천 **   57건**  |  ① 완벽 69924097만 (매수  259 · 투입 62%)  |  ② 무작위     3029만 (매수  472 · 투입 72%)
  남기는 비율 10%   연 추천 **   23건**  |  ① 완벽 39867338만 (매수  176 · 투입 54%)  |  ② 무작위     7453만 (매수  350 · 투입 61%)
  남기는 비율 5%    연 추천 **   11건**  |  ① 완벽 21657050만 (매수  128 · 투입 46%)  |  ② 무작위     5263만 (매수  246 · 투입 48%)

==========================================================================================================
### BT — 표
  남김             연 추천     **① 완벽**    **② 무작위**      차이(①−②)       ② 낙폭
  ----------------------------------------------------------------------
  100%           229건     14000만       14000만           0만     -37.0%
  50%            114건   1294688만        6940만     1287748만     -37.2%
  25%             57건  69924097만        3029만    69921068만     -34.1%
  10%             23건  39867338만        7453만    39859885만     -48.7%
  5%              11건  21657050만        5263만    21651786만     -28.2%

  **BU★** 예측력 0 필터가 현행(100%)보다 «나쁜가»
     50%   →     6940만  (현행 14000만 대비 **-50.4%**)  **나쁨**
     25%   →     3029만  (현행 14000만 대비 **-78.4%**)  **나쁨**
     10%   →     7453만  (현행 14000만 대비 **-46.8%**)  **나쁨**
     5%    →     5263만  (현행 14000만 대비 **-62.4%**)  **나쁨**

  **BV** 「필터가 완벽할 때만 얻는 몫」 = ① − ②
     50%    ①  1294688만  −  ②     6940만  =  ** 1287748만** (186.6배)
     25%    ① 69924097만  −  ②     3029만  =  **69921068만** (23081.8배)
     10%    ① 39867338만  −  ②     7453만  =  **39859885만** (5349.5배)
     5%     ① 21657050만  −  ②     5263만  =  **21651786만** (4114.8배)

저장: 139-filter-curve.json
    3판  100%   14000만 · 50%    6940만 · 25%    3029만 · 10%    7453만 · 5%    5263만
==========================================================================================================
139 — **좋은 것만 남기면 연 몇 개가 되고 얼마가 되나** · 사전등록
==========================================================================================================
★ 같은 «수»를 남기되 **① 완벽한 필터(룩어헤드) · ② 예측력 0 필터(무작위)**를 나란히
🚨 방향 먼저: ①은 크게 좋아지고 **②는 나빠질 것** → 답은 «필터가 거의 완벽해야 본전»

바탕 후보 **5,951건** (연 229건)

  남기는 비율 100%  연 추천 **  229건**  |  ① 완벽    14000만 (매수  543 · 투입 78%)  |  ② 무작위    14000만 (매수  543 · 투입 78%)
  남기는 비율 50%   연 추천 **  114건**  |  ① 완벽  1294688만 (매수  402 · 투입 71%)  |  ② 무작위     5549만 (매수  517 · 투입 77%)
  남기는 비율 25%   연 추천 **   57건**  |  ① 완벽 69924097만 (매수  259 · 투입 62%)  |  ② 무작위     3996만 (매수  465 · 투입 72%)
  남기는 비율 10%   연 추천 **   23건**  |  ① 완벽 39867338만 (매수  176 · 투입 54%)  |  ② 무작위     6000만 (매수  358 · 투입 61%)
  남기는 비율 5%    연 추천 **   11건**  |  ① 완벽 21657050만 (매수  128 · 투입 46%)  |  ② 무작위     3867만 (매수  256 · 투입 50%)

==========================================================================================================
### BT — 표
  남김             연 추천     **① 완벽**    **② 무작위**      차이(①−②)       ② 낙폭
  ----------------------------------------------------------------------
  100%           229건     14000만       14000만           0만     -37.0%
  50%            114건   1294688만        5549만     1289139만     -42.6%
  25%             57건  69924097만        3996만    69920101만     -52.8%
  10%             23건  39867338만        6000만    39861338만     -37.5%
  5%              11건  21657050만        3867만    21653183만     -49.9%

  **BU★** 예측력 0 필터가 현행(100%)보다 «나쁜가»
     50%   →     5549만  (현행 14000만 대비 **-60.4%**)  **나쁨**
     25%   →     3996만  (현행 14000만 대비 **-71.5%**)  **나쁨**
     10%   →     6000만  (현행 14000만 대비 **-57.1%**)  **나쁨**
     5%    →     3867만  (현행 14000만 대비 **-72.4%**)  **나쁨**

  **BV** 「필터가 완벽할 때만 얻는 몫」 = ① − ②
     50%    ①  1294688만  −  ②     5549만  =  ** 1289139만** (233.3배)
     25%    ① 69924097만  −  ②     3996만  =  **69920101만** (17496.7배)
     10%    ① 39867338만  −  ②     6000만  =  **39861338만** (6644.9배)
     5%     ① 21657050만  −  ②     3867만  =  **21653183만** (5600.8배)

저장: 139-filter-curve.json
    4판  100%   14000만 · 50%    5549만 · 25%    3996만 · 10%    6000만 · 5%    3867만
==========================================================================================================
139 — **좋은 것만 남기면 연 몇 개가 되고 얼마가 되나** · 사전등록
==========================================================================================================
★ 같은 «수»를 남기되 **① 완벽한 필터(룩어헤드) · ② 예측력 0 필터(무작위)**를 나란히
🚨 방향 먼저: ①은 크게 좋아지고 **②는 나빠질 것** → 답은 «필터가 거의 완벽해야 본전»

바탕 후보 **5,951건** (연 229건)

  남기는 비율 100%  연 추천 **  229건**  |  ① 완벽    14000만 (매수  543 · 투입 78%)  |  ② 무작위    14000만 (매수  543 · 투입 78%)
  남기는 비율 50%   연 추천 **  114건**  |  ① 완벽  1294688만 (매수  402 · 투입 71%)  |  ② 무작위     6476만 (매수  494 · 투입 76%)
  남기는 비율 25%   연 추천 **   57건**  |  ① 완벽 69924097만 (매수  259 · 투입 62%)  |  ② 무작위    12851만 (매수  448 · 투입 71%)
  남기는 비율 10%   연 추천 **   23건**  |  ① 완벽 39867338만 (매수  176 · 투입 54%)  |  ② 무작위     8119만 (매수  354 · 투입 63%)
  남기는 비율 5%    연 추천 **   11건**  |  ① 완벽 21657050만 (매수  128 · 투입 46%)  |  ② 무작위     3511만 (매수  242 · 투입 50%)

==========================================================================================================
### BT — 표
  남김             연 추천     **① 완벽**    **② 무작위**      차이(①−②)       ② 낙폭
  ----------------------------------------------------------------------
  100%           229건     14000만       14000만           0만     -37.0%
  50%            114건   1294688만        6476만     1288211만     -40.0%
  25%             57건  69924097만       12851만    69911247만     -34.4%
  10%             23건  39867338만        8119만    39859219만     -29.1%
  5%              11건  21657050만        3511만    21653539만     -38.0%

  **BU★** 예측력 0 필터가 현행(100%)보다 «나쁜가»
     50%   →     6476만  (현행 14000만 대비 **-53.7%**)  **나쁨**
     25%   →    12851만  (현행 14000만 대비 **-8.2%**)  **나쁨**
     10%   →     8119만  (현행 14000만 대비 **-42.0%**)  **나쁨**
     5%    →     3511만  (현행 14000만 대비 **-74.9%**)  **나쁨**

  **BV** 「필터가 완벽할 때만 얻는 몫」 = ① − ②
     50%    ①  1294688만  −  ②     6476만  =  ** 1288211만** (199.9배)
     25%    ① 69924097만  −  ②    12851만  =  **69911247만** (5441.3배)
     10%    ① 39867338만  −  ②     8119만  =  **39859219만** (4910.4배)
     5%     ① 21657050만  −  ②     3511만  =  **21653539만** (6169.2배)

저장: 139-filter-curve.json
    5판  100%   14000만 · 50%    6476만 · 25%   12851만 · 10%    8119만 · 5%    3511만
==========================================================================================================
139 — **좋은 것만 남기면 연 몇 개가 되고 얼마가 되나** · 사전등록
==========================================================================================================
★ 같은 «수»를 남기되 **① 완벽한 필터(룩어헤드) · ② 예측력 0 필터(무작위)**를 나란히
🚨 방향 먼저: ①은 크게 좋아지고 **②는 나빠질 것** → 답은 «필터가 거의 완벽해야 본전»

바탕 후보 **5,951건** (연 229건)

  남기는 비율 100%  연 추천 **  229건**  |  ① 완벽    14000만 (매수  543 · 투입 78%)  |  ② 무작위    14000만 (매수  543 · 투입 78%)
  남기는 비율 50%   연 추천 **  114건**  |  ① 완벽  1294688만 (매수  402 · 투입 71%)  |  ② 무작위     5902만 (매수  501 · 투입 77%)
  남기는 비율 25%   연 추천 **   57건**  |  ① 완벽 69924097만 (매수  259 · 투입 62%)  |  ② 무작위     4941만 (매수  452 · 투입 74%)
  남기는 비율 10%   연 추천 **   23건**  |  ① 완벽 39867338만 (매수  176 · 투입 54%)  |  ② 무작위     6589만 (매수  346 · 투입 64%)
  남기는 비율 5%    연 추천 **   11건**  |  ① 완벽 21657050만 (매수  128 · 투입 46%)  |  ② 무작위     3240만 (매수  250 · 투입 51%)

==========================================================================================================
### BT — 표
  남김             연 추천     **① 완벽**    **② 무작위**      차이(①−②)       ② 낙폭
  ----------------------------------------------------------------------
  100%           229건     14000만       14000만           0만     -37.0%
  50%            114건   1294688만        5902만     1288786만     -43.3%
  25%             57건  69924097만        4941만    69919156만     -44.1%
  10%             23건  39867338만        6589만    39860749만     -24.4%
  5%              11건  21657050만        3240만    21653809만     -28.4%

  **BU★** 예측력 0 필터가 현행(100%)보다 «나쁜가»
     50%   →     5902만  (현행 14000만 대비 **-57.8%**)  **나쁨**
     25%   →     4941만  (현행 14000만 대비 **-64.7%**)  **나쁨**
     10%   →     6589만  (현행 14000만 대비 **-52.9%**)  **나쁨**
     5%    →     3240만  (현행 14000만 대비 **-76.9%**)  **나쁨**

  **BV** 「필터가 완벽할 때만 얻는 몫」 = ① − ②
     50%    ①  1294688만  −  ②     5902만  =  ** 1288786만** (219.4배)
     25%    ① 69924097만  −  ②     4941만  =  **69919156만** (14151.9배)
     10%    ① 39867338만  −  ②     6589만  =  **39860749만** (6050.8배)
     5%     ① 21657050만  −  ②     3240만  =  **21653809만** (6683.4배)

저장: 139-filter-curve.json
    6판  100%   14000만 · 50%    5902만 · 25%    4941만 · 10%    6589만 · 5%    3240만
==========================================================================================================
139 — **좋은 것만 남기면 연 몇 개가 되고 얼마가 되나** · 사전등록
==========================================================================================================
★ 같은 «수»를 남기되 **① 완벽한 필터(룩어헤드) · ② 예측력 0 필터(무작위)**를 나란히
🚨 방향 먼저: ①은 크게 좋아지고 **②는 나빠질 것** → 답은 «필터가 거의 완벽해야 본전»

바탕 후보 **5,951건** (연 229건)

  남기는 비율 100%  연 추천 **  229건**  |  ① 완벽    14000만 (매수  543 · 투입 78%)  |  ② 무작위    14000만 (매수  543 · 투입 78%)
  남기는 비율 50%   연 추천 **  114건**  |  ① 완벽  1294688만 (매수  402 · 투입 71%)  |  ② 무작위     7392만 (매수  534 · 투입 75%)
  남기는 비율 25%   연 추천 **   57건**  |  ① 완벽 69924097만 (매수  259 · 투입 62%)  |  ② 무작위     5574만 (매수  438 · 투입 72%)
  남기는 비율 10%   연 추천 **   23건**  |  ① 완벽 39867338만 (매수  176 · 투입 54%)  |  ② 무작위     6111만 (매수  362 · 투입 61%)
  남기는 비율 5%    연 추천 **   11건**  |  ① 완벽 21657050만 (매수  128 · 투입 46%)  |  ② 무작위     3409만 (매수  251 · 투입 50%)

==========================================================================================================
### BT — 표
  남김             연 추천     **① 완벽**    **② 무작위**      차이(①−②)       ② 낙폭
  ----------------------------------------------------------------------
  100%           229건     14000만       14000만           0만     -37.0%
  50%            114건   1294688만        7392만     1287295만     -43.9%
  25%             57건  69924097만        5574만    69918523만     -35.4%
  10%             23건  39867338만        6111만    39861227만     -27.0%
  5%              11건  21657050만        3409만    21653641만     -48.2%

  **BU★** 예측력 0 필터가 현행(100%)보다 «나쁜가»
     50%   →     7392만  (현행 14000만 대비 **-47.2%**)  **나쁨**
     25%   →     5574만  (현행 14000만 대비 **-60.2%**)  **나쁨**
     10%   →     6111만  (현행 14000만 대비 **-56.3%**)  **나쁨**
     5%    →     3409만  (현행 14000만 대비 **-75.7%**)  **나쁨**

  **BV** 「필터가 완벽할 때만 얻는 몫」 = ① − ②
     50%    ①  1294688만  −  ②     7392만  =  ** 1287295만** (175.1배)
     25%    ① 69924097만  −  ②     5574만  =  **69918523만** (12544.3배)
     10%    ① 39867338만  −  ②     6111만  =  **39861227만** (6523.8배)
     5%     ① 21657050만  −  ②     3409만  =  **21653641만** (6353.5배)

저장: 139-filter-curve.json
    7판  100%   14000만 · 50%    7392만 · 25%    5574만 · 10%    6111만 · 5%    3409만
==========================================================================================================
139 — **좋은 것만 남기면 연 몇 개가 되고 얼마가 되나** · 사전등록
==========================================================================================================
★ 같은 «수»를 남기되 **① 완벽한 필터(룩어헤드) · ② 예측력 0 필터(무작위)**를 나란히
🚨 방향 먼저: ①은 크게 좋아지고 **②는 나빠질 것** → 답은 «필터가 거의 완벽해야 본전»

바탕 후보 **5,951건** (연 229건)

  남기는 비율 100%  연 추천 **  229건**  |  ① 완벽    14000만 (매수  543 · 투입 78%)  |  ② 무작위    14000만 (매수  543 · 투입 78%)
  남기는 비율 50%   연 추천 **  114건**  |  ① 완벽  1294688만 (매수  402 · 투입 71%)  |  ② 무작위     2230만 (매수  540 · 투입 76%)
  남기는 비율 25%   연 추천 **   57건**  |  ① 완벽 69924097만 (매수  259 · 투입 62%)  |  ② 무작위     1548만 (매수  478 · 투입 72%)
  남기는 비율 10%   연 추천 **   23건**  |  ① 완벽 39867338만 (매수  176 · 투입 54%)  |  ② 무작위     2906만 (매수  365 · 투입 61%)
  남기는 비율 5%    연 추천 **   11건**  |  ① 완벽 21657050만 (매수  128 · 투입 46%)  |  ② 무작위     2345만 (매수  250 · 투입 49%)

==========================================================================================================
### BT — 표
  남김             연 추천     **① 완벽**    **② 무작위**      차이(①−②)       ② 낙폭
  ----------------------------------------------------------------------
  100%           229건     14000만       14000만           0만     -37.0%
  50%            114건   1294688만        2230만     1292458만     -47.1%
  25%             57건  69924097만        1548만    69922549만     -69.4%
  10%             23건  39867338만        2906만    39864432만     -62.3%
  5%              11건  21657050만        2345만    21654704만     -40.5%

  **BU★** 예측력 0 필터가 현행(100%)보다 «나쁜가»
     50%   →     2230만  (현행 14000만 대비 **-84.1%**)  **나쁨**
     25%   →     1548만  (현행 14000만 대비 **-88.9%**)  **나쁨**
     10%   →     2906만  (현행 14000만 대비 **-79.2%**)  **나쁨**
     5%    →     2345만  (현행 14000만 대비 **-83.2%**)  **나쁨**

  **BV** 「필터가 완벽할 때만 얻는 몫」 = ① − ②
     50%    ①  1294688만  −  ②     2230만  =  ** 1292458만** (580.6배)
     25%    ① 69924097만  −  ②     1548만  =  **69922549만** (45165.4배)
     10%    ① 39867338만  −  ②     2906만  =  **39864432만** (13721.0배)
     5%     ① 21657050만  −  ②     2345만  =  **21654704만** (9234.1배)

저장: 139-filter-curve.json
    8판  100%   14000만 · 50%    2230만 · 25%    1548만 · 10%    2906만 · 5%    2345만
==========================================================================================================
139 — **좋은 것만 남기면 연 몇 개가 되고 얼마가 되나** · 사전등록
==========================================================================================================
★ 같은 «수»를 남기되 **① 완벽한 필터(룩어헤드) · ② 예측력 0 필터(무작위)**를 나란히
🚨 방향 먼저: ①은 크게 좋아지고 **②는 나빠질 것** → 답은 «필터가 거의 완벽해야 본전»

바탕 후보 **5,951건** (연 229건)

  남기는 비율 100%  연 추천 **  229건**  |  ① 완벽    14000만 (매수  543 · 투입 78%)  |  ② 무작위    14000만 (매수  543 · 투입 78%)
  남기는 비율 50%   연 추천 **  114건**  |  ① 완벽  1294688만 (매수  402 · 투입 71%)  |  ② 무작위     5510만 (매수  518 · 투입 77%)
  남기는 비율 25%   연 추천 **   57건**  |  ① 완벽 69924097만 (매수  259 · 투입 62%)  |  ② 무작위     5615만 (매수  458 · 투입 73%)
  남기는 비율 10%   연 추천 **   23건**  |  ① 완벽 39867338만 (매수  176 · 투입 54%)  |  ② 무작위     2827만 (매수  342 · 투입 62%)
  남기는 비율 5%    연 추천 **   11건**  |  ① 완벽 21657050만 (매수  128 · 투입 46%)  |  ② 무작위     2354만 (매수  243 · 투입 49%)

==========================================================================================================
### BT — 표
  남김             연 추천     **① 완벽**    **② 무작위**      차이(①−②)       ② 낙폭
  ----------------------------------------------------------------------
  100%           229건     14000만       14000만           0만     -37.0%
  50%            114건   1294688만        5510만     1289177만     -57.9%
  25%             57건  69924097만        5615만    69918482만     -56.4%
  10%             23건  39867338만        2827만    39864511만     -44.6%
  5%              11건  21657050만        2354만    21654696만     -38.4%

  **BU★** 예측력 0 필터가 현행(100%)보다 «나쁜가»
     50%   →     5510만  (현행 14000만 대비 **-60.6%**)  **나쁨**
     25%   →     5615만  (현행 14000만 대비 **-59.9%**)  **나쁨**
     10%   →     2827만  (현행 14000만 대비 **-79.8%**)  **나쁨**
     5%    →     2354만  (현행 14000만 대비 **-83.2%**)  **나쁨**

  **BV** 「필터가 완벽할 때만 얻는 몫」 = ① − ②
     50%    ①  1294688만  −  ②     5510만  =  ** 1289177만** (234.9배)
     25%    ① 69924097만  −  ②     5615만  =  **69918482만** (12452.9배)
     10%    ① 39867338만  −  ②     2827만  =  **39864511만** (14102.5배)
     5%     ① 21657050만  −  ②     2354만  =  **21654696만** (9199.6배)

저장: 139-filter-curve.json
    9판  100%   14000만 · 50%    5510만 · 25%    5615만 · 10%    2827만 · 5%    2354만
==========================================================================================================
139 — **좋은 것만 남기면 연 몇 개가 되고 얼마가 되나** · 사전등록
==========================================================================================================
★ 같은 «수»를 남기되 **① 완벽한 필터(룩어헤드) · ② 예측력 0 필터(무작위)**를 나란히
🚨 방향 먼저: ①은 크게 좋아지고 **②는 나빠질 것** → 답은 «필터가 거의 완벽해야 본전»

바탕 후보 **5,951건** (연 229건)

  남기는 비율 100%  연 추천 **  229건**  |  ① 완벽    14000만 (매수  543 · 투입 78%)  |  ② 무작위    14000만 (매수  543 · 투입 78%)
  남기는 비율 50%   연 추천 **  114건**  |  ① 완벽  1294688만 (매수  402 · 투입 71%)  |  ② 무작위     7709만 (매수  514 · 투입 76%)
  남기는 비율 25%   연 추천 **   57건**  |  ① 완벽 69924097만 (매수  259 · 투입 62%)  |  ② 무작위     5072만 (매수  465 · 투입 72%)
  남기는 비율 10%   연 추천 **   23건**  |  ① 완벽 39867338만 (매수  176 · 투입 54%)  |  ② 무작위     6013만 (매수  352 · 투입 61%)
  남기는 비율 5%    연 추천 **   11건**  |  ① 완벽 21657050만 (매수  128 · 투입 46%)  |  ② 무작위     2359만 (매수  250 · 투입 50%)

==========================================================================================================
### BT — 표
  남김             연 추천     **① 완벽**    **② 무작위**      차이(①−②)       ② 낙폭
  ----------------------------------------------------------------------
  100%           229건     14000만       14000만           0만     -37.0%
  50%            114건   1294688만        7709만     1286978만     -35.4%
  25%             57건  69924097만        5072만    69919026만     -41.5%
  10%             23건  39867338만        6013만    39861324만     -31.8%
  5%              11건  21657050만        2359만    21654691만     -31.9%

  **BU★** 예측력 0 필터가 현행(100%)보다 «나쁜가»
     50%   →     7709만  (현행 14000만 대비 **-44.9%**)  **나쁨**
     25%   →     5072만  (현행 14000만 대비 **-63.8%**)  **나쁨**
     10%   →     6013만  (현행 14000만 대비 **-57.0%**)  **나쁨**
     5%    →     2359만  (현행 14000만 대비 **-83.2%**)  **나쁨**

  **BV** 「필터가 완벽할 때만 얻는 몫」 = ① − ②
     50%    ①  1294688만  −  ②     7709만  =  ** 1286978만** (167.9배)
     25%    ① 69924097만  −  ②     5072만  =  **69919026만** (13787.6배)
     10%    ① 39867338만  −  ②     6013만  =  **39861324만** (6629.6배)
     5%     ① 21657050만  −  ②     2359만  =  **21654691만** (9181.8배)

저장: 139-filter-curve.json
   10판  100%   14000만 · 50%    7709만 · 25%    5072만 · 10%    6013만 · 5%    2359만
==========================================================================================================
139 — **좋은 것만 남기면 연 몇 개가 되고 얼마가 되나** · 사전등록
==========================================================================================================
★ 같은 «수»를 남기되 **① 완벽한 필터(룩어헤드) · ② 예측력 0 필터(무작위)**를 나란히
🚨 방향 먼저: ①은 크게 좋아지고 **②는 나빠질 것** → 답은 «필터가 거의 완벽해야 본전»

바탕 후보 **5,951건** (연 229건)

  남기는 비율 100%  연 추천 **  229건**  |  ① 완벽    14000만 (매수  543 · 투입 78%)  |  ② 무작위    14000만 (매수  543 · 투입 78%)
  남기는 비율 50%   연 추천 **  114건**  |  ① 완벽  1294688만 (매수  402 · 투입 71%)  |  ② 무작위     5443만 (매수  496 · 투입 76%)
  남기는 비율 25%   연 추천 **   57건**  |  ① 완벽 69924097만 (매수  259 · 투입 62%)  |  ② 무작위     2550만 (매수  438 · 투입 74%)
  남기는 비율 10%   연 추천 **   23건**  |  ① 완벽 39867338만 (매수  176 · 투입 54%)  |  ② 무작위     5750만 (매수  348 · 투입 63%)
  남기는 비율 5%    연 추천 **   11건**  |  ① 완벽 21657050만 (매수  128 · 투입 46%)  |  ② 무작위     3750만 (매수  247 · 투입 52%)

==========================================================================================================
### BT — 표
  남김             연 추천     **① 완벽**    **② 무작위**      차이(①−②)       ② 낙폭
  ----------------------------------------------------------------------
  100%           229건     14000만       14000만           0만     -37.0%
  50%            114건   1294688만        5443만     1289244만     -44.8%
  25%             57건  69924097만        2550만    69921547만     -48.7%
  10%             23건  39867338만        5750만    39861587만     -37.2%
  5%              11건  21657050만        3750만    21653300만     -33.2%

  **BU★** 예측력 0 필터가 현행(100%)보다 «나쁜가»
     50%   →     5443만  (현행 14000만 대비 **-61.1%**)  **나쁨**
     25%   →     2550만  (현행 14000만 대비 **-81.8%**)  **나쁨**
     10%   →     5750만  (현행 14000만 대비 **-58.9%**)  **나쁨**
     5%    →     3750만  (현행 14000만 대비 **-73.2%**)  **나쁨**

  **BV** 「필터가 완벽할 때만 얻는 몫」 = ① − ②
     50%    ①  1294688만  −  ②     5443만  =  ** 1289244만** (237.8배)
     25%    ① 69924097만  −  ②     2550만  =  **69921547만** (27417.9배)
     10%    ① 39867338만  −  ②     5750만  =  **39861587만** (6933.0배)
     5%     ① 21657050만  −  ②     3750만  =  **21653300만** (5775.4배)

저장: 139-filter-curve.json
   11판  100%   14000만 · 50%    5443만 · 25%    2550만 · 10%    5750만 · 5%    3750만
==========================================================================================================
139 — **좋은 것만 남기면 연 몇 개가 되고 얼마가 되나** · 사전등록
==========================================================================================================
★ 같은 «수»를 남기되 **① 완벽한 필터(룩어헤드) · ② 예측력 0 필터(무작위)**를 나란히
🚨 방향 먼저: ①은 크게 좋아지고 **②는 나빠질 것** → 답은 «필터가 거의 완벽해야 본전»

바탕 후보 **5,951건** (연 229건)

  남기는 비율 100%  연 추천 **  229건**  |  ① 완벽    14000만 (매수  543 · 투입 78%)  |  ② 무작위    14000만 (매수  543 · 투입 78%)
  남기는 비율 50%   연 추천 **  114건**  |  ① 완벽  1294688만 (매수  402 · 투입 71%)  |  ② 무작위    10066만 (매수  510 · 투입 75%)
  남기는 비율 25%   연 추천 **   57건**  |  ① 완벽 69924097만 (매수  259 · 투입 62%)  |  ② 무작위    13708만 (매수  461 · 투입 70%)
  남기는 비율 10%   연 추천 **   23건**  |  ① 완벽 39867338만 (매수  176 · 투입 54%)  |  ② 무작위    11938만 (매수  370 · 투입 61%)
  남기는 비율 5%    연 추천 **   11건**  |  ① 완벽 21657050만 (매수  128 · 투입 46%)  |  ② 무작위     5186만 (매수  248 · 투입 50%)

==========================================================================================================
### BT — 표
  남김             연 추천     **① 완벽**    **② 무작위**      차이(①−②)       ② 낙폭
  ----------------------------------------------------------------------
  100%           229건     14000만       14000만           0만     -37.0%
  50%            114건   1294688만       10066만     1284622만     -31.5%
  25%             57건  69924097만       13708만    69910390만     -47.3%
  10%             23건  39867338만       11938만    39855400만     -30.0%
  5%              11건  21657050만        5186만    21651863만     -28.8%

  **BU★** 예측력 0 필터가 현행(100%)보다 «나쁜가»
     50%   →    10066만  (현행 14000만 대비 **-28.1%**)  **나쁨**
     25%   →    13708만  (현행 14000만 대비 **-2.1%**)  **나쁨**
     10%   →    11938만  (현행 14000만 대비 **-14.7%**)  **나쁨**
     5%    →     5186만  (현행 14000만 대비 **-63.0%**)  **나쁨**

  **BV** 「필터가 완벽할 때만 얻는 몫」 = ① − ②
     50%    ①  1294688만  −  ②    10066만  =  ** 1284622만** (128.6배)
     25%    ① 69924097만  −  ②    13708만  =  **69910390만** (5101.1배)
     10%    ① 39867338만  −  ②    11938만  =  **39855400만** (3339.5배)
     5%     ① 21657050만  −  ②     5186만  =  **21651863만** (4175.9배)

저장: 139-filter-curve.json
   12판  100%   14000만 · 50%   10066만 · 25%   13708만 · 10%   11938만 · 5%    5186만
==========================================================================================================
139 — **좋은 것만 남기면 연 몇 개가 되고 얼마가 되나** · 사전등록
==========================================================================================================
★ 같은 «수»를 남기되 **① 완벽한 필터(룩어헤드) · ② 예측력 0 필터(무작위)**를 나란히
🚨 방향 먼저: ①은 크게 좋아지고 **②는 나빠질 것** → 답은 «필터가 거의 완벽해야 본전»

바탕 후보 **5,951건** (연 229건)

  남기는 비율 100%  연 추천 **  229건**  |  ① 완벽    14000만 (매수  543 · 투입 78%)  |  ② 무작위    14000만 (매수  543 · 투입 78%)
  남기는 비율 50%   연 추천 **  114건**  |  ① 완벽  1294688만 (매수  402 · 투입 71%)  |  ② 무작위     4950만 (매수  532 · 투입 76%)
  남기는 비율 25%   연 추천 **   57건**  |  ① 완벽 69924097만 (매수  259 · 투입 62%)  |  ② 무작위     4860만 (매수  455 · 투입 73%)
  남기는 비율 10%   연 추천 **   23건**  |  ① 완벽 39867338만 (매수  176 · 투입 54%)  |  ② 무작위     3083만 (매수  355 · 투입 65%)
  남기는 비율 5%    연 추천 **   11건**  |  ① 완벽 21657050만 (매수  128 · 투입 46%)  |  ② 무작위     1746만 (매수  248 · 투입 50%)

==========================================================================================================
### BT — 표
  남김             연 추천     **① 완벽**    **② 무작위**      차이(①−②)       ② 낙폭
  ----------------------------------------------------------------------
  100%           229건     14000만       14000만           0만     -37.0%
  50%            114건   1294688만        4950만     1289738만     -51.6%
  25%             57건  69924097만        4860만    69919237만     -32.0%
  10%             23건  39867338만        3083만    39864255만     -35.4%
  5%              11건  21657050만        1746만    21655304만     -23.7%

  **BU★** 예측력 0 필터가 현행(100%)보다 «나쁜가»
     50%   →     4950만  (현행 14000만 대비 **-64.6%**)  **나쁨**
     25%   →     4860만  (현행 14000만 대비 **-65.3%**)  **나쁨**
     10%   →     3083만  (현행 14000만 대비 **-78.0%**)  **나쁨**
     5%    →     1746만  (현행 14000만 대비 **-87.5%**)  **나쁨**

  **BV** 「필터가 완벽할 때만 얻는 몫」 = ① − ②
     50%    ①  1294688만  −  ②     4950만  =  ** 1289738만** (261.5배)
     25%    ① 69924097만  −  ②     4860만  =  **69919237만** (14387.8배)
     10%    ① 39867338만  −  ②     3083만  =  **39864255만** (12933.4배)
     5%     ① 21657050만  −  ②     1746만  =  **21655304만** (12404.7배)

저장: 139-filter-curve.json
   13판  100%   14000만 · 50%    4950만 · 25%    4860만 · 10%    3083만 · 5%    1746만
==========================================================================================================
139 — **좋은 것만 남기면 연 몇 개가 되고 얼마가 되나** · 사전등록
==========================================================================================================
★ 같은 «수»를 남기되 **① 완벽한 필터(룩어헤드) · ② 예측력 0 필터(무작위)**를 나란히
🚨 방향 먼저: ①은 크게 좋아지고 **②는 나빠질 것** → 답은 «필터가 거의 완벽해야 본전»

바탕 후보 **5,951건** (연 229건)

  남기는 비율 100%  연 추천 **  229건**  |  ① 완벽    14000만 (매수  543 · 투입 78%)  |  ② 무작위    14000만 (매수  543 · 투입 78%)
  남기는 비율 50%   연 추천 **  114건**  |  ① 완벽  1294688만 (매수  402 · 투입 71%)  |  ② 무작위     5604만 (매수  538 · 투입 76%)
  남기는 비율 25%   연 추천 **   57건**  |  ① 완벽 69924097만 (매수  259 · 투입 62%)  |  ② 무작위     1722만 (매수  462 · 투입 74%)
  남기는 비율 10%   연 추천 **   23건**  |  ① 완벽 39867338만 (매수  176 · 투입 54%)  |  ② 무작위     2473만 (매수  356 · 투입 63%)
  남기는 비율 5%    연 추천 **   11건**  |  ① 완벽 21657050만 (매수  128 · 투입 46%)  |  ② 무작위     3789만 (매수  247 · 투입 48%)

==========================================================================================================
### BT — 표
  남김             연 추천     **① 완벽**    **② 무작위**      차이(①−②)       ② 낙폭
  ----------------------------------------------------------------------
  100%           229건     14000만       14000만           0만     -37.0%
  50%            114건   1294688만        5604만     1289083만     -40.7%
  25%             57건  69924097만        1722만    69922376만     -54.1%
  10%             23건  39867338만        2473만    39864864만     -45.3%
  5%              11건  21657050만        3789만    21653260만     -30.6%

  **BU★** 예측력 0 필터가 현행(100%)보다 «나쁜가»
     50%   →     5604만  (현행 14000만 대비 **-60.0%**)  **나쁨**
     25%   →     1722만  (현행 14000만 대비 **-87.7%**)  **나쁨**
     10%   →     2473만  (현행 14000만 대비 **-82.3%**)  **나쁨**
     5%    →     3789만  (현행 14000만 대비 **-72.9%**)  **나쁨**

  **BV** 「필터가 완벽할 때만 얻는 몫」 = ① − ②
     50%    ①  1294688만  −  ②     5604만  =  ** 1289083만** (231.0배)
     25%    ① 69924097만  −  ②     1722만  =  **69922376만** (40613.0배)
     10%    ① 39867338만  −  ②     2473만  =  **39864864만** (16118.4배)
     5%     ① 21657050만  −  ②     3789만  =  **21653260만** (5715.1배)

저장: 139-filter-curve.json
   14판  100%   14000만 · 50%    5604만 · 25%    1722만 · 10%    2473만 · 5%    3789만
==========================================================================================================
139 — **좋은 것만 남기면 연 몇 개가 되고 얼마가 되나** · 사전등록
==========================================================================================================
★ 같은 «수»를 남기되 **① 완벽한 필터(룩어헤드) · ② 예측력 0 필터(무작위)**를 나란히
🚨 방향 먼저: ①은 크게 좋아지고 **②는 나빠질 것** → 답은 «필터가 거의 완벽해야 본전»

바탕 후보 **5,951건** (연 229건)

  남기는 비율 100%  연 추천 **  229건**  |  ① 완벽    14000만 (매수  543 · 투입 78%)  |  ② 무작위    14000만 (매수  543 · 투입 78%)
  남기는 비율 50%   연 추천 **  114건**  |  ① 완벽  1294688만 (매수  402 · 투입 71%)  |  ② 무작위     1266만 (매수  546 · 투입 77%)
  남기는 비율 25%   연 추천 **   57건**  |  ① 완벽 69924097만 (매수  259 · 투입 62%)  |  ② 무작위     2318만 (매수  469 · 투입 73%)
  남기는 비율 10%   연 추천 **   23건**  |  ① 완벽 39867338만 (매수  176 · 투입 54%)  |  ② 무작위     2039만 (매수  362 · 투입 61%)
  남기는 비율 5%    연 추천 **   11건**  |  ① 완벽 21657050만 (매수  128 · 투입 46%)  |  ② 무작위     1576만 (매수  255 · 투입 50%)

==========================================================================================================
### BT — 표
  남김             연 추천     **① 완벽**    **② 무작위**      차이(①−②)       ② 낙폭
  ----------------------------------------------------------------------
  100%           229건     14000만       14000만           0만     -37.0%
  50%            114건   1294688만        1266만     1293421만     -64.4%
  25%             57건  69924097만        2318만    69921779만     -56.5%
  10%             23건  39867338만        2039만    39865299만     -45.5%
  5%              11건  21657050만        1576만    21655474만     -41.1%

  **BU★** 예측력 0 필터가 현행(100%)보다 «나쁜가»
     50%   →     1266만  (현행 14000만 대비 **-91.0%**)  **나쁨**
     25%   →     2318만  (현행 14000만 대비 **-83.4%**)  **나쁨**
     10%   →     2039만  (현행 14000만 대비 **-85.4%**)  **나쁨**
     5%    →     1576만  (현행 14000만 대비 **-88.7%**)  **나쁨**

  **BV** 「필터가 완벽할 때만 얻는 몫」 = ① − ②
     50%    ①  1294688만  −  ②     1266만  =  ** 1293421만** (1022.3배)
     25%    ① 69924097만  −  ②     2318만  =  **69921779만** (30164.4배)
     10%    ① 39867338만  −  ②     2039만  =  **39865299만** (19552.3배)
     5%     ① 21657050만  −  ②     1576만  =  **21655474만** (13741.8배)

저장: 139-filter-curve.json
   15판  100%   14000만 · 50%    1266만 · 25%    2318만 · 10%    2039만 · 5%    1576만
==========================================================================================================
139 — **좋은 것만 남기면 연 몇 개가 되고 얼마가 되나** · 사전등록
==========================================================================================================
★ 같은 «수»를 남기되 **① 완벽한 필터(룩어헤드) · ② 예측력 0 필터(무작위)**를 나란히
🚨 방향 먼저: ①은 크게 좋아지고 **②는 나빠질 것** → 답은 «필터가 거의 완벽해야 본전»

바탕 후보 **5,951건** (연 229건)

  남기는 비율 100%  연 추천 **  229건**  |  ① 완벽    14000만 (매수  543 · 투입 78%)  |  ② 무작위    14000만 (매수  543 · 투입 78%)
  남기는 비율 50%   연 추천 **  114건**  |  ① 완벽  1294688만 (매수  402 · 투입 71%)  |  ② 무작위     3477만 (매수  532 · 투입 77%)
  남기는 비율 25%   연 추천 **   57건**  |  ① 완벽 69924097만 (매수  259 · 투입 62%)  |  ② 무작위     2341만 (매수  493 · 투입 72%)
  남기는 비율 10%   연 추천 **   23건**  |  ① 완벽 39867338만 (매수  176 · 투입 54%)  |  ② 무작위     4226만 (매수  370 · 투입 62%)
  남기는 비율 5%    연 추천 **   11건**  |  ① 완벽 21657050만 (매수  128 · 투입 46%)  |  ② 무작위     4025만 (매수  254 · 투입 50%)

==========================================================================================================
### BT — 표
  남김             연 추천     **① 완벽**    **② 무작위**      차이(①−②)       ② 낙폭
  ----------------------------------------------------------------------
  100%           229건     14000만       14000만           0만     -37.0%
  50%            114건   1294688만        3477만     1291210만     -39.9%
  25%             57건  69924097만        2341만    69921756만     -49.3%
  10%             23건  39867338만        4226만    39863111만     -38.9%
  5%              11건  21657050만        4025만    21653024만     -22.7%

  **BU★** 예측력 0 필터가 현행(100%)보다 «나쁜가»
     50%   →     3477만  (현행 14000만 대비 **-75.2%**)  **나쁨**
     25%   →     2341만  (현행 14000만 대비 **-83.3%**)  **나쁨**
     10%   →     4226만  (현행 14000만 대비 **-69.8%**)  **나쁨**
     5%    →     4025만  (현행 14000만 대비 **-71.2%**)  **나쁨**

  **BV** 「필터가 완벽할 때만 얻는 몫」 = ① − ②
     50%    ①  1294688만  −  ②     3477만  =  ** 1291210만** (372.3배)
     25%    ① 69924097만  −  ②     2341만  =  **69921756만** (29868.2배)
     10%    ① 39867338만  −  ②     4226만  =  **39863111만** (9432.7배)
     5%     ① 21657050만  −  ②     4025만  =  **21653024만** (5380.4배)

저장: 139-filter-curve.json
   16판  100%   14000만 · 50%    3477만 · 25%    2341만 · 10%    4226만 · 5%    4025만
==========================================================================================================
139 — **좋은 것만 남기면 연 몇 개가 되고 얼마가 되나** · 사전등록
==========================================================================================================
★ 같은 «수»를 남기되 **① 완벽한 필터(룩어헤드) · ② 예측력 0 필터(무작위)**를 나란히
🚨 방향 먼저: ①은 크게 좋아지고 **②는 나빠질 것** → 답은 «필터가 거의 완벽해야 본전»

바탕 후보 **5,951건** (연 229건)

  남기는 비율 100%  연 추천 **  229건**  |  ① 완벽    14000만 (매수  543 · 투입 78%)  |  ② 무작위    14000만 (매수  543 · 투입 78%)
  남기는 비율 50%   연 추천 **  114건**  |  ① 완벽  1294688만 (매수  402 · 투입 71%)  |  ② 무작위     1894만 (매수  528 · 투입 77%)
  남기는 비율 25%   연 추천 **   57건**  |  ① 완벽 69924097만 (매수  259 · 투입 62%)  |  ② 무작위     2247만 (매수  471 · 투입 74%)
  남기는 비율 10%   연 추천 **   23건**  |  ① 완벽 39867338만 (매수  176 · 투입 54%)  |  ② 무작위     1815만 (매수  357 · 투입 62%)
  남기는 비율 5%    연 추천 **   11건**  |  ① 완벽 21657050만 (매수  128 · 투입 46%)  |  ② 무작위     1974만 (매수  246 · 투입 48%)

==========================================================================================================
### BT — 표
  남김             연 추천     **① 완벽**    **② 무작위**      차이(①−②)       ② 낙폭
  ----------------------------------------------------------------------
  100%           229건     14000만       14000만           0만     -37.0%
  50%            114건   1294688만        1894만     1292794만     -54.1%
  25%             57건  69924097만        2247만    69921851만     -56.5%
  10%             23건  39867338만        1815만    39865523만     -62.8%
  5%              11건  21657050만        1974만    21655076만     -48.6%

  **BU★** 예측력 0 필터가 현행(100%)보다 «나쁜가»
     50%   →     1894만  (현행 14000만 대비 **-86.5%**)  **나쁨**
     25%   →     2247만  (현행 14000만 대비 **-84.0%**)  **나쁨**
     10%   →     1815만  (현행 14000만 대비 **-87.0%**)  **나쁨**
     5%    →     1974만  (현행 14000만 대비 **-85.9%**)  **나쁨**

  **BV** 「필터가 완벽할 때만 얻는 몫」 = ① − ②
     50%    ①  1294688만  −  ②     1894만  =  ** 1292794만** (683.7배)
     25%    ① 69924097만  −  ②     2247만  =  **69921851만** (31124.4배)
     10%    ① 39867338만  −  ②     1815만  =  **39865523만** (21965.7배)
     5%     ① 21657050만  −  ②     1974만  =  **21655076만** (10970.9배)

저장: 139-filter-curve.json
   17판  100%   14000만 · 50%    1894만 · 25%    2247만 · 10%    1815만 · 5%    1974만
==========================================================================================================
139 — **좋은 것만 남기면 연 몇 개가 되고 얼마가 되나** · 사전등록
==========================================================================================================
★ 같은 «수»를 남기되 **① 완벽한 필터(룩어헤드) · ② 예측력 0 필터(무작위)**를 나란히
🚨 방향 먼저: ①은 크게 좋아지고 **②는 나빠질 것** → 답은 «필터가 거의 완벽해야 본전»

바탕 후보 **5,951건** (연 229건)

  남기는 비율 100%  연 추천 **  229건**  |  ① 완벽    14000만 (매수  543 · 투입 78%)  |  ② 무작위    14000만 (매수  543 · 투입 78%)
  남기는 비율 50%   연 추천 **  114건**  |  ① 완벽  1294688만 (매수  402 · 투입 71%)  |  ② 무작위     7001만 (매수  524 · 투입 76%)
  남기는 비율 25%   연 추천 **   57건**  |  ① 완벽 69924097만 (매수  259 · 투입 62%)  |  ② 무작위     1654만 (매수  460 · 투입 75%)
  남기는 비율 10%   연 추천 **   23건**  |  ① 완벽 39867338만 (매수  176 · 투입 54%)  |  ② 무작위     3800만 (매수  368 · 투입 62%)
  남기는 비율 5%    연 추천 **   11건**  |  ① 완벽 21657050만 (매수  128 · 투입 46%)  |  ② 무작위     2127만 (매수  253 · 투입 47%)

==========================================================================================================
### BT — 표
  남김             연 추천     **① 완벽**    **② 무작위**      차이(①−②)       ② 낙폭
  ----------------------------------------------------------------------
  100%           229건     14000만       14000만           0만     -37.0%
  50%            114건   1294688만        7001만     1287687만     -38.9%
  25%             57건  69924097만        1654만    69922444만     -67.1%
  10%             23건  39867338만        3800만    39863538만     -38.4%
  5%              11건  21657050만        2127만    21654923만     -47.5%

  **BU★** 예측력 0 필터가 현행(100%)보다 «나쁜가»
     50%   →     7001만  (현행 14000만 대비 **-50.0%**)  **나쁨**
     25%   →     1654만  (현행 14000만 대비 **-88.2%**)  **나쁨**
     10%   →     3800만  (현행 14000만 대비 **-72.9%**)  **나쁨**
     5%    →     2127만  (현행 14000만 대비 **-84.8%**)  **나쁨**

  **BV** 「필터가 완벽할 때만 얻는 몫」 = ① − ②
     50%    ①  1294688만  −  ②     7001만  =  ** 1287687만** (184.9배)
     25%    ① 69924097만  −  ②     1654만  =  **69922444만** (42281.6배)
     10%    ① 39867338만  −  ②     3800만  =  **39863538만** (10491.9배)
     5%     ① 21657050만  −  ②     2127만  =  **21654923만** (10183.9배)

저장: 139-filter-curve.json
   18판  100%   14000만 · 50%    7001만 · 25%    1654만 · 10%    3800만 · 5%    2127만
==========================================================================================================
139 — **좋은 것만 남기면 연 몇 개가 되고 얼마가 되나** · 사전등록
==========================================================================================================
★ 같은 «수»를 남기되 **① 완벽한 필터(룩어헤드) · ② 예측력 0 필터(무작위)**를 나란히
🚨 방향 먼저: ①은 크게 좋아지고 **②는 나빠질 것** → 답은 «필터가 거의 완벽해야 본전»

바탕 후보 **5,951건** (연 229건)

  남기는 비율 100%  연 추천 **  229건**  |  ① 완벽    14000만 (매수  543 · 투입 78%)  |  ② 무작위    14000만 (매수  543 · 투입 78%)
  남기는 비율 50%   연 추천 **  114건**  |  ① 완벽  1294688만 (매수  402 · 투입 71%)  |  ② 무작위     6468만 (매수  522 · 투입 76%)
  남기는 비율 25%   연 추천 **   57건**  |  ① 완벽 69924097만 (매수  259 · 투입 62%)  |  ② 무작위     4813만 (매수  479 · 투입 72%)
  남기는 비율 10%   연 추천 **   23건**  |  ① 완벽 39867338만 (매수  176 · 투입 54%)  |  ② 무작위     4305만 (매수  376 · 투입 61%)
  남기는 비율 5%    연 추천 **   11건**  |  ① 완벽 21657050만 (매수  128 · 투입 46%)  |  ② 무작위     2806만 (매수  242 · 투입 49%)

==========================================================================================================
### BT — 표
  남김             연 추천     **① 완벽**    **② 무작위**      차이(①−②)       ② 낙폭
  ----------------------------------------------------------------------
  100%           229건     14000만       14000만           0만     -37.0%
  50%            114건   1294688만        6468만     1288219만     -36.5%
  25%             57건  69924097만        4813만    69919285만     -31.2%
  10%             23건  39867338만        4305만    39863033만     -34.6%
  5%              11건  21657050만        2806만    21654244만     -30.8%

  **BU★** 예측력 0 필터가 현행(100%)보다 «나쁜가»
     50%   →     6468만  (현행 14000만 대비 **-53.8%**)  **나쁨**
     25%   →     4813만  (현행 14000만 대비 **-65.6%**)  **나쁨**
     10%   →     4305만  (현행 14000만 대비 **-69.3%**)  **나쁨**
     5%    →     2806만  (현행 14000만 대비 **-80.0%**)  **나쁨**

  **BV** 「필터가 완벽할 때만 얻는 몫」 = ① − ②
     50%    ①  1294688만  −  ②     6468만  =  ** 1288219만** (200.2배)
     25%    ① 69924097만  −  ②     4813만  =  **69919285만** (14529.3배)
     10%    ① 39867338만  −  ②     4305만  =  **39863033만** (9261.3배)
     5%     ① 21657050만  −  ②     2806만  =  **21654244만** (7719.0배)

저장: 139-filter-curve.json
   19판  100%   14000만 · 50%    6468만 · 25%    4813만 · 10%    4305만 · 5%    2806만
==========================================================================================================
139 — **좋은 것만 남기면 연 몇 개가 되고 얼마가 되나** · 사전등록
==========================================================================================================
★ 같은 «수»를 남기되 **① 완벽한 필터(룩어헤드) · ② 예측력 0 필터(무작위)**를 나란히
🚨 방향 먼저: ①은 크게 좋아지고 **②는 나빠질 것** → 답은 «필터가 거의 완벽해야 본전»

바탕 후보 **5,951건** (연 229건)

  남기는 비율 100%  연 추천 **  229건**  |  ① 완벽    14000만 (매수  543 · 투입 78%)  |  ② 무작위    14000만 (매수  543 · 투입 78%)
  남기는 비율 50%   연 추천 **  114건**  |  ① 완벽  1294688만 (매수  402 · 투입 71%)  |  ② 무작위     2436만 (매수  508 · 투입 78%)
  남기는 비율 25%   연 추천 **   57건**  |  ① 완벽 69924097만 (매수  259 · 투입 62%)  |  ② 무작위     1972만 (매수  466 · 투입 73%)
  남기는 비율 10%   연 추천 **   23건**  |  ① 완벽 39867338만 (매수  176 · 투입 54%)  |  ② 무작위     2305만 (매수  368 · 투입 60%)
  남기는 비율 5%    연 추천 **   11건**  |  ① 완벽 21657050만 (매수  128 · 투입 46%)  |  ② 무작위     1788만 (매수  257 · 투입 49%)

==========================================================================================================
### BT — 표
  남김             연 추천     **① 완벽**    **② 무작위**      차이(①−②)       ② 낙폭
  ----------------------------------------------------------------------
  100%           229건     14000만       14000만           0만     -37.0%
  50%            114건   1294688만        2436만     1292252만     -64.2%
  25%             57건  69924097만        1972만    69922126만     -50.1%
  10%             23건  39867338만        2305만    39865033만     -36.3%
  5%              11건  21657050만        1788만    21655262만     -32.7%

  **BU★** 예측력 0 필터가 현행(100%)보다 «나쁜가»
     50%   →     2436만  (현행 14000만 대비 **-82.6%**)  **나쁨**
     25%   →     1972만  (현행 14000만 대비 **-85.9%**)  **나쁨**
     10%   →     2305만  (현행 14000만 대비 **-83.5%**)  **나쁨**
     5%    →     1788만  (현행 14000만 대비 **-87.2%**)  **나쁨**

  **BV** 「필터가 완벽할 때만 얻는 몫」 = ① − ②
     50%    ①  1294688만  −  ②     2436만  =  ** 1292252만** (531.5배)
     25%    ① 69924097만  −  ②     1972만  =  **69922126만** (35462.1배)
     10%    ① 39867338만  −  ②     2305만  =  **39865033만** (17296.9배)
     5%     ① 21657050만  −  ②     1788만  =  **21655262만** (12113.3배)

저장: 139-filter-curve.json
   20판  100%   14000만 · 50%    2436만 · 25%    1972만 · 10%    2305만 · 5%    1788만

========================================================================================================
### 140bv — ② 「무작위 감축」의 «분포» (139 는 이 중 «한 판»만 보고했다)
  남김               중앙       5백분위      95백분위            폭         최소         최대
  ------------------------------------------------------------------------------
  100%         14000만     14000만     14000만           0만     14000만     14000만
  50%           5530만      1894만      7709만        5816만      1266만     10066만
  25%           3669만      1654만     12851만       11197만      1548만     13708만
  10%           4266만      2039만      8119만        6080만      1815만     11938만
  5%            3023만      1576만      5186만        3610만      1030만      5263만
