팔 24 + 기준선 · 거래일 1359 · 거래 3776
정렬키 200 seed × 3776거래 사전계산 …
  완료

★ G3 관문 — 최적화판이 23-stage1 의 sim_slip 과 같은가
   _base                  seed   0 · -40.582990 vs -40.582990 · 일치
   _base                  seed 137 · -34.170879 vs -34.170879 · 일치
   10/본전(0%)/pess         seed   0 · -20.809888 vs -20.809888 · 일치
   10/본전(0%)/pess         seed 137 · -48.474991 vs -48.474991 · 일치
   15/트리거의 절반/opt         seed   0 · -31.154529 vs -31.154529 · 일치
   15/트리거의 절반/opt         seed 137 · -29.997749 vs -29.997749 · 일치
   → **통과**

================================================================================
2단계 · **leave-one-year** — 헤드라인 = min(보수적, 낙관적) 짝비교 중앙(%p)
================================================================================
  2021 뺌 (거래 2868 · 기준선 자산 중앙 -33.01%)
  2022 뺌 (거래 3364 · 기준선 자산 중앙 -17.97%)
  2023 뺌 (거래 3131 · 기준선 자산 중앙 -34.76%)
  2024 뺌 (거래 3219 · 기준선 자산 중앙 -40.83%)
  2025 뺌 (거래 3046 · 기준선 자산 중앙 -42.74%)
  2026 뺌 (거래 3252 · 기준선 자산 중앙 -25.13%)

  칸                       전체     −2021     −2022     −2023     −2024     −2025     −2026
  +5%/본전(0%)         -29.76   -23.28   -42.25   -29.99   -12.38   -24.93   -22.81
  +5%/+3%            -45.23   -40.51   -58.15   -41.63   -27.87   -35.98   -43.63
  +5%/트리거의 절반        -41.97   -38.19   -54.62   -40.70   -25.18   -34.31   -40.26
  +8%/본전(0%)         -24.24   -17.19   -30.95   -14.44    -8.59   -17.16   -23.01
  +8%/+3%            -32.18   -29.86   -39.29   -24.55   -17.30   -19.78   -31.59
  +8%/트리거의 절반        -28.16   -21.82   -40.42   -23.22   -13.71   -17.27   -30.58
  +10%/본전(0%)        -16.21   -12.85   -22.19    -9.67    -4.12    -8.77   -14.20
  +10%/+3%           -21.94   -19.51   -21.13   -18.72    -3.53   -14.24   -22.37
  +10%/트리거의 절반       -16.06   -11.34   -24.25   -15.05    +3.68   -15.86   -15.77
  +15%/본전(0%)        -13.33   -12.32   -14.59   -14.43    -5.82    -7.86   -15.71
  +15%/+3%           -15.08   -11.26   -11.36   -13.82    -3.70   -10.25   -16.86
  +15%/트리거의 절반       -19.83   -14.23   -25.52   -11.94    -9.59   -19.60   -27.47

  **한 해를 빼서 부호가 뒤집힌 (칸, 해) 쌍: 1 / 72**
  **2021을 뺐을 때 효과가 사라진 비율: 중앙 21.3% (최소 7.2 · 최대 29.4)**
  (양수 = 2021을 빼면 효과가 줄어든다 · 음수 = 오히려 커진다)

================================================================================
3단계 · **슬리피지** — 체결 거래마다 차감
================================================================================

  슬립 0.00%p · 기준선 자산 중앙 -33.10%
    헤드라인 플러스 **0 / 12** · 구간이 0 제외 플러스 **0 / 12**
    최고 칸 +15%/본전(0%) **-13.33%p** (구간 -67.3 ~ +30.1 · 우세율 25.0%)

  슬립 0.25%p · 기준선 자산 중앙 -45.79%
    헤드라인 플러스 **0 / 12** · 구간이 0 제외 플러스 **0 / 12**
    최고 칸 +15%/본전(0%) **-11.84%p** (구간 -56.9 ~ +22.1 · 우세율 23.0%)

  슬립 0.50%p · 기준선 자산 중앙 -56.06%
    헤드라인 플러스 **0 / 12** · 구간이 0 제외 플러스 **0 / 12**
    최고 칸 +15%/본전(0%) **-10.19%p** (구간 -47.9 ~ +16.3 · 우세율 22.0%)

저장: .cache/bt5y/out/23b-loy-and-slip.json
