팔 24 + 기준선 · 거래일 1359 · 거래 3776
관측 최고 헤드라인 +15%/본전(0%) **-13.33%p**
  부트스트랩 100/1000
  부트스트랩 200/1000
  부트스트랩 300/1000
  부트스트랩 400/1000
  부트스트랩 500/1000
  부트스트랩 600/1000
  부트스트랩 700/1000
  부트스트랩 800/1000
  부트스트랩 900/1000
  부트스트랩 1000/1000

==============================================================================
자료 축 구간 — **날짜 블록 부트스트랩 1,000회** (1단계의 seed 구간과 나란히)
==============================================================================
  칸                      헤드라인               자료 축 95%        seed 축 95%(1단계)
  +5%/본전(0%)          -29.76%p    -184.05 ~   +32.22     -113.2 ~    +17.2  0 포함
  +5%/+3%             -45.23%p    -208.73 ~    +8.41     -142.0 ~     -3.0  0 포함
  +5%/트리거의 절반         -41.97%p    -209.62 ~   +16.52     -135.1 ~     -1.6  0 포함
  +8%/본전(0%)          -24.24%p    -171.85 ~   +40.08     -112.0 ~    +26.6  0 포함
  +8%/+3%             -32.18%p    -184.05 ~   +31.49     -116.2 ~    +16.3  0 포함
  +8%/트리거의 절반         -28.16%p    -183.74 ~   +40.34     -102.7 ~    +31.2  0 포함
  +10%/본전(0%)         -16.21%p    -154.39 ~   +49.55      -98.7 ~    +55.9  0 포함
  +10%/+3%            -21.94%p    -163.58 ~   +38.23      -96.8 ~    +19.9  0 포함
  +10%/트리거의 절반        -16.06%p    -162.30 ~   +41.01      -83.0 ~    +46.6  0 포함
  +15%/본전(0%)         -13.33%p    -118.16 ~   +52.45      -67.3 ~    +30.1  0 포함
  +15%/+3%            -15.08%p    -113.26 ~   +52.33      -73.5 ~    +43.4  0 포함
  +15%/트리거의 절반        -19.83%p    -127.62 ~   +48.15      -87.0 ~    +31.4  0 포함

  **자료 축에서 0을 제외하는 칸 0 / 12** (전부 음수 쪽인지 확인: True)

==============================================================================
Westfall–Young 최대통계 · 12칸
==============================================================================
  귀무(중심화) 최대통계 95% 분위 **+87.47%p**
  관측 최고 헤드라인 +15%/본전(0%) **-13.33%p** → 최대통계 p = **0.892**
  보정 후 남는 칸: **0 / 12**

  ⚠️ 관측 최고가 **0 아래**이므로 이 보정은 결론을 바꿀 수 없다.
     '어느 칸도 기준선을 못 넘는다'는 보정 이전에 정해진다.

저장: .cache/bt5y/out/23c-boot-and-maxstat.json
