기준선 체결 중앙 424

칸                     헤드라인      비용건      이득건       체결      체결증가
+5%/+3%            -45.23%p     1134     1151     1056      +632
+5%/트리거의 절반        -41.97%p     1103     1151     1046      +622
+8%/+3%            -32.18%p      872      781      720      +296
+5%/본전(0%)         -29.76%p      892     1151      863      +439
+8%/트리거의 절반        -28.16%p      955      781      731      +307
+8%/본전(0%)         -24.24%p      579      781      626      +202
+10%/+3%           -21.94%p      668      580      620      +196
+15%/트리거의 절반       -19.83%p      478      266      512       +88
+10%/본전(0%)        -16.21%p      417      580      550      +126
+10%/트리거의 절반       -16.06%p      833      580      631      +207
+15%/+3%           -15.08%p      267      266      492       +68
+15%/본전(0%)        -13.33%p      172      266      477       +53

=== 12칸 전체 상관 (두뇌 세션은 4칸으로 r=-0.997을 냈음) ===
  헤드라인 × 비용 건수       Pearson r = -0.8644 · Spearman rho = -0.8951
  헤드라인 × 체결 증가분      Pearson r = -0.9522 · Spearman rho = -0.9021
  헤드라인 × 이득 건수       Pearson r = -0.8747 · Spearman rho = -0.9231
  헤드라인 × 거래당 차이      Pearson r = +0.8871 · Spearman rho = +0.8392

  (두뇌 세션이 쓴 4칸만: r = -0.9975)

=== 나란히: 비용 1건당 · 체결 1건당 헤드라인 ===
칸                     헤드라인     ÷비용건(%p/건)    ÷체결증가(%p/건)
+5%/+3%            -45.23%p       -0.0399       -0.0715
+5%/트리거의 절반        -41.97%p       -0.0381       -0.0675
+8%/+3%            -32.18%p       -0.0369       -0.1087
+5%/본전(0%)         -29.76%p       -0.0334       -0.0678
+8%/트리거의 절반        -28.16%p       -0.0295       -0.0917
+8%/본전(0%)         -24.24%p       -0.0419       -0.1200
+10%/+3%           -21.94%p       -0.0328       -0.1122
+15%/트리거의 절반       -19.83%p       -0.0415       -0.2253
+10%/본전(0%)        -16.21%p       -0.0389       -0.1292
+10%/트리거의 절반       -16.06%p       -0.0193       -0.0776
+15%/+3%           -15.08%p       -0.0565       -0.2235
+15%/본전(0%)        -13.33%p       -0.0775       -0.2515

저장: .cache/bt5y/out/23d-mechanism.json
