=== N=500 seed=1 2021 ===
  ③큼 4~6%        n=  53  승  18 패  34 예외   1 미결   0  결착승률 34.6%  (최악 34.0%)
  ④매우큼 6%+       n=  74  승  25 패  47 예외   2 미결   0  결착승률 34.7%  (최악 33.8%)
=== N=500 seed=1 2022 ===
  ③큼 4~6%        n=  45  승  11 패  33 예외   1 미결   0  결착승률 25.0%  (최악 24.4%)
  ④매우큼 6%+       n=  29  승   8 패  21 예외   0 미결   0  결착승률 27.6%  (최악 27.6%)
=== N=500 seed=1 2023 ===
  ③큼 4~6%        n=  50  승  18 패  32 예외   0 미결   0  결착승률 36.0%  (최악 36.0%)
  ④매우큼 6%+       n=  39  승  19 패  19 예외   1 미결   0  결착승률 50.0%  (최악 48.7%)
=== N=500 seed=1 2024 ===
  ③큼 4~6%        n=  46  승  17 패  28 예외   0 미결   1  결착승률 37.8%  (최악 37.8%)
  ④매우큼 6%+       n=  35  승  10 패  25 예외   0 미결   0  결착승률 28.6%  (최악 28.6%)
=== N=500 seed=1 2025 ===
  ③큼 4~6%        n=  49  승  16 패  33 예외   0 미결   0  결착승률 32.7%  (최악 32.7%)
  ④매우큼 6%+       n=  47  승  22 패  24 예외   1 미결   0  결착승률 47.8%  (최악 46.8%)
=== N=500 seed=1 2026 ===
  ③큼 4~6%        n=  12  승   7 패   5 예외   0 미결   0  결착승률 58.3%  (최악 58.3%)
  ④매우큼 6%+       n=  72  승  25 패  42 예외   5 미결   0  결착승률 37.3%  (최악 34.7%)
=== N=500 seed=2 2021 ===
  ③큼 4~6%        n=  56  승  23 패  32 예외   1 미결   0  결착승률 41.8%  (최악 41.1%)
  ④매우큼 6%+       n=  68  승  22 패  46 예외   0 미결   0  결착승률 32.4%  (최악 32.4%)
=== N=500 seed=2 2022 ===
  ③큼 4~6%        n=  29  승   6 패  23 예외   0 미결   0  결착승률 20.7%  (최악 20.7%)
  ④매우큼 6%+       n=  23  승   8 패  15 예외   0 미결   0  결착승률 34.8%  (최악 34.8%)
=== N=500 seed=2 2023 ===
  ③큼 4~6%        n=  47  승  19 패  28 예외   0 미결   0  결착승률 40.4%  (최악 40.4%)
  ④매우큼 6%+       n=  46  승  14 패  32 예외   0 미결   0  결착승률 30.4%  (최악 30.4%)
=== N=500 seed=2 2024 ===
  ③큼 4~6%        n=  42  승  12 패  29 예외   0 미결   1  결착승률 29.3%  (최악 29.3%)
  ④매우큼 6%+       n=  33  승   7 패  25 예외   1 미결   0  결착승률 21.9%  (최악 21.2%)
=== N=500 seed=2 2025 ===
  ③큼 4~6%        n=  40  승  12 패  28 예외   0 미결   0  결착승률 30.0%  (최악 30.0%)
  ④매우큼 6%+       n=  37  승  15 패  22 예외   0 미결   0  결착승률 40.5%  (최악 40.5%)
=== N=500 seed=2 2026 ===
  ③큼 4~6%        n=  19  승  10 패   9 예외   0 미결   0  결착승률 52.6%  (최악 52.6%)
  ④매우큼 6%+       n=  60  승  20 패  35 예외   5 미결   0  결착승률 36.4%  (최악 33.3%)
=== N=1000 seed=1 2021 ===
  ③큼 4~6%        n= 133  승  58 패  75 예외   0 미결   0  결착승률 43.6%  (최악 43.6%)
  ④매우큼 6%+       n= 129  승  33 패  91 예외   5 미결   0  결착승률 26.6%  (최악 25.6%)
=== N=1000 seed=1 2022 ===
  ③큼 4~6%        n=  62  승  24 패  38 예외   0 미결   0  결착승률 38.7%  (최악 38.7%)
  ④매우큼 6%+       n=  43  승  14 패  28 예외   1 미결   0  결착승률 33.3%  (최악 32.6%)
=== N=1000 seed=1 2023 ===
  ③큼 4~6%        n=  88  승  28 패  60 예외   0 미결   0  결착승률 31.8%  (최악 31.8%)
  ④매우큼 6%+       n= 104  승  37 패  62 예외   5 미결   0  결착승률 37.4%  (최악 35.6%)
=== N=1000 seed=1 2024 ===
  ③큼 4~6%        n=  71  승  23 패  48 예외   0 미결   0  결착승률 32.4%  (최악 32.4%)
  ④매우큼 6%+       n=  77  승  21 패  51 예외   5 미결   0  결착승률 29.2%  (최악 27.3%)
=== N=1000 seed=1 2025 ===
  ③큼 4~6%        n= 123  승  44 패  76 예외   3 미결   0  결착승률 36.7%  (최악 35.8%)
  ④매우큼 6%+       n= 131  승  45 패  84 예외   2 미결   0  결착승률 34.9%  (최악 34.4%)
=== N=1000 seed=1 2026 ===
  ③큼 4~6%        n=  51  승  16 패  33 예외   0 미결   2  결착승률 32.7%  (최악 32.7%)
  ④매우큼 6%+       n= 138  승  47 패  82 예외   9 미결   0  결착승률 36.4%  (최악 34.1%)
=== N=1000 seed=2 2021 ===
  ③큼 4~6%        n= 132  승  52 패  79 예외   1 미결   0  결착승률 39.7%  (최악 39.4%)
  ④매우큼 6%+       n= 123  승  39 패  82 예외   2 미결   0  결착승률 32.2%  (최악 31.7%)
=== N=1000 seed=2 2022 ===
  ③큼 4~6%        n=  58  승  15 패  41 예외   2 미결   0  결착승률 26.8%  (최악 25.9%)
  ④매우큼 6%+       n=  55  승  14 패  40 예외   1 미결   0  결착승률 25.9%  (최악 25.5%)
=== N=1000 seed=2 2023 ===
  ③큼 4~6%        n= 105  승  38 패  67 예외   0 미결   0  결착승률 36.2%  (최악 36.2%)
  ④매우큼 6%+       n=  97  승  31 패  60 예외   6 미결   0  결착승률 34.1%  (최악 32.0%)
=== N=1000 seed=2 2024 ===
  ③큼 4~6%        n=  94  승  30 패  64 예외   0 미결   0  결착승률 31.9%  (최악 31.9%)
  ④매우큼 6%+       n=  72  승  15 패  55 예외   2 미결   0  결착승률 21.4%  (최악 20.8%)
=== N=1000 seed=2 2025 ===
  ③큼 4~6%        n= 123  승  48 패  73 예외   2 미결   0  결착승률 39.7%  (최악 39.0%)
  ④매우큼 6%+       n=  92  승  29 패  59 예외   4 미결   0  결착승률 33.0%  (최악 31.5%)
=== N=1000 seed=2 2026 ===
  ③큼 4~6%        n=  44  승  21 패  22 예외   0 미결   1  결착승률 48.8%  (최악 48.8%)
  ④매우큼 6%+       n= 155  승  46 패  97 예외  11 미결   1  결착승률 32.2%  (최악 29.9%)
=== N=2000 seed=1 2021 ===
  ③큼 4~6%        n= 266  승 101 패 163 예외   2 미결   0  결착승률 38.3%  (최악 38.0%)
  ④매우큼 6%+       n= 271  승  90 패 176 예외   5 미결   0  결착승률 33.8%  (최악 33.2%)
=== N=2000 seed=1 2022 ===
  ③큼 4~6%        n= 130  승  35 패  93 예외   2 미결   0  결착승률 27.3%  (최악 26.9%)
  ④매우큼 6%+       n=  97  승  33 패  61 예외   3 미결   0  결착승률 35.1%  (최악 34.0%)
=== N=2000 seed=1 2023 ===
  ③큼 4~6%        n= 200  승  76 패 124 예외   0 미결   0  결착승률 38.0%  (최악 38.0%)
  ④매우큼 6%+       n= 184  승  52 패 123 예외   9 미결   0  결착승률 29.7%  (최악 28.3%)
=== N=2000 seed=1 2024 ===
  ③큼 4~6%        n= 170  승  49 패 121 예외   0 미결   0  결착승률 28.8%  (최악 28.8%)
  ④매우큼 6%+       n= 161  승  46 패 107 예외   8 미결   0  결착승률 30.1%  (최악 28.6%)
=== N=2000 seed=1 2025 ===
  ③큼 4~6%        n= 207  승  79 패 126 예외   2 미결   0  결착승률 38.5%  (최악 38.2%)
  ④매우큼 6%+       n= 232  승  75 패 153 예외   4 미결   0  결착승률 32.9%  (최악 32.3%)
=== N=2000 seed=1 2026 ===
  ③큼 4~6%        n=  89  승  39 패  46 예외   0 미결   4  결착승률 45.9%  (최악 45.9%)
  ④매우큼 6%+       n= 282  승  89 패 174 예외  17 미결   2  결착승률 33.8%  (최악 31.8%)
ALL DONE
