설정: 관문임박=off · 진입상태=['actionable']
pdata 적재 2021-10-28~2023-12-31 …
  일자 537일 · 거래대금 시계열 2742종목
  pdata 시계열 생성 2021-10-28~2024-10-26 (결착 여유 포함) …
  유니버스 등장 2477종목 · 시계열 보유 2835종목
스캔일 245개 (2023-01-02~2023-12-28, step 1)
  2023-01-02: 평가 1484 · 후보 3 · 진입 0 (누적 0)
  2023-01-03: 평가 1485 · 후보 1 · 진입 0 (누적 0)
  2023-01-04: 평가 1485 · 후보 4 · 진입 2 (누적 2)
  2023-01-05: 평가 1485 · 후보 2 · 진입 2 (누적 4)
  2023-01-06: 평가 1485 · 후보 1 · 진입 0 (누적 4)
  2023-01-09: 평가 1489 · 후보 4 · 진입 2 (누적 6)
  2023-01-10: 평가 1493 · 후보 2 · 진입 0 (누적 6)
  2023-01-11: 평가 1500 · 후보 4 · 진입 1 (누적 7)
  2023-01-12: 평가 1511 · 후보 7 · 진입 1 (누적 8)
  2023-01-13: 평가 1515 · 후보 8 · 진입 3 (누적 11)
  2023-01-16: 평가 1520 · 후보 11 · 진입 1 (누적 12)
  2023-01-17: 평가 1520 · 후보 14 · 진입 1 (누적 13)
  2023-01-18: 평가 1524 · 후보 11 · 진입 2 (누적 15)
  2023-01-19: 평가 1533 · 후보 10 · 진입 0 (누적 15)
  2023-01-20: 평가 1533 · 후보 13 · 진입 1 (누적 16)
  2023-01-25: 평가 1533 · 후보 16 · 진입 5 (누적 21)
  2023-01-26: 평가 1528 · 후보 17 · 진입 5 (누적 26)
  2023-01-27: 평가 1526 · 후보 15 · 진입 2 (누적 28)
  2023-01-30: 평가 1516 · 후보 16 · 진입 1 (누적 29)
  2023-01-31: 평가 1514 · 후보 14 · 진입 1 (누적 30)
  2023-02-01: 평가 1508 · 후보 15 · 진입 1 (누적 31)
  2023-02-02: 평가 1503 · 후보 15 · 진입 1 (누적 32)
  2023-02-03: 평가 1516 · 후보 22 · 진입 5 (누적 37)
  2023-02-06: 평가 1520 · 후보 19 · 진입 1 (누적 38)
  2023-02-07: 평가 1517 · 후보 11 · 진입 2 (누적 40)
  2023-02-08: 평가 1521 · 후보 13 · 진입 1 (누적 41)
  2023-02-09: 평가 1527 · 후보 11 · 진입 0 (누적 41)
  2023-02-10: 평가 1532 · 후보 10 · 진입 1 (누적 42)
  2023-02-13: 평가 1534 · 후보 10 · 진입 2 (누적 44)
  2023-02-14: 평가 1535 · 후보 14 · 진입 3 (누적 47)
  2023-02-15: 평가 1533 · 후보 12 · 진입 4 (누적 51)
  2023-02-16: 평가 1539 · 후보 15 · 진입 0 (누적 51)
  2023-02-17: 평가 1545 · 후보 13 · 진입 0 (누적 51)
  2023-02-20: 평가 1550 · 후보 11 · 진입 1 (누적 52)
  2023-02-21: 평가 1554 · 후보 10 · 진입 0 (누적 52)
  2023-02-22: 평가 1556 · 후보 9 · 진입 1 (누적 53)
  2023-02-23: 평가 1556 · 후보 11 · 진입 3 (누적 56)
  2023-02-24: 평가 1559 · 후보 10 · 진입 1 (누적 57)
  2023-02-27: 평가 1558 · 후보 11 · 진입 2 (누적 59)
  2023-02-28: 평가 1557 · 후보 13 · 진입 0 (누적 59)
  2023-03-02: 평가 1555 · 후보 19 · 진입 1 (누적 60)
  2023-03-03: 평가 1556 · 후보 22 · 진입 4 (누적 64)
  2023-03-06: 평가 1560 · 후보 18 · 진입 0 (누적 64)
  2023-03-07: 평가 1561 · 후보 17 · 진입 0 (누적 64)
  2023-03-08: 평가 1560 · 후보 16 · 진입 4 (누적 68)
  2023-03-09: 평가 1559 · 후보 15 · 진입 1 (누적 69)
  2023-03-10: 평가 1560 · 후보 10 · 진입 1 (누적 70)
  2023-03-13: 평가 1557 · 후보 11 · 진입 1 (누적 71)
  2023-03-14: 평가 1558 · 후보 11 · 진입 2 (누적 73)
  2023-03-15: 평가 1563 · 후보 10 · 진입 2 (누적 75)
  2023-03-16: 평가 1563 · 후보 14 · 진입 2 (누적 77)
  2023-03-17: 평가 1559 · 후보 15 · 진입 4 (누적 81)
  2023-03-20: 평가 1557 · 후보 15 · 진입 2 (누적 83)
  2023-03-21: 평가 1554 · 후보 17 · 진입 4 (누적 87)
  2023-03-22: 평가 1553 · 후보 17 · 진입 0 (누적 87)
  2023-03-23: 평가 1556 · 후보 17 · 진입 2 (누적 89)
  2023-03-24: 평가 1552 · 후보 15 · 진입 1 (누적 90)
  2023-03-27: 평가 1551 · 후보 22 · 진입 6 (누적 96)
  2023-03-28: 평가 1544 · 후보 17 · 진입 3 (누적 99)
  2023-03-29: 평가 1543 · 후보 16 · 진입 3 (누적 102)
  2023-03-30: 평가 1548 · 후보 24 · 진입 5 (누적 107)
  2023-03-31: 평가 1549 · 후보 19 · 진입 2 (누적 109)
  2023-04-03: 평가 1551 · 후보 16 · 진입 7 (누적 116)
  2023-04-04: 평가 1551 · 후보 21 · 진입 2 (누적 118)
  2023-04-05: 평가 1559 · 후보 16 · 진입 2 (누적 120)
  2023-04-06: 평가 1562 · 후보 18 · 진입 1 (누적 121)
  2023-04-07: 평가 1561 · 후보 16 · 진입 2 (누적 123)
  2023-04-10: 평가 1567 · 후보 16 · 진입 2 (누적 125)
  2023-04-11: 평가 1561 · 후보 15 · 진입 3 (누적 128)
  2023-04-12: 평가 1562 · 후보 11 · 진입 2 (누적 130)
  2023-04-13: 평가 1565 · 후보 8 · 진입 1 (누적 131)
  2023-04-14: 평가 1569 · 후보 9 · 진입 2 (누적 133)
  2023-04-17: 평가 1577 · 후보 12 · 진입 2 (누적 135)
  2023-04-18: 평가 1574 · 후보 13 · 진입 5 (누적 140)
  2023-04-19: 평가 1579 · 후보 12 · 진입 2 (누적 142)
  2023-04-20: 평가 1588 · 후보 8 · 진입 1 (누적 143)
  2023-04-21: 평가 1582 · 후보 8 · 진입 1 (누적 144)
  2023-04-24: 평가 1577 · 후보 6 · 진입 0 (누적 144)
  2023-04-25: 평가 1582 · 후보 6 · 진입 1 (누적 145)
  2023-04-26: 평가 1584 · 후보 4 · 진입 0 (누적 145)
  2023-04-27: 평가 1580 · 후보 3 · 진입 1 (누적 146)
  2023-04-28: 평가 1575 · 후보 8 · 진입 3 (누적 149)
  2023-05-02: 평가 1574 · 후보 10 · 진입 4 (누적 153)
  2023-05-03: 평가 1572 · 후보 17 · 진입 4 (누적 157)
  2023-05-04: 평가 1572 · 후보 17 · 진입 3 (누적 160)
  2023-05-08: 평가 1570 · 후보 19 · 진입 2 (누적 162)
  2023-05-09: 평가 1572 · 후보 23 · 진입 5 (누적 167)
  2023-05-10: 평가 1574 · 후보 20 · 진입 6 (누적 173)
  2023-05-11: 평가 1586 · 후보 27 · 진입 4 (누적 177)
  2023-05-12: 평가 1582 · 후보 29 · 진입 4 (누적 181)
  2023-05-15: 평가 1581 · 후보 19 · 진입 3 (누적 184)
  2023-05-16: 평가 1586 · 후보 15 · 진입 3 (누적 187)
  2023-05-17: 평가 1586 · 후보 22 · 진입 4 (누적 191)
  2023-05-18: 평가 1582 · 후보 29 · 진입 6 (누적 197)
  2023-05-19: 평가 1579 · 후보 26 · 진입 5 (누적 202)
  2023-05-22: 평가 1584 · 후보 35 · 진입 2 (누적 204)
  2023-05-23: 평가 1584 · 후보 36 · 진입 5 (누적 209)
  2023-05-24: 평가 1587 · 후보 25 · 진입 2 (누적 211)
  2023-05-25: 평가 1590 · 후보 29 · 진입 3 (누적 214)
  2023-05-26: 평가 1589 · 후보 22 · 진입 1 (누적 215)
  2023-05-30: 평가 1591 · 후보 28 · 진입 1 (누적 216)
  2023-05-31: 평가 1599 · 후보 34 · 진입 4 (누적 220)
  2023-06-01: 평가 1608 · 후보 31 · 진입 8 (누적 228)
  2023-06-02: 평가 1612 · 후보 32 · 진입 6 (누적 234)
  2023-06-05: 평가 1607 · 후보 35 · 진입 4 (누적 238)
  2023-06-07: 평가 1611 · 후보 37 · 진입 4 (누적 242)
  2023-06-08: 평가 1618 · 후보 34 · 진입 7 (누적 249)
  2023-06-09: 평가 1622 · 후보 29 · 진입 5 (누적 254)
  2023-06-12: 평가 1621 · 후보 38 · 진입 3 (누적 257)
  2023-06-13: 평가 1623 · 후보 41 · 진입 9 (누적 266)
  2023-06-14: 평가 1627 · 후보 29 · 진입 5 (누적 271)
  2023-06-15: 평가 1630 · 후보 27 · 진입 1 (누적 272)
  2023-06-16: 평가 1633 · 후보 24 · 진입 3 (누적 275)
  2023-06-19: 평가 1631 · 후보 24 · 진입 3 (누적 278)
  2023-06-20: 평가 1628 · 후보 21 · 진입 4 (누적 282)
  2023-06-21: 평가 1631 · 후보 28 · 진입 2 (누적 284)
  2023-06-22: 평가 1633 · 후보 31 · 진입 2 (누적 286)
  2023-06-23: 평가 1641 · 후보 33 · 진입 4 (누적 290)
  2023-06-26: 평가 1641 · 후보 28 · 진입 4 (누적 294)
  2023-06-27: 평가 1643 · 후보 30 · 진입 8 (누적 302)
  2023-06-28: 평가 1645 · 후보 39 · 진입 5 (누적 307)
  2023-06-29: 평가 1637 · 후보 30 · 진입 3 (누적 310)
  2023-06-30: 평가 1627 · 후보 32 · 진입 10 (누적 320)
  2023-07-03: 평가 1623 · 후보 32 · 진입 5 (누적 325)
  2023-07-04: 평가 1627 · 후보 30 · 진입 6 (누적 331)
  2023-07-05: 평가 1615 · 후보 44 · 진입 5 (누적 336)
  2023-07-06: 평가 1618 · 후보 18 · 진입 1 (누적 337)
  2023-07-07: 평가 1616 · 후보 22 · 진입 4 (누적 341)
  2023-07-10: 평가 1614 · 후보 18 · 진입 5 (누적 346)
  2023-07-11: 평가 1613 · 후보 26 · 진입 2 (누적 348)
  2023-07-12: 평가 1615 · 후보 30 · 진입 5 (누적 353)
  2023-07-13: 평가 1611 · 후보 29 · 진입 4 (누적 357)
  2023-07-14: 평가 1617 · 후보 29 · 진입 6 (누적 363)
  2023-07-17: 평가 1612 · 후보 23 · 진입 5 (누적 368)
  2023-07-18: 평가 1611 · 후보 21 · 진입 1 (누적 369)
  2023-07-19: 평가 1610 · 후보 22 · 진입 1 (누적 370)
  2023-07-20: 평가 1602 · 후보 25 · 진입 1 (누적 371)
  2023-07-21: 평가 1597 · 후보 18 · 진입 1 (누적 372)
  2023-07-24: 평가 1594 · 후보 20 · 진입 6 (누적 378)
  2023-07-25: 평가 1593 · 후보 15 · 진입 0 (누적 378)
  2023-07-26: 평가 1609 · 후보 5 · 진입 1 (누적 379)
  2023-07-27: 평가 1606 · 후보 6 · 진입 2 (누적 381)
  2023-07-28: 평가 1601 · 후보 12 · 진입 2 (누적 383)
  2023-07-31: 평가 1591 · 후보 16 · 진입 2 (누적 385)
  2023-08-01: 평가 1591 · 후보 17 · 진입 1 (누적 386)
  2023-08-02: 평가 1589 · 후보 9 · 진입 1 (누적 387)
  2023-08-03: 평가 1594 · 후보 12 · 진입 4 (누적 391)
  2023-08-04: 평가 1589 · 후보 16 · 진입 3 (누적 394)
  2023-08-07: 평가 1583 · 후보 13 · 진입 1 (누적 395)
  2023-08-08: 평가 1585 · 후보 16 · 진입 4 (누적 399)
  2023-08-09: 평가 1592 · 후보 11 · 진입 1 (누적 400)
  2023-08-10: 평가 1593 · 후보 9 · 진입 5 (누적 405)
  2023-08-11: 평가 1589 · 후보 15 · 진입 4 (누적 409)
  2023-08-14: 평가 1589 · 후보 16 · 진입 2 (누적 411)
  2023-08-16: 평가 1590 · 후보 10 · 진입 4 (누적 415)
  2023-08-17: 평가 1582 · 후보 15 · 진입 4 (누적 419)
  2023-08-18: 평가 1582 · 후보 12 · 진입 2 (누적 421)
  2023-08-21: 평가 1583 · 후보 15 · 진입 6 (누적 427)
  2023-08-22: 평가 1574 · 후보 17 · 진입 4 (누적 431)
  2023-08-23: 평가 1575 · 후보 20 · 진입 3 (누적 434)
  2023-08-24: 평가 1571 · 후보 31 · 진입 7 (누적 441)
  2023-08-25: 평가 1573 · 후보 30 · 진입 5 (누적 446)
  2023-08-28: 평가 1576 · 후보 28 · 진입 7 (누적 453)
  2023-08-29: 평가 1577 · 후보 30 · 진입 6 (누적 459)
  2023-08-30: 평가 1576 · 후보 38 · 진입 4 (누적 463)
  2023-08-31: 평가 1579 · 후보 41 · 진입 2 (누적 465)
  2023-09-01: 평가 1575 · 후보 18 · 진입 3 (누적 468)
  2023-09-04: 평가 1574 · 후보 27 · 진입 8 (누적 476)
  2023-09-05: 평가 1567 · 후보 28 · 진입 1 (누적 477)
  2023-09-06: 평가 1566 · 후보 28 · 진입 1 (누적 478)
  2023-09-07: 평가 1563 · 후보 20 · 진입 4 (누적 482)
  2023-09-08: 평가 1563 · 후보 18 · 진입 1 (누적 483)
  2023-09-11: 평가 1565 · 후보 18 · 진입 3 (누적 486)
  2023-09-12: 평가 1567 · 후보 15 · 진입 1 (누적 487)
  2023-09-13: 평가 1561 · 후보 9 · 진입 2 (누적 489)
  2023-09-14: 평가 1558 · 후보 28 · 진입 6 (누적 495)
  2023-09-15: 평가 1555 · 후보 32 · 진입 7 (누적 502)
  2023-09-18: 평가 1550 · 후보 25 · 진입 3 (누적 505)
  2023-09-19: 평가 1544 · 후보 24 · 진입 2 (누적 507)
  2023-09-20: 평가 1544 · 후보 26 · 진입 1 (누적 508)
  2023-09-21: 평가 1545 · 후보 14 · 진입 1 (누적 509)
  2023-09-22: 평가 1546 · 후보 15 · 진입 1 (누적 510)
  2023-09-25: 평가 1544 · 후보 13 · 진입 0 (누적 510)
  2023-09-26: 평가 1541 · 후보 12 · 진입 1 (누적 511)
  2023-09-27: 평가 1530 · 후보 19 · 진입 2 (누적 513)
  2023-10-04: 평가 1527 · 후보 14 · 진입 1 (누적 514)
  2023-10-05: 평가 1531 · 후보 15 · 진입 1 (누적 515)
  2023-10-06: 평가 1525 · 후보 22 · 진입 3 (누적 518)
  2023-10-10: 평가 1519 · 후보 16 · 진입 3 (누적 521)
  2023-10-11: 평가 1513 · 후보 17 · 진입 5 (누적 526)
  2023-10-12: 평가 1501 · 후보 21 · 진입 5 (누적 531)
  2023-10-13: 평가 1500 · 후보 25 · 진입 2 (누적 533)
  2023-10-16: 평가 1506 · 후보 21 · 진입 1 (누적 534)
  2023-10-17: 평가 1503 · 후보 26 · 진입 3 (누적 537)
  2023-10-18: 평가 1499 · 후보 22 · 진입 2 (누적 539)
  2023-10-19: 평가 1497 · 후보 11 · 진입 0 (누적 539)
  2023-10-20: 평가 1495 · 후보 10 · 진입 1 (누적 540)
  2023-10-23: 평가 1495 · 후보 5 · 진입 1 (누적 541)
  2023-10-24: 평가 1503 · 후보 14 · 진입 6 (누적 547)
  2023-10-25: 평가 1499 · 후보 21 · 진입 2 (누적 549)
  2023-10-26: 평가 1503 · 후보 8 · 진입 1 (누적 550)
  2023-10-27: 평가 1498 · 후보 5 · 진입 1 (누적 551)
  2023-10-30: 평가 1485 · 후보 16 · 진입 3 (누적 554)
  2023-10-31: 평가 1484 · 후보 10 · 진입 2 (누적 556)
  2023-11-01: 평가 1477 · 후보 17 · 진입 6 (누적 562)
  2023-11-02: 평가 1467 · 후보 20 · 진입 6 (누적 568)
  2023-11-03: 평가 1469 · 후보 17 · 진입 4 (누적 572)
  2023-11-06: 평가 1469 · 후보 13 · 진입 3 (누적 575)
  2023-11-07: 평가 1468 · 후보 13 · 진입 3 (누적 578)
  2023-11-08: 평가 1467 · 후보 8 · 진입 2 (누적 580)
  2023-11-09: 평가 1469 · 후보 13 · 진입 3 (누적 583)
  2023-11-10: 평가 1464 · 후보 21 · 진입 3 (누적 586)
  2023-11-13: 평가 1461 · 후보 12 · 진입 2 (누적 588)
  2023-11-14: 평가 1445 · 후보 15 · 진입 3 (누적 591)
  2023-11-15: 평가 1447 · 후보 9 · 진입 0 (누적 591)
  2023-11-16: 평가 1442 · 후보 12 · 진입 0 (누적 591)
  2023-11-17: 평가 1443 · 후보 17 · 진입 2 (누적 593)
  2023-11-20: 평가 1435 · 후보 19 · 진입 3 (누적 596)
  2023-11-21: 평가 1434 · 후보 17 · 진입 3 (누적 599)
  2023-11-22: 평가 1430 · 후보 11 · 진입 2 (누적 601)
  2023-11-23: 평가 1440 · 후보 12 · 진입 6 (누적 607)
  2023-11-24: 평가 1443 · 후보 16 · 진입 1 (누적 608)
  2023-11-27: 평가 1434 · 후보 14 · 진입 2 (누적 610)
  2023-11-28: 평가 1429 · 후보 16 · 진입 0 (누적 610)
  2023-11-29: 평가 1424 · 후보 17 · 진입 5 (누적 615)
  2023-11-30: 평가 1417 · 후보 16 · 진입 1 (누적 616)
  2023-12-01: 평가 1411 · 후보 13 · 진입 0 (누적 616)
  2023-12-04: 평가 1409 · 후보 11 · 진입 2 (누적 618)
  2023-12-05: 평가 1414 · 후보 6 · 진입 2 (누적 620)
  2023-12-06: 평가 1407 · 후보 9 · 진입 1 (누적 621)
  2023-12-07: 평가 1394 · 후보 7 · 진입 1 (누적 622)
  2023-12-08: 평가 1393 · 후보 12 · 진입 2 (누적 624)
  2023-12-11: 평가 1390 · 후보 14 · 진입 2 (누적 626)
  2023-12-12: 평가 1399 · 후보 11 · 진입 1 (누적 627)
  2023-12-13: 평가 1405 · 후보 8 · 진입 0 (누적 627)
  2023-12-14: 평가 1409 · 후보 12 · 진입 1 (누적 628)
  2023-12-15: 평가 1416 · 후보 16 · 진입 2 (누적 630)
  2023-12-18: 평가 1420 · 후보 14 · 진입 1 (누적 631)
  2023-12-19: 평가 1428 · 후보 14 · 진입 2 (누적 633)
  2023-12-20: 평가 1436 · 후보 21 · 진입 4 (누적 637)
  2023-12-21: 평가 1447 · 후보 21 · 진입 5 (누적 642)
  2023-12-22: 평가 1448 · 후보 19 · 진입 1 (누적 643)
  2023-12-26: 평가 1453 · 후보 16 · 진입 0 (누적 643)
  2023-12-27: 평가 1448 · 후보 15 · 진입 2 (누적 645)
  2023-12-28: 평가 1447 · 후보 20 · 진입 3 (누적 648)

💾 저장: .cache/bt5y/sub/gate_2023.json
거래 648건 · 승 227 패 407 예외 12 미결 2
승률 결착 35.8% (최악 35.1% ~ 최선 37.0%)

[변동성 구간별]
  ①조용 <2.5%      n=  13  승   3 패   8 예외   0 미결   2  결착승률 27.3%  (최악 27.3%)
  ②보통 2.5~4%     n= 112  승  41 패  70 예외   1 미결   0  결착승률 36.9%  (최악 36.6%)
  ③큼 4~6%        n= 283  승 107 패 176 예외   0 미결   0  결착승률 37.8%  (최악 37.8%)
  ④매우큼 6%+       n= 240  승  76 패 153 예외  11 미결   0  결착승률 33.2%  (최악 31.7%)
