0단계 · `params` 대조 — 파일 24개
  ✅ **불일치 0건**  (그중 8개는 `market` 미기록 → 코드 형식으로 «직접» 확인)
1단계 · 스캔일 수 — 패턴 팔 정본과 «정확히» 같아야 한다
  ✅ **24개 파일 전부 일치** (기대값은 하드코딩이 아니라 `bt_*`·`us_*` 에서 읽었다)
2단계 · 관문만 팔 산출물 **완료 24/24**
  빠진 칸 없음 — 네 조합 여섯 해 전부 있다.
3단계 · 동점 검산 셋 — 옛 식(`strict + 동점 == ge`)은 «성립할 수 없어» 폐기했다
  (a) `n_tie` 두 판 일치 · (b) `ge >= strict` · (c) **네 항 항등식** + 밀어냄이 전부 설명되는가
   kr 2021: 동점 131 · 그중 ge 진입 **25** · 진입 4357→4367 · 밀려남 19(동점 16·연쇄 3·**미설명 0**) · 비동점신규 4 · 항등 OK · 밀려난 거래당 +0.0523%
   kr 2022: 동점 119 · 그중 ge 진입 **16** · 진입 1688→1694 · 밀려남 11(동점 10·연쇄 1·**미설명 0**) · 비동점신규 1 · 항등 OK · 밀려난 거래당 +8.4821%
   kr 2023: 동점 120 · 그중 ge 진입 **12** · 진입 3210→3214 · 밀려남 10(동점 10·연쇄 0·**미설명 0**) · 비동점신규 2 · 항등 OK · 밀려난 거래당 +3.2696%
   kr 2024: 동점 131 · 그중 ge 진입 **10** · 진입 2545→2549 · 밀려남 8(동점 8·연쇄 0·**미설명 0**) · 비동점신규 2 · 항등 OK · 밀려난 거래당 -1.1648%
   kr 2025: 동점 78 · 그중 ge 진입 **18** · 진입 3506→3512 · 밀려남 15(동점 13·연쇄 2·**미설명 0**) · 비동점신규 3 · 항등 OK · 밀려난 거래당 +10.2112%
   kr 2026: 동점 67 · 그중 ge 진입 **20** · 진입 3983→3991 · 밀려남 15(동점 15·연쇄 0·**미설명 0**) · 비동점신규 3 · 항등 OK · 밀려난 거래당 +0.5603%
   us 2021: 동점 1212 · 그중 ge 진입 **149** · 진입 7177→7234 · 밀려남 105(동점 102·연쇄 3·**미설명 0**) · 비동점신규 13 · 항등 OK · 밀려난 거래당 +1.2492%
   us 2022: 동점 875 · 그중 ge 진입 **52** · 진입 3612→3627 · 밀려남 38(동점 38·연쇄 0·**미설명 0**) · 비동점신규 1 · 항등 OK · 밀려난 거래당 -2.9694%
   us 2023: 동점 1322 · 그중 ge 진입 **94** · 진입 4447→4479 · 밀려남 74(동점 70·연쇄 4·**미설명 0**) · 비동점신규 12 · 항등 OK · 밀려난 거래당 +0.3287%
   us 2024: 동점 1136 · 그중 ge 진입 **110** · 진입 6181→6217 · 밀려남 83(동점 82·연쇄 1·**미설명 0**) · 비동점신규 9 · 항등 OK · 밀려난 거래당 -0.7920%
   us 2025: 동점 1120 · 그중 ge 진입 **118** · 진입 5970→6013 · 밀려남 85(동점 82·연쇄 3·**미설명 0**) · 비동점신규 10 · 항등 OK · 밀려난 거래당 +2.6213%
   us 2026: 동점 714 · 그중 ge 진입 **73** · 진입 5341→5371 · 밀려남 43(동점 43·연쇄 0·**미설명 0**) · 비동점신규 0 · 항등 OK · 밀려난 거래당 +1.0139%
  ✅ **셋 다 통과** — 네 항 항등식이 12칸 전부 «정확히» 맞고, 밀려난 건이 전부 ge 보유 구간으로 설명된다

==============================================================================
KR · 동점규칙 `>` (16번 β1 짝 · **헤드라인**)
우리 3776거래 · 관문만 풀 19289거래
==============================================================================
  **관문만 팔의 절대 수준: 거래당 -0.4736%** (기저가 다르면 「검출기가 무엇 위에 얹혔나」가 달라진다)
  **C(전체 − 관문만) = +0.4207%p** (95% -0.2957 ~ +1.0611 · MDE 0.9682)
    스트림 10개 범위 +0.1985 ~ +0.6557 · 추첨 평균 3760건 · 풀 부족 16건(12일)
    동등성 문턱 |C| < 0.090%p : **미충족** — 기각도 동등도 아니다
  **ATR 구간 맞춤판 C = +0.0474%p** (95% -0.6768 ~ +0.6350) · 풀 부족 394건
  순서 고정 분해 (VCP → 3C → PP · **한계 기여**로만 읽는다)
    VCP          n= 2949 · C **+0.3636%p** (95% -0.3993 ~ +1.1101 · MDE 1.1139) · 스트림 +0.0671~+0.6314
    VCP+3C       n= 3672 · C **+0.3852%p** (95% -0.3288 ~ +1.0846 · MDE 0.9951) · 스트림 +0.2048~+0.6613
    VCP+3C+PP    n= 3776 · C **+0.4207%p** (95% -0.2957 ~ +1.0611 · MDE 0.9682) · 스트림 +0.1985~+0.6557
  [작업 B] 추첨 집합에 극단(|하루|>90%p)이 든 횟수 — 목록 50건 · 스트림별 [0, 0, 0, 0, 0, 0, 0, 0, 0, 0] (평균 0.0 · 목록 대비 0.0000%)
        🚨 두 시장의 극단 목록 크기가 자릿수로 다르다 → **든 횟수를 그대로 비교하지 말 것.**
  [동점] 닿은 19935건(진입 19289 + 동점 646) 중 동점 **3.241%** ← 문턱 대상 · 후보 172764 대비 0.374%(참고)
        그림자 거래 **646건** · 거래당 -0.8424% · 대조군 거래당 -0.4994%
        차이 95% -2.4143 ~ +1.7459 · 바깥 끝 2.4143 → **Δ_bound = 0.0782%p** (점추정 -0.0111%p)

==============================================================================
KR · 동점규칙 `>=` (패턴 팔과 규칙 일치 · **항상 보고하는 민감도**)
우리 3776거래 · 관문만 풀 19327거래
==============================================================================
  **관문만 팔의 절대 수준: 거래당 -0.4721%** (기저가 다르면 「검출기가 무엇 위에 얹혔나」가 달라진다)
  **C(전체 − 관문만) = +0.3780%p** (95% -0.3607 ~ +0.9828 · MDE 0.9816)
    스트림 10개 범위 +0.0684 ~ +0.5965 · 추첨 평균 3763건 · 풀 부족 13건(10일)
    동등성 문턱 |C| < 0.090%p : **미충족** — 기각도 동등도 아니다
  **ATR 구간 맞춤판 C = +0.1012%p** (95% -0.6489 ~ +0.7197) · 풀 부족 391건
  순서 고정 분해 (VCP → 3C → PP · **한계 기여**로만 읽는다)
    VCP          n= 2949 · C **+0.3222%p** (95% -0.4790 ~ +1.1260 · MDE 1.1395) · 스트림 +0.0010~+0.6953
    VCP+3C       n= 3672 · C **+0.3871%p** (95% -0.3619 ~ +1.0708 · MDE 1.0428) · 스트림 +0.0970~+0.6919
    VCP+3C+PP    n= 3776 · C **+0.3780%p** (95% -0.3607 ~ +0.9828 · MDE 0.9816) · 스트림 +0.0684~+0.5965
  [작업 B] 추첨 집합에 극단(|하루|>90%p)이 든 횟수 — 목록 50건 · 스트림별 [0, 0, 0, 0, 0, 0, 0, 0, 0, 0] (평균 0.0 · 목록 대비 0.0000%)
        🚨 두 시장의 극단 목록 크기가 자릿수로 다르다 → **든 횟수를 그대로 비교하지 말 것.**

==============================================================================
US · 동점규칙 `>` (16번 β1 짝 · **헤드라인**)
우리 9138거래 · 관문만 풀 32728거래
==============================================================================
  **관문만 팔의 절대 수준: 거래당 -0.0476%** (기저가 다르면 「검출기가 무엇 위에 얹혔나」가 달라진다)
  **C(전체 − 관문만) = -0.1680%p** (95% -0.7170 ~ +0.3515 · MDE 0.7575)
    스트림 10개 범위 -0.4420 ~ +0.1187 · 추첨 평균 8995건 · 풀 부족 143건(33일)
    동등성 문턱 |C| < 0.090%p : **미충족** — 기각도 동등도 아니다
  **ATR 구간 맞춤판 C = -0.1920%p** (95% -0.7372 ~ +0.2757) · 풀 부족 1015건
  순서 고정 분해 (VCP → 3C → PP · **한계 기여**로만 읽는다)
    VCP          n= 6346 · C **+0.1248%p** (95% -0.6000 ~ +0.7266 · MDE 0.9309) · 스트림 -0.2340~+0.3223
    VCP+3C       n= 8791 · C **-0.1300%p** (95% -0.6876 ~ +0.3376 · MDE 0.7404) · 스트림 -0.3799~+0.0285
    VCP+3C+PP    n= 9138 · C **-0.1680%p** (95% -0.7170 ~ +0.3515 · MDE 0.7575) · 스트림 -0.4420~+0.1187
  [작업 B] 추첨 집합에 극단(|하루|>90%p)이 든 횟수 — 목록 1513건 · 스트림별 [5, 5, 7, 3, 6, 5, 6, 5, 8, 5] (평균 5.5 · 목록 대비 0.3635%)
        🚨 두 시장의 극단 목록 크기가 자릿수로 다르다 → **든 횟수를 그대로 비교하지 말 것.**
  [동점] 닿은 39107건(진입 32728 + 동점 6379) 중 동점 **16.312%** ← 문턱 대상 · 후보 472751 대비 1.349%(참고)
        그림자 거래 **6379건** · 거래당 +0.0157% · 대조군 거래당 +0.0162%
        차이 95% -1.4430 ~ +1.5052 · 바깥 끝 1.5052 → **Δ_bound = 0.2455%p** (점추정 -0.0001%p)

==============================================================================
US · 동점규칙 `>=` (패턴 팔과 규칙 일치 · **항상 보고하는 민감도**)
우리 9138거래 · 관문만 풀 32941거래
==============================================================================
  **관문만 팔의 절대 수준: 거래당 -0.1120%** (기저가 다르면 「검출기가 무엇 위에 얹혔나」가 달라진다)
  **C(전체 − 관문만) = -0.0914%p** (95% -0.6356 ~ +0.3690 · MDE 0.7147)
    스트림 10개 범위 -0.3351 ~ +0.0425 · 추첨 평균 8989건 · 풀 부족 149건(37일)
    동등성 문턱 |C| < 0.090%p : **미충족** — 기각도 동등도 아니다
  **ATR 구간 맞춤판 C = -0.1796%p** (95% -0.7166 ~ +0.2575) · 풀 부족 1021건
  순서 고정 분해 (VCP → 3C → PP · **한계 기여**로만 읽는다)
    VCP          n= 6346 · C **+0.1657%p** (95% -0.5340 ~ +0.7623 · MDE 0.9261) · 스트림 -0.1172~+0.4424
    VCP+3C       n= 8791 · C **-0.0745%p** (95% -0.6043 ~ +0.4068 · MDE 0.7092) · 스트림 -0.3098~+0.1037
    VCP+3C+PP    n= 9138 · C **-0.0914%p** (95% -0.6356 ~ +0.3690 · MDE 0.7147) · 스트림 -0.3351~+0.0425
  [작업 B] 추첨 집합에 극단(|하루|>90%p)이 든 횟수 — 목록 1513건 · 스트림별 [5, 5, 5, 2, 5, 4, 5, 2, 5, 5] (평균 4.3 · 목록 대비 0.2842%)
        🚨 두 시장의 극단 목록 크기가 자릿수로 다르다 → **든 횟수를 그대로 비교하지 말 것.**

==============================================================================
**두 동점 규칙 나란히 — 결과를 보고 고르지 않는다**
==============================================================================
  KR   `>`  C  +0.4207%p (-0.296~+1.061)   `>=` C  +0.3780%p (-0.361~+0.983)   두 판 차이 **-0.0428%p**
  US   `>`  C  -0.1680%p (-0.717~+0.351)   `>=` C  -0.0914%p (-0.636~+0.369)   두 판 차이 **+0.0767%p**
  ⚠️ `>` = 16번 β1 과 **짝이 맞는 판** · `>=` = 패턴 팔과 **규칙이 같은 판**. 서로 다른 미덕이다.

  **예측 Δ vs 관측 |C_> − C_>=|** — 구간을 붙이지 않는다(Δ는 예측, Δ_bound는 천장)
     ⚠️ 동점은 «더해지기만» 하지 않는다 — 들어오면서 다른 진입을 «밀어낸다».
        두 항이 부분 상쇄되므로 **Δ는 과대예측**이다. **상한으로만** 쓴다.
   KR  관측(짝비교 중앙) **-0.0263%p** · 예측 Δ 0.0111%p · 천장 0.0782%p → 천장 이내(여유 0.0520%p)
       짝비교 95% -0.6523 ~ +0.5345 (퍼짐 **1.1868%p**) · 스트림 평균 퍼짐 0.6751%p
       → 🚨**퍼짐 > Δ — 이 표본에서 탐지기는 무력하다. 억지로 판정하지 않고 그 사실을 적는다.**
   US  관측(짝비교 중앙) **+0.0624%p** · 예측 Δ 0.0001%p · 천장 0.2455%p → 천장 이내(여유 0.1832%p)
       짝비교 95% -0.3312 ~ +0.4587 (퍼짐 **0.7899%p**) · 스트림 평균 퍼짐 0.4263%p
       → 🚨**퍼짐 > Δ — 이 표본에서 탐지기는 무력하다. 억지로 판정하지 않고 그 사실을 적는다.**

  🚨 **동점 비율(닿은 것 대비) — 한국 3.241% · 미국 16.312% · 차이 13.071%p**
     호가 단위 차이가 대조군의 «엄격함»에 얼마나 들어오는지의 실측이다. **문턱 장치는 없앴다 — 두 판을 무조건 돌린다.**

  교호작용 C_US − C_KR = **-0.5888%p** — **둘이 갈릴 때만 쓴다**

저장: .cache/bt5y/out/30-arm25.json
🚨 3C·PP 는 **사전 판정불가**(MDE 3.2 / 8.4%p). 「PP가 +N%p」류를 쓰지 않는다.
