시작 전 여유 3.474 GB
명령: python research/handoff/scripts/26-eqw.py us
Sharadar 적재 ...
  시계열 5666종목

==============================================================================
US 같은-유니버스 등가중 · 거래일 1396 · 마지막 2026-08-21
==============================================================================
하루 평균 편입 — 필터 3597 · 무필터 4447

청소 규약              필터·일별         필터·연1회         무필터·일별        무필터·연1회
none              52.76%          3.99%         83.21%        523.83%
harness           52.76%          3.99%         83.21%        523.83%
cap100           -16.76%         -4.32%        -27.76%         -7.01%
cap31            -48.69%        -15.52%        -55.67%        -25.14%

**drop1~5 — 가장 크게 기여한 관측을 하나씩 뺀다** (none 판 · **팔마다 따로 선정**)
  drop1  필터·일별    49.48%   무필터·일별    43.92%
  drop2  필터·일별    47.73%   무필터·일별    33.92%
  drop3  필터·일별    46.23%   무필터·일별    31.42%
  drop4  필터·일별    45.03%   무필터·일별    29.02%
  drop5  필터·일별    44.35%   무필터·일별    27.68%

**최대 기여 관측 상위 5 (이름으로)**
  [유동성 필터 통과]
   INTEQ    INTELSAT SA                2021-09-30  **+8900.0%**
   TPST     TEMPEST THERAPEUTICS INC   2023-10-11  **+3972.1%**
   INHD     INNO HOLDINGS INC          2026-06-08  **+3661.0%**
   ORBS     EIGHTCO HOLDINGS INC       2025-09-08  **+3003.4%**
   CERO     CERO THERAPEUTICS HOLDINGS 2025-06-09  **+1660.2%**
  [무필터]
   ELOX     ELOXX PHARMACEUTICALS INC  2026-03-18  **+109900.0%**
   GLAE     GLASSBRIDGE ENTERPRISES IN 2021-11-08  **+35614.3%**
   INTEQ    INTELSAT SA                2021-09-30  **+8900.0%**
   GLAE     GLASSBRIDGE ENTERPRISES IN 2021-11-11  **+8900.0%**
   NMGX     NANO MAGIC HOLDINGS INC    2021-02-17  **+4700.0%**

최대낙폭 (none · 일별) — 필터 -37.26% · 무필터 -40.46%
연도별 (harness · 무필터 · 일별): {'2021': 25.32, '2022': -28.13, '2023': 10.62, '2024': 9.75, '2025': 13.06, '2026': 48.21}

상폐(창 끝 전 마지막 거래일) **1608 / 5666 = 28.4%** — 마지막날까지 포함, -100% 처리 없음
저장: .cache/bt5y/out/26-eqw-us.json

--- 감시 결과 ---
자식 **peak working set 2.336 GB**
실행 중 **최저 여유 1.130 GB**
종료코드 0 · 경과 100초 · 중단여부 아니오
