시작 전 여유 3.642 GB
명령: python research/handoff/scripts/32-funnel-why.py us
US — 훑는 중 …

========================================================================================
US — 평가 탈락 사유 분해 (하네스 필터 «순서 그대로»)
========================================================================================
  연도           유니버스     ①시계열없음        ②짧음      ③거래정지       ④저유동       평가율
  2021      1080548       0.0%       9.7%       0.2%       9.1%    80.96%
  2022      1185501       0.0%       5.1%       0.2%      17.7%    76.96%
  2023      1140704       0.0%       2.0%       0.2%      22.5%    75.30%
  2024      1097999       0.0%       2.4%       0.1%      19.6%    77.87%
  2025      1049501       0.0%       2.8%       0.1%      13.8%    83.24%
  2026       654322       0.0%       3.2%       0.1%      12.1%    84.64%
  전체        6208575       0.0%       4.3%       0.2%      16.2%    79.38%

  **탈락분(1279966) 안에서의 비중**: ①시계열없음 0.0% · ②짧음 20.8% · ③거래정지 0.8% · ④저유동 78.5%

  **연도별 첫 등장(≈신규 상장) 종목 수**
   2020 4657 · 2021 569 · 2022 142 · 2023 124 · 2024 134 · 2025 160 · 2026 115
   ⚠️ 창 첫 해(2020)는 «그때 이미 상장돼 있던 것»이 전부 잡히므로 신규가 아니다.

저장: .cache/bt5y/out/32-funnel-why-us.json

--- 감시 결과 ---
자식 **peak working set 1.543 GB**
실행 중 **최저 여유 2.176 GB**
종료코드 0 · 경과 60초 · 중단여부 아니오
