설정: 관문임박=off · 진입상태=['actionable']
Sharadar 적재 2020-09-14~2027-06-17 (variant=base) …
  일자 1492일 · 거래대금 시계열 500종목
  유니버스 등장 500종목 · 시계열 보유 500종목
스캔일 1396개 (2021-02-01~2026-08-21, step 1)
  2021-06-29: 평가 323 · 후보 0 · 진입 0 (누적 0)
  2021-06-30: 평가 323 · 후보 0 · 진입 0 (누적 0)
  2021-07-01: 평가 323 · 후보 0 · 진입 0 (누적 0)
  2021-07-02: 평가 324 · 후보 0 · 진입 0 (누적 0)
  2021-07-06: 평가 324 · 후보 0 · 진입 0 (누적 0)
  2021-07-07: 평가 324 · 후보 0 · 진입 0 (누적 0)
  2021-07-08: 평가 323 · 후보 0 · 진입 0 (누적 0)
  2021-07-09: 평가 323 · 후보 0 · 진입 0 (누적 0)
  2021-07-12: 평가 323 · 후보 0 · 진입 0 (누적 0)
  2021-07-13: 평가 324 · 후보 0 · 진입 0 (누적 0)
  2021-07-14: 평가 324 · 후보 0 · 진입 0 (누적 0)
  2021-07-15: 평가 325 · 후보 0 · 진입 0 (누적 0)
  2021-07-16: 평가 326 · 후보 0 · 진입 0 (누적 0)
  2021-07-19: 평가 326 · 후보 0 · 진입 0 (누적 0)
  2021-07-20: 평가 326 · 후보 0 · 진입 0 (누적 0)
  2021-07-21: 평가 326 · 후보 0 · 진입 0 (누적 0)
  2021-07-22: 평가 327 · 후보 0 · 진입 0 (누적 0)
  2021-07-23: 평가 325 · 후보 0 · 진입 0 (누적 0)
  2021-07-26: 평가 326 · 후보 0 · 진입 0 (누적 0)
  2021-07-27: 평가 325 · 후보 0 · 진입 0 (누적 0)
  2021-07-28: 평가 324 · 후보 0 · 진입 0 (누적 0)
  2021-07-29: 평가 325 · 후보 0 · 진입 0 (누적 0)
  2021-07-30: 평가 326 · 후보 6 · 진입 4 (누적 4)
  2021-08-02: 평가 327 · 후보 10 · 진입 4 (누적 8)
  2021-08-03: 평가 328 · 후보 5 · 진입 0 (누적 8)
  2021-08-04: 평가 329 · 후보 1 · 진입 0 (누적 8)
  2021-08-05: 평가 329 · 후보 6 · 진입 0 (누적 8)
  2021-08-06: 평가 329 · 후보 6 · 진입 0 (누적 8)
  2021-08-09: 평가 329 · 후보 7 · 진입 5 (누적 13)
  2021-08-10: 평가 329 · 후보 6 · 진입 1 (누적 14)
  2021-08-11: 평가 329 · 후보 5 · 진입 0 (누적 14)
  2021-08-12: 평가 329 · 후보 5 · 진입 0 (누적 14)
  2021-08-13: 평가 330 · 후보 8 · 진입 1 (누적 15)
  2021-08-16: 평가 332 · 후보 4 · 진입 0 (누적 15)
  2021-08-17: 평가 331 · 후보 10 · 진입 2 (누적 17)
  2021-08-18: 평가 330 · 후보 8 · 진입 0 (누적 17)
  2021-08-19: 평가 330 · 후보 7 · 진입 1 (누적 18)
  2021-08-20: 평가 329 · 후보 5 · 진입 1 (누적 19)
  2021-08-23: 평가 328 · 후보 10 · 진입 1 (누적 20)
  2021-08-24: 평가 328 · 후보 13 · 진입 1 (누적 21)
  2021-08-25: 평가 328 · 후보 9 · 진입 0 (누적 21)
  2021-08-26: 평가 328 · 후보 13 · 진입 2 (누적 23)
  2021-08-27: 평가 328 · 후보 9 · 진입 0 (누적 23)
  2021-08-30: 평가 328 · 후보 11 · 진입 1 (누적 24)
  2021-08-31: 평가 329 · 후보 13 · 진입 2 (누적 26)
  2021-09-01: 평가 329 · 후보 8 · 진입 2 (누적 28)
  2021-09-02: 평가 330 · 후보 4 · 진입 0 (누적 28)
  2021-09-03: 평가 329 · 후보 8 · 진입 0 (누적 28)
  2021-09-07: 평가 327 · 후보 11 · 진입 0 (누적 28)
  2021-09-08: 평가 327 · 후보 6 · 진입 0 (누적 28)
  2021-09-09: 평가 327 · 후보 5 · 진입 0 (누적 28)
  2021-09-10: 평가 328 · 후보 3 · 진입 0 (누적 28)
  2021-09-13: 평가 329 · 후보 6 · 진입 1 (누적 29)
  2021-09-14: 평가 329 · 후보 2 · 진입 0 (누적 29)
  2021-09-15: 평가 329 · 후보 5 · 진입 1 (누적 30)
  2021-09-16: 평가 329 · 후보 5 · 진입 0 (누적 30)
  2021-09-17: 평가 327 · 후보 1 · 진입 0 (누적 30)
  2021-09-20: 평가 327 · 후보 0 · 진입 0 (누적 30)
  2021-09-21: 평가 327 · 후보 1 · 진입 1 (누적 31)
  2021-09-22: 평가 327 · 후보 3 · 진입 0 (누적 31)
  2021-09-23: 평가 327 · 후보 4 · 진입 1 (누적 32)
  2021-09-24: 평가 327 · 후보 2 · 진입 0 (누적 32)
  2021-09-27: 평가 328 · 후보 2 · 진입 0 (누적 32)
  2021-09-28: 평가 328 · 후보 3 · 진입 0 (누적 32)
  2021-09-29: 평가 327 · 후보 3 · 진입 1 (누적 33)
  2021-09-30: 평가 327 · 후보 4 · 진입 0 (누적 33)
  2021-10-01: 평가 326 · 후보 1 · 진입 0 (누적 33)
  2021-10-04: 평가 323 · 후보 4 · 진입 0 (누적 33)
  2021-10-05: 평가 323 · 후보 4 · 진입 1 (누적 34)
  2021-10-06: 평가 322 · 후보 4 · 진입 2 (누적 36)
  2021-10-07: 평가 322 · 후보 3 · 진입 0 (누적 36)
  2021-10-08: 평가 322 · 후보 3 · 진입 0 (누적 36)
  2021-10-11: 평가 322 · 후보 4 · 진입 0 (누적 36)
  2021-10-12: 평가 322 · 후보 3 · 진입 0 (누적 36)
  2021-10-13: 평가 322 · 후보 7 · 진입 3 (누적 39)
  2021-10-14: 평가 322 · 후보 9 · 진입 3 (누적 42)
  2021-10-15: 평가 323 · 후보 6 · 진입 0 (누적 42)
  2021-10-18: 평가 323 · 후보 6 · 진입 0 (누적 42)
  2021-10-19: 평가 321 · 후보 4 · 진입 1 (누적 43)
  2021-10-20: 평가 321 · 후보 5 · 진입 1 (누적 44)
  2021-10-21: 평가 322 · 후보 5 · 진입 1 (누적 45)
  2021-10-22: 평가 322 · 후보 8 · 진입 3 (누적 48)
  2021-10-25: 평가 322 · 후보 9 · 진입 1 (누적 49)
  2021-10-26: 평가 321 · 후보 6 · 진입 0 (누적 49)
  2021-10-27: 평가 321 · 후보 4 · 진입 0 (누적 49)
  2021-10-28: 평가 320 · 후보 3 · 진입 0 (누적 49)
  2021-10-29: 평가 320 · 후보 7 · 진입 2 (누적 51)
  2021-11-01: 평가 321 · 후보 3 · 진입 1 (누적 52)
  2021-11-02: 평가 321 · 후보 4 · 진입 1 (누적 53)
  2021-11-03: 평가 321 · 후보 1 · 진입 0 (누적 53)
  2021-11-04: 평가 323 · 후보 4 · 진입 1 (누적 54)
  2021-11-05: 평가 324 · 후보 1 · 진입 0 (누적 54)
  2021-11-08: 평가 324 · 후보 5 · 진입 1 (누적 55)
  2021-11-09: 평가 324 · 후보 6 · 진입 0 (누적 55)
  2021-11-10: 평가 324 · 후보 4 · 진입 0 (누적 55)
  2021-11-11: 평가 324 · 후보 4 · 진입 1 (누적 56)
  2021-11-12: 평가 324 · 후보 5 · 진입 1 (누적 57)
  2021-11-15: 평가 323 · 후보 5 · 진입 1 (누적 58)
  2021-11-16: 평가 324 · 후보 5 · 진입 1 (누적 59)
  2021-11-17: 평가 324 · 후보 7 · 진입 2 (누적 61)
  2021-11-18: 평가 327 · 후보 4 · 진입 0 (누적 61)
  2021-11-19: 평가 328 · 후보 4 · 진입 1 (누적 62)
  2021-11-22: 평가 330 · 후보 2 · 진입 0 (누적 62)
  2021-11-23: 평가 331 · 후보 1 · 진입 0 (누적 62)
  2021-11-24: 평가 331 · 후보 0 · 진입 0 (누적 62)
  2021-11-26: 평가 330 · 후보 2 · 진입 0 (누적 62)
  2021-11-29: 평가 330 · 후보 3 · 진입 0 (누적 62)
  2021-11-30: 평가 331 · 후보 0 · 진입 0 (누적 62)
  2021-12-01: 평가 331 · 후보 0 · 진입 0 (누적 62)
  2021-12-02: 평가 329 · 후보 2 · 진입 0 (누적 62)
  2021-12-03: 평가 330 · 후보 3 · 진입 1 (누적 63)
  2021-12-06: 평가 330 · 후보 2 · 진입 1 (누적 64)
  2021-12-07: 평가 329 · 후보 2 · 진입 1 (누적 65)
  2021-12-08: 평가 330 · 후보 1 · 진입 0 (누적 65)
  2021-12-09: 평가 332 · 후보 1 · 진입 1 (누적 66)
  2021-12-10: 평가 332 · 후보 2 · 진입 0 (누적 66)
  2021-12-13: 평가 332 · 후보 1 · 진입 0 (누적 66)
  2021-12-14: 평가 331 · 후보 1 · 진입 1 (누적 67)
  2021-12-15: 평가 330 · 후보 1 · 진입 1 (누적 68)
  2021-12-16: 평가 330 · 후보 1 · 진입 0 (누적 68)
  2021-12-17: 평가 329 · 후보 0 · 진입 0 (누적 68)
  2021-12-20: 평가 330 · 후보 0 · 진입 0 (누적 68)
  2021-12-21: 평가 331 · 후보 0 · 진입 0 (누적 68)
  2021-12-22: 평가 332 · 후보 1 · 진입 0 (누적 68)
  2021-12-23: 평가 332 · 후보 2 · 진입 2 (누적 70)
  2021-12-27: 평가 332 · 후보 2 · 진입 0 (누적 70)
  2021-12-28: 평가 333 · 후보 4 · 진입 4 (누적 74)
  2021-12-29: 평가 333 · 후보 6 · 진입 2 (누적 76)
  2021-12-30: 평가 333 · 후보 6 · 진입 0 (누적 76)
  2021-12-31: 평가 336 · 후보 3 · 진입 1 (누적 77)
  2022-01-03: 평가 335 · 후보 8 · 진입 3 (누적 80)
  2022-01-04: 평가 335 · 후보 7 · 진입 3 (누적 83)
  2022-01-05: 평가 336 · 후보 9 · 진입 1 (누적 84)
  2022-01-06: 평가 337 · 후보 9 · 진입 1 (누적 85)
  2022-01-07: 평가 336 · 후보 6 · 진입 1 (누적 86)
  2022-01-10: 평가 336 · 후보 7 · 진입 1 (누적 87)
  2022-01-11: 평가 336 · 후보 8 · 진입 0 (누적 87)
  2022-01-12: 평가 336 · 후보 8 · 진입 1 (누적 88)
  2022-01-13: 평가 335 · 후보 6 · 진입 0 (누적 88)
  2022-01-14: 평가 334 · 후보 7 · 진입 0 (누적 88)
  2022-01-18: 평가 333 · 후보 8 · 진입 0 (누적 88)
  2022-01-19: 평가 332 · 후보 3 · 진입 0 (누적 88)
  2022-01-20: 평가 332 · 후보 1 · 진입 0 (누적 88)
  2022-01-21: 평가 333 · 후보 2 · 진입 1 (누적 89)
  2022-01-24: 평가 333 · 후보 2 · 진입 0 (누적 89)
  2022-01-25: 평가 332 · 후보 0 · 진입 0 (누적 89)
  2022-01-26: 평가 333 · 후보 2 · 진입 0 (누적 89)
  2022-01-27: 평가 334 · 후보 0 · 진입 0 (누적 89)
  2022-01-28: 평가 334 · 후보 0 · 진입 0 (누적 89)
  2022-01-31: 평가 334 · 후보 0 · 진입 0 (누적 89)
  2022-02-01: 평가 335 · 후보 1 · 진입 0 (누적 89)
  2022-02-02: 평가 335 · 후보 0 · 진입 0 (누적 89)
  2022-02-03: 평가 337 · 후보 0 · 진입 0 (누적 89)
  2022-02-04: 평가 336 · 후보 2 · 진입 0 (누적 89)
  2022-02-07: 평가 335 · 후보 3 · 진입 1 (누적 90)
  2022-02-08: 평가 335 · 후보 4 · 진입 2 (누적 92)
  2022-02-09: 평가 333 · 후보 4 · 진입 1 (누적 93)
  2022-02-10: 평가 333 · 후보 5 · 진입 2 (누적 95)
  2022-02-11: 평가 334 · 후보 2 · 진입 0 (누적 95)
  2022-02-14: 평가 334 · 후보 1 · 진입 0 (누적 95)
  2022-02-15: 평가 335 · 후보 5 · 진입 0 (누적 95)
  2022-02-16: 평가 333 · 후보 5 · 진입 0 (누적 95)
  2022-02-17: 평가 330 · 후보 2 · 진입 0 (누적 95)
  2022-02-18: 평가 329 · 후보 3 · 진입 0 (누적 95)
  2022-02-22: 평가 330 · 후보 1 · 진입 0 (누적 95)
  2022-02-23: 평가 330 · 후보 1 · 진입 0 (누적 95)
  2022-02-24: 평가 330 · 후보 1 · 진입 0 (누적 95)
  2022-02-25: 평가 330 · 후보 2 · 진입 0 (누적 95)
  2022-02-28: 평가 328 · 후보 2 · 진입 0 (누적 95)
  2022-03-01: 평가 327 · 후보 0 · 진입 0 (누적 95)
  2022-03-02: 평가 327 · 후보 2 · 진입 1 (누적 96)
  2022-03-03: 평가 326 · 후보 2 · 진입 0 (누적 96)
  2022-03-04: 평가 325 · 후보 5 · 진입 1 (누적 97)
  2022-03-07: 평가 326 · 후보 3 · 진입 2 (누적 99)
  2022-03-08: 평가 325 · 후보 2 · 진입 0 (누적 99)
  2022-03-09: 평가 326 · 후보 2 · 진입 1 (누적 100)
  2022-03-10: 평가 325 · 후보 1 · 진입 0 (누적 100)
  2022-03-11: 평가 324 · 후보 2 · 진입 1 (누적 101)
  2022-03-14: 평가 322 · 후보 1 · 진입 0 (누적 101)
  2022-03-15: 평가 323 · 후보 2 · 진입 1 (누적 102)
  2022-03-16: 평가 323 · 후보 1 · 진입 1 (누적 103)
  2022-03-17: 평가 323 · 후보 0 · 진입 0 (누적 103)
  2022-03-18: 평가 325 · 후보 1 · 진입 0 (누적 103)
  2022-03-21: 평가 324 · 후보 2 · 진입 0 (누적 103)
  2022-03-22: 평가 325 · 후보 1 · 진입 0 (누적 103)
  2022-03-23: 평가 325 · 후보 0 · 진입 0 (누적 103)
  2022-03-24: 평가 325 · 후보 3 · 진입 0 (누적 103)
  2022-03-25: 평가 325 · 후보 2 · 진입 0 (누적 103)
  2022-03-28: 평가 322 · 후보 2 · 진입 1 (누적 104)
  2022-03-29: 평가 321 · 후보 1 · 진입 0 (누적 104)
  2022-03-30: 평가 321 · 후보 1 · 진입 0 (누적 104)
  2022-03-31: 평가 321 · 후보 1 · 진입 1 (누적 105)
  2022-04-01: 평가 321 · 후보 1 · 진입 0 (누적 105)
  2022-04-04: 평가 321 · 후보 2 · 진입 0 (누적 105)
  2022-04-05: 평가 321 · 후보 3 · 진입 2 (누적 107)
  2022-04-06: 평가 323 · 후보 2 · 진입 0 (누적 107)
  2022-04-07: 평가 323 · 후보 3 · 진입 0 (누적 107)
  2022-04-08: 평가 322 · 후보 0 · 진입 0 (누적 107)
  2022-04-11: 평가 322 · 후보 2 · 진입 0 (누적 107)
  2022-04-12: 평가 324 · 후보 3 · 진입 2 (누적 109)
  2022-04-13: 평가 326 · 후보 2 · 진입 0 (누적 109)
  2022-04-14: 평가 328 · 후보 2 · 진입 1 (누적 110)
  2022-04-18: 평가 328 · 후보 5 · 진입 1 (누적 111)
  2022-04-19: 평가 328 · 후보 4 · 진입 1 (누적 112)
  2022-04-20: 평가 328 · 후보 4 · 진입 0 (누적 112)
  2022-04-21: 평가 329 · 후보 2 · 진입 0 (누적 112)
  2022-04-22: 평가 327 · 후보 0 · 진입 0 (누적 112)
  2022-04-25: 평가 327 · 후보 0 · 진입 0 (누적 112)
  2022-04-26: 평가 327 · 후보 0 · 진입 0 (누적 112)
  2022-04-27: 평가 328 · 후보 1 · 진입 1 (누적 113)
  2022-04-28: 평가 328 · 후보 0 · 진입 0 (누적 113)
  2022-04-29: 평가 328 · 후보 0 · 진입 0 (누적 113)
  2022-05-02: 평가 327 · 후보 0 · 진입 0 (누적 113)
  2022-05-03: 평가 327 · 후보 0 · 진입 0 (누적 113)
  2022-05-04: 평가 327 · 후보 1 · 진입 0 (누적 113)
  2022-05-05: 평가 328 · 후보 0 · 진입 0 (누적 113)
  2022-05-06: 평가 329 · 후보 0 · 진입 0 (누적 113)
  2022-05-09: 평가 329 · 후보 0 · 진입 0 (누적 113)
  2022-05-10: 평가 329 · 후보 0 · 진입 0 (누적 113)
  2022-05-11: 평가 329 · 후보 0 · 진입 0 (누적 113)
  2022-05-12: 평가 329 · 후보 0 · 진입 0 (누적 113)
  2022-05-13: 평가 330 · 후보 0 · 진입 0 (누적 113)
  2022-05-16: 평가 330 · 후보 0 · 진입 0 (누적 113)
  2022-05-17: 평가 329 · 후보 0 · 진입 0 (누적 113)
  2022-05-18: 평가 329 · 후보 1 · 진입 1 (누적 114)
  2022-05-19: 평가 329 · 후보 1 · 진입 0 (누적 114)
  2022-05-20: 평가 329 · 후보 1 · 진입 1 (누적 115)
  2022-05-23: 평가 329 · 후보 3 · 진입 2 (누적 117)
  2022-05-24: 평가 329 · 후보 1 · 진입 1 (누적 118)
  2022-05-25: 평가 329 · 후보 1 · 진입 0 (누적 118)
  2022-05-26: 평가 329 · 후보 1 · 진입 0 (누적 118)
  2022-05-27: 평가 329 · 후보 3 · 진입 1 (누적 119)
  2022-05-31: 평가 330 · 후보 5 · 진입 0 (누적 119)
  2022-06-01: 평가 330 · 후보 4 · 진입 1 (누적 120)
  2022-06-02: 평가 329 · 후보 5 · 진입 0 (누적 120)
  2022-06-03: 평가 327 · 후보 8 · 진입 2 (누적 122)
  2022-06-06: 평가 325 · 후보 5 · 진입 1 (누적 123)
  2022-06-07: 평가 325 · 후보 5 · 진입 0 (누적 123)
  2022-06-08: 평가 325 · 후보 3 · 진입 0 (누적 123)
  2022-06-09: 평가 325 · 후보 1 · 진입 0 (누적 123)
  2022-06-10: 평가 325 · 후보 2 · 진입 0 (누적 123)
  2022-06-13: 평가 325 · 후보 1 · 진입 0 (누적 123)
  2022-06-14: 평가 323 · 후보 1 · 진입 0 (누적 123)
  2022-06-15: 평가 321 · 후보 1 · 진입 0 (누적 123)
  2022-06-16: 평가 322 · 후보 1 · 진입 0 (누적 123)
  2022-06-17: 평가 321 · 후보 1 · 진입 0 (누적 123)
  2022-06-21: 평가 320 · 후보 2 · 진입 0 (누적 123)
  2022-06-22: 평가 320 · 후보 1 · 진입 0 (누적 123)
  2022-06-23: 평가 316 · 후보 1 · 진입 0 (누적 123)
  2022-06-24: 평가 314 · 후보 1 · 진입 0 (누적 123)
  2022-06-27: 평가 314 · 후보 2 · 진입 1 (누적 124)
  2022-06-28: 평가 315 · 후보 3 · 진입 1 (누적 125)
  2022-06-29: 평가 314 · 후보 1 · 진입 0 (누적 125)
  2022-06-30: 평가 316 · 후보 1 · 진입 1 (누적 126)
  2022-07-01: 평가 318 · 후보 1 · 진입 0 (누적 126)
  2022-07-05: 평가 318 · 후보 1 · 진입 0 (누적 126)
  2022-07-06: 평가 317 · 후보 3 · 진입 0 (누적 126)
  2022-07-07: 평가 317 · 후보 2 · 진입 0 (누적 126)
  2022-07-08: 평가 319 · 후보 2 · 진입 0 (누적 126)
  2022-07-11: 평가 319 · 후보 2 · 진입 0 (누적 126)
  2022-07-12: 평가 318 · 후보 4 · 진입 0 (누적 126)
  2022-07-13: 평가 318 · 후보 2 · 진입 0 (누적 126)
  2022-07-14: 평가 319 · 후보 4 · 진입 1 (누적 127)
  2022-07-15: 평가 319 · 후보 1 · 진입 0 (누적 127)
  2022-07-18: 평가 318 · 후보 1 · 진입 0 (누적 127)
  2022-07-19: 평가 317 · 후보 1 · 진입 0 (누적 127)
  2022-07-20: 평가 316 · 후보 1 · 진입 0 (누적 127)
  2022-07-21: 평가 316 · 후보 4 · 진입 0 (누적 127)
  2022-07-22: 평가 315 · 후보 4 · 진입 2 (누적 129)
  2022-07-25: 평가 315 · 후보 3 · 진입 0 (누적 129)
  2022-07-26: 평가 314 · 후보 3 · 진입 0 (누적 129)
  2022-07-27: 평가 312 · 후보 3 · 진입 0 (누적 129)
  2022-07-28: 평가 312 · 후보 2 · 진입 0 (누적 129)
  2022-07-29: 평가 312 · 후보 2 · 진입 0 (누적 129)
  2022-08-01: 평가 311 · 후보 2 · 진입 0 (누적 129)
  2022-08-02: 평가 312 · 후보 1 · 진입 0 (누적 129)
  2022-08-03: 평가 310 · 후보 1 · 진입 0 (누적 129)
  2022-08-04: 평가 311 · 후보 1 · 진입 0 (누적 129)
  2022-08-05: 평가 313 · 후보 2 · 진입 1 (누적 130)
  2022-08-08: 평가 313 · 후보 2 · 진입 0 (누적 130)
  2022-08-09: 평가 314 · 후보 0 · 진입 0 (누적 130)
  2022-08-10: 평가 313 · 후보 0 · 진입 0 (누적 130)
  2022-08-11: 평가 313 · 후보 0 · 진입 0 (누적 130)
  2022-08-12: 평가 315 · 후보 0 · 진입 0 (누적 130)
  2022-08-15: 평가 314 · 후보 1 · 진입 0 (누적 130)
  2022-08-16: 평가 316 · 후보 0 · 진입 0 (누적 130)
  2022-08-17: 평가 317 · 후보 1 · 진입 0 (누적 130)
  2022-08-18: 평가 317 · 후보 0 · 진입 0 (누적 130)
  2022-08-19: 평가 317 · 후보 1 · 진입 0 (누적 130)
  2022-08-22: 평가 317 · 후보 1 · 진입 1 (누적 131)
  2022-08-23: 평가 317 · 후보 3 · 진입 1 (누적 132)
  2022-08-24: 평가 318 · 후보 1 · 진입 0 (누적 132)
  2022-08-25: 평가 319 · 후보 4 · 진입 0 (누적 132)
  2022-08-26: 평가 319 · 후보 3 · 진입 0 (누적 132)
  2022-08-29: 평가 317 · 후보 2 · 진입 0 (누적 132)
  2022-08-30: 평가 316 · 후보 1 · 진입 0 (누적 132)
  2022-08-31: 평가 316 · 후보 0 · 진입 0 (누적 132)
  2022-09-01: 평가 316 · 후보 0 · 진입 0 (누적 132)
  2022-09-02: 평가 316 · 후보 1 · 진입 1 (누적 133)
  2022-09-06: 평가 315 · 후보 0 · 진입 0 (누적 133)
  2022-09-07: 평가 316 · 후보 0 · 진입 0 (누적 133)
  2022-09-08: 평가 314 · 후보 0 · 진입 0 (누적 133)
  2022-09-09: 평가 314 · 후보 1 · 진입 1 (누적 134)
  2022-09-12: 평가 314 · 후보 2 · 진입 0 (누적 134)
  2022-09-13: 평가 314 · 후보 0 · 진입 0 (누적 134)
  2022-09-14: 평가 314 · 후보 1 · 진입 0 (누적 134)
  2022-09-15: 평가 313 · 후보 1 · 진입 0 (누적 134)
  2022-09-16: 평가 313 · 후보 0 · 진입 0 (누적 134)
  2022-09-19: 평가 312 · 후보 0 · 진입 0 (누적 134)
  2022-09-20: 평가 312 · 후보 1 · 진입 0 (누적 134)
  2022-09-21: 평가 311 · 후보 2 · 진입 0 (누적 134)
  2022-09-22: 평가 311 · 후보 1 · 진입 0 (누적 134)
  2022-09-23: 평가 311 · 후보 1 · 진입 0 (누적 134)
  2022-09-26: 평가 311 · 후보 2 · 진입 0 (누적 134)
  2022-09-27: 평가 312 · 후보 3 · 진입 0 (누적 134)
  2022-09-28: 평가 315 · 후보 3 · 진입 1 (누적 135)
  2022-09-29: 평가 313 · 후보 2 · 진입 1 (누적 136)
  2022-09-30: 평가 314 · 후보 1 · 진입 0 (누적 136)
  2022-10-03: 평가 313 · 후보 3 · 진입 1 (누적 137)
  2022-10-04: 평가 312 · 후보 2 · 진입 1 (누적 138)
  2022-10-05: 평가 312 · 후보 2 · 진입 0 (누적 138)
  2022-10-06: 평가 312 · 후보 3 · 진입 1 (누적 139)
  2022-10-07: 평가 313 · 후보 3 · 진입 0 (누적 139)
  2022-10-10: 평가 313 · 후보 3 · 진입 0 (누적 139)
  2022-10-11: 평가 312 · 후보 3 · 진입 0 (누적 139)
  2022-10-12: 평가 312 · 후보 2 · 진입 1 (누적 140)
  2022-10-13: 평가 312 · 후보 6 · 진입 3 (누적 143)
  2022-10-14: 평가 311 · 후보 5 · 진입 1 (누적 144)
  2022-10-17: 평가 311 · 후보 4 · 진입 1 (누적 145)
  2022-10-18: 평가 308 · 후보 6 · 진입 2 (누적 147)
  2022-10-19: 평가 308 · 후보 4 · 진입 0 (누적 147)
  2022-10-20: 평가 311 · 후보 4 · 진입 0 (누적 147)
  2022-10-21: 평가 311 · 후보 7 · 진입 1 (누적 148)
  2022-10-24: 평가 312 · 후보 5 · 진입 1 (누적 149)
  2022-10-25: 평가 312 · 후보 8 · 진입 0 (누적 149)
  2022-10-26: 평가 311 · 후보 7 · 진입 2 (누적 151)
  2022-10-27: 평가 311 · 후보 5 · 진입 1 (누적 152)
  2022-10-28: 평가 310 · 후보 7 · 진입 0 (누적 152)
  2022-10-31: 평가 309 · 후보 6 · 진입 1 (누적 153)
  2022-11-01: 평가 310 · 후보 8 · 진입 1 (누적 154)
  2022-11-02: 평가 309 · 후보 4 · 진입 0 (누적 154)
  2022-11-03: 평가 312 · 후보 4 · 진입 2 (누적 156)
  2022-11-04: 평가 309 · 후보 1 · 진입 1 (누적 157)
  2022-11-07: 평가 308 · 후보 1 · 진입 0 (누적 157)
  2022-11-08: 평가 310 · 후보 2 · 진입 0 (누적 157)
  2022-11-09: 평가 309 · 후보 5 · 진입 3 (누적 160)
  2022-11-10: 평가 309 · 후보 3 · 진입 1 (누적 161)
  2022-11-11: 평가 309 · 후보 4 · 진입 0 (누적 161)
  2022-11-14: 평가 309 · 후보 8 · 진입 1 (누적 162)
  2022-11-15: 평가 308 · 후보 9 · 진입 1 (누적 163)
  2022-11-16: 평가 307 · 후보 6 · 진입 0 (누적 163)
  2022-11-17: 평가 308 · 후보 7 · 진입 0 (누적 163)
  2022-11-18: 평가 309 · 후보 8 · 진입 0 (누적 163)
  2022-11-21: 평가 306 · 후보 6 · 진입 0 (누적 163)
  2022-11-22: 평가 306 · 후보 9 · 진입 2 (누적 165)
  2022-11-23: 평가 306 · 후보 8 · 진입 0 (누적 165)
  2022-11-25: 평가 306 · 후보 11 · 진입 0 (누적 165)
  2022-11-28: 평가 305 · 후보 10 · 진입 1 (누적 166)
  2022-11-29: 평가 305 · 후보 8 · 진입 0 (누적 166)
  2022-11-30: 평가 306 · 후보 8 · 진입 1 (누적 167)
  2022-12-01: 평가 304 · 후보 9 · 진입 2 (누적 169)
  2022-12-02: 평가 303 · 후보 8 · 진입 0 (누적 169)
  2022-12-05: 평가 303 · 후보 6 · 진입 0 (누적 169)
  2022-12-06: 평가 302 · 후보 7 · 진입 1 (누적 170)
  2022-12-07: 평가 301 · 후보 6 · 진입 1 (누적 171)
  2022-12-08: 평가 300 · 후보 10 · 진입 0 (누적 171)
  2022-12-09: 평가 301 · 후보 8 · 진입 0 (누적 171)
  2022-12-12: 평가 302 · 후보 6 · 진입 1 (누적 172)
  2022-12-13: 평가 305 · 후보 10 · 진입 1 (누적 173)
  2022-12-14: 평가 306 · 후보 5 · 진입 1 (누적 174)
  2022-12-15: 평가 306 · 후보 6 · 진입 0 (누적 174)
  2022-12-16: 평가 306 · 후보 5 · 진입 0 (누적 174)
  2022-12-19: 평가 305 · 후보 4 · 진입 0 (누적 174)
  2022-12-20: 평가 306 · 후보 2 · 진입 0 (누적 174)
  2022-12-21: 평가 307 · 후보 4 · 진입 0 (누적 174)
  2022-12-22: 평가 307 · 후보 5 · 진입 0 (누적 174)
  2022-12-23: 평가 307 · 후보 7 · 진입 0 (누적 174)
  2022-12-27: 평가 307 · 후보 8 · 진입 1 (누적 175)
  2022-12-28: 평가 307 · 후보 8 · 진입 0 (누적 175)
  2022-12-29: 평가 306 · 후보 8 · 진입 0 (누적 175)
  2022-12-30: 평가 306 · 후보 6 · 진입 0 (누적 175)
  2023-01-03: 평가 306 · 후보 8 · 진입 0 (누적 175)
  2023-01-04: 평가 307 · 후보 5 · 진입 1 (누적 176)
  2023-01-05: 평가 307 · 후보 4 · 진입 1 (누적 177)
  2023-01-06: 평가 305 · 후보 6 · 진입 0 (누적 177)
  2023-01-09: 평가 305 · 후보 6 · 진입 1 (누적 178)
  2023-01-10: 평가 305 · 후보 7 · 진입 0 (누적 178)
  2023-01-11: 평가 306 · 후보 8 · 진입 3 (누적 181)
  2023-01-12: 평가 308 · 후보 6 · 진입 0 (누적 181)
  2023-01-13: 평가 310 · 후보 4 · 진입 0 (누적 181)
  2023-01-17: 평가 312 · 후보 8 · 진입 1 (누적 182)
  2023-01-18: 평가 310 · 후보 8 · 진입 0 (누적 182)
  2023-01-19: 평가 310 · 후보 5 · 진입 1 (누적 183)
  2023-01-20: 평가 310 · 후보 6 · 진입 0 (누적 183)
  2023-01-23: 평가 310 · 후보 6 · 진입 0 (누적 183)
  2023-01-24: 평가 310 · 후보 5 · 진입 0 (누적 183)
  2023-01-25: 평가 309 · 후보 5 · 진입 1 (누적 184)
  2023-01-26: 평가 310 · 후보 5 · 진입 1 (누적 185)
  2023-01-27: 평가 310 · 후보 10 · 진입 0 (누적 185)
  2023-01-30: 평가 311 · 후보 7 · 진입 0 (누적 185)
  2023-01-31: 평가 313 · 후보 7 · 진입 2 (누적 187)
  2023-02-01: 평가 315 · 후보 7 · 진입 2 (누적 189)
  2023-02-02: 평가 316 · 후보 5 · 진입 1 (누적 190)
  2023-02-03: 평가 317 · 후보 5 · 진입 0 (누적 190)
  2023-02-06: 평가 317 · 후보 6 · 진입 0 (누적 190)
  2023-02-07: 평가 317 · 후보 6 · 진입 0 (누적 190)
  2023-02-08: 평가 316 · 후보 5 · 진입 0 (누적 190)
  2023-02-09: 평가 317 · 후보 3 · 진입 0 (누적 190)
  2023-02-10: 평가 317 · 후보 7 · 진입 0 (누적 190)
  2023-02-13: 평가 318 · 후보 5 · 진입 0 (누적 190)
  2023-02-14: 평가 317 · 후보 4 · 진입 0 (누적 190)
  2023-02-15: 평가 317 · 후보 7 · 진입 1 (누적 191)
  2023-02-16: 평가 320 · 후보 7 · 진입 0 (누적 191)
  2023-02-17: 평가 320 · 후보 6 · 진입 0 (누적 191)
  2023-02-21: 평가 320 · 후보 4 · 진입 0 (누적 191)
  2023-02-22: 평가 321 · 후보 5 · 진입 1 (누적 192)
  2023-02-23: 평가 321 · 후보 6 · 진입 0 (누적 192)
  2023-02-24: 평가 321 · 후보 7 · 진입 0 (누적 192)
  2023-02-27: 평가 322 · 후보 5 · 진입 1 (누적 193)
  2023-02-28: 평가 320 · 후보 3 · 진입 0 (누적 193)
  2023-03-01: 평가 322 · 후보 3 · 진입 1 (누적 194)
  2023-03-02: 평가 319 · 후보 2 · 진입 1 (누적 195)
  2023-03-03: 평가 317 · 후보 2 · 진입 0 (누적 195)
  2023-03-06: 평가 318 · 후보 5 · 진입 0 (누적 195)
  2023-03-07: 평가 317 · 후보 5 · 진입 0 (누적 195)
  2023-03-08: 평가 318 · 후보 8 · 진입 0 (누적 195)
  2023-03-09: 평가 319 · 후보 5 · 진입 0 (누적 195)
  2023-03-10: 평가 319 · 후보 2 · 진입 0 (누적 195)
  2023-03-13: 평가 319 · 후보 1 · 진입 0 (누적 195)
  2023-03-14: 평가 319 · 후보 2 · 진입 0 (누적 195)
  2023-03-15: 평가 319 · 후보 1 · 진입 0 (누적 195)
  2023-03-16: 평가 319 · 후보 1 · 진입 0 (누적 195)
  2023-03-17: 평가 319 · 후보 0 · 진입 0 (누적 195)
  2023-03-20: 평가 316 · 후보 0 · 진입 0 (누적 195)
  2023-03-21: 평가 316 · 후보 1 · 진입 1 (누적 196)
  2023-03-22: 평가 318 · 후보 1 · 진입 0 (누적 196)
  2023-03-23: 평가 317 · 후보 1 · 진입 0 (누적 196)
  2023-03-24: 평가 315 · 후보 0 · 진입 0 (누적 196)
  2023-03-27: 평가 313 · 후보 2 · 진입 0 (누적 196)
  2023-03-28: 평가 313 · 후보 5 · 진입 2 (누적 198)
  2023-03-29: 평가 312 · 후보 5 · 진입 1 (누적 199)
  2023-03-30: 평가 312 · 후보 6 · 진입 3 (누적 202)
  2023-03-31: 평가 311 · 후보 4 · 진입 1 (누적 203)
  2023-04-03: 평가 310 · 후보 5 · 진입 1 (누적 204)
  2023-04-04: 평가 308 · 후보 4 · 진입 1 (누적 205)
  2023-04-05: 평가 308 · 후보 4 · 진입 0 (누적 205)
  2023-04-06: 평가 308 · 후보 4 · 진입 0 (누적 205)
  2023-04-10: 평가 308 · 후보 8 · 진입 0 (누적 205)
  2023-04-11: 평가 306 · 후보 6 · 진입 1 (누적 206)
  2023-04-12: 평가 305 · 후보 6 · 진입 1 (누적 207)
  2023-04-13: 평가 304 · 후보 8 · 진입 1 (누적 208)
  2023-04-14: 평가 305 · 후보 12 · 진입 1 (누적 209)
  2023-04-17: 평가 304 · 후보 6 · 진입 1 (누적 210)
  2023-04-18: 평가 304 · 후보 10 · 진입 0 (누적 210)
  2023-04-19: 평가 301 · 후보 6 · 진입 1 (누적 211)
  2023-04-20: 평가 303 · 후보 11 · 진입 1 (누적 212)
  2023-04-21: 평가 303 · 후보 10 · 진입 4 (누적 216)
  2023-04-24: 평가 302 · 후보 13 · 진입 0 (누적 216)
  2023-04-25: 평가 302 · 후보 8 · 진입 0 (누적 216)
  2023-04-26: 평가 302 · 후보 5 · 진입 1 (누적 217)
  2023-04-27: 평가 302 · 후보 7 · 진입 1 (누적 218)
  2023-04-28: 평가 302 · 후보 3 · 진입 0 (누적 218)
  2023-05-01: 평가 302 · 후보 6 · 진입 0 (누적 218)
  2023-05-02: 평가 301 · 후보 2 · 진입 0 (누적 218)
  2023-05-03: 평가 302 · 후보 4 · 진입 0 (누적 218)
  2023-05-04: 평가 303 · 후보 2 · 진입 0 (누적 218)
  2023-05-05: 평가 304 · 후보 4 · 진입 1 (누적 219)
  2023-05-08: 평가 304 · 후보 6 · 진입 1 (누적 220)
  2023-05-09: 평가 303 · 후보 2 · 진입 0 (누적 220)
  2023-05-10: 평가 303 · 후보 1 · 진입 0 (누적 220)
  2023-05-11: 평가 304 · 후보 2 · 진입 1 (누적 221)
  2023-05-12: 평가 304 · 후보 3 · 진입 0 (누적 221)
  2023-05-15: 평가 304 · 후보 4 · 진입 0 (누적 221)
  2023-05-16: 평가 304 · 후보 5 · 진입 0 (누적 221)
  2023-05-17: 평가 304 · 후보 5 · 진입 1 (누적 222)
  2023-05-18: 평가 304 · 후보 3 · 진입 0 (누적 222)
  2023-05-19: 평가 303 · 후보 4 · 진입 0 (누적 222)
  2023-05-22: 평가 303 · 후보 3 · 진입 2 (누적 224)
  2023-05-23: 평가 302 · 후보 7 · 진입 0 (누적 224)
  2023-05-24: 평가 301 · 후보 6 · 진입 0 (누적 224)
  2023-05-25: 평가 301 · 후보 4 · 진입 0 (누적 224)
  2023-05-26: 평가 301 · 후보 6 · 진입 1 (누적 225)
  2023-05-30: 평가 302 · 후보 7 · 진입 0 (누적 225)
  2023-05-31: 평가 304 · 후보 4 · 진입 0 (누적 225)
  2023-06-01: 평가 304 · 후보 9 · 진입 0 (누적 225)
  2023-06-02: 평가 302 · 후보 7 · 진입 1 (누적 226)
  2023-06-05: 평가 303 · 후보 8 · 진입 0 (누적 226)
  2023-06-06: 평가 304 · 후보 4 · 진입 2 (누적 228)
  2023-06-07: 평가 304 · 후보 2 · 진입 0 (누적 228)
  2023-06-08: 평가 304 · 후보 4 · 진입 1 (누적 229)
  2023-06-09: 평가 304 · 후보 3 · 진입 0 (누적 229)
  2023-06-12: 평가 304 · 후보 3 · 진입 0 (누적 229)
  2023-06-13: 평가 304 · 후보 7 · 진입 1 (누적 230)
  2023-06-14: 평가 303 · 후보 10 · 진입 2 (누적 232)
  2023-06-15: 평가 303 · 후보 7 · 진입 1 (누적 233)
  2023-06-16: 평가 305 · 후보 3 · 진입 1 (누적 234)
  2023-06-20: 평가 305 · 후보 1 · 진입 1 (누적 235)
  2023-06-21: 평가 304 · 후보 2 · 진입 0 (누적 235)
  2023-06-22: 평가 304 · 후보 3 · 진입 0 (누적 235)
  2023-06-23: 평가 307 · 후보 1 · 진입 0 (누적 235)
  2023-06-26: 평가 307 · 후보 3 · 진입 0 (누적 235)
  2023-06-27: 평가 308 · 후보 5 · 진입 0 (누적 235)
  2023-06-28: 평가 307 · 후보 4 · 진입 0 (누적 235)
  2023-06-29: 평가 306 · 후보 2 · 진입 0 (누적 235)
  2023-06-30: 평가 306 · 후보 2 · 진입 0 (누적 235)
  2023-07-03: 평가 307 · 후보 5 · 진입 0 (누적 235)
  2023-07-05: 평가 307 · 후보 7 · 진입 0 (누적 235)
  2023-07-06: 평가 307 · 후보 7 · 진입 2 (누적 237)
  2023-07-07: 평가 307 · 후보 10 · 진입 1 (누적 238)
  2023-07-10: 평가 308 · 후보 11 · 진입 0 (누적 238)
  2023-07-11: 평가 309 · 후보 7 · 진입 4 (누적 242)
  2023-07-12: 평가 309 · 후보 5 · 진입 0 (누적 242)
  2023-07-13: 평가 310 · 후보 5 · 진입 0 (누적 242)
  2023-07-14: 평가 310 · 후보 12 · 진입 4 (누적 246)
  2023-07-17: 평가 309 · 후보 8 · 진입 3 (누적 249)
  2023-07-18: 평가 308 · 후보 7 · 진입 1 (누적 250)
  2023-07-19: 평가 307 · 후보 11 · 진입 2 (누적 252)
  2023-07-20: 평가 305 · 후보 13 · 진입 0 (누적 252)
  2023-07-21: 평가 305 · 후보 5 · 진입 1 (누적 253)
  2023-07-24: 평가 305 · 후보 11 · 진입 2 (누적 255)
  2023-07-25: 평가 305 · 후보 10 · 진입 0 (누적 255)
  2023-07-26: 평가 306 · 후보 9 · 진입 2 (누적 257)
  2023-07-27: 평가 306 · 후보 11 · 진입 2 (누적 259)
  2023-07-28: 평가 304 · 후보 13 · 진입 1 (누적 260)
  2023-07-31: 평가 302 · 후보 12 · 진입 0 (누적 260)
  2023-08-01: 평가 301 · 후보 13 · 진입 0 (누적 260)
  2023-08-02: 평가 302 · 후보 14 · 진입 2 (누적 262)
  2023-08-03: 평가 302 · 후보 10 · 진입 0 (누적 262)
  2023-08-04: 평가 302 · 후보 9 · 진입 0 (누적 262)
  2023-08-07: 평가 303 · 후보 9 · 진입 0 (누적 262)
  2023-08-08: 평가 303 · 후보 7 · 진입 1 (누적 263)
  2023-08-09: 평가 303 · 후보 4 · 진입 0 (누적 263)
  2023-08-10: 평가 303 · 후보 1 · 진입 0 (누적 263)
  2023-08-11: 평가 303 · 후보 1 · 진입 0 (누적 263)
  2023-08-14: 평가 304 · 후보 1 · 진입 0 (누적 263)
  2023-08-15: 평가 304 · 후보 3 · 진입 0 (누적 263)
  2023-08-16: 평가 304 · 후보 3 · 진입 0 (누적 263)
  2023-08-17: 평가 304 · 후보 2 · 진입 0 (누적 263)
  2023-08-18: 평가 304 · 후보 1 · 진입 0 (누적 263)
  2023-08-21: 평가 301 · 후보 4 · 진입 3 (누적 266)
  2023-08-22: 평가 301 · 후보 2 · 진입 0 (누적 266)
  2023-08-23: 평가 303 · 후보 1 · 진입 0 (누적 266)
  2023-08-24: 평가 302 · 후보 2 · 진입 1 (누적 267)
  2023-08-25: 평가 302 · 후보 2 · 진입 0 (누적 267)
  2023-08-28: 평가 301 · 후보 2 · 진입 0 (누적 267)
  2023-08-29: 평가 300 · 후보 3 · 진입 1 (누적 268)
  2023-08-30: 평가 301 · 후보 3 · 진입 0 (누적 268)
  2023-08-31: 평가 300 · 후보 3 · 진입 2 (누적 270)
  2023-09-01: 평가 299 · 후보 3 · 진입 0 (누적 270)
  2023-09-05: 평가 298 · 후보 2 · 진입 0 (누적 270)
  2023-09-06: 평가 299 · 후보 1 · 진입 0 (누적 270)
  2023-09-07: 평가 301 · 후보 1 · 진입 0 (누적 270)
  2023-09-08: 평가 299 · 후보 1 · 진입 1 (누적 271)
  2023-09-11: 평가 298 · 후보 2 · 진입 0 (누적 271)
  2023-09-12: 평가 297 · 후보 2 · 진입 0 (누적 271)
  2023-09-13: 평가 296 · 후보 1 · 진입 0 (누적 271)
  2023-09-14: 평가 295 · 후보 5 · 진입 0 (누적 271)
  2023-09-15: 평가 296 · 후보 1 · 진입 0 (누적 271)
  2023-09-18: 평가 296 · 후보 1 · 진입 0 (누적 271)
  2023-09-19: 평가 295 · 후보 1 · 진입 0 (누적 271)
  2023-09-20: 평가 293 · 후보 0 · 진입 0 (누적 271)
  2023-09-21: 평가 293 · 후보 0 · 진입 0 (누적 271)
  2023-09-22: 평가 293 · 후보 0 · 진입 0 (누적 271)
  2023-09-25: 평가 293 · 후보 0 · 진입 0 (누적 271)
  2023-09-26: 평가 293 · 후보 2 · 진입 1 (누적 272)
  2023-09-27: 평가 292 · 후보 2 · 진입 1 (누적 273)
  2023-09-28: 평가 291 · 후보 3 · 진입 0 (누적 273)
  2023-09-29: 평가 290 · 후보 4 · 진입 1 (누적 274)
  2023-10-02: 평가 290 · 후보 0 · 진입 0 (누적 274)
  2023-10-03: 평가 289 · 후보 2 · 진입 0 (누적 274)
  2023-10-04: 평가 289 · 후보 2 · 진입 0 (누적 274)
  2023-10-05: 평가 288 · 후보 1 · 진입 1 (누적 275)
  2023-10-06: 평가 288 · 후보 1 · 진입 0 (누적 275)
  2023-10-09: 평가 289 · 후보 1 · 진입 0 (누적 275)
  2023-10-10: 평가 291 · 후보 3 · 진입 0 (누적 275)
  2023-10-11: 평가 290 · 후보 3 · 진입 0 (누적 275)
  2023-10-12: 평가 289 · 후보 2 · 진입 0 (누적 275)
  2023-10-13: 평가 289 · 후보 0 · 진입 0 (누적 275)
  2023-10-16: 평가 290 · 후보 1 · 진입 1 (누적 276)
  2023-10-17: 평가 292 · 후보 1 · 진입 0 (누적 276)
  2023-10-18: 평가 289 · 후보 4 · 진입 2 (누적 278)
  2023-10-19: 평가 287 · 후보 2 · 진입 0 (누적 278)
  2023-10-20: 평가 287 · 후보 1 · 진입 0 (누적 278)
  2023-10-23: 평가 287 · 후보 1 · 진입 0 (누적 278)
  2023-10-24: 평가 287 · 후보 3 · 진입 1 (누적 279)
  2023-10-25: 평가 287 · 후보 3 · 진입 0 (누적 279)
  2023-10-26: 평가 287 · 후보 2 · 진입 0 (누적 279)
  2023-10-27: 평가 287 · 후보 1 · 진입 0 (누적 279)
  2023-10-30: 평가 288 · 후보 1 · 진입 0 (누적 279)
  2023-10-31: 평가 288 · 후보 0 · 진입 0 (누적 279)
  2023-11-01: 평가 287 · 후보 3 · 진입 1 (누적 280)
  2023-11-02: 평가 285 · 후보 3 · 진입 0 (누적 280)
  2023-11-03: 평가 285 · 후보 1 · 진입 0 (누적 280)
  2023-11-06: 평가 284 · 후보 2 · 진입 0 (누적 280)
  2023-11-07: 평가 285 · 후보 5 · 진입 1 (누적 281)
  2023-11-08: 평가 286 · 후보 3 · 진입 0 (누적 281)
  2023-11-09: 평가 285 · 후보 3 · 진입 1 (누적 282)
  2023-11-10: 평가 285 · 후보 4 · 진입 1 (누적 283)
  2023-11-13: 평가 283 · 후보 4 · 진입 2 (누적 285)
  2023-11-14: 평가 283 · 후보 1 · 진입 0 (누적 285)
  2023-11-15: 평가 283 · 후보 0 · 진입 0 (누적 285)
  2023-11-16: 평가 283 · 후보 1 · 진입 0 (누적 285)
  2023-11-17: 평가 281 · 후보 0 · 진입 0 (누적 285)
  2023-11-20: 평가 281 · 후보 4 · 진입 0 (누적 285)
  2023-11-21: 평가 282 · 후보 3 · 진입 0 (누적 285)
  2023-11-22: 평가 282 · 후보 3 · 진입 1 (누적 286)
  2023-11-24: 평가 281 · 후보 4 · 진입 1 (누적 287)
  2023-11-27: 평가 281 · 후보 5 · 진입 1 (누적 288)
  2023-11-28: 평가 282 · 후보 6 · 진입 1 (누적 289)
  2023-11-29: 평가 282 · 후보 6 · 진입 0 (누적 289)
  2023-11-30: 평가 282 · 후보 9 · 진입 2 (누적 291)
  2023-12-01: 평가 282 · 후보 3 · 진입 0 (누적 291)
  2023-12-04: 평가 284 · 후보 4 · 진입 0 (누적 291)
  2023-12-05: 평가 284 · 후보 2 · 진입 0 (누적 291)
  2023-12-06: 평가 285 · 후보 4 · 진입 0 (누적 291)
  2023-12-07: 평가 284 · 후보 5 · 진입 0 (누적 291)
  2023-12-08: 평가 286 · 후보 5 · 진입 0 (누적 291)
  2023-12-11: 평가 286 · 후보 6 · 진입 0 (누적 291)
  2023-12-12: 평가 287 · 후보 4 · 진입 1 (누적 292)
  2023-12-13: 평가 289 · 후보 4 · 진입 2 (누적 294)
  2023-12-14: 평가 288 · 후보 1 · 진입 0 (누적 294)
  2023-12-15: 평가 292 · 후보 0 · 진입 0 (누적 294)
  2023-12-18: 평가 292 · 후보 0 · 진입 0 (누적 294)
  2023-12-19: 평가 291 · 후보 0 · 진입 0 (누적 294)
  2023-12-20: 평가 293 · 후보 1 · 진입 0 (누적 294)
  2023-12-21: 평가 294 · 후보 3 · 진입 1 (누적 295)
  2023-12-22: 평가 293 · 후보 2 · 진입 0 (누적 295)
  2023-12-26: 평가 294 · 후보 2 · 진입 0 (누적 295)
  2023-12-27: 평가 294 · 후보 5 · 진입 1 (누적 296)
  2023-12-28: 평가 293 · 후보 4 · 진입 0 (누적 296)
  2023-12-29: 평가 294 · 후보 7 · 진입 0 (누적 296)
  2024-01-02: 평가 293 · 후보 3 · 진입 0 (누적 296)
  2024-01-03: 평가 292 · 후보 2 · 진입 0 (누적 296)
  2024-01-04: 평가 292 · 후보 2 · 진입 0 (누적 296)
  2024-01-05: 평가 293 · 후보 3 · 진입 0 (누적 296)
  2024-01-08: 평가 293 · 후보 7 · 진입 0 (누적 296)
  2024-01-09: 평가 294 · 후보 9 · 진입 0 (누적 296)
  2024-01-10: 평가 295 · 후보 11 · 진입 0 (누적 296)
  2024-01-11: 평가 296 · 후보 8 · 진입 2 (누적 298)
  2024-01-12: 평가 297 · 후보 12 · 진입 0 (누적 298)
  2024-01-16: 평가 295 · 후보 10 · 진입 1 (누적 299)
  2024-01-17: 평가 296 · 후보 5 · 진입 2 (누적 301)
  2024-01-18: 평가 296 · 후보 3 · 진입 1 (누적 302)
  2024-01-19: 평가 295 · 후보 5 · 진입 2 (누적 304)
  2024-01-22: 평가 296 · 후보 4 · 진입 1 (누적 305)
  2024-01-23: 평가 295 · 후보 6 · 진입 0 (누적 305)
  2024-01-24: 평가 296 · 후보 7 · 진입 1 (누적 306)
  2024-01-25: 평가 298 · 후보 8 · 진입 1 (누적 307)
  2024-01-26: 평가 299 · 후보 8 · 진입 3 (누적 310)
  2024-01-29: 평가 299 · 후보 7 · 진입 0 (누적 310)
  2024-01-30: 평가 298 · 후보 7 · 진입 0 (누적 310)
  2024-01-31: 평가 298 · 후보 5 · 진입 0 (누적 310)
  2024-02-01: 평가 297 · 후보 5 · 진입 1 (누적 311)
  2024-02-02: 평가 297 · 후보 5 · 진입 0 (누적 311)
  2024-02-05: 평가 298 · 후보 3 · 진입 0 (누적 311)
  2024-02-06: 평가 298 · 후보 9 · 진입 2 (누적 313)
  2024-02-07: 평가 299 · 후보 5 · 진입 0 (누적 313)
  2024-02-08: 평가 299 · 후보 5 · 진입 0 (누적 313)
  2024-02-09: 평가 299 · 후보 8 · 진입 1 (누적 314)
  2024-02-12: 평가 299 · 후보 7 · 진입 0 (누적 314)
  2024-02-13: 평가 296 · 후보 3 · 진입 0 (누적 314)
  2024-02-14: 평가 297 · 후보 7 · 진입 0 (누적 314)
  2024-02-15: 평가 298 · 후보 6 · 진입 0 (누적 314)
  2024-02-16: 평가 296 · 후보 4 · 진입 0 (누적 314)
  2024-02-20: 평가 297 · 후보 4 · 진입 0 (누적 314)
  2024-02-21: 평가 295 · 후보 2 · 진입 0 (누적 314)
  2024-02-22: 평가 296 · 후보 5 · 진입 0 (누적 314)
  2024-02-23: 평가 296 · 후보 4 · 진입 1 (누적 315)
  2024-02-26: 평가 298 · 후보 9 · 진입 4 (누적 319)
  2024-02-27: 평가 298 · 후보 6 · 진입 0 (누적 319)
  2024-02-28: 평가 298 · 후보 3 · 진입 1 (누적 320)
  2024-02-29: 평가 297 · 후보 3 · 진입 1 (누적 321)
  2024-03-01: 평가 297 · 후보 1 · 진입 0 (누적 321)
  2024-03-04: 평가 297 · 후보 2 · 진입 0 (누적 321)
  2024-03-05: 평가 296 · 후보 1 · 진입 0 (누적 321)
  2024-03-06: 평가 295 · 후보 2 · 진입 1 (누적 322)
  2024-03-07: 평가 295 · 후보 1 · 진입 0 (누적 322)
  2024-03-08: 평가 296 · 후보 0 · 진입 0 (누적 322)
  2024-03-11: 평가 296 · 후보 1 · 진입 0 (누적 322)
  2024-03-12: 평가 295 · 후보 1 · 진입 0 (누적 322)
  2024-03-13: 평가 297 · 후보 1 · 진입 0 (누적 322)
  2024-03-14: 평가 297 · 후보 1 · 진입 0 (누적 322)
  2024-03-15: 평가 299 · 후보 1 · 진입 0 (누적 322)
  2024-03-18: 평가 299 · 후보 0 · 진입 0 (누적 322)
  2024-03-19: 평가 300 · 후보 0 · 진입 0 (누적 322)
  2024-03-20: 평가 301 · 후보 2 · 진입 1 (누적 323)
  2024-03-21: 평가 301 · 후보 1 · 진입 1 (누적 324)
  2024-03-22: 평가 301 · 후보 3 · 진입 1 (누적 325)
  2024-03-25: 평가 302 · 후보 3 · 진입 1 (누적 326)
  2024-03-26: 평가 302 · 후보 3 · 진입 2 (누적 328)
  2024-03-27: 평가 302 · 후보 1 · 진입 0 (누적 328)
  2024-03-28: 평가 300 · 후보 2 · 진입 0 (누적 328)
  2024-04-01: 평가 299 · 후보 1 · 진입 0 (누적 328)
  2024-04-02: 평가 301 · 후보 4 · 진입 2 (누적 330)
  2024-04-03: 평가 302 · 후보 2 · 진입 0 (누적 330)
  2024-04-04: 평가 303 · 후보 3 · 진입 1 (누적 331)
  2024-04-05: 평가 304 · 후보 1 · 진입 0 (누적 331)
  2024-04-08: 평가 304 · 후보 0 · 진입 0 (누적 331)
  2024-04-09: 평가 304 · 후보 0 · 진입 0 (누적 331)
  2024-04-10: 평가 303 · 후보 2 · 진입 0 (누적 331)
  2024-04-11: 평가 304 · 후보 3 · 진입 0 (누적 331)
  2024-04-12: 평가 306 · 후보 2 · 진입 1 (누적 332)
  2024-04-15: 평가 305 · 후보 0 · 진입 0 (누적 332)
  2024-04-16: 평가 305 · 후보 1 · 진입 0 (누적 332)
  2024-04-17: 평가 305 · 후보 1 · 진입 0 (누적 332)
  2024-04-18: 평가 305 · 후보 0 · 진입 0 (누적 332)
  2024-04-19: 평가 304 · 후보 1 · 진입 0 (누적 332)
  2024-04-22: 평가 305 · 후보 0 · 진입 0 (누적 332)
  2024-04-23: 평가 305 · 후보 1 · 진입 0 (누적 332)
  2024-04-24: 평가 306 · 후보 3 · 진입 1 (누적 333)
  2024-04-25: 평가 306 · 후보 0 · 진입 0 (누적 333)
  2024-04-26: 평가 305 · 후보 2 · 진입 1 (누적 334)
  2024-04-29: 평가 305 · 후보 5 · 진입 0 (누적 334)
  2024-04-30: 평가 304 · 후보 3 · 진입 1 (누적 335)
  2024-05-01: 평가 304 · 후보 1 · 진입 0 (누적 335)
  2024-05-02: 평가 303 · 후보 1 · 진입 0 (누적 335)
  2024-05-03: 평가 300 · 후보 2 · 진입 1 (누적 336)
  2024-05-06: 평가 299 · 후보 1 · 진입 0 (누적 336)
  2024-05-07: 평가 297 · 후보 5 · 진입 0 (누적 336)
  2024-05-08: 평가 296 · 후보 5 · 진입 2 (누적 338)
  2024-05-09: 평가 296 · 후보 3 · 진입 1 (누적 339)
  2024-05-10: 평가 297 · 후보 4 · 진입 1 (누적 340)
  2024-05-13: 평가 298 · 후보 5 · 진입 1 (누적 341)
  2024-05-14: 평가 297 · 후보 2 · 진입 0 (누적 341)
  2024-05-15: 평가 297 · 후보 3 · 진입 0 (누적 341)
  2024-05-16: 평가 298 · 후보 3 · 진입 0 (누적 341)
  2024-05-17: 평가 298 · 후보 3 · 진입 0 (누적 341)
  2024-05-20: 평가 297 · 후보 4 · 진입 0 (누적 341)
  2024-05-21: 평가 297 · 후보 6 · 진입 0 (누적 341)
  2024-05-22: 평가 296 · 후보 5 · 진입 1 (누적 342)
  2024-05-23: 평가 296 · 후보 4 · 진입 1 (누적 343)
  2024-05-24: 평가 296 · 후보 5 · 진입 0 (누적 343)
  2024-05-28: 평가 298 · 후보 5 · 진입 0 (누적 343)
  2024-05-29: 평가 297 · 후보 3 · 진입 0 (누적 343)
  2024-05-30: 평가 297 · 후보 4 · 진입 1 (누적 344)
  2024-05-31: 평가 297 · 후보 2 · 진입 0 (누적 344)
  2024-06-03: 평가 297 · 후보 0 · 진입 0 (누적 344)
  2024-06-04: 평가 293 · 후보 3 · 진입 0 (누적 344)
  2024-06-05: 평가 295 · 후보 2 · 진입 0 (누적 344)
  2024-06-06: 평가 295 · 후보 4 · 진입 0 (누적 344)
  2024-06-07: 평가 295 · 후보 6 · 진입 1 (누적 345)
  2024-06-10: 평가 294 · 후보 3 · 진입 0 (누적 345)
  2024-06-11: 평가 294 · 후보 5 · 진입 2 (누적 347)
  2024-06-12: 평가 293 · 후보 5 · 진입 1 (누적 348)
  2024-06-13: 평가 293 · 후보 5 · 진입 0 (누적 348)
  2024-06-14: 평가 295 · 후보 4 · 진입 0 (누적 348)
  2024-06-17: 평가 295 · 후보 4 · 진입 1 (누적 349)
  2024-06-18: 평가 295 · 후보 5 · 진입 1 (누적 350)
  2024-06-20: 평가 296 · 후보 5 · 진입 0 (누적 350)
  2024-06-21: 평가 297 · 후보 4 · 진입 0 (누적 350)
  2024-06-24: 평가 298 · 후보 2 · 진입 0 (누적 350)
  2024-06-25: 평가 298 · 후보 3 · 진입 0 (누적 350)
  2024-06-26: 평가 298 · 후보 3 · 진입 0 (누적 350)
  2024-06-27: 평가 298 · 후보 2 · 진입 0 (누적 350)
  2024-06-28: 평가 298 · 후보 1 · 진입 0 (누적 350)
  2024-07-01: 평가 298 · 후보 1 · 진입 0 (누적 350)
  2024-07-02: 평가 297 · 후보 1 · 진입 0 (누적 350)
  2024-07-03: 평가 296 · 후보 1 · 진입 0 (누적 350)
  2024-07-05: 평가 297 · 후보 1 · 진입 0 (누적 350)
  2024-07-08: 평가 296 · 후보 6 · 진입 1 (누적 351)
  2024-07-09: 평가 295 · 후보 7 · 진입 0 (누적 351)
  2024-07-10: 평가 296 · 후보 7 · 진입 4 (누적 355)
  2024-07-11: 평가 295 · 후보 6 · 진입 2 (누적 357)
  2024-07-12: 평가 296 · 후보 5 · 진입 0 (누적 357)
  2024-07-15: 평가 297 · 후보 2 · 진입 0 (누적 357)
  2024-07-16: 평가 296 · 후보 3 · 진입 0 (누적 357)
  2024-07-17: 평가 298 · 후보 3 · 진입 1 (누적 358)
  2024-07-18: 평가 298 · 후보 3 · 진입 0 (누적 358)
  2024-07-19: 평가 298 · 후보 3 · 진입 0 (누적 358)
  2024-07-22: 평가 297 · 후보 2 · 진입 0 (누적 358)
  2024-07-23: 평가 298 · 후보 4 · 진입 0 (누적 358)
  2024-07-24: 평가 298 · 후보 3 · 진입 1 (누적 359)
  2024-07-25: 평가 297 · 후보 1 · 진입 0 (누적 359)
  2024-07-26: 평가 297 · 후보 0 · 진입 0 (누적 359)
  2024-07-29: 평가 297 · 후보 1 · 진입 0 (누적 359)
  2024-07-30: 평가 297 · 후보 2 · 진입 0 (누적 359)
  2024-07-31: 평가 298 · 후보 3 · 진입 0 (누적 359)
  2024-08-01: 평가 298 · 후보 0 · 진입 0 (누적 359)
  2024-08-02: 평가 297 · 후보 0 · 진입 0 (누적 359)
  2024-08-05: 평가 297 · 후보 0 · 진입 0 (누적 359)
  2024-08-06: 평가 297 · 후보 0 · 진입 0 (누적 359)
  2024-08-07: 평가 298 · 후보 1 · 진입 0 (누적 359)
  2024-08-08: 평가 298 · 후보 1 · 진입 1 (누적 360)
  2024-08-09: 평가 298 · 후보 2 · 진입 0 (누적 360)
  2024-08-12: 평가 298 · 후보 1 · 진입 0 (누적 360)
  2024-08-13: 평가 298 · 후보 2 · 진입 1 (누적 361)
  2024-08-14: 평가 298 · 후보 4 · 진입 2 (누적 363)
  2024-08-15: 평가 298 · 후보 6 · 진입 1 (누적 364)
  2024-08-16: 평가 298 · 후보 7 · 진입 0 (누적 364)
  2024-08-19: 평가 300 · 후보 10 · 진입 2 (누적 366)
  2024-08-20: 평가 300 · 후보 11 · 진입 5 (누적 371)
  2024-08-21: 평가 300 · 후보 8 · 진입 0 (누적 371)
  2024-08-22: 평가 301 · 후보 11 · 진입 2 (누적 373)
  2024-08-23: 평가 300 · 후보 10 · 진입 1 (누적 374)
  2024-08-26: 평가 299 · 후보 16 · 진입 1 (누적 375)
  2024-08-27: 평가 299 · 후보 17 · 진입 1 (누적 376)
  2024-08-28: 평가 300 · 후보 16 · 진입 0 (누적 376)
  2024-08-29: 평가 300 · 후보 17 · 진입 2 (누적 378)
  2024-08-30: 평가 298 · 후보 13 · 진입 0 (누적 378)
  2024-09-03: 평가 297 · 후보 4 · 진입 0 (누적 378)
  2024-09-04: 평가 297 · 후보 3 · 진입 0 (누적 378)
  2024-09-05: 평가 296 · 후보 5 · 진입 1 (누적 379)
  2024-09-06: 평가 295 · 후보 2 · 진입 0 (누적 379)
  2024-09-09: 평가 295 · 후보 2 · 진입 1 (누적 380)
  2024-09-10: 평가 293 · 후보 4 · 진입 0 (누적 380)
  2024-09-11: 평가 291 · 후보 3 · 진입 2 (누적 382)
  2024-09-12: 평가 291 · 후보 3 · 진입 0 (누적 382)
  2024-09-13: 평가 292 · 후보 4 · 진입 1 (누적 383)
  2024-09-16: 평가 291 · 후보 4 · 진입 1 (누적 384)
  2024-09-17: 평가 291 · 후보 5 · 진입 1 (누적 385)
  2024-09-18: 평가 291 · 후보 5 · 진입 1 (누적 386)
  2024-09-19: 평가 292 · 후보 2 · 진입 0 (누적 386)
  2024-09-20: 평가 293 · 후보 1 · 진입 0 (누적 386)
  2024-09-23: 평가 290 · 후보 0 · 진입 0 (누적 386)
  2024-09-24: 평가 290 · 후보 1 · 진입 0 (누적 386)
  2024-09-25: 평가 292 · 후보 1 · 진입 0 (누적 386)
  2024-09-26: 평가 292 · 후보 2 · 진입 0 (누적 386)
  2024-09-27: 평가 290 · 후보 2 · 진입 1 (누적 387)
  2024-09-30: 평가 290 · 후보 1 · 진입 0 (누적 387)
  2024-10-01: 평가 290 · 후보 6 · 진입 1 (누적 388)
  2024-10-02: 평가 288 · 후보 4 · 진입 0 (누적 388)
  2024-10-03: 평가 288 · 후보 2 · 진입 1 (누적 389)
  2024-10-04: 평가 287 · 후보 5 · 진입 0 (누적 389)
  2024-10-07: 평가 289 · 후보 3 · 진입 0 (누적 389)
  2024-10-08: 평가 290 · 후보 3 · 진입 1 (누적 390)
  2024-10-09: 평가 290 · 후보 8 · 진입 2 (누적 392)
  2024-10-10: 평가 290 · 후보 9 · 진입 2 (누적 394)
  2024-10-11: 평가 290 · 후보 6 · 진입 0 (누적 394)
  2024-10-14: 평가 290 · 후보 8 · 진입 1 (누적 395)
  2024-10-15: 평가 290 · 후보 4 · 진입 1 (누적 396)
  2024-10-16: 평가 290 · 후보 5 · 진입 0 (누적 396)
  2024-10-17: 평가 290 · 후보 6 · 진입 0 (누적 396)
  2024-10-18: 평가 291 · 후보 7 · 진입 1 (누적 397)
  2024-10-21: 평가 292 · 후보 4 · 진입 0 (누적 397)
  2024-10-22: 평가 293 · 후보 5 · 진입 0 (누적 397)
  2024-10-23: 평가 291 · 후보 4 · 진입 0 (누적 397)
  2024-10-24: 평가 291 · 후보 4 · 진입 0 (누적 397)
  2024-10-25: 평가 292 · 후보 4 · 진입 1 (누적 398)
  2024-10-28: 평가 291 · 후보 8 · 진입 0 (누적 398)
  2024-10-29: 평가 292 · 후보 9 · 진입 1 (누적 399)
  2024-10-30: 평가 292 · 후보 10 · 진입 0 (누적 399)
  2024-10-31: 평가 292 · 후보 5 · 진입 0 (누적 399)
  2024-11-01: 평가 291 · 후보 6 · 진입 2 (누적 401)
  2024-11-04: 평가 293 · 후보 5 · 진입 1 (누적 402)
  2024-11-05: 평가 293 · 후보 1 · 진입 1 (누적 403)
  2024-11-06: 평가 293 · 후보 0 · 진입 0 (누적 403)
  2024-11-07: 평가 293 · 후보 1 · 진입 0 (누적 403)
  2024-11-08: 평가 293 · 후보 0 · 진입 0 (누적 403)
  2024-11-11: 평가 294 · 후보 2 · 진입 0 (누적 403)
  2024-11-12: 평가 294 · 후보 2 · 진입 0 (누적 403)
  2024-11-13: 평가 295 · 후보 0 · 진입 0 (누적 403)
  2024-11-14: 평가 295 · 후보 1 · 진입 0 (누적 403)
  2024-11-15: 평가 298 · 후보 0 · 진입 0 (누적 403)
  2024-11-18: 평가 298 · 후보 0 · 진입 0 (누적 403)
  2024-11-19: 평가 298 · 후보 2 · 진입 1 (누적 404)
  2024-11-20: 평가 299 · 후보 2 · 진입 2 (누적 406)
  2024-11-21: 평가 299 · 후보 2 · 진입 0 (누적 406)
  2024-11-22: 평가 296 · 후보 1 · 진입 0 (누적 406)
  2024-11-25: 평가 296 · 후보 2 · 진입 0 (누적 406)
  2024-11-26: 평가 296 · 후보 0 · 진입 0 (누적 406)
  2024-11-27: 평가 296 · 후보 1 · 진입 0 (누적 406)
  2024-11-29: 평가 296 · 후보 0 · 진입 0 (누적 406)
  2024-12-02: 평가 295 · 후보 8 · 진입 0 (누적 406)
  2024-12-03: 평가 295 · 후보 6 · 진입 2 (누적 408)
  2024-12-04: 평가 295 · 후보 3 · 진입 0 (누적 408)
  2024-12-05: 평가 296 · 후보 8 · 진입 2 (누적 410)
  2024-12-06: 평가 296 · 후보 7 · 진입 0 (누적 410)
  2024-12-09: 평가 297 · 후보 6 · 진입 1 (누적 411)
  2024-12-10: 평가 297 · 후보 7 · 진입 2 (누적 413)
  2024-12-11: 평가 298 · 후보 6 · 진입 0 (누적 413)
  2024-12-12: 평가 298 · 후보 2 · 진입 0 (누적 413)
  2024-12-13: 평가 299 · 후보 3 · 진입 1 (누적 414)
  2024-12-16: 평가 300 · 후보 3 · 진입 0 (누적 414)
  2024-12-17: 평가 300 · 후보 4 · 진입 0 (누적 414)
  2024-12-18: 평가 299 · 후보 0 · 진입 0 (누적 414)
  2024-12-19: 평가 301 · 후보 0 · 진입 0 (누적 414)
  2024-12-20: 평가 302 · 후보 2 · 진입 0 (누적 414)
  2024-12-23: 평가 303 · 후보 1 · 진입 0 (누적 414)
  2024-12-24: 평가 303 · 후보 4 · 진입 1 (누적 415)
  2024-12-26: 평가 306 · 후보 4 · 진입 1 (누적 416)
  2024-12-27: 평가 307 · 후보 3 · 진입 0 (누적 416)
  2024-12-30: 평가 309 · 후보 3 · 진입 1 (누적 417)
  2024-12-31: 평가 309 · 후보 7 · 진입 0 (누적 417)
  2025-01-02: 평가 308 · 후보 5 · 진입 1 (누적 418)
  2025-01-03: 평가 311 · 후보 7 · 진입 2 (누적 420)
  2025-01-06: 평가 314 · 후보 6 · 진입 1 (누적 421)
  2025-01-07: 평가 314 · 후보 5 · 진입 2 (누적 423)
  2025-01-08: 평가 313 · 후보 5 · 진입 0 (누적 423)
  2025-01-10: 평가 315 · 후보 3 · 진입 1 (누적 424)
  2025-01-13: 평가 315 · 후보 4 · 진입 1 (누적 425)
  2025-01-14: 평가 314 · 후보 4 · 진입 1 (누적 426)
  2025-01-15: 평가 314 · 후보 5 · 진입 0 (누적 426)
  2025-01-16: 평가 314 · 후보 7 · 진입 3 (누적 429)
  2025-01-17: 평가 314 · 후보 9 · 진입 3 (누적 432)
  2025-01-21: 평가 315 · 후보 5 · 진입 0 (누적 432)
  2025-01-22: 평가 315 · 후보 3 · 진입 0 (누적 432)
  2025-01-23: 평가 316 · 후보 4 · 진입 0 (누적 432)
  2025-01-24: 평가 316 · 후보 1 · 진입 0 (누적 432)
  2025-01-27: 평가 316 · 후보 0 · 진입 0 (누적 432)
  2025-01-28: 평가 315 · 후보 3 · 진입 0 (누적 432)
  2025-01-29: 평가 313 · 후보 3 · 진입 0 (누적 432)
  2025-01-30: 평가 313 · 후보 7 · 진입 1 (누적 433)
  2025-01-31: 평가 312 · 후보 2 · 진입 0 (누적 433)
  2025-02-03: 평가 312 · 후보 3 · 진입 0 (누적 433)
  2025-02-04: 평가 311 · 후보 3 · 진입 1 (누적 434)
  2025-02-05: 평가 310 · 후보 4 · 진입 0 (누적 434)
  2025-02-06: 평가 308 · 후보 4 · 진입 0 (누적 434)
  2025-02-07: 평가 308 · 후보 4 · 진입 0 (누적 434)
  2025-02-10: 평가 308 · 후보 6 · 진입 1 (누적 435)
  2025-02-11: 평가 308 · 후보 4 · 진입 0 (누적 435)
  2025-02-12: 평가 306 · 후보 4 · 진입 0 (누적 435)
  2025-02-13: 평가 306 · 후보 3 · 진입 0 (누적 435)
  2025-02-14: 평가 306 · 후보 7 · 진입 2 (누적 437)
  2025-02-18: 평가 305 · 후보 4 · 진입 1 (누적 438)
  2025-02-19: 평가 305 · 후보 7 · 진입 0 (누적 438)
  2025-02-20: 평가 305 · 후보 6 · 진입 0 (누적 438)
  2025-02-21: 평가 305 · 후보 0 · 진입 0 (누적 438)
  2025-02-24: 평가 306 · 후보 1 · 진입 1 (누적 439)
  2025-02-25: 평가 308 · 후보 0 · 진입 0 (누적 439)
  2025-02-26: 평가 307 · 후보 0 · 진입 0 (누적 439)
  2025-02-27: 평가 308 · 후보 0 · 진입 0 (누적 439)
  2025-02-28: 평가 307 · 후보 0 · 진입 0 (누적 439)
  2025-03-03: 평가 307 · 후보 0 · 진입 0 (누적 439)
  2025-03-04: 평가 306 · 후보 1 · 진입 0 (누적 439)
  2025-03-05: 평가 307 · 후보 1 · 진입 0 (누적 439)
  2025-03-06: 평가 306 · 후보 1 · 진입 0 (누적 439)
  2025-03-07: 평가 303 · 후보 1 · 진입 0 (누적 439)
  2025-03-10: 평가 304 · 후보 1 · 진입 1 (누적 440)
  2025-03-11: 평가 304 · 후보 0 · 진입 0 (누적 440)
  2025-03-12: 평가 302 · 후보 0 · 진입 0 (누적 440)
  2025-03-13: 평가 301 · 후보 0 · 진입 0 (누적 440)
  2025-03-14: 평가 299 · 후보 1 · 진입 0 (누적 440)
  2025-03-17: 평가 299 · 후보 2 · 진입 0 (누적 440)
  2025-03-18: 평가 297 · 후보 0 · 진입 0 (누적 440)
  2025-03-19: 평가 298 · 후보 3 · 진입 0 (누적 440)
  2025-03-20: 평가 296 · 후보 1 · 진입 1 (누적 441)
  2025-03-21: 평가 294 · 후보 2 · 진입 0 (누적 441)
  2025-03-24: 평가 294 · 후보 2 · 진입 0 (누적 441)
  2025-03-25: 평가 293 · 후보 2 · 진입 0 (누적 441)
  2025-03-26: 평가 294 · 후보 0 · 진입 0 (누적 441)
  2025-03-27: 평가 294 · 후보 0 · 진입 0 (누적 441)
  2025-03-28: 평가 294 · 후보 0 · 진입 0 (누적 441)
  2025-03-31: 평가 293 · 후보 0 · 진입 0 (누적 441)
  2025-04-01: 평가 292 · 후보 0 · 진입 0 (누적 441)
  2025-04-02: 평가 293 · 후보 2 · 진입 0 (누적 441)
  2025-04-03: 평가 292 · 후보 1 · 진입 0 (누적 441)
  2025-04-04: 평가 292 · 후보 0 · 진입 0 (누적 441)
  2025-04-07: 평가 293 · 후보 0 · 진입 0 (누적 441)
  2025-04-08: 평가 292 · 후보 0 · 진입 0 (누적 441)
  2025-04-09: 평가 293 · 후보 0 · 진입 0 (누적 441)
  2025-04-10: 평가 293 · 후보 0 · 진입 0 (누적 441)
  2025-04-11: 평가 293 · 후보 0 · 진입 0 (누적 441)
  2025-04-14: 평가 294 · 후보 0 · 진입 0 (누적 441)
  2025-04-15: 평가 295 · 후보 0 · 진입 0 (누적 441)
  2025-04-16: 평가 293 · 후보 0 · 진입 0 (누적 441)
  2025-04-17: 평가 295 · 후보 2 · 진입 0 (누적 441)
  2025-04-21: 평가 294 · 후보 0 · 진입 0 (누적 441)
  2025-04-22: 평가 293 · 후보 3 · 진입 1 (누적 442)
  2025-04-23: 평가 293 · 후보 1 · 진입 1 (누적 443)
  2025-04-24: 평가 293 · 후보 0 · 진입 0 (누적 443)
  2025-04-25: 평가 293 · 후보 4 · 진입 0 (누적 443)
  2025-04-28: 평가 293 · 후보 5 · 진입 1 (누적 444)
  2025-04-29: 평가 292 · 후보 4 · 진입 0 (누적 444)
  2025-04-30: 평가 291 · 후보 4 · 진입 0 (누적 444)
  2025-05-01: 평가 290 · 후보 6 · 진입 1 (누적 445)
  2025-05-02: 평가 290 · 후보 3 · 진입 0 (누적 445)
  2025-05-05: 평가 290 · 후보 3 · 진입 0 (누적 445)
  2025-05-06: 평가 290 · 후보 3 · 진입 1 (누적 446)
  2025-05-07: 평가 290 · 후보 5 · 진입 0 (누적 446)
  2025-05-08: 평가 289 · 후보 5 · 진입 1 (누적 447)
  2025-05-09: 평가 288 · 후보 4 · 진입 0 (누적 447)
  2025-05-12: 평가 289 · 후보 2 · 진입 0 (누적 447)
  2025-05-13: 평가 290 · 후보 1 · 진입 0 (누적 447)
  2025-05-14: 평가 290 · 후보 1 · 진입 0 (누적 447)
  2025-05-15: 평가 292 · 후보 2 · 진입 0 (누적 447)
  2025-05-16: 평가 294 · 후보 3 · 진입 0 (누적 447)
  2025-05-19: 평가 294 · 후보 6 · 진입 0 (누적 447)
  2025-05-20: 평가 293 · 후보 7 · 진입 0 (누적 447)
  2025-05-21: 평가 293 · 후보 4 · 진입 1 (누적 448)
  2025-05-22: 평가 293 · 후보 3 · 진입 0 (누적 448)
  2025-05-23: 평가 294 · 후보 4 · 진입 0 (누적 448)
  2025-05-27: 평가 295 · 후보 2 · 진입 0 (누적 448)
  2025-05-28: 평가 298 · 후보 3 · 진입 1 (누적 449)
  2025-05-29: 평가 298 · 후보 3 · 진입 0 (누적 449)
  2025-05-30: 평가 298 · 후보 4 · 진입 1 (누적 450)
  2025-06-02: 평가 298 · 후보 2 · 진입 0 (누적 450)
  2025-06-03: 평가 299 · 후보 2 · 진입 1 (누적 451)
  2025-06-04: 평가 297 · 후보 3 · 진입 0 (누적 451)
  2025-06-05: 평가 299 · 후보 2 · 진입 1 (누적 452)
  2025-06-06: 평가 297 · 후보 1 · 진입 1 (누적 453)
  2025-06-09: 평가 297 · 후보 1 · 진입 0 (누적 453)
  2025-06-10: 평가 296 · 후보 1 · 진입 1 (누적 454)
  2025-06-11: 평가 296 · 후보 1 · 진입 0 (누적 454)
  2025-06-12: 평가 296 · 후보 1 · 진입 0 (누적 454)
  2025-06-13: 평가 296 · 후보 3 · 진입 1 (누적 455)
  2025-06-16: 평가 296 · 후보 3 · 진입 0 (누적 455)
  2025-06-17: 평가 297 · 후보 3 · 진입 0 (누적 455)
  2025-06-18: 평가 297 · 후보 3 · 진입 0 (누적 455)
  2025-06-20: 평가 297 · 후보 3 · 진입 0 (누적 455)
  2025-06-23: 평가 297 · 후보 2 · 진입 0 (누적 455)
  2025-06-24: 평가 297 · 후보 1 · 진입 0 (누적 455)
  2025-06-25: 평가 297 · 후보 2 · 진입 1 (누적 456)
  2025-06-26: 평가 297 · 후보 0 · 진입 0 (누적 456)
  2025-06-27: 평가 299 · 후보 1 · 진입 0 (누적 456)
  2025-06-30: 평가 300 · 후보 1 · 진입 0 (누적 456)
  2025-07-01: 평가 299 · 후보 0 · 진입 0 (누적 456)
  2025-07-02: 평가 299 · 후보 0 · 진입 0 (누적 456)
  2025-07-03: 평가 299 · 후보 1 · 진입 0 (누적 456)
  2025-07-07: 평가 299 · 후보 2 · 진입 1 (누적 457)
  2025-07-08: 평가 299 · 후보 3 · 진입 0 (누적 457)
  2025-07-09: 평가 302 · 후보 2 · 진입 0 (누적 457)
  2025-07-10: 평가 304 · 후보 3 · 진입 0 (누적 457)
  2025-07-11: 평가 305 · 후보 4 · 진입 2 (누적 459)
  2025-07-14: 평가 306 · 후보 2 · 진입 0 (누적 459)
  2025-07-15: 평가 306 · 후보 3 · 진입 0 (누적 459)
  2025-07-16: 평가 307 · 후보 4 · 진입 1 (누적 460)
  2025-07-17: 평가 307 · 후보 4 · 진입 0 (누적 460)
  2025-07-18: 평가 307 · 후보 6 · 진입 0 (누적 460)
  2025-07-21: 평가 307 · 후보 3 · 진입 0 (누적 460)
  2025-07-22: 평가 307 · 후보 4 · 진입 0 (누적 460)
  2025-07-23: 평가 308 · 후보 3 · 진입 0 (누적 460)
  2025-07-24: 평가 308 · 후보 4 · 진입 1 (누적 461)
  2025-07-25: 평가 307 · 후보 2 · 진입 1 (누적 462)
  2025-07-28: 평가 310 · 후보 2 · 진입 0 (누적 462)
  2025-07-29: 평가 310 · 후보 4 · 진입 0 (누적 462)
  2025-07-30: 평가 309 · 후보 4 · 진입 2 (누적 464)
  2025-07-31: 평가 308 · 후보 2 · 진입 0 (누적 464)
  2025-08-01: 평가 308 · 후보 2 · 진입 0 (누적 464)
  2025-08-04: 평가 308 · 후보 1 · 진입 1 (누적 465)
  2025-08-05: 평가 309 · 후보 4 · 진입 1 (누적 466)
  2025-08-06: 평가 310 · 후보 4 · 진입 1 (누적 467)
  2025-08-07: 평가 310 · 후보 2 · 진입 1 (누적 468)
  2025-08-08: 평가 308 · 후보 0 · 진입 0 (누적 468)
  2025-08-11: 평가 308 · 후보 2 · 진입 1 (누적 469)
  2025-08-12: 평가 309 · 후보 1 · 진입 0 (누적 469)
  2025-08-13: 평가 309 · 후보 1 · 진입 1 (누적 470)
  2025-08-14: 평가 310 · 후보 1 · 진입 0 (누적 470)
  2025-08-15: 평가 309 · 후보 3 · 진입 0 (누적 470)
  2025-08-18: 평가 310 · 후보 2 · 진입 0 (누적 470)
  2025-08-19: 평가 310 · 후보 0 · 진입 0 (누적 470)
  2025-08-20: 평가 310 · 후보 3 · 진입 2 (누적 472)
  2025-08-21: 평가 309 · 후보 4 · 진입 1 (누적 473)
  2025-08-22: 평가 309 · 후보 3 · 진입 2 (누적 475)
  2025-08-25: 평가 308 · 후보 2 · 진입 0 (누적 475)
  2025-08-26: 평가 308 · 후보 7 · 진입 2 (누적 477)
  2025-08-27: 평가 308 · 후보 5 · 진입 3 (누적 480)
  2025-08-28: 평가 308 · 후보 3 · 진입 1 (누적 481)
  2025-08-29: 평가 308 · 후보 2 · 진입 0 (누적 481)
  2025-09-02: 평가 309 · 후보 3 · 진입 0 (누적 481)
  2025-09-03: 평가 311 · 후보 3 · 진입 0 (누적 481)
  2025-09-04: 평가 311 · 후보 2 · 진입 1 (누적 482)
  2025-09-05: 평가 312 · 후보 2 · 진입 0 (누적 482)
  2025-09-08: 평가 313 · 후보 2 · 진입 1 (누적 483)
  2025-09-09: 평가 309 · 후보 2 · 진입 2 (누적 485)
  2025-09-10: 평가 307 · 후보 1 · 진입 1 (누적 486)
  2025-09-11: 평가 308 · 후보 1 · 진입 0 (누적 486)
  2025-09-12: 평가 309 · 후보 4 · 진입 1 (누적 487)
  2025-09-15: 평가 309 · 후보 2 · 진입 0 (누적 487)
  2025-09-16: 평가 311 · 후보 4 · 진입 2 (누적 489)
  2025-09-17: 평가 310 · 후보 3 · 진입 0 (누적 489)
  2025-09-18: 평가 310 · 후보 2 · 진입 0 (누적 489)
  2025-09-19: 평가 312 · 후보 1 · 진입 0 (누적 489)
  2025-09-22: 평가 310 · 후보 0 · 진입 0 (누적 489)
  2025-09-23: 평가 311 · 후보 3 · 진입 1 (누적 490)
  2025-09-24: 평가 309 · 후보 2 · 진입 0 (누적 490)
  2025-09-25: 평가 310 · 후보 2 · 진입 0 (누적 490)
  2025-09-26: 평가 310 · 후보 2 · 진입 1 (누적 491)
  2025-09-29: 평가 311 · 후보 1 · 진입 0 (누적 491)
  2025-09-30: 평가 311 · 후보 2 · 진입 1 (누적 492)
  2025-10-01: 평가 311 · 후보 1 · 진입 1 (누적 493)
  2025-10-02: 평가 309 · 후보 2 · 진입 0 (누적 493)
  2025-10-03: 평가 310 · 후보 1 · 진입 0 (누적 493)
  2025-10-06: 평가 311 · 후보 1 · 진입 0 (누적 493)
  2025-10-07: 평가 311 · 후보 1 · 진입 1 (누적 494)
  2025-10-08: 평가 311 · 후보 3 · 진입 1 (누적 495)
  2025-10-09: 평가 311 · 후보 1 · 진입 1 (누적 496)
  2025-10-10: 평가 313 · 후보 0 · 진입 0 (누적 496)
  2025-10-13: 평가 313 · 후보 2 · 진입 1 (누적 497)
  2025-10-14: 평가 313 · 후보 2 · 진입 0 (누적 497)
  2025-10-15: 평가 312 · 후보 2 · 진입 0 (누적 497)
  2025-10-16: 평가 313 · 후보 2 · 진입 0 (누적 497)
  2025-10-17: 평가 313 · 후보 2 · 진입 0 (누적 497)
  2025-10-20: 평가 312 · 후보 0 · 진입 0 (누적 497)
  2025-10-21: 평가 312 · 후보 5 · 진입 0 (누적 497)
  2025-10-22: 평가 312 · 후보 3 · 진입 0 (누적 497)
  2025-10-23: 평가 312 · 후보 4 · 진입 1 (누적 498)
  2025-10-24: 평가 313 · 후보 1 · 진입 0 (누적 498)
  2025-10-27: 평가 313 · 후보 1 · 진입 0 (누적 498)
  2025-10-28: 평가 313 · 후보 4 · 진입 3 (누적 501)
  2025-10-29: 평가 311 · 후보 4 · 진입 0 (누적 501)
  2025-10-30: 평가 311 · 후보 4 · 진입 2 (누적 503)
  2025-10-31: 평가 312 · 후보 3 · 진입 0 (누적 503)
  2025-11-03: 평가 312 · 후보 4 · 진입 0 (누적 503)
  2025-11-04: 평가 312 · 후보 0 · 진입 0 (누적 503)
  2025-11-05: 평가 313 · 후보 5 · 진입 1 (누적 504)
  2025-11-06: 평가 314 · 후보 3 · 진입 0 (누적 504)
  2025-11-07: 평가 314 · 후보 3 · 진입 1 (누적 505)
  2025-11-10: 평가 314 · 후보 1 · 진입 0 (누적 505)
  2025-11-11: 평가 314 · 후보 0 · 진입 0 (누적 505)
  2025-11-12: 평가 315 · 후보 0 · 진입 0 (누적 505)
  2025-11-13: 평가 315 · 후보 1 · 진입 0 (누적 505)
  2025-11-14: 평가 315 · 후보 1 · 진입 1 (누적 506)
  2025-11-17: 평가 315 · 후보 2 · 진입 0 (누적 506)
  2025-11-18: 평가 315 · 후보 1 · 진입 1 (누적 507)
  2025-11-19: 평가 315 · 후보 2 · 진입 1 (누적 508)
  2025-11-20: 평가 314 · 후보 1 · 진입 0 (누적 508)
  2025-11-21: 평가 314 · 후보 2 · 진입 0 (누적 508)
  2025-11-24: 평가 314 · 후보 1 · 진입 0 (누적 508)
  2025-11-25: 평가 315 · 후보 2 · 진입 0 (누적 508)
  2025-11-26: 평가 314 · 후보 3 · 진입 0 (누적 508)
  2025-11-28: 평가 313 · 후보 4 · 진입 0 (누적 508)
  2025-12-01: 평가 309 · 후보 7 · 진입 2 (누적 510)
  2025-12-02: 평가 309 · 후보 3 · 진입 1 (누적 511)
  2025-12-03: 평가 308 · 후보 1 · 진입 0 (누적 511)
  2025-12-04: 평가 308 · 후보 8 · 진입 4 (누적 515)
  2025-12-05: 평가 308 · 후보 2 · 진입 1 (누적 516)
  2025-12-08: 평가 309 · 후보 7 · 진입 1 (누적 517)
  2025-12-09: 평가 310 · 후보 8 · 진입 2 (누적 519)
  2025-12-10: 평가 309 · 후보 2 · 진입 0 (누적 519)
  2025-12-11: 평가 308 · 후보 3 · 진입 0 (누적 519)
  2025-12-12: 평가 308 · 후보 5 · 진입 2 (누적 521)
  2025-12-15: 평가 306 · 후보 2 · 진입 1 (누적 522)
  2025-12-16: 평가 305 · 후보 5 · 진입 0 (누적 522)
  2025-12-17: 평가 305 · 후보 1 · 진입 0 (누적 522)
  2025-12-18: 평가 306 · 후보 1 · 진입 1 (누적 523)
  2025-12-19: 평가 307 · 후보 0 · 진입 0 (누적 523)
  2025-12-22: 평가 307 · 후보 1 · 진입 0 (누적 523)
  2025-12-23: 평가 305 · 후보 4 · 진입 0 (누적 523)
  2025-12-24: 평가 306 · 후보 8 · 진입 0 (누적 523)
  2025-12-26: 평가 305 · 후보 13 · 진입 1 (누적 524)
  2025-12-29: 평가 304 · 후보 15 · 진입 1 (누적 525)
  2025-12-30: 평가 304 · 후보 10 · 진입 1 (누적 526)
  2025-12-31: 평가 305 · 후보 12 · 진입 3 (누적 529)
  2026-01-02: 평가 304 · 후보 10 · 진입 1 (누적 530)
  2026-01-05: 평가 305 · 후보 9 · 진입 4 (누적 534)
  2026-01-06: 평가 303 · 후보 3 · 진입 0 (누적 534)
  2026-01-07: 평가 304 · 후보 7 · 진입 1 (누적 535)
  2026-01-08: 평가 305 · 후보 2 · 진입 1 (누적 536)
  2026-01-09: 평가 305 · 후보 1 · 진입 0 (누적 536)
  2026-01-12: 평가 305 · 후보 1 · 진입 0 (누적 536)
  2026-01-13: 평가 305 · 후보 4 · 진입 0 (누적 536)
  2026-01-14: 평가 305 · 후보 4 · 진입 1 (누적 537)
  2026-01-15: 평가 305 · 후보 2 · 진입 0 (누적 537)
  2026-01-16: 평가 304 · 후보 5 · 진입 1 (누적 538)
  2026-01-20: 평가 304 · 후보 4 · 진입 0 (누적 538)
  2026-01-21: 평가 304 · 후보 1 · 진입 1 (누적 539)
  2026-01-22: 평가 304 · 후보 0 · 진입 0 (누적 539)
  2026-01-23: 평가 303 · 후보 2 · 진입 0 (누적 539)
  2026-01-26: 평가 304 · 후보 4 · 진입 1 (누적 540)
  2026-01-27: 평가 304 · 후보 3 · 진입 0 (누적 540)
  2026-01-28: 평가 305 · 후보 2 · 진입 0 (누적 540)
  2026-01-29: 평가 305 · 후보 5 · 진입 1 (누적 541)
  2026-01-30: 평가 306 · 후보 6 · 진입 0 (누적 541)
  2026-02-02: 평가 306 · 후보 6 · 진입 0 (누적 541)
  2026-02-03: 평가 307 · 후보 8 · 진입 3 (누적 544)
  2026-02-04: 평가 306 · 후보 1 · 진입 0 (누적 544)
  2026-02-05: 평가 306 · 후보 2 · 진입 1 (누적 545)
  2026-02-06: 평가 306 · 후보 2 · 진입 1 (누적 546)
  2026-02-09: 평가 306 · 후보 3 · 진입 0 (누적 546)
  2026-02-10: 평가 307 · 후보 5 · 진입 0 (누적 546)
  2026-02-11: 평가 307 · 후보 2 · 진입 0 (누적 546)
  2026-02-12: 평가 307 · 후보 3 · 진입 2 (누적 548)
  2026-02-13: 평가 306 · 후보 3 · 진입 0 (누적 548)
  2026-02-17: 평가 305 · 후보 2 · 진입 1 (누적 549)
  2026-02-18: 평가 305 · 후보 4 · 진입 0 (누적 549)
  2026-02-19: 평가 306 · 후보 2 · 진입 0 (누적 549)
  2026-02-20: 평가 306 · 후보 5 · 진입 2 (누적 551)
  2026-02-23: 평가 308 · 후보 1 · 진입 1 (누적 552)
  2026-02-24: 평가 306 · 후보 5 · 진입 1 (누적 553)
  2026-02-25: 평가 306 · 후보 7 · 진입 0 (누적 553)
  2026-02-26: 평가 305 · 후보 4 · 진입 0 (누적 553)
  2026-02-27: 평가 305 · 후보 4 · 진입 0 (누적 553)
  2026-03-02: 평가 305 · 후보 1 · 진입 0 (누적 553)
  2026-03-03: 평가 308 · 후보 2 · 진입 0 (누적 553)
  2026-03-04: 평가 310 · 후보 5 · 진입 1 (누적 554)
  2026-03-05: 평가 309 · 후보 1 · 진입 0 (누적 554)
  2026-03-06: 평가 312 · 후보 2 · 진입 0 (누적 554)
  2026-03-09: 평가 313 · 후보 2 · 진입 0 (누적 554)
  2026-03-10: 평가 312 · 후보 3 · 진입 0 (누적 554)
  2026-03-11: 평가 312 · 후보 0 · 진입 0 (누적 554)
  2026-03-12: 평가 312 · 후보 1 · 진입 0 (누적 554)
  2026-03-13: 평가 311 · 후보 1 · 진입 1 (누적 555)
  2026-03-16: 평가 310 · 후보 3 · 진입 1 (누적 556)
  2026-03-17: 평가 309 · 후보 2 · 진입 0 (누적 556)
  2026-03-18: 평가 310 · 후보 1 · 진입 1 (누적 557)
  2026-03-19: 평가 310 · 후보 1 · 진입 0 (누적 557)
  2026-03-20: 평가 310 · 후보 0 · 진입 0 (누적 557)
  2026-03-23: 평가 310 · 후보 0 · 진입 0 (누적 557)
  2026-03-24: 평가 309 · 후보 0 · 진입 0 (누적 557)
  2026-03-25: 평가 309 · 후보 1 · 진입 0 (누적 557)
  2026-03-26: 평가 308 · 후보 1 · 진입 1 (누적 558)
  2026-03-27: 평가 307 · 후보 3 · 진입 2 (누적 560)
  2026-03-30: 평가 305 · 후보 4 · 진입 1 (누적 561)
  2026-03-31: 평가 307 · 후보 3 · 진입 2 (누적 563)
  2026-04-01: 평가 307 · 후보 2 · 진입 0 (누적 563)
  2026-04-02: 평가 305 · 후보 1 · 진입 0 (누적 563)
  2026-04-06: 평가 306 · 후보 3 · 진입 0 (누적 563)
  2026-04-07: 평가 306 · 후보 1 · 진입 1 (누적 564)
  2026-04-08: 평가 306 · 후보 4 · 진입 2 (누적 566)
  2026-04-09: 평가 307 · 후보 2 · 진입 0 (누적 566)
  2026-04-10: 평가 304 · 후보 4 · 진입 0 (누적 566)
  2026-04-13: 평가 303 · 후보 6 · 진입 2 (누적 568)
  2026-04-14: 평가 303 · 후보 4 · 진입 1 (누적 569)
  2026-04-15: 평가 303 · 후보 3 · 진입 2 (누적 571)
  2026-04-16: 평가 303 · 후보 6 · 진입 2 (누적 573)
  2026-04-17: 평가 305 · 후보 3 · 진입 0 (누적 573)
  2026-04-20: 평가 305 · 후보 6 · 진입 2 (누적 575)
  2026-04-21: 평가 305 · 후보 6 · 진입 0 (누적 575)
  2026-04-22: 평가 307 · 후보 3 · 진입 1 (누적 576)
  2026-04-23: 평가 307 · 후보 1 · 진입 1 (누적 577)
  2026-04-24: 평가 307 · 후보 2 · 진입 1 (누적 578)
  2026-04-27: 평가 307 · 후보 4 · 진입 2 (누적 580)
  2026-04-28: 평가 306 · 후보 3 · 진입 0 (누적 580)
  2026-04-29: 평가 305 · 후보 4 · 진입 1 (누적 581)
  2026-04-30: 평가 304 · 후보 2 · 진입 0 (누적 581)
  2026-05-01: 평가 304 · 후보 5 · 진입 0 (누적 581)
  2026-05-04: 평가 304 · 후보 7 · 진입 2 (누적 583)
  2026-05-05: 평가 304 · 후보 3 · 진입 0 (누적 583)
  2026-05-06: 평가 304 · 후보 2 · 진입 0 (누적 583)
  2026-05-07: 평가 304 · 후보 0 · 진입 0 (누적 583)
  2026-05-08: 평가 307 · 후보 0 · 진입 0 (누적 583)
  2026-05-11: 평가 309 · 후보 3 · 진입 3 (누적 586)
  2026-05-12: 평가 310 · 후보 1 · 진입 1 (누적 587)
  2026-05-13: 평가 308 · 후보 1 · 진입 1 (누적 588)
  2026-05-14: 평가 309 · 후보 1 · 진입 0 (누적 588)
  2026-05-15: 평가 309 · 후보 2 · 진입 0 (누적 588)
  2026-05-18: 평가 307 · 후보 0 · 진입 0 (누적 588)
  2026-05-19: 평가 307 · 후보 0 · 진입 0 (누적 588)
  2026-05-20: 평가 307 · 후보 0 · 진입 0 (누적 588)
  2026-05-21: 평가 305 · 후보 2 · 진입 1 (누적 589)
  2026-05-22: 평가 305 · 후보 3 · 진입 1 (누적 590)
  2026-05-26: 평가 306 · 후보 1 · 진입 0 (누적 590)
  2026-05-27: 평가 307 · 후보 1 · 진입 0 (누적 590)
  2026-05-28: 평가 307 · 후보 0 · 진입 0 (누적 590)
  2026-05-29: 평가 306 · 후보 1 · 진입 1 (누적 591)
  2026-06-01: 평가 307 · 후보 0 · 진입 0 (누적 591)
  2026-06-02: 평가 306 · 후보 2 · 진입 0 (누적 591)
  2026-06-03: 평가 306 · 후보 2 · 진입 1 (누적 592)
  2026-06-04: 평가 307 · 후보 1 · 진입 0 (누적 592)
  2026-06-05: 평가 306 · 후보 0 · 진입 0 (누적 592)
  2026-06-08: 평가 306 · 후보 1 · 진입 1 (누적 593)
  2026-06-09: 평가 306 · 후보 2 · 진입 1 (누적 594)
  2026-06-10: 평가 307 · 후보 1 · 진입 1 (누적 595)
  2026-06-11: 평가 307 · 후보 3 · 진입 1 (누적 596)
  2026-06-12: 평가 307 · 후보 2 · 진입 1 (누적 597)
  2026-06-15: 평가 308 · 후보 0 · 진입 0 (누적 597)
  2026-06-16: 평가 308 · 후보 0 · 진입 0 (누적 597)
  2026-06-17: 평가 307 · 후보 3 · 진입 1 (누적 598)
  2026-06-18: 평가 307 · 후보 1 · 진입 0 (누적 598)
  2026-06-22: 평가 306 · 후보 2 · 진입 1 (누적 599)
  2026-06-23: 평가 306 · 후보 1 · 진입 1 (누적 600)
  2026-06-24: 평가 306 · 후보 1 · 진입 0 (누적 600)
  2026-06-25: 평가 307 · 후보 0 · 진입 0 (누적 600)
  2026-06-26: 평가 307 · 후보 1 · 진입 1 (누적 601)
  2026-06-29: 평가 307 · 후보 0 · 진입 0 (누적 601)
  2026-06-30: 평가 307 · 후보 0 · 진입 0 (누적 601)
  2026-07-01: 평가 306 · 후보 0 · 진입 0 (누적 601)
  2026-07-02: 평가 306 · 후보 0 · 진입 0 (누적 601)
  2026-07-06: 평가 306 · 후보 2 · 진입 0 (누적 601)
  2026-07-07: 평가 308 · 후보 0 · 진입 0 (누적 601)
  2026-07-08: 평가 307 · 후보 0 · 진입 0 (누적 601)
  2026-07-09: 평가 307 · 후보 2 · 진입 0 (누적 601)
  2026-07-10: 평가 306 · 후보 1 · 진입 0 (누적 601)
  2026-07-13: 평가 308 · 후보 0 · 진입 0 (누적 601)
  2026-07-14: 평가 310 · 후보 4 · 진입 3 (누적 604)
  2026-07-15: 평가 308 · 후보 4 · 진입 0 (누적 604)
  2026-07-16: 평가 305 · 후보 7 · 진입 3 (누적 607)
  2026-07-17: 평가 304 · 후보 8 · 진입 0 (누적 607)
  2026-07-20: 평가 304 · 후보 5 · 진입 2 (누적 609)
  2026-07-21: 평가 303 · 후보 6 · 진입 1 (누적 610)
  2026-07-22: 평가 305 · 후보 11 · 진입 0 (누적 610)
  2026-07-23: 평가 305 · 후보 10 · 진입 1 (누적 611)
  2026-07-24: 평가 304 · 후보 12 · 진입 1 (누적 612)
  2026-07-27: 평가 304 · 후보 11 · 진입 1 (누적 613)
  2026-07-28: 평가 305 · 후보 8 · 진입 1 (누적 614)
  2026-07-29: 평가 305 · 후보 5 · 진입 0 (누적 614)
  2026-07-30: 평가 305 · 후보 9 · 진입 1 (누적 615)
  2026-07-31: 평가 303 · 후보 7 · 진입 2 (누적 617)
  2026-08-03: 평가 302 · 후보 9 · 진입 2 (누적 619)
  2026-08-04: 평가 303 · 후보 5 · 진입 1 (누적 620)
  2026-08-05: 평가 303 · 후보 3 · 진입 1 (누적 621)
  2026-08-06: 평가 301 · 후보 5 · 진입 0 (누적 621)
  2026-08-07: 평가 301 · 후보 6 · 진입 2 (누적 623)
  2026-08-10: 평가 302 · 후보 8 · 진입 0 (누적 623)
  2026-08-11: 평가 304 · 후보 6 · 진입 1 (누적 624)
  2026-08-12: 평가 306 · 후보 8 · 진입 1 (누적 625)
  2026-08-13: 평가 305 · 후보 5 · 진입 0 (누적 625)
  2026-08-14: 평가 305 · 후보 9 · 진입 1 (누적 626)
  2026-08-17: 평가 305 · 후보 7 · 진입 1 (누적 627)
  2026-08-18: 평가 306 · 후보 7 · 진입 0 (누적 627)
  2026-08-19: 평가 306 · 후보 5 · 진입 0 (누적 627)
  2026-08-20: 평가 306 · 후보 6 · 진입 0 (누적 627)
  2026-08-21: 평가 306 · 후보 5 · 진입 0 (누적 627)

💾 저장: .cache/bt5y/sub/g2_us500.json
거래 627건 · 승 213 패 366 예외 15 미결 33
승률 결착 36.8% (최악 35.9% ~ 최선 38.4%)

[변동성 구간별]
  ①조용 <2.5%      n=  66  승  14 패  33 예외   0 미결  19  결착승률 29.8%  (최악 29.8%)
  ②보통 2.5~4%     n= 189  승  66 패 113 예외   2 미결   8  결착승률 36.9%  (최악 36.5%)
  ③큼 4~6%        n= 188  승  75 패 108 예외   1 미결   4  결착승률 41.0%  (최악 40.8%)
  ④매우큼 6%+       n= 184  승  58 패 112 예외  12 미결   2  결착승률 34.1%  (최악 31.9%)
