시작 전 여유 3.440 GB
명령: python research/handoff/scripts/25-g3prime.py
기본판 창 종목 5667
  시계열 5666종목 · 6208575행

==========================================================================
G3′ 검산
==========================================================================
기준가 변경 사건 **1636건 · 1060종목** · 배수 중앙 14.0013 (최소 0.020000 · 최대 5000.0)
① 변경일에 수정 시계열이 분할 배수만큼 튄 건 **0건** (0이어야 통과)
   변경일 수정 하루변화 최대 |327.25%| (BJDX 2026-01-28)
② 교차 항등 (closeunadj비 ÷ close비 = 배수) 이탈 최대 **4.441e-16** · 실패 0건
③ 거래대금 계단 — 변경일 전후 5일 중앙값 비 (1.0이면 계단 없음)
     변경일 전체        1598건  중앙  2.344 · P10  0.663 · P90  17.407
     대조군           5588건  중앙  0.966 · P10  0.530 · P90   1.854
     저가 <$1        1285건  중앙  2.900 · P10  0.725 · P90  21.797
     $1~$10         144건  중앙  1.773 · P10  0.613 · P90   8.955
     >=$10          169건  중앙  1.061 · P10  0.594 · P90   1.938
     유동성 통과         962건  중앙  1.561 · P10  0.537 · P90   8.302
④ **잔차 — 하루 |움직임| > 90%p**
     관측 6202909 중 **1513건 (0.0244%)** · 그중 기준가 변경일 **6건**
     🚨 **전수 중 유동성 문턱(50일 평균 5억원)을 넘는 건 840건 (55.5%)** — 나머지 673건은 하네스가 애초에 안 산다
     상위 25 (눈으로 볼 표본):
       ELOX    2026-03-18  +109900.0%   
       GLAE    2021-11-08   +35614.3%   
       INTEQ   2021-09-30    +8900.0%   
       GLAE    2021-11-11    +8900.0%   
       NMGX    2021-02-17    +4700.0%   
       GLAE    2021-11-23    +4572.9%   
       TPST    2023-10-11    +3972.1%   
       INHD    2026-06-08    +3661.0%   
       ORBS    2025-09-08    +3003.4%   
       MHLD    2025-05-28    +2769.6%   
       CERO    2025-06-09    +1660.2%   
       SPRB    2025-10-06    +1378.5%   
       SNMP    2023-07-31    +1371.2%   
       ABPO    2026-02-23    +1202.7%   
       GDC     2023-05-01    +1140.0%   
       AMAM    2022-12-09    +1007.3%   
       ELOX    2026-05-20     +998.0%   
       CALA    2023-05-22     +936.7%   
       PLAG    2026-08-11     +926.5%   
       SQBGQ   2021-11-17     +900.0%   
       DRCT    2024-12-23     +900.0%   
       DFDV    2025-04-07     +843.3%   
       VVOS    2023-11-29     +833.9%   
       INTEQ   2021-10-11     +800.0%   
       CPHI    2026-07-21     +790.1%   
     ↓ 같은 25건의 **직전 50일 평균 거래대금(억원)** — 하네스 문턱은 5.0
       ELOX    2026-03-18        0.00억  ← 문턱 미만(하네스가 안 삼)
       GLAE    2021-11-08        0.01억  ← 문턱 미만(하네스가 안 삼)
       INTEQ   2021-09-30        5.64억  
       GLAE    2021-11-11        0.02억  ← 문턱 미만(하네스가 안 삼)
       NMGX    2021-02-17        0.00억  ← 문턱 미만(하네스가 안 삼)
       GLAE    2021-11-23        0.01억  ← 문턱 미만(하네스가 안 삼)
       TPST    2023-10-11        1.78억  ← 문턱 미만(하네스가 안 삼)
       INHD    2026-06-08       31.00억  
       ORBS    2025-09-08       40.86억  
       MHLD    2025-05-28        2.59억  ← 문턱 미만(하네스가 안 삼)
       CERO    2025-06-09       28.56억  
       SPRB    2025-10-06        1.30억  ← 문턱 미만(하네스가 안 삼)
       SNMP    2023-07-31        0.27억  ← 문턱 미만(하네스가 안 삼)
       ABPO    2026-02-23       36.87억  
       GDC     2023-05-01        0.30억  ← 문턱 미만(하네스가 안 삼)
       AMAM    2022-12-09        0.79억  ← 문턱 미만(하네스가 안 삼)
       ELOX    2026-05-20        0.02억  ← 문턱 미만(하네스가 안 삼)
       CALA    2023-05-22        0.01억  ← 문턱 미만(하네스가 안 삼)
       PLAG    2026-08-11       13.51억  
       SQBGQ   2021-11-17        3.78억  ← 문턱 미만(하네스가 안 삼)
       DRCT    2024-12-23        3.83억  ← 문턱 미만(하네스가 안 삼)
       DFDV    2025-04-07        0.72억  ← 문턱 미만(하네스가 안 삼)
       VVOS    2023-11-29       24.17억  
       INTEQ   2021-10-11        5.52억  
       CPHI    2026-07-21       36.57억  
     → 상위 25건 중 **16건이 유동성 문턱 미만**

     ↓ 잔차 상위 6건 **원자료**(날짜 · close · closeunadj · volume)
       — ELOX 2026-03-18 (+109900.0%)
           2026-03-13  close       0.0010  unadj       0.0001  vol              0
           2026-03-16  close       0.0010  unadj       0.0001  vol              0
           2026-03-17  close       0.0010  unadj       0.0001  vol             90
           2026-03-18  close       1.1000  unadj       0.1000  vol           9300
           2026-03-19  close       1.5400  unadj       0.1400  vol           4200
           2026-03-20  close       1.5510  unadj       0.1410  vol           3300
       — GLAE 2021-11-08 (+35614.3%)
           2021-11-03  close      39.9500  unadj      39.9500  vol              0
           2021-11-04  close       0.0500  unadj       0.0500  vol              2
           2021-11-05  close       0.2100  unadj       0.2100  vol              1
           2021-11-08  close      75.0000  unadj      75.0000  vol            100
           2021-11-09  close       0.2100  unadj       0.2100  vol            305
           2021-11-10  close       1.0000  unadj       1.0000  vol              1
       — INTEQ 2021-09-30 (+8900.0%)
           2021-09-27  close       0.2680  unadj       0.2680  vol         157715
           2021-09-28  close       0.2200  unadj       0.2200  vol          56339
           2021-09-29  close       0.0010  unadj       0.0010  vol         437687
           2021-09-30  close       0.0900  unadj       0.0900  vol         289768
           2021-10-01  close       0.1000  unadj       0.1000  vol         279234
           2021-10-04  close       0.0100  unadj       0.0100  vol          39697
       — GLAE 2021-11-11 (+8900.0%)
           2021-11-08  close      75.0000  unadj      75.0000  vol            100
           2021-11-09  close       0.2100  unadj       0.2100  vol            305
           2021-11-10  close       1.0000  unadj       1.0000  vol              1
           2021-11-11  close      90.0000  unadj      90.0000  vol              0
           2021-11-12  close     199.9800  unadj     199.9800  vol             25
           2021-11-15  close       1.0700  unadj       1.0700  vol             20
       — NMGX 2021-02-17 (+4700.0%)
           2021-02-11  close       0.7000  unadj       0.7000  vol              0
           2021-02-12  close       0.7000  unadj       0.7000  vol              0
           2021-02-16  close       0.0150  unadj       0.0150  vol           2979
           2021-02-17  close       0.7200  unadj       0.7200  vol           2007
           2021-02-18  close       0.7200  unadj       0.7200  vol              0
           2021-02-19  close       0.9500  unadj       0.9500  vol           1376
       — GLAE 2021-11-23 (+4572.9%)
           2021-11-18  close       1.0700  unadj       1.0700  vol              0
           2021-11-19  close       1.0700  unadj       1.0700  vol              0
           2021-11-22  close       1.0700  unadj       1.0700  vol              4
           2021-11-23  close      50.0000  unadj      50.0000  vol              0
           2021-11-24  close      50.0000  unadj      50.0000  vol              0
           2021-11-26  close      50.0000  unadj      50.0000  vol              4

**G3′ 통과** (①② 기준)
⚠️ 남는 구멍: ①~③은 **Sharadar 가 표시한 분할만** 본다. 놓친 분할은 ④로만 보인다.
저장: .cache/bt5y/out/25-g3prime.json

--- 감시 결과 ---
자식 **peak working set 1.182 GB**
실행 중 **최저 여유 2.331 GB**
종료코드 0 · 경과 50초 · 중단여부 아니오
