  연장 경로 101개를 갈아끼웠다 (101개 중)
방아쇠 전수 경로 26508건 (연도별 2021:5542, 2022:3152, 2023:4795, 2024:5342, 2025:4475, 2026:3202)

========================================================================================
🚨 **0회차 재현 관문** — 오프라인 계산기가 하네스와 «항목별로» 같은가
========================================================================================
  항목                       오프라인            하네스             차이
  진입 수                     9138           9138              0  일치
  체결 수                      267            267              0  일치
  거래당(%)                -0.1518        -0.1518        -0.0000  일치
  자산 중앙(%)               -34.50         -34.50          +0.00  일치
  MDD(%)                 -54.99         -54.99           0.00  일치
  승률(%)                   28.95          28.95           0.00  일치
  연도별 진입 — 오프라인 {2021: 1967, 2022: 1112, 2023: 1503, 2024: 1804, 2025: 1533, 2026: 1219}
             하네스   {2021: 1967, 2022: 1112, 2023: 1503, 2024: 1804, 2025: 1533, 2026: 1219}
  거래 단위 대조 — 오프라인에만 0 · 하네스에만 0 · 수익률 다른 것 4

  🚨 **관문 미통과 — 1항목 어긋남. 이 계산기를 쓸 수 없다.**
    - ('거래 단위', 0, 0, 4)

  [자료끝] 0회차(−10% / +20% 전량) — 자료 끝까지 가서 미결 **484건** · 미실현 중앙 +1.10%
  [상한] 0회차(−10% / +20% 전량) — **250일 상한에 닿은 거래 0 / 9138 = 0.00%**
         → **2%% 미만 — 상한은 사실상 안 문다. 이 사실을 적고 넘어간다.**

저장: .cache/bt5y/out/39-round0-replay-gate.json
