방아쇠 전수 경로 26508건 (연도별 2021:5542, 2022:3152, 2023:4795, 2024:5342, 2025:4475, 2026:3202)

========================================================================================
🚨 **0회차 재현 관문** — 오프라인 계산기가 하네스와 «항목별로» 같은가
========================================================================================
  항목                       오프라인            하네스             차이
  진입 수                     9138           9138              0  일치
  체결 수                      269            267              2  🚨**불일치**
  거래당(%)                -0.1464        -0.1518        +0.0054  🚨**불일치**
  자산 중앙(%)               -34.95         -34.50          -0.45  🚨**불일치**
  MDD(%)                 -55.14         -54.99          -0.15  🚨**불일치**
  승률(%)                   28.82          28.95          -0.13  🚨**불일치**
  연도별 진입 — 오프라인 {2021: 1967, 2022: 1112, 2023: 1503, 2024: 1804, 2025: 1533, 2026: 1219}
             하네스   {2021: 1967, 2022: 1112, 2023: 1503, 2024: 1804, 2025: 1533, 2026: 1219}
  거래 단위 대조 — 오프라인에만 0 · 하네스에만 0 · 수익률 다른 것 9025

  🚨 **관문 미통과 — 6항목 어긋남. 이 계산기를 쓸 수 없다.**
    - ('체결 수', 269.0, 267.0, 2.0)
    - ('거래당(%)', -0.14639598711452093, -0.15178526097606748, 0.005389273861546556)
    - ('자산 중앙(%)', -34.951520329576134, -34.501384474492696, -0.45013585508343823)
    - ('MDD(%)', -55.14027864045572, -54.98695652872641, -0.15332211172930954)
    - ('승률(%)', 28.819591048917307, 28.948167425721103, -0.12857637680379597)
    - ('거래 단위', 0, 0, 9025)

  [상한] 0회차(−10% / +20% 전량) — **250일 상한에 닿은 거래 36 / 9138 = 0.39%**
         상한 시점 미실현 — 평균 +6.95% · 중앙 +6.81% · 최대 +18.12% · 플러스 86.1%
         → **2%% 미만 — 상한은 사실상 안 문다. 이 사실을 적고 넘어간다.**

저장: .cache/bt5y/out/39-round0-replay-gate.json
