시작 전 여유 1.780 GB
명령: python research/handoff/scripts/34-turnover-concentration.py us seasonal
🚨 **계절 정렬 모드** — 모든 해를 02-01 ~ 08-21 로 잘라 비교한다.

================================================================================================
US — 거래대금 총량과 쏠림 (연도별 · 억원 환산)
🚨 **문턱 통과는 「50일 평균」이 아니라 「그 해 일평균」 기준이다.**
   하네스는 `TURNOVER_WINDOW=50` 의 **평균**과 `MIN_TURNOVER_EOK` 를 견준다 →
   **통계 선택(평균/중앙)에 따라 통과율이 크게 흔들린다**(같은 자료를 중앙값으로 재면 82.8%→48.7%로 수준이 달라진다 · 변화율은 같다).
================================================================================================
  연도        거래일      종목수       일평균 총액       종목 중앙     상위50    상위100    상위500       문턱통과
  2021      141     4807     22448434     111.228    86.7%    89.0%    95.3%   4406(91.7%)
  2022      139     4843      6669049      76.428    57.1%    64.7%    86.4%   4048(83.6%)
  2023      139     4705      4401483      60.109    42.6%    52.5%    81.7%   3732(79.3%)
  2024      140     4510      5126112      75.289    45.6%    55.1%    82.7%   3649(80.9%)
  2025      139     4357      6666717     107.191    42.3%    52.2%    81.8%   3804(87.3%)
  2026      140     4210      8972953     168.411    45.4%    55.4%    82.4%   3776(89.7%)

  **고정 코호트** = 2021 내내 상장(출현 90%↑) + 2026 에도 생존(출현 50%↑) → **3186종목**
  연도           코호트수      코호트 중앙(억)  코호트 총액(억/일)       문턱통과
  2021         3183        180.133     22026170   3022(94.9%)
  2022         3186        137.031      6283931   2788(87.5%)
  2023         3186        120.252      4125258   2675(84.0%)
  2024         3185        141.187      4835361   2733(85.8%)
  2025         3186        176.453      6095495   2857(89.7%)
  2026         3186        261.020      8014590   2904(91.1%)
   → 코호트 중앙 180.133 → 261.020 (**+44.9%**) · 전체판 +51.4%
   → 코호트 문턱통과 94.9% → 91.1% · 전체판 91.7% → 89.7%

  **코호트 탈락분의 첫 해(2021) 거래대금 분포** — 「사라진 쪽이 마른 쪽인가」
   집단             종목        P25         중앙        P75       5억 미만 비율
   탈락분          1222     13.571     58.060    240.835          12.8%
   코호트          3183     37.635    180.133    774.149           5.1%
   → 탈락분 중앙이 코호트보다 **낮으면** 「사라진 쪽이 마른 쪽」이고, **고정 코호트는 마름을 과소평가**한다(= 우리 하락폭은 «최소값»이다).
   → **2026 시점에 있으나 첫 해엔 없던 종목(=그 사이 신규 상장) 760종목 · 중앙 53.644억 · 문턱통과 85.9%**

  **실질 판(회전율): 확인 불가** — 미국은 시가총액 자료가 없다(Sharadar SEP 은 가격만 · SF1 미구독).
   ⚠️ 코호트에서도 비슷하게 내려가면 **기존 종목의 거래가 실제로 말랐다.** 평평하면 **하락의 상당 부분이 신규 상장 희석**이다.

  **2021 → 2026 변화**
   일평균 총액 22448434 → 8972953 억원 (**-60.0%**)
   종목 중앙 일거래대금 111.228 → 168.411 억원 (**+51.4%**) · 문턱은 5.0억 고정
   상위50 비중 86.7% → 45.4% (**-41.3%p**)
   문턱 통과 종목 4406(91.7%) → 3776(89.7%)

  ⚠️ 총액이 늘었는데 통과가 줄면 **쏠림** · 총액도 줄었으면 **거래가 마른 것**이다. 뜻이 다르므로 하나로 뭉치지 않는다.

  **개별 종목 앵커 — 일평균 거래대금(억원 환산)**
   종목                   2021       2022       2023       2024       2025       2026
   AAPL Apple         152855     174205     128935     155822     156022     185759
   NVDA NVIDIA         75518     142127     206691     548544     395304     407161
   TSLA Tesla         247430     297018     384095     242909     423916     264598
   ⚠️ 자릿수를 눈으로 본다. 삼성전자가 조 단위(≥10,000억)면 맞고 억·십조 단위면 틀린 것이다.
   ⚠️ 쏠림이 맞다면 **대형주 축은 늘거나 유지**여야 한다. 대형주까지 줄었으면 쏠림이 아니라 시장 전체가 마른 것이다.
저장: .cache/bt5y/out/34-turnover-us-seasonal.json

--- 감시 결과 ---
자식 **peak working set 0.034 GB**
실행 중 **최저 여유 1.750 GB**
종료코드 0 · 경과 30초 · 중단여부 아니오
