시작 전 여유 3.163 GB
명령: python research/handoff/scripts/34-turnover-concentration.py us seasonal
🚨 **계절 정렬 모드** — 모든 해를 02-01 ~ 08-21 로 잘라 비교한다.
   f < 1e-02    :  276 종목
   f < 1e-03    :  150 종목
   f < 1e-04    :   68 종목
   f < 1e-05    :   41 종목
   f < 1e-06    :   22 종목
  🚨 **극단 역분할 언더플로 제외: 68 종목** (f < 1e-04)

================================================================================================
US — 거래대금 총량과 쏠림 (연도별 · 억원 환산)
🚨 **문턱 통과는 「50일 평균」이 아니라 「그 해 일평균」 기준이다.**
   하네스는 `TURNOVER_WINDOW=50` 의 **평균**과 `MIN_TURNOVER_EOK` 를 견준다 →
   **통계 선택(평균/중앙)에 따라 통과율이 크게 흔들린다**(같은 자료를 중앙값으로 재면 82.8%→48.7%로 수준이 달라진다 · 변화율은 같다).
================================================================================================
  연도        거래일      종목수       일평균 총액       종목 중앙     상위50    상위100    상위500       문턱통과
  2021      141     4761      4682660     111.936    37.0%    47.9%    77.9%   4362(91.6%)
  2022      139     4779      4715080      78.503    40.2%    50.7%    81.0%   4000(83.7%)
  2023      139     4640      4280678      62.900    41.5%    51.6%    81.3%   3687(79.5%)
  2024      140     4443      5115121      76.947    45.7%    55.2%    82.8%   3590(80.8%)
  2025      139     4293      6661211     110.393    42.3%    52.3%    81.8%   3744(87.2%)
  2026      140     4151      8969706     175.392    45.4%    55.4%    82.4%   3730(89.9%)

  **고정 코호트** = 2021 내내 상장(출현 90%↑) + 2026 에도 생존(출현 50%↑) → **3149종목**
  연도           코호트수      코호트 중앙(억)  코호트 총액(억/일)       문턱통과
  2021         3149        181.236      4261141   2988(94.9%)
  2022         3149        140.746      4335438   2760(87.6%)
  2023         3149        123.120      4005764   2652(84.2%)
  2024         3148        147.137      4825395   2700(85.8%)
  2025         3149        183.558      6092496   2821(89.6%)
  2026         3149        271.905      8012124   2875(91.3%)
   → 코호트 중앙 181.236 → 271.905 (**+50.0%**) · 전체판 +56.7%
   → 코호트 문턱통과 94.9% → 91.3% · 전체판 91.6% → 89.9%

  **코호트 탈락분의 첫 해(2021) 거래대금 분포** — 「사라진 쪽이 마른 쪽인가」
   집단             종목        P25         중앙        P75       5억 미만 비율
   탈락분          1215     13.571     58.140    242.072          12.9%
   코호트          3149     37.362    181.236    778.120           5.1%
   → 탈락분 중앙이 코호트보다 **낮으면** 「사라진 쪽이 마른 쪽」이고, **고정 코호트는 마름을 과소평가**한다(= 우리 하락폭은 «최소값»이다).
   → **2026 시점에 있으나 첫 해엔 없던 종목(=그 사이 신규 상장) 742종목 · 중앙 55.923억 · 문턱통과 86.1%**

  **실질 판(회전율): 확인 불가** — 미국은 시가총액 자료가 없다(Sharadar SEP 은 가격만 · SF1 미구독).
   ⚠️ 코호트에서도 비슷하게 내려가면 **기존 종목의 거래가 실제로 말랐다.** 평평하면 **하락의 상당 부분이 신규 상장 희석**이다.

  **2021 → 2026 변화**
   일평균 총액 4682660 → 8969706 억원 (**+91.6%**)
   종목 중앙 일거래대금 111.936 → 175.392 억원 (**+56.7%**) · 문턱은 5.0억 고정
   상위50 비중 37.0% → 45.4% (**+8.4%p**)
   문턱 통과 종목 4362(91.6%) → 3730(89.9%)

  ⚠️ 총액이 늘었는데 통과가 줄면 **쏠림** · 총액도 줄었으면 **거래가 마른 것**이다. 뜻이 다르므로 하나로 뭉치지 않는다.

  **개별 종목 앵커 — 일평균 거래대금(억원 환산)**
   종목                   2021       2022       2023       2024       2025       2026
   AAPL Apple         152855     174205     128935     155822     156022     185759
   NVDA NVIDIA         75518     142127     206691     548544     395304     407161
   TSLA Tesla         247430     297018     384095     242909     423916     264598
   ⚠️ 자릿수를 눈으로 본다. 삼성전자가 조 단위(≥10,000억)면 맞고 억·십조 단위면 틀린 것이다.
   ⚠️ 쏠림이 맞다면 **대형주 축은 늘거나 유지**여야 한다. 대형주까지 줄었으면 쏠림이 아니라 시장 전체가 마른 것이다.
저장: .cache/bt5y/out/34-turnover-us-seasonal.json

--- 감시 결과 ---
자식 **peak working set 0.035 GB**
실행 중 **최저 여유 3.114 GB**
종료코드 0 · 경과 60초 · 중단여부 아니오
