시작 전 여유 1.406 GB
명령: python research/handoff/scripts/35-extreme-adjust.py
========================================================================================
① 극단 역분할 f 분포 — **문턱을 옮기면 답이 바뀌는지 바로 보인다**
========================================================================================
  종목 5666 · 최소 f 의 분포
     f < 1e-02    : ** 276 종목**
     f < 1e-03    : ** 150 종목**
     f < 1e-04    : **  68 종목**
     f < 1e-05    : **  41 종목**
     f < 1e-06    : **  22 종목**
     f < 1e-09    : **   3 종목**

  🚨 **문턱 근거는 «언더플로 산수»다. 결과에 맞춘 값이 아니다.**
     수정 거래량 = 실제 × f. 실제 1e6주라면
       f = 1e-6 → 수정 1.0     **정보 완전 소실**
       f = 1e-4 → 수정 100     아직 여유가 있다 ← **보수적으로 여기서 자른다**
       f = 1e-3 → 수정 1,000   여유 충분
     **보수적으로 잡았다는 것 자체가 문턱이 결과 방향과 무관하다는 증거다.**
  → 제외 대상 **68 종목**

========================================================================================
② 하네스 오염 민감도 — **슬롯 시뮬 단계에서만**(재실행 없이)
========================================================================================
  미국 거래 9138 중 오염 종목 진입 **9건 (0.10%) · 5종목**
  무비용        원판     자산   -15.85% · 체결 267 · MDD -47.24% · 거래당 +0.3291%
             제외 후  자산   -16.05% · 체결 267 · MDD -47.45% · 거래당 +0.3293% · **차이 자산 -0.20%p · 거래당 +0.0002%p**
  한국-미래에셋    원판     자산   -34.50% · 체결 267 · MDD -54.99% · 거래당 -0.1518%
             제외 후  자산   -34.38% · 체결 267 · MDD -55.10% · 거래당 -0.1516% · **차이 자산 +0.13%p · 거래당 +0.0002%p**

  ⚠️ **한계: 이건 「그 거래들을 뺀 효과」만 잰다.** 유니버스에서 빼면
     `n_eval`·후보·진입 수가 다 바뀌는데 그건 **하네스 재실행이 있어야** 잰다.
     **헤드라인이 흔들리면 그때 33분을 쓴다.**

========================================================================================
③ 자릿수 검산 — **양 시장 짝으로**. 「단일 종목이 시장 총액의 몇 %를 먹었나」
========================================================================================
  시장 무관한 이상 탐지기다. 정합성 검산은 자료 오류를 못 잡는다 —
  **「이 값이 현실에서 가능한가」는 별도 검산이어야 한다.**

  [미국(원판)] 거래일 1396 — **단일 종목이 시장 총액에서 차지한 최대 비중**
     중앙 9.53% · 최대 **87.56%** (ADTX 2021-02-11)
      5% 초과 종목-일: **1335** (95.63%)
     10% 초과 종목-일: **644** (46.13%)
     25% 초과 종목-일: **344** (24.64%)
     50% 초과 종목-일: **219** (15.69%)
     상위 5: ADTX 2021-02-11 87.6% · ADTX 2021-02-12 87.2% · ADTX 2021-02-18 85.2% · ADTX 2021-02-16 84.9% · ADTX 2021-02-17 84.4%

  [미국(제외 후)] 거래일 1396 — **단일 종목이 시장 총액에서 차지한 최대 비중**
     중앙 7.08% · 최대 **20.57%** (NVDA 2024-06-06)
      5% 초과 종목-일: **1213** (86.89%)
     10% 초과 종목-일: **249** (17.84%)
     25% 초과 종목-일: **0** (0.00%)
     50% 초과 종목-일: **0** (0.00%)
     상위 5: NVDA 2024-06-06 20.6% · NVDA 2024-05-23 20.5% · NVDA 2024-03-08 20.4% · NVDA 2024-05-28 18.3% · TSLA 2023-07-03 17.8%

  [한국] 거래일 1360 — **단일 종목이 시장 총액에서 차지한 최대 비중**
     중앙 6.69% · 최대 **36.74%** (000660 2026-07-14)
      5% 초과 종목-일: **1082** (79.56%)
     10% 초과 종목-일: **286** (21.03%)
     25% 초과 종목-일: **34** (2.50%)
     50% 초과 종목-일: **0** (0.00%)
     상위 5: 000660 2026-07-14 36.7% · 000660 2026-07-03 35.4% · 000660 2026-06-25 34.4% · 000660 2026-07-13 33.7% · 000660 2026-06-26 33.4%

저장: .cache/bt5y/out/35-extreme-adjust.json

--- 감시 결과 ---
자식 **peak working set 0.052 GB**
실행 중 **최저 여유 0.943 GB**
종료코드 0 · 경과 165초 · 중단여부 아니오
