  연장 경로 101개를 갈아끼웠다 (101개 중)

============================================================================================
**0회차** — −10% 전량 / +20% 전량
============================================================================================
  진입 9138 · 차단 17370 · 다리 평균 1.00개
  [한계] 250일 상한 0 (0.00%) · 자료 끝 484 · 미결 미실현 중앙 +1.10%
  🚨 **양방향 관문**(분할 시뮬 vs 정본, seed 0~19): **통과 — 20 seed 전부 동일**
  [미국 실제(무비용)] 자산 중앙 -15.85% (5~95% -52.65 ~ +74.81) · MDD -47.24% · 체결 267
        거래당 +0.3291% (95% -0.7045 ~ +1.2453 · MDE 1.4333) · 목표도달 28.9% · 이익종료 38.0%
        노출 최대 130.3% (100% 이하여야 한다)
  [한국-미래에셋] 자산 중앙 -34.50% (5~95% -63.85 ~ +36.06) · MDD -54.99% · 체결 267
        거래당 -0.1518% (95% -1.1804 ~ +0.7600 · MDE 1.4264) · 목표도달 28.9% · 이익종료 38.0%
        노출 최대 131.5% (100% 이하여야 한다)

============================================================================================
**1a** — −8% / +20% 절반 / 본전→25일추격
============================================================================================
  진입 8820 · 차단 17688 · 다리 평균 1.28개
  [한계] 250일 상한 11 (0.12%) · 자료 끝 503 · 미결 미실현 중앙 +2.46%
  [미국 실제(무비용)] 자산 중앙 +21.04% (5~95% -29.42 ~ +117.79) · MDD -33.78% · 체결 211
        거래당 +0.4173% (95% -0.6482 ~ +1.4565 · MDE 1.5075) · 목표도달 27.8% · 이익종료 37.0%
        노출 최대 120.5% (100% 이하여야 한다)
  [한국-미래에셋] 자산 중앙 +0.19% (5~95% -43.13 ~ +83.10) · MDD -39.47% · 체결 211
        거래당 -0.0641% (95% -1.1244 ~ +0.9701 · MDE 1.5003) · 목표도달 27.8% · 이익종료 37.0%
        노출 최대 121.8% (100% 이하여야 한다)

============================================================================================
**1b** — −8% / +25% 절반 / 본전→25일추격
============================================================================================
  진입 8683 · 차단 17825 · 다리 평균 1.24개
  [한계] 250일 상한 32 (0.37%) · 자료 끝 520 · 미결 미실현 중앙 +2.86%
  [미국 실제(무비용)] 자산 중앙 +24.09% (5~95% -29.82 ~ +119.11) · MDD -32.78% · 체결 195
        거래당 +0.5478% (95% -0.6142 ~ +1.7032 · MDE 1.6575) · 목표도달 23.5% · 이익종료 33.3%
        노출 최대 136.6% (100% 이하여야 한다)
  [한국-미래에셋] 자산 중앙 +4.93% (5~95% -42.23 ~ +86.43) · MDD -37.95% · 체결 195
        거래당 +0.0659% (95% -1.0906 ~ +1.2157 · MDE 1.6495) · 목표도달 23.5% · 이익종료 33.3%
        노출 최대 138.2% (100% 이하여야 한다)

============================================================================================
**1c** — 부분없음 / −15% 고정추격
============================================================================================
  진입 8574 · 차단 17934 · 다리 평균 1.00개
  [한계] 250일 상한 82 (0.96%) · 자료 끝 548 · 미결 미실현 중앙 +3.01%
  [미국 실제(무비용)] 자산 중앙 +24.07% (5~95% -43.52 ~ +128.81) · MDD -43.85% · 체결 216
        거래당 +0.4052% (95% -0.7800 ~ +1.7141 · MDE 1.8134) · 목표도달 —(정의 없음) · 이익종료 41.1%
        노출 최대 128.2% (100% 이하여야 한다)
  [한국-미래에셋] 자산 중앙 +2.12% (5~95% -54.42 ~ +90.78) · MDD -48.81% · 체결 216
        거래당 -0.0760% (95% -1.2556 ~ +1.2266 · MDE 1.8047) · 목표도달 —(정의 없음) · 이익종료 41.1%
        노출 최대 129.3% (100% 이하여야 한다)

============================================================================================
**1d** — −6% / +20% 절반 / 본전→25일추격
============================================================================================
  진입 9718 · 차단 16790 · 다리 평균 1.22개
  [한계] 250일 상한 5 (0.05%) · 자료 끝 451 · 미결 미실현 중앙 +2.32%
  [미국 실제(무비용)] 자산 중앙 +0.77% (5~95% -43.65 ~ +96.45) · MDD -41.81% · 체결 286
        거래당 +0.2419% (95% -0.6331 ~ +1.0609 · MDE 1.2066) · 목표도달 20.3% · 이익종료 32.0%
        노출 최대 120.9% (100% 이하여야 한다)
  [한국-미래에셋] 자산 중앙 -22.74% (5~95% -57.90 ~ +55.07) · MDD -49.78% · 체결 286
        거래당 -0.2385% (95% -1.1094 ~ +0.5765 · MDE 1.2008) · 목표도달 20.3% · 이익종료 32.0%
        노출 최대 122.1% (100% 이하여야 한다)

============================================================================================
분해 — 산술 예측 vs 관측 (무비용 팔)
============================================================================================
  변형             체결         거래당        산술 예측           관측       **격차**
  0회차           267     0.3291%       17.58%      -15.85%      -33.42%p
  1a            211     0.4173%       17.61%       21.04%        3.43%p
  1b            195     0.5478%       21.36%       24.09%        2.73%p
  1c            216     0.4052%       17.55%       24.07%        6.53%p
  1d            286     0.2419%       13.81%        0.77%      -13.04%p
  ⚠️ 격차 = **분산 손실**(손실이 곱으로 겹치는 효과 + 슬롯 선택).

============================================================================================
두 문턱 — **본전 통과**(자산 5%% 하단 > 0) · **시장 통과**(지수 대비)
============================================================================================
  벤치마크: S&P500 +102.48% · 나스닥 +94.48%
            등가중 4판 — filt_daily +52.76% · filt_bh +3.99% · all_daily +83.21% · all_bh +523.83%
            ⚠️ **문턱에는 `filt_daily` 를 쓴다**(같은 유니버스·같은 일별 재배분). 넷 다 실었고 나중에 고르지 않는다.
  [미국 실제(무비용)]
    0회차      자산   -15.85% (하단   -52.65%) → 본전 미통과 · 시장 US50X IXICX 등가중:X
    1a       자산   +21.04% (하단   -29.42%) → 본전 미통과 · 시장 US50X IXICX 등가중:X
    1b       자산   +24.09% (하단   -29.82%) → 본전 미통과 · 시장 US50X IXICX 등가중:X
    1c       자산   +24.07% (하단   -43.52%) → 본전 미통과 · 시장 US50X IXICX 등가중:X
    1d       자산    +0.77% (하단   -43.65%) → 본전 미통과 · 시장 US50X IXICX 등가중:X
  [한국-미래에셋]
    0회차      자산   -34.50% (하단   -63.85%) → 본전 미통과 · 시장 US50X IXICX 등가중:X
    1a       자산    +0.19% (하단   -43.13%) → 본전 미통과 · 시장 US50X IXICX 등가중:X
    1b       자산    +4.93% (하단   -42.23%) → 본전 미통과 · 시장 US50X IXICX 등가중:X
    1c       자산    +2.12% (하단   -54.42%) → 본전 미통과 · 시장 US50X IXICX 등가중:X
    1d       자산   -22.74% (하단   -57.90%) → 본전 미통과 · 시장 US50X IXICX 등가중:X

============================================================================================
0회차 대비 — **증분**과 **누적**
============================================================================================
  [미국 실제(무비용)]  변형               누적(자산)     증분(vs 0회차)       거래당 증분
           0회차             -15.85%         +0.00%p     +0.0000%p
           1a              +21.04%        +36.88%p     +0.0881%p
           1b              +24.09%        +39.94%p     +0.2187%p
           1c              +24.07%        +39.92%p     +0.0761%p
           1d               +0.77%        +16.62%p     -0.0872%p
  [한국-미래에셋]  변형               누적(자산)     증분(vs 0회차)       거래당 증분
           0회차             -34.50%         +0.00%p     +0.0000%p
           1a               +0.19%        +34.69%p     +0.0877%p
           1b               +4.93%        +39.43%p     +0.2176%p
           1c               +2.12%        +36.63%p     +0.0758%p
           1d              -22.74%        +11.76%p     -0.0868%p
  ⚠️ **증분은 자산 중앙끼리의 차이지 「짝비교」가 아니다.** 같은 seed 짝비교는 별도 축이다.

저장: .cache/bt5y/out/41-round1.json
