  연장 경로 101개를 갈아끼웠다 (101개 중)

############################################################################################
# 현금제약 · 종가  (**헤드라인**)
#   칸 크기 = min(자산/5, 가용현금/빈칸) · 목표 체결 = 그날 종가 · 손절·추격 체결 = 종가
############################################################################################
  0회차    체결   267 · 무비용   -16.11% ( -52.78 ~  +74.74) MDD -46.61% · 한국   -34.13% · 거래당 +0.3291%
  1a     체결   211 · 무비용   +19.82% ( -28.50 ~ +117.67) MDD -33.46% · 한국    -0.78% · 거래당 +0.4173%
  1b     체결   195 · 무비용   +24.01% ( -29.69 ~ +119.28) MDD -32.91% · 한국    +4.47% · 거래당 +0.5478%
  1c     체결   216 · 무비용   +23.51% ( -42.30 ~ +131.19) MDD -42.09% · 한국    +1.99% · 거래당 +0.4052%
  1d     체결   286 · 무비용    +1.04% ( -43.18 ~  +96.52) MDD -40.87% · 한국   -22.14% · 거래당 +0.2419%

############################################################################################
# 현금제약 · 지정가목표  (부지표)
#   칸 크기 = min(자산/5, 가용현금/빈칸) · 목표 체결 = 목표가 정확히 · 손절·추격 체결 = 종가
############################################################################################
  0회차    체결   267 · 무비용   -24.79% ( -56.68 ~  +46.38) MDD -47.93% · 한국   -41.59% · 거래당 +0.0638%
  1a     체결   211 · 무비용   +15.52% ( -31.00 ~ +108.80) MDD -33.14% · 한국    -4.20% · 거래당 +0.2932%
  1b     체결   195 · 무비용   +20.94% ( -32.32 ~ +104.63) MDD -32.95% · 한국    +2.19% · 거래당 +0.4250%
  1c     체결   216 · 무비용   +23.51% ( -42.30 ~ +131.19) MDD -42.09% · 한국    +1.99% · 거래당 +0.4052%
  1d     체결   286 · 무비용    -2.77% ( -45.97 ~  +87.22) MDD -41.07% · 한국   -24.39% · 거래당 +0.1457%

############################################################################################
# 정본(자산÷5) · 종가  (옛 결과와의 연속성)
#   칸 크기 = 자산/5 · 목표 체결 = 그날 종가 · 손절·추격 체결 = 종가
############################################################################################
  🚨 **양방향 관문**(분할 시뮬 vs 정본, seed 0~19): **통과 — 20 seed 전부 동일**
  0회차    체결   267 · 무비용   -15.85% ( -52.65 ~  +74.81) MDD -47.24% · 한국   -34.50% · 거래당 +0.3291%
  1a     체결   211 · 무비용   +21.04% ( -29.42 ~ +117.79) MDD -33.78% · 한국    +0.19% · 거래당 +0.4173%
  1b     체결   195 · 무비용   +24.09% ( -29.82 ~ +119.11) MDD -32.78% · 한국    +4.93% · 거래당 +0.5478%
  1c     체결   216 · 무비용   +24.07% ( -43.52 ~ +128.81) MDD -43.85% · 한국    +2.12% · 거래당 +0.4052%
  1d     체결   286 · 무비용    +0.77% ( -43.65 ~  +96.45) MDD -41.81% · 한국   -22.74% · 거래당 +0.2419%

############################################################################################
# 정본(자산÷5) · 지정가목표  (참고)
#   칸 크기 = 자산/5 · 목표 체결 = 목표가 정확히 · 손절·추격 체결 = 종가
############################################################################################
  0회차    체결   267 · 무비용   -26.38% ( -57.26 ~  +49.03) MDD -49.10% · 한국   -43.32% · 거래당 +0.0638%
  1a     체결   211 · 무비용   +16.95% ( -32.10 ~ +111.11) MDD -33.80% · 한국    -3.40% · 거래당 +0.2932%
  1b     체결   195 · 무비용   +21.82% ( -32.59 ~ +108.07) MDD -33.30% · 한국    +1.83% · 거래당 +0.4250%
  1c     체결   216 · 무비용   +24.07% ( -43.52 ~ +128.81) MDD -43.85% · 한국    +2.12% · 거래당 +0.4052%
  1d     체결   286 · 무비용    -3.45% ( -46.63 ~  +90.93) MDD -41.90% · 한국   -25.65% · 거래당 +0.1457%

============================================================================================
🚨 **암묵적 레버리지의 값** = 정본판 − 현금제약판 (같은 체결 규약끼리)
============================================================================================
  [종가]  변형         현금제약(집행가능)        정본(없는돈)           차이
        미국 실제(   0회차           -16.11%        -15.85%       +0.26%p
        미국 실제(   1a            +19.82%        +21.04%       +1.22%p
        미국 실제(   1b            +24.01%        +24.09%       +0.09%p
        미국 실제(   1c            +23.51%        +24.07%       +0.57%p
        미국 실제(   1d             +1.04%         +0.77%       -0.27%p
        한국-미래에   0회차           -34.13%        -34.50%       -0.37%p
        한국-미래에   1a             -0.78%         +0.19%       +0.97%p
        한국-미래에   1b             +4.47%         +4.93%       +0.46%p
        한국-미래에   1c             +1.99%         +2.12%       +0.13%p
        한국-미래에   1d            -22.14%        -22.74%       -0.60%p
  [지정가]  변형         현금제약(집행가능)        정본(없는돈)           차이
        미국 실제(   0회차           -24.79%        -26.38%       -1.59%p
        미국 실제(   1a            +15.52%        +16.95%       +1.42%p
        미국 실제(   1b            +20.94%        +21.82%       +0.88%p
        미국 실제(   1c            +23.51%        +24.07%       +0.57%p
        미국 실제(   1d             -2.77%         -3.45%       -0.68%p
        한국-미래에   0회차           -41.59%        -43.32%       -1.72%p
        한국-미래에   1a             -4.20%         -3.40%       +0.80%p
        한국-미래에   1b             +2.19%         +1.83%       -0.36%p
        한국-미래에   1c             +1.99%         +2.12%       +0.13%p
        한국-미래에   1d            -24.39%        -25.65%       -1.26%p
  ⚠️ 차이가 **양수면 「없는 돈」이 성적을 부풀렸다**는 뜻이다.

============================================================================================
🚨 방아쇠선 대비 **종가 이격** — 「추격이 더 깎이는가」의 크기
============================================================================================
  변형     종류           n        중앙        평균       P10       P90
  0회차    목표        2918    -0.06%    +0.83%    -4.55%    +6.51%
  0회차    손절        5608    +0.04%    -0.31%    -3.85%    +3.35%
  1a     목표        2432    -0.04%    +0.90%    -4.49%    +6.58%
  1a     손절        5722    +0.10%    -0.25%    -3.72%    +3.25%
  1a     추격        1844    +0.04%    -0.23%    -4.94%    +4.38%
  1a     본전         486    +0.44%    -0.10%    -6.92%    +6.45%
  1a     예외         248    +1.12%    +1.95%    -3.71%    +8.79%
  1b     목표        2052    +0.04%    +1.04%    -4.33%    +6.66%
  1b     손절        5936    +0.11%    -0.27%    -3.74%    +3.30%
  1b     추격        1670    +0.02%    -0.25%    -5.16%    +4.77%
  1b     본전         277    +0.56%    -0.00%    -7.98%    +7.02%
  1b     예외         246    +1.12%    +1.97%    -3.71%    +8.79%
  1c     추격        7831    +0.19%    -0.19%    -4.16%    +4.11%
  1c     예외         113    +9.61%    +8.02%    -1.69%   +16.82%
  1d     목표        2113    -0.04%    +0.89%    -4.55%    +6.45%
  1d     손절        6482    +0.07%    -0.25%    -3.59%    +3.13%
  1d     추격        1616    +0.04%    -0.33%    -5.10%    +4.33%
  1d     본전         413    +0.44%    -0.03%    -6.67%    +6.33%
  1d     예외         744    +1.60%    +2.16%    -2.88%    +7.65%
  ⚠️ 음수 = **종가가 방아쇠선보다 아래**. 「가운데가 치우쳤나」와 「꼬리가 두꺼운가」를 갈라 본다.

============================================================================================
분해 — 산술 예측 vs 관측 (무비용 팔 · **헤드라인 = 현금제약·종가**)
============================================================================================
  변형             체결         거래당        산술 예측           관측       **격차**
  0회차           267     0.3291%       17.58%      -16.11%      -33.69%p
  1a            211     0.4173%       17.61%       19.82%        2.21%p
  1b            195     0.5478%       21.36%       24.01%        2.64%p
  1c            216     0.4052%       17.55%       23.51%        5.96%p
  1d            286     0.2419%       13.81%        1.04%      -12.77%p
  ⚠️ 산술 예측은 **칸 크기 20%%를 가정**한다. 현금제약판은 칸이 더 작을 수 있어 **예측 자체가 위로 치우친다**(격차의 일부는 그 탓이다).

============================================================================================
두 문턱 — 본전(자산 5% 하단 > 0) · **시장 = S&P500 +102.48%**
============================================================================================
  나스닥 +94.48% · 등가중 4판 filt_daily +52.76% · filt_bh +3.99% · all_daily +83.21% · all_bh +523.83%
  ⚠️ 등가중은 **130배 벌어져 문턱이 못 된다**. 전부 싣되 문턱은 S&P500 하나.
  ⚠️ **S&P500 은 시총가중 대형주 · 우리는 중소형 다섯 칸** — «귀속»이 아니라 **「이 돈으로 이게 최선이었나」의 잣대**다.
  [현금제약 · 종가]
    미국 실제(   0회차    자산   -16.11% (하단   -52.78%) → 본전 미통과 · 시장 미통과
    미국 실제(   1a     자산   +19.82% (하단   -28.50%) → 본전 미통과 · 시장 미통과
    미국 실제(   1b     자산   +24.01% (하단   -29.69%) → 본전 미통과 · 시장 미통과
    미국 실제(   1c     자산   +23.51% (하단   -42.30%) → 본전 미통과 · 시장 미통과
    미국 실제(   1d     자산    +1.04% (하단   -43.18%) → 본전 미통과 · 시장 미통과
    한국-미래에   0회차    자산   -34.13% (하단   -63.13%) → 본전 미통과 · 시장 미통과
    한국-미래에   1a     자산    -0.78% (하단   -41.68%) → 본전 미통과 · 시장 미통과
    한국-미래에   1b     자산    +4.47% (하단   -41.56%) → 본전 미통과 · 시장 미통과
    한국-미래에   1c     자산    +1.99% (하단   -53.46%) → 본전 미통과 · 시장 미통과
    한국-미래에   1d     자산   -22.14% (하단   -57.68%) → 본전 미통과 · 시장 미통과
  [현금제약 · 지정가목표]
    미국 실제(   0회차    자산   -24.79% (하단   -56.68%) → 본전 미통과 · 시장 미통과
    미국 실제(   1a     자산   +15.52% (하단   -31.00%) → 본전 미통과 · 시장 미통과
    미국 실제(   1b     자산   +20.94% (하단   -32.32%) → 본전 미통과 · 시장 미통과
    미국 실제(   1c     자산   +23.51% (하단   -42.30%) → 본전 미통과 · 시장 미통과
    미국 실제(   1d     자산    -2.77% (하단   -45.97%) → 본전 미통과 · 시장 미통과
    한국-미래에   0회차    자산   -41.59% (하단   -66.02%) → 본전 미통과 · 시장 미통과
    한국-미래에   1a     자산    -4.20% (하단   -44.47%) → 본전 미통과 · 시장 미통과
    한국-미래에   1b     자산    +2.19% (하단   -43.33%) → 본전 미통과 · 시장 미통과
    한국-미래에   1c     자산    +1.99% (하단   -53.46%) → 본전 미통과 · 시장 미통과
    한국-미래에   1d     자산   -24.39% (하단   -59.49%) → 본전 미통과 · 시장 미통과
  [정본(자산÷5) · 종가]
    미국 실제(   0회차    자산   -15.85% (하단   -52.65%) → 본전 미통과 · 시장 미통과
    미국 실제(   1a     자산   +21.04% (하단   -29.42%) → 본전 미통과 · 시장 미통과
    미국 실제(   1b     자산   +24.09% (하단   -29.82%) → 본전 미통과 · 시장 미통과
    미국 실제(   1c     자산   +24.07% (하단   -43.52%) → 본전 미통과 · 시장 미통과
    미국 실제(   1d     자산    +0.77% (하단   -43.65%) → 본전 미통과 · 시장 미통과
    한국-미래에   0회차    자산   -34.50% (하단   -63.85%) → 본전 미통과 · 시장 미통과
    한국-미래에   1a     자산    +0.19% (하단   -43.13%) → 본전 미통과 · 시장 미통과
    한국-미래에   1b     자산    +4.93% (하단   -42.23%) → 본전 미통과 · 시장 미통과
    한국-미래에   1c     자산    +2.12% (하단   -54.42%) → 본전 미통과 · 시장 미통과
    한국-미래에   1d     자산   -22.74% (하단   -57.90%) → 본전 미통과 · 시장 미통과
  [정본(자산÷5) · 지정가목표]
    미국 실제(   0회차    자산   -26.38% (하단   -57.26%) → 본전 미통과 · 시장 미통과
    미국 실제(   1a     자산   +16.95% (하단   -32.10%) → 본전 미통과 · 시장 미통과
    미국 실제(   1b     자산   +21.82% (하단   -32.59%) → 본전 미통과 · 시장 미통과
    미국 실제(   1c     자산   +24.07% (하단   -43.52%) → 본전 미통과 · 시장 미통과
    미국 실제(   1d     자산    -3.45% (하단   -46.63%) → 본전 미통과 · 시장 미통과
    한국-미래에   0회차    자산   -43.32% (하단   -66.91%) → 본전 미통과 · 시장 미통과
    한국-미래에   1a     자산    -3.40% (하단   -45.28%) → 본전 미통과 · 시장 미통과
    한국-미래에   1b     자산    +1.83% (하단   -44.43%) → 본전 미통과 · 시장 미통과
    한국-미래에   1c     자산    +2.12% (하단   -54.42%) → 본전 미통과 · 시장 미통과
    한국-미래에   1d     자산   -25.65% (하단   -59.87%) → 본전 미통과 · 시장 미통과

============================================================================================
0회차 대비 — 증분과 누적 · **네 조합 나란히**
============================================================================================
  [미국 실제(무비용)]
    변형                 현금제약(종가/지정가)               정본(종가/지정가)
    0회차    -16.11 (+0.00%p) / -24.79 (+0.00%p) -15.85 (+0.00%p) / -26.38 (+0.00%p)
    1a     +19.82 (+35.93%p) / +15.52 (+40.31%p) +21.04 (+36.88%p) / +16.95 (+43.32%p)
    1b     +24.01 (+40.12%p) / +20.94 (+45.73%p) +24.09 (+39.94%p) / +21.82 (+48.19%p)
    1c     +23.51 (+39.62%p) / +23.51 (+48.30%p) +24.07 (+39.92%p) / +24.07 (+50.45%p)
    1d     +1.04 (+17.15%p) / -2.77 (+22.02%p) +0.77 (+16.62%p) / -3.45 (+22.92%p)
  [한국-미래에셋]
    변형                 현금제약(종가/지정가)               정본(종가/지정가)
    0회차    -34.13 (+0.00%p) / -41.59 (+0.00%p) -34.50 (+0.00%p) / -43.32 (+0.00%p)
    1a     -0.78 (+33.35%p) / -4.20 (+37.39%p) +0.19 (+34.69%p) / -3.40 (+39.91%p)
    1b     +4.47 (+38.60%p) / +2.19 (+43.79%p) +4.93 (+39.43%p) / +1.83 (+45.14%p)
    1c     +1.99 (+36.12%p) / +1.99 (+43.59%p) +2.12 (+36.63%p) / +2.12 (+45.44%p)
    1d     -22.14 (+11.99%p) / -24.39 (+17.20%p) -22.74 (+11.76%p) / -25.65 (+17.67%p)
  ⚠️ **증분은 자산 중앙끼리의 차이지 짝비교가 아니다.**

저장: .cache/bt5y/out/41-round1.json
