  연장 경로 101개를 갈아끼웠다 (101개 중)

============================================================================================
① 노출 — **「현금이 모자란 적이 있나」**
============================================================================================
  변형       경로             자유현금 최솟값     옛 지표(비율)      최대 슬롯
  0회차      분할판          -0.143930       117.7%          5
           정본           -0.143930       117.7%   ← **정본에도 같이 걸린다**
  1a       분할판          -0.106620       114.0%          5
  1b       분할판          -0.184494       120.6%          5
  1c       분할판          -0.135503       120.5%          5
  1d       분할판          -0.071428       111.8%          5
  → **자유 현금 최솟값이 0 이상이면 실제 초과가 아니다**(비율이 100%%를 넘는 건 «청산 때만 자산을 갱신»하는 규약의 결과).

============================================================================================
② 추격 창이 앞머리에서 짧다 — 변형마다 얼마나 다른가
============================================================================================
  변형          추격 사용     창<25 인 것           비율      창 길이 중앙
  0회차             —   (추격 없음)
  1a          25915        15153        58.5%          17일
  1b          25915        14976        57.8%          18일
  1c          26227        13790        52.6%          23일
  1d          25016        16514        66.0%          12일
  ⚠️ 창이 25일보다 짧으면 추격선이 **느슨하다**(저가 최솟값을 덜 본다). **변형마다 비율이 다르면 그만큼 다르게 걸린다.**

============================================================================================
③ 시장 통과 문턱 = **S&P500** (등가중 넷은 130배 벌어져 문턱이 못 된다)
============================================================================================
  S&P500 +102.48% · 나스닥 +94.48%
  등가중 4판 — filt_daily +52.76% · filt_bh +3.99% · all_daily +83.21% · all_bh +523.83%
  ⚠️ **S&P500 은 시총가중 대형주이고 우리는 중소형 다섯 칸이다.**
     이건 «귀속»이 아니라 **「이 돈으로 이게 최선이었나」의 잣대**다.
  [미국 실제(무비용)]
    0회차    자산   -15.85% (하단   -52.65%) → 본전 미통과 · **시장(S&P500) 미통과**   [중앙만 보면 아래]
    1a     자산   +21.04% (하단   -29.42%) → 본전 미통과 · **시장(S&P500) 미통과**   [중앙만 보면 아래]
    1b     자산   +24.09% (하단   -29.82%) → 본전 미통과 · **시장(S&P500) 미통과**   [중앙만 보면 아래]
    1c     자산   +24.07% (하단   -43.52%) → 본전 미통과 · **시장(S&P500) 미통과**   [중앙만 보면 아래]
    1d     자산    +0.77% (하단   -43.65%) → 본전 미통과 · **시장(S&P500) 미통과**   [중앙만 보면 아래]
  [한국-미래에셋]
    0회차    자산   -34.50% (하단   -63.85%) → 본전 미통과 · **시장(S&P500) 미통과**   [중앙만 보면 아래]
    1a     자산    +0.19% (하단   -43.13%) → 본전 미통과 · **시장(S&P500) 미통과**   [중앙만 보면 아래]
    1b     자산    +4.93% (하단   -42.23%) → 본전 미통과 · **시장(S&P500) 미통과**   [중앙만 보면 아래]
    1c     자산    +2.12% (하단   -54.42%) → 본전 미통과 · **시장(S&P500) 미통과**   [중앙만 보면 아래]
    1d     자산   -22.74% (하단   -57.90%) → 본전 미통과 · **시장(S&P500) 미통과**   [중앙만 보면 아래]

저장: .cache/bt5y/out/42-checks.json
