  연장 경로 101개를 갈아끼웠다 (101개 중)

############################################################################################
# 종가판 — 목표 종가 · 손절·추격 종가
############################################################################################
  🚨 **양방향 관문**(위험/손절 20%·상한 20% · 현금규칙 per_slot → 현금제약 슬롯5): **통과** · 최대 상대 편차 1.441e-14
     ⚠️ 비트 단위 동일은 불가능하다 — 칸 크기를 `eq/5` vs `eq*0.02/0.10` 로 만들어 **부동소수점 경로가 다르다.** 문턱 1e-9 는 잡음(1e-14)보다 5자리 위다.

  [무비용]
    판              체결        자산 중앙        자산 5~95%(seed축)        MDD        거래당
    0회차           267      -16.11%     -52.78 ~   +74.74    -46.61%   +0.3291%
    1a            211      +19.82%     -28.50 ~  +117.67    -33.46%   +0.4173%
    2a            299       +9.85%     -34.12 ~   +92.73    -33.12%   +0.4173%
    자료 축(블록 20/40/80 · 가장 넓은 판이 헤드라인)
  0회차 총수익
    블록 20  (계열/블록  69.7개)  중앙    -25.17%  95%    -78.35 ~   +107.38  폭   185.73  0 포함
    블록 40  (계열/블록  34.9개)  중앙    -23.81%  95%    -77.99 ~   +120.11  폭   198.11  0 포함   ← 가장 넓음(헤드라인)
    블록 80  (계열/블록  17.4개)  중앙    -23.02%  95%    -75.93 ~   +117.77  폭   193.70  0 포함
  1a 총수익
    블록 20  (계열/블록  69.5개)  중앙    -10.06%  95%    -62.67 ~   +318.20  폭   380.88  0 포함   ← 가장 넓음(헤드라인)
    블록 40  (계열/블록  34.8개)  중앙    -10.10%  95%    -64.06 ~   +277.17  폭   341.23  0 포함
    블록 80  (계열/블록  17.4개)  중앙     -8.68%  95%    -65.05 ~   +255.76  폭   320.81  0 포함
  2a 총수익
    블록 20  (계열/블록  69.5개)  중앙    -15.40%  95%    -61.96 ~   +151.90  폭   213.86  0 포함
    블록 40  (계열/블록  34.8개)  중앙    -13.36%  95%    -62.80 ~   +165.52  폭   228.32  0 포함   ← 가장 넓음(헤드라인)
    블록 80  (계열/블록  17.4개)  중앙     -9.58%  95%    -59.28 ~   +155.34  폭   214.62  0 포함
    🚨 **주판정 — 짝비교(자료 축)**
  2a-0회차
    블록 20  (계열/블록  69.5개)  중앙    +15.30%  95%    -62.06 ~   +274.80  폭   336.86  0 포함
    블록 40  (계열/블록  34.8개)  중앙    +19.77%  95%    -63.14 ~   +293.81  폭   356.95  0 포함   ← 가장 넓음(헤드라인)
    블록 80  (계열/블록  17.4개)  중앙    +17.08%  95%    -58.93 ~   +249.11  폭   308.04  0 포함
  2a-1a
    블록 20  (계열/블록  69.5개)  중앙    -11.47%  95%    -56.47 ~    +80.45  폭   136.92  0 포함   ← 가장 넓음(헤드라인)
    블록 40  (계열/블록  34.8개)  중앙     -8.23%  95%    -55.82 ~    +78.78  폭   134.60  0 포함
    블록 80  (계열/블록  17.4개)  중앙     -2.56%  95%    -54.92 ~    +81.35  폭   136.28  0 포함
  1a-0회차
    블록 20  (계열/블록  69.5개)  중앙    +25.32%  95%    -63.75 ~   +441.00  폭   504.75  0 포함   ← 가장 넓음(헤드라인)
    블록 40  (계열/블록  34.8개)  중앙    +21.84%  95%    -62.00 ~   +423.75  폭   485.76  0 포함
    블록 80  (계열/블록  17.4개)  중앙    +18.84%  95%    -60.59 ~   +347.78  폭   408.37  0 포함
    동시 보유 수 — 평균 6.83 · P10 6 · 중앙 7 · P90 8 · 최대 11
      미너비니 「4~8종목」 대비: 중앙 7 · **평균만 보면 안 된다**
    위험목표 초과 — 평균 +0.4761%p · 건수 90 · 현금 부족 진입 차단 8521회
      ⚠️ **1.25%%는 «계획된» 위험이다.** 갭다운이면 손절선보다 아래에서 나가므로 실제 손실이 더 크다.
    자유 현금 최솟값 +0.000004 (음수면 초과 투자)
    🚨 로그 축 검산: 누적 0.269638 vs 증분 합 0.269638 · 차 0.00e+00  **일치**

  [한국-미래에셋]
    판              체결        자산 중앙        자산 5~95%(seed축)        MDD        거래당
    0회차           267      -34.13%     -63.13 ~   +36.70    -53.58%   -0.1518%
    1a            211       -0.78%     -41.68 ~   +84.93    -39.25%   -0.0641%
    2a            296      -11.17%     -46.01 ~   +48.62    -40.70%   -0.0641%
    자료 축(블록 20/40/80 · 가장 넓은 판이 헤드라인)
  0회차 총수익
    블록 20  (계열/블록  69.7개)  중앙    -40.82%  95%    -83.11 ~    +64.89  폭   148.00  0 포함
    블록 40  (계열/블록  34.9개)  중앙    -40.40%  95%    -82.64 ~    +75.09  폭   157.73  0 포함
    블록 80  (계열/블록  17.4개)  중앙    -38.58%  95%    -81.33 ~    +78.10  폭   159.44  0 포함   ← 가장 넓음(헤드라인)
  1a 총수익
    블록 20  (계열/블록  69.5개)  중앙    -25.19%  95%    -70.15 ~   +261.48  폭   331.63  0 포함   ← 가장 넓음(헤드라인)
    블록 40  (계열/블록  34.8개)  중앙    -25.96%  95%    -70.97 ~   +223.09  폭   294.06  0 포함
    블록 80  (계열/블록  17.4개)  중앙    -24.00%  95%    -71.17 ~   +218.65  폭   289.82  0 포함
  2a 총수익
    블록 20  (계열/블록  69.5개)  중앙    -25.91%  95%    -66.62 ~   +106.81  폭   173.44  0 포함
    블록 40  (계열/블록  34.8개)  중앙    -25.80%  95%    -70.49 ~   +118.29  폭   188.78  0 포함   ← 가장 넓음(헤드라인)
    블록 80  (계열/블록  17.4개)  중앙    -23.26%  95%    -69.20 ~   +115.62  폭   184.83  0 포함
    🚨 **주판정 — 짝비교(자료 축)**
  2a-0회차
    블록 20  (계열/블록  69.5개)  중앙    +29.98%  95%    -62.94 ~   +318.12  폭   381.06  0 포함
    블록 40  (계열/블록  34.8개)  중앙    +28.31%  95%    -62.01 ~   +334.05  폭   396.06  0 포함   ← 가장 넓음(헤드라인)
    블록 80  (계열/블록  17.4개)  중앙    +28.00%  95%    -56.24 ~   +309.86  폭   366.11  0 포함
  2a-1a
    블록 20  (계열/블록  69.5개)  중앙     -6.57%  95%    -58.66 ~   +101.80  폭   160.46  0 포함
    블록 40  (계열/블록  34.8개)  중앙     -6.55%  95%    -55.30 ~    +97.62  폭   152.92  0 포함
    블록 80  (계열/블록  17.4개)  중앙     -2.54%  95%    -53.97 ~   +109.93  폭   163.90  0 포함   ← 가장 넓음(헤드라인)
  1a-0회차
    블록 20  (계열/블록  69.5개)  중앙    +32.46%  95%    -61.94 ~   +477.65  폭   539.58  0 포함
    블록 40  (계열/블록  34.8개)  중앙    +28.46%  95%    -61.28 ~   +484.08  폭   545.36  0 포함   ← 가장 넓음(헤드라인)
    블록 80  (계열/블록  17.4개)  중앙    +24.71%  95%    -60.49 ~   +399.33  폭   459.82  0 포함
    동시 보유 수 — 평균 6.80 · P10 6 · 중앙 7 · P90 8 · 최대 12
      미너비니 「4~8종목」 대비: 중앙 7 · **평균만 보면 안 된다**
    위험목표 초과 — 평균 +0.4832%p · 건수 88 · 현금 부족 진입 차단 8524회
      ⚠️ **1.25%%는 «계획된» 위험이다.** 갭다운이면 손절선보다 아래에서 나가므로 실제 손실이 더 크다.
    자유 현금 최솟값 +0.000001 (음수면 초과 투자)
    🚨 로그 축 검산: 누적 0.298958 vs 증분 합 0.298958 · 차 0.00e+00  **일치**

############################################################################################
# 실집행 근사판 — 목표 max(목표가,시가) · 손절·추격 min(선,시가)
############################################################################################

  [무비용]
    판              체결        자산 중앙        자산 5~95%(seed축)        MDD        거래당
    0회차           267      -22.65%     -57.78 ~   +51.72    -47.54%   +0.2260%
    1a            211      +15.18%     -30.86 ~   +97.56    -32.07%   +0.2440%
    2a            296       +6.58%     -31.15 ~   +81.07    -32.33%   +0.2440%
    자료 축(블록 20/40/80 · 가장 넓은 판이 헤드라인)
  0회차 총수익
    블록 20  (계열/블록  69.7개)  중앙    -32.39%  95%    -79.66 ~    +93.57  폭   173.23  0 포함
    블록 40  (계열/블록  34.9개)  중앙    -31.16%  95%    -81.78 ~   +111.49  폭   193.27  0 포함
    블록 80  (계열/블록  17.4개)  중앙    -29.32%  95%    -78.12 ~   +125.48  폭   203.60  0 포함   ← 가장 넓음(헤드라인)
  1a 총수익
    블록 20  (계열/블록  69.5개)  중앙     -6.53%  95%    -62.54 ~   +304.47  폭   367.00  0 포함   ← 가장 넓음(헤드라인)
    블록 40  (계열/블록  34.8개)  중앙     -6.77%  95%    -61.23 ~   +272.24  폭   333.46  0 포함
    블록 80  (계열/블록  17.4개)  중앙     -2.65%  95%    -61.95 ~   +245.91  폭   307.86  0 포함
  2a 총수익
    블록 20  (계열/블록  69.5개)  중앙     +1.53%  95%    -60.51 ~   +164.63  폭   225.14  0 포함
    블록 40  (계열/블록  34.8개)  중앙     -1.41%  95%    -60.66 ~   +180.41  폭   241.07  0 포함
    블록 80  (계열/블록  17.4개)  중앙     +5.49%  95%    -60.05 ~   +187.75  폭   247.81  0 포함   ← 가장 넓음(헤드라인)
    🚨 **주판정 — 짝비교(자료 축)**
  2a-0회차
    블록 20  (계열/블록  69.5개)  중앙    +53.30%  95%    -51.70 ~   +425.85  폭   477.54  0 포함   ← 가장 넓음(헤드라인)
    블록 40  (계열/블록  34.8개)  중앙    +51.67%  95%    -54.58 ~   +414.28  폭   468.86  0 포함
    블록 80  (계열/블록  17.4개)  중앙    +50.74%  95%    -51.48 ~   +371.15  폭   422.63  0 포함
  2a-1a
    블록 20  (계열/블록  69.5개)  중앙     +2.27%  95%    -54.43 ~   +110.63  폭   165.06  0 포함
    블록 40  (계열/블록  34.8개)  중앙     +2.43%  95%    -49.50 ~    +99.83  폭   149.33  0 포함
    블록 80  (계열/블록  17.4개)  중앙     +4.29%  95%    -46.68 ~   +126.58  폭   173.25  0 포함   ← 가장 넓음(헤드라인)
  1a-0회차
    블록 20  (계열/블록  69.5개)  중앙    +46.12%  95%    -59.01 ~   +562.78  폭   621.79  0 포함   ← 가장 넓음(헤드라인)
    블록 40  (계열/블록  34.8개)  중앙    +46.58%  95%    -55.64 ~   +527.37  폭   583.01  0 포함
    블록 80  (계열/블록  17.4개)  중앙    +39.04%  95%    -57.28 ~   +421.10  폭   478.39  0 포함
    동시 보유 수 — 평균 6.83 · P10 6 · 중앙 7 · P90 8 · 최대 11
      미너비니 「4~8종목」 대비: 중앙 7 · **평균만 보면 안 된다**
    위험목표 초과 — 평균 +0.5467%p · 건수 26 · 현금 부족 진입 차단 8524회
      ⚠️ **1.25%%는 «계획된» 위험이다.** 갭다운이면 손절선보다 아래에서 나가므로 실제 손실이 더 크다.
    자유 현금 최솟값 +0.000001 (음수면 초과 투자)
    🚨 로그 축 검산: 누적 0.320600 vs 증분 합 0.320600 · 차 0.00e+00  **일치**

  [한국-미래에셋]
    판              체결        자산 중앙        자산 5~95%(seed축)        MDD        거래당
    0회차           267      -40.07%     -66.94 ~   +18.57    -55.50%   -0.2544%
    1a            211       -4.37%     -44.56 ~   +66.08    -37.64%   -0.2365%
    2a            296      -15.52%     -46.66 ~   +53.62    -39.92%   -0.2365%
    자료 축(블록 20/40/80 · 가장 넓은 판이 헤드라인)
  0회차 총수익
    블록 20  (계열/블록  69.7개)  중앙    -46.97%  95%    -84.33 ~    +54.81  폭   139.14  0 포함
    블록 40  (계열/블록  34.9개)  중앙    -45.92%  95%    -85.41 ~    +66.33  폭   151.75  0 포함
    블록 80  (계열/블록  17.4개)  중앙    -43.67%  95%    -83.33 ~    +87.03  폭   170.36  0 포함   ← 가장 넓음(헤드라인)
  1a 총수익
    블록 20  (계열/블록  69.5개)  중앙    -23.24%  95%    -69.54 ~   +245.08  폭   314.62  0 포함   ← 가장 넓음(헤드라인)
    블록 40  (계열/블록  34.8개)  중앙    -22.39%  95%    -68.70 ~   +218.85  폭   287.55  0 포함
    블록 80  (계열/블록  17.4개)  중앙    -19.42%  95%    -68.97 ~   +202.11  폭   271.08  0 포함
  2a 총수익
    블록 20  (계열/블록  69.5개)  중앙    -25.52%  95%    -67.63 ~   +142.70  폭   210.33  0 포함
    블록 40  (계열/블록  34.8개)  중앙    -23.44%  95%    -67.87 ~   +143.99  폭   211.86  0 포함   ← 가장 넓음(헤드라인)
    블록 80  (계열/블록  17.4개)  중앙    -20.07%  95%    -68.21 ~   +140.64  폭   208.86  0 포함
    🚨 **주판정 — 짝비교(자료 축)**
  2a-0회차
    블록 20  (계열/블록  69.5개)  중앙    +51.57%  95%    -55.62 ~   +473.20  폭   528.82  0 포함   ← 가장 넓음(헤드라인)
    블록 40  (계열/블록  34.8개)  중앙    +50.77%  95%    -57.94 ~   +452.32  폭   510.27  0 포함
    블록 80  (계열/블록  17.4개)  중앙    +45.20%  95%    -55.23 ~   +404.32  폭   459.55  0 포함
  2a-1a
    블록 20  (계열/블록  69.5개)  중앙     -4.70%  95%    -51.23 ~    +89.29  폭   140.53  0 포함
    블록 40  (계열/블록  34.8개)  중앙     -5.84%  95%    -47.73 ~    +91.14  폭   138.87  0 포함
    블록 80  (계열/블록  17.4개)  중앙     -3.11%  95%    -49.15 ~    +94.02  폭   143.18  0 포함   ← 가장 넓음(헤드라인)
  1a-0회차
    블록 20  (계열/블록  69.5개)  중앙    +55.46%  95%    -57.03 ~   +622.22  폭   679.26  0 포함   ← 가장 넓음(헤드라인)
    블록 40  (계열/블록  34.8개)  중앙    +55.16%  95%    -55.19 ~   +594.70  폭   649.90  0 포함
    블록 80  (계열/블록  17.4개)  중앙    +46.06%  95%    -56.78 ~   +457.55  폭   514.32  0 포함
    동시 보유 수 — 평균 6.80 · P10 6 · 중앙 7 · P90 8 · 최대 11
      미너비니 「4~8종목」 대비: 중앙 7 · **평균만 보면 안 된다**
    위험목표 초과 — 평균 +0.5481%p · 건수 27 · 현금 부족 진입 차단 8524회
      ⚠️ **1.25%%는 «계획된» 위험이다.** 갭다운이면 손절선보다 아래에서 나가므로 실제 손실이 더 크다.
    자유 현금 최솟값 +0.000002 (음수면 초과 투자)
    🚨 로그 축 검산: 누적 0.343273 vs 증분 합 0.343273 · 차 0.00e+00  **일치**

  🚨 짝비교 **날짜 축 정렬** — 360회 정렬 · 첫 건: 합집합 1394일 · 양쪽 공통 1391일(99.8%) · 변형에만 0일 · 0회차에만 3일
     ⚠️ 버려진 날은 없다(합집합). 한쪽에만 있는 날은 **직전 값을 끌어온다**(그날 손익이 없다는 뜻). 끌어온 비율이 크면 그 자체가 한계다.

저장: .cache/bt5y/out/43-round2.json
