  연장 경로 101개를 갈아끼웠다 (101개 중)

############################################################################################
# 종가판 — 목표 종가 · 손절·추격 종가
############################################################################################
  🚨 **양방향 관문**(위험/손절 20%·상한 20% · 현금규칙 per_slot → 현금제약 슬롯5): **통과** · 최대 상대 편차 1.441e-14
     ⚠️ 비트 단위 동일은 불가능하다 — 칸 크기를 `eq/5` vs `eq*0.02/0.10` 로 만들어 **부동소수점 경로가 다르다.** 문턱 1e-9 는 잡음(1e-14)보다 5자리 위다.

  [무비용]
    판              체결        자산 중앙        자산 5~95%(seed축)        MDD        거래당
    0회차           267      -16.11%     -52.78 ~   +74.74    -46.61%   +0.3291%
    1a            211      +19.82%     -28.50 ~  +117.67    -33.46%   +0.4173%
    2a            604      +13.42%     -28.92 ~   +76.14    -31.65%   +0.4173%
    자료 축(블록 20/40/80 · 가장 넓은 판이 헤드라인)
  0회차 총수익
    블록 20  (계열/블록  69.7개)  중앙    -25.17%  95%    -78.35 ~   +107.38  폭   185.73  0 포함
    블록 40  (계열/블록  34.9개)  중앙    -23.81%  95%    -77.99 ~   +120.11  폭   198.11  0 포함   ← 가장 넓음(헤드라인)
    블록 80  (계열/블록  17.4개)  중앙    -23.02%  95%    -75.93 ~   +117.77  폭   193.70  0 포함
  1a 총수익
    블록 20  (계열/블록  69.5개)  중앙    -10.06%  95%    -62.67 ~   +318.20  폭   380.88  0 포함   ← 가장 넓음(헤드라인)
    블록 40  (계열/블록  34.8개)  중앙    -10.10%  95%    -64.06 ~   +277.17  폭   341.23  0 포함
    블록 80  (계열/블록  17.4개)  중앙     -8.68%  95%    -65.05 ~   +255.76  폭   320.81  0 포함
  2a 총수익
    블록 20  (계열/블록  69.5개)  중앙     -5.07%  95%    -54.27 ~   +205.00  폭   259.27  0 포함
    블록 40  (계열/블록  34.8개)  중앙     -4.15%  95%    -59.59 ~   +211.87  폭   271.46  0 포함   ← 가장 넓음(헤드라인)
    블록 80  (계열/블록  17.4개)  중앙     -1.49%  95%    -59.02 ~   +200.43  폭   259.45  0 포함
    🚨 **주판정 — 짝비교(자료 축)**
  2a-0회차
    블록 20  (계열/블록  69.5개)  중앙    +34.86%  95%    -58.09 ~   +347.05  폭   405.14  0 포함
    블록 40  (계열/블록  34.8개)  중앙    +33.41%  95%    -57.75 ~   +360.66  폭   418.41  0 포함   ← 가장 넓음(헤드라인)
    블록 80  (계열/블록  17.4개)  중앙    +32.60%  95%    -56.08 ~   +314.28  폭   370.36  0 포함
  2a-1a
    블록 20  (계열/블록  69.5개)  중앙     +4.50%  95%    -41.81 ~    +92.27  폭   134.07  0 포함   ← 가장 넓음(헤드라인)
    블록 40  (계열/블록  34.8개)  중앙     +3.37%  95%    -41.55 ~    +87.40  폭   128.96  0 포함
    블록 80  (계열/블록  17.4개)  중앙     +6.74%  95%    -40.25 ~    +91.34  폭   131.60  0 포함
  1a-0회차
    블록 20  (계열/블록  69.5개)  중앙    +25.32%  95%    -63.75 ~   +441.00  폭   504.75  0 포함   ← 가장 넓음(헤드라인)
    블록 40  (계열/블록  34.8개)  중앙    +21.84%  95%    -62.00 ~   +423.75  폭   485.76  0 포함
    블록 80  (계열/블록  17.4개)  중앙    +18.84%  95%    -60.59 ~   +347.78  폭   408.37  0 포함
    동시 보유 수 — 평균 13.75 · P10 9 · 중앙 13 · P90 19 · 최대 31
      미너비니 「4~8종목」 대비: 중앙 13 · **평균만 보면 안 된다**
    위험목표 초과 — 평균 +24.5714%p · 건수 186 · 현금 부족 진입 차단 8216회
      ⚠️ **1.25%%는 «계획된» 위험이다.** 갭다운이면 손절선보다 아래에서 나가므로 실제 손실이 더 크다.
    자유 현금 최솟값 -0.000000 (음수면 초과 투자)
    🚨 로그 축 검산: 누적 0.301619 vs 증분 합 0.301619 · 차 0.00e+00  **일치**

  [한국-미래에셋]
    판              체결        자산 중앙        자산 5~95%(seed축)        MDD        거래당
    0회차           267      -34.13%     -63.13 ~   +36.70    -53.58%   -0.1518%
    1a            211       -0.78%     -41.68 ~   +84.93    -39.25%   -0.0641%
    2a            601       -9.03%     -42.76 ~   +41.74    -38.62%   -0.0641%
    자료 축(블록 20/40/80 · 가장 넓은 판이 헤드라인)
  0회차 총수익
    블록 20  (계열/블록  69.7개)  중앙    -40.82%  95%    -83.11 ~    +64.89  폭   148.00  0 포함
    블록 40  (계열/블록  34.9개)  중앙    -40.40%  95%    -82.64 ~    +75.09  폭   157.73  0 포함
    블록 80  (계열/블록  17.4개)  중앙    -38.58%  95%    -81.33 ~    +78.10  폭   159.44  0 포함   ← 가장 넓음(헤드라인)
  1a 총수익
    블록 20  (계열/블록  69.5개)  중앙    -25.19%  95%    -70.15 ~   +261.48  폭   331.63  0 포함   ← 가장 넓음(헤드라인)
    블록 40  (계열/블록  34.8개)  중앙    -25.96%  95%    -70.97 ~   +223.09  폭   294.06  0 포함
    블록 80  (계열/블록  17.4개)  중앙    -24.00%  95%    -71.17 ~   +218.65  폭   289.82  0 포함
  2a 총수익
    블록 20  (계열/블록  69.5개)  중앙    -23.38%  95%    -63.77 ~   +149.94  폭   213.71  0 포함
    블록 40  (계열/블록  34.8개)  중앙    -22.33%  95%    -67.93 ~   +160.39  폭   228.32  0 포함   ← 가장 넓음(헤드라인)
    블록 80  (계열/블록  17.4개)  중앙    -20.01%  95%    -67.31 ~   +149.64  폭   216.95  0 포함
    🚨 **주판정 — 짝비교(자료 축)**
  2a-0회차
    블록 20  (계열/블록  69.5개)  중앙    +38.32%  95%    -57.52 ~   +361.45  폭   418.96  0 포함
    블록 40  (계열/블록  34.8개)  중앙    +36.75%  95%    -58.01 ~   +370.23  폭   428.24  0 포함   ← 가장 넓음(헤드라인)
    블록 80  (계열/블록  17.4개)  중앙    +36.41%  95%    -56.95 ~   +322.98  폭   379.93  0 포함
  2a-1a
    블록 20  (계열/블록  69.5개)  중앙     +0.95%  95%    -44.54 ~    +89.10  폭   133.63  0 포함   ← 가장 넓음(헤드라인)
    블록 40  (계열/블록  34.8개)  중앙     +0.73%  95%    -44.20 ~    +86.09  폭   130.29  0 포함
    블록 80  (계열/블록  17.4개)  중앙     +3.63%  95%    -42.28 ~    +87.48  폭   129.76  0 포함
  1a-0회차
    블록 20  (계열/블록  69.5개)  중앙    +32.46%  95%    -61.94 ~   +477.65  폭   539.58  0 포함
    블록 40  (계열/블록  34.8개)  중앙    +28.46%  95%    -61.28 ~   +484.08  폭   545.36  0 포함   ← 가장 넓음(헤드라인)
    블록 80  (계열/블록  17.4개)  중앙    +24.71%  95%    -60.49 ~   +399.33  폭   459.82  0 포함
    동시 보유 수 — 평균 13.70 · P10 9 · 중앙 13 · P90 19 · 최대 31
      미너비니 「4~8종목」 대비: 중앙 13 · **평균만 보면 안 된다**
    위험목표 초과 — 평균 +24.5362%p · 건수 186 · 현금 부족 진입 차단 8219회
      ⚠️ **1.25%%는 «계획된» 위험이다.** 갭다운이면 손절선보다 아래에서 나가므로 실제 손실이 더 크다.
    자유 현금 최솟값 -0.000000 (음수면 초과 투자)
    🚨 로그 축 검산: 누적 0.322767 vs 증분 합 0.322767 · 차 0.00e+00  **일치**

############################################################################################
# 실집행 근사판 — 목표 max(목표가,시가) · 손절·추격 min(선,시가)
############################################################################################

  [무비용]
    판              체결        자산 중앙        자산 5~95%(seed축)        MDD        거래당
    0회차           267      -22.65%     -57.78 ~   +51.72    -47.54%   +0.2260%
    1a            211      +15.18%     -30.86 ~   +97.56    -32.07%   +0.2440%
    2a            602       +8.54%     -30.41 ~   +56.92    -31.27%   +0.2440%
    자료 축(블록 20/40/80 · 가장 넓은 판이 헤드라인)
  0회차 총수익
    블록 20  (계열/블록  69.7개)  중앙    -32.39%  95%    -79.66 ~    +93.57  폭   173.23  0 포함
    블록 40  (계열/블록  34.9개)  중앙    -31.16%  95%    -81.78 ~   +111.49  폭   193.27  0 포함
    블록 80  (계열/블록  17.4개)  중앙    -29.32%  95%    -78.12 ~   +125.48  폭   203.60  0 포함   ← 가장 넓음(헤드라인)
  1a 총수익
    블록 20  (계열/블록  69.5개)  중앙     -6.53%  95%    -62.54 ~   +304.47  폭   367.00  0 포함   ← 가장 넓음(헤드라인)
    블록 40  (계열/블록  34.8개)  중앙     -6.77%  95%    -61.23 ~   +272.24  폭   333.46  0 포함
    블록 80  (계열/블록  17.4개)  중앙     -2.65%  95%    -61.95 ~   +245.91  폭   307.86  0 포함
  2a 총수익
    블록 20  (계열/블록  69.5개)  중앙     -8.47%  95%    -56.43 ~   +189.17  폭   245.60  0 포함
    블록 40  (계열/블록  34.8개)  중앙     -5.06%  95%    -57.14 ~   +192.67  폭   249.81  0 포함   ← 가장 넓음(헤드라인)
    블록 80  (계열/블록  17.4개)  중앙     -3.87%  95%    -56.78 ~   +181.04  폭   237.82  0 포함
    🚨 **주판정 — 짝비교(자료 축)**
  2a-0회차
    블록 20  (계열/블록  69.5개)  중앙    +47.43%  95%    -56.57 ~   +387.60  폭   444.17  0 포함
    블록 40  (계열/블록  34.8개)  중앙    +41.99%  95%    -53.82 ~   +420.14  폭   473.97  0 포함   ← 가장 넓음(헤드라인)
    블록 80  (계열/블록  17.4개)  중앙    +41.15%  95%    -55.52 ~   +348.80  폭   404.32  0 포함
  2a-1a
    블록 20  (계열/블록  69.5개)  중앙     -2.77%  95%    -46.82 ~    +85.73  폭   132.56  0 포함
    블록 40  (계열/블록  34.8개)  중앙     -3.25%  95%    -47.31 ~    +81.30  폭   128.61  0 포함
    블록 80  (계열/블록  17.4개)  중앙     +0.15%  95%    -46.32 ~    +93.14  폭   139.46  0 포함   ← 가장 넓음(헤드라인)
  1a-0회차
    블록 20  (계열/블록  69.5개)  중앙    +46.12%  95%    -59.01 ~   +562.78  폭   621.79  0 포함   ← 가장 넓음(헤드라인)
    블록 40  (계열/블록  34.8개)  중앙    +46.58%  95%    -55.64 ~   +527.37  폭   583.01  0 포함
    블록 80  (계열/블록  17.4개)  중앙    +39.04%  95%    -57.28 ~   +421.10  폭   478.39  0 포함
    동시 보유 수 — 평균 13.72 · P10 9 · 중앙 13 · P90 19 · 최대 32
      미너비니 「4~8종목」 대비: 중앙 13 · **평균만 보면 안 된다**
    위험목표 초과 — 평균 +28.5282%p · 건수 54 · 현금 부족 진입 차단 8218회
      ⚠️ **1.25%%는 «계획된» 위험이다.** 갭다운이면 손절선보다 아래에서 나가므로 실제 손실이 더 크다.
    자유 현금 최솟값 -0.000000 (음수면 초과 투자)
    🚨 로그 축 검산: 누적 0.338783 vs 증분 합 0.338783 · 차 5.55e-17  **일치**

  [한국-미래에셋]
    판              체결        자산 중앙        자산 5~95%(seed축)        MDD        거래당
    0회차           267      -40.07%     -66.94 ~   +18.57    -55.50%   -0.2544%
    1a            211       -4.37%     -44.56 ~   +66.08    -37.64%   -0.2365%
    2a            599      -13.13%     -44.29 ~   +26.98    -39.79%   -0.2365%
    자료 축(블록 20/40/80 · 가장 넓은 판이 헤드라인)
  0회차 총수익
    블록 20  (계열/블록  69.7개)  중앙    -46.97%  95%    -84.33 ~    +54.81  폭   139.14  0 포함
    블록 40  (계열/블록  34.9개)  중앙    -45.92%  95%    -85.41 ~    +66.33  폭   151.75  0 포함
    블록 80  (계열/블록  17.4개)  중앙    -43.67%  95%    -83.33 ~    +87.03  폭   170.36  0 포함   ← 가장 넓음(헤드라인)
  1a 총수익
    블록 20  (계열/블록  69.5개)  중앙    -23.24%  95%    -69.54 ~   +245.08  폭   314.62  0 포함   ← 가장 넓음(헤드라인)
    블록 40  (계열/블록  34.8개)  중앙    -22.39%  95%    -68.70 ~   +218.85  폭   287.55  0 포함
    블록 80  (계열/블록  17.4개)  중앙    -19.42%  95%    -68.97 ~   +202.11  폭   271.08  0 포함
  2a 총수익
    블록 20  (계열/블록  69.5개)  중앙    -25.78%  95%    -65.58 ~   +138.98  폭   204.57  0 포함
    블록 40  (계열/블록  34.8개)  중앙    -22.83%  95%    -65.89 ~   +139.52  폭   205.40  0 포함   ← 가장 넓음(헤드라인)
    블록 80  (계열/블록  17.4개)  중앙    -22.17%  95%    -65.94 ~   +133.80  폭   199.74  0 포함
    🚨 **주판정 — 짝비교(자료 축)**
  2a-0회차
    블록 20  (계열/블록  69.5개)  중앙    +49.74%  95%    -56.48 ~   +410.15  폭   466.62  0 포함
    블록 40  (계열/블록  34.8개)  중앙    +46.96%  95%    -54.73 ~   +443.97  폭   498.71  0 포함   ← 가장 넓음(헤드라인)
    블록 80  (계열/블록  17.4개)  중앙    +44.35%  95%    -55.56 ~   +369.39  폭   424.95  0 포함
  2a-1a
    블록 20  (계열/블록  69.5개)  중앙     -5.34%  95%    -48.92 ~    +82.98  폭   131.91  0 포함
    블록 40  (계열/블록  34.8개)  중앙     -6.09%  95%    -49.98 ~    +78.66  폭   128.64  0 포함
    블록 80  (계열/블록  17.4개)  중앙     -2.61%  95%    -48.38 ~    +89.04  폭   137.42  0 포함   ← 가장 넓음(헤드라인)
  1a-0회차
    블록 20  (계열/블록  69.5개)  중앙    +55.46%  95%    -57.03 ~   +622.22  폭   679.26  0 포함   ← 가장 넓음(헤드라인)
    블록 40  (계열/블록  34.8개)  중앙    +55.16%  95%    -55.19 ~   +594.70  폭   649.90  0 포함
    블록 80  (계열/블록  17.4개)  중앙    +46.06%  95%    -56.78 ~   +457.55  폭   514.32  0 포함
    동시 보유 수 — 평균 13.67 · P10 9 · 중앙 13 · P90 18 · 최대 31
      미너비니 「4~8종목」 대비: 중앙 13 · **평균만 보면 안 된다**
    위험목표 초과 — 평균 +28.5526%p · 건수 54 · 현금 부족 진입 차단 8221회
      ⚠️ **1.25%%는 «계획된» 위험이다.** 갭다운이면 손절선보다 아래에서 나가므로 실제 손실이 더 크다.
    자유 현금 최솟값 -0.000000 (음수면 초과 투자)
    🚨 로그 축 검산: 누적 0.371192 vs 증분 합 0.371192 · 차 0.00e+00  **일치**

  🚨 짝비교 **날짜 축 정렬** — 360회 정렬 · 첫 건: 합집합 1394일 · 양쪽 공통 1391일(99.8%) · 변형에만 0일 · 0회차에만 3일
     ⚠️ 버려진 날은 없다(합집합). 한쪽에만 있는 날은 **직전 값을 끌어온다**(그날 손익이 없다는 뜻). 끌어온 비율이 크면 그 자체가 한계다.

저장: .cache/bt5y/out/43-round2.json
