  연장 경로 101개를 갈아끼웠다 (101개 중)
============================================================================================
③ Sharadar `open` 과 `close` 가 «같은 규약»인가
============================================================================================
  코드: `us_loader._iter_prices` 가 `row[2..5]` = open/high/low/close 를 «같은 행»에서 낸다.
       `closeadj`(row[7]) · `closeunadj`(row[8]) 는 **안 쓴다**. 하네스는 `close`(row[5]).
  실측 5433945 바 — **low <= open <= high 를 깨는 바 0개(0.0000%)** · close 를 깨는 바 0개(0.0000%)
  → **같은 규약이다.** 시가가 다른 배율이면 고저 범위를 벗어난다.

============================================================================================
① 미국 **패 갭다운** — 가격제한폭 가설
============================================================================================
  🚨 사전 문턱(계산 전 고정): 선 대비 이격 **< -3.10%p 확정** · **> -2.09%p 기각** · 그 사이 못 가림
  손절 5608건 중 **시가가 손절선(−10%) 아래로 갭다운 746건 = 13.30%**
     그때 시가 체결 — 평균 **-13.81%** · 중앙 -11.36% · P10 -18.16% · 최소 -93.44%
     **선 대비 이격 -3.81%p**  (한국 -1.55%p · 갭다운률 9.0%)
     → 사전 문턱 대비: **확정 — 미국이 훨씬 깊다**

============================================================================================
② ①(목표만 지정가)에서 **거래당은 올랐는데 자산은 내렸다**
============================================================================================
  방아쇠 전수 9138건 (진입 집합은 같다 — 청산 «날짜»가 안 바뀌므로)
                         종가            지정가           차이
  mean log       -0.013283     -0.012898   +0.000385
  mean 산술          -0.1518%       -0.1330%     +0.0188%p
  → **기하평균도 «높다» — 이 기전으로는 안 닫힌다**

  **log 수익이 가장 많이 깎인 상위 8건**
    OMER   2024-10-17  종가    +67.47% → 지정가    +20.00%  (Δlog -0.3333)
    NAGE   2024-09-12  종가    +67.43% → 지정가    +20.00%  (Δlog -0.3331)
    AEYE   2021-02-03  종가    +54.98% → 지정가    +20.71%  (Δlog -0.2499)
    XELB   2021-03-26  종가    +51.27% → 지정가    +20.00%  (Δlog -0.2316)
    PCT    2024-10-14  종가    +48.96% → 지정가    +20.00%  (Δlog -0.2162)
    UPST   2024-11-05  종가    +50.87% → 지정가    +21.57%  (Δlog -0.2159)
    AIFC   2025-05-08  종가    +44.88% → 지정가    +20.16%  (Δlog -0.1871)
    ASPN   2024-03-25  종가    +48.23% → 지정가    +23.00%  (Δlog -0.1866)
  전체 Δlog 합 +3.5216 · 상위 5건 몫 -1.3641 (**-38.7%**)

저장: .cache/bt5y/out/44-diagnostics.json
