  연장 경로 101개를 갈아끼웠다 (101개 중)

================================================================================================
종가판 · 무비용
================================================================================================
① 분해 — 산술 예측(곱하지 않은 합) vs 관측
  판            체결       체결분거래당        산술 예측           관측        **격차**
  0회차         270      0.0132%       -1.09%      -14.90%       -13.82%p
  1a          208      0.8166%       31.47%       18.40%       -13.07%p
  2a          294      0.3158%       14.81%        7.01%        -7.80%p
  → 2a 격차가 1a 보다 **좁다** (-13.07%p → -7.80%p · 차 +5.27%p)

② 체결분 거래당 vs 방아쇠 전수 거래당 — **선택 손실이 있나**
  판                 체결분         방아쇠 전수           차이      체결/전수
  0회차           0.0132%        0.3291%     -0.3159%p       3.0%
  1a            0.8166%        0.4173%      0.3993%p       2.4%
  2a            0.3158%        0.4173%     -0.1015%p       3.3%
  → 차이가 음수면 **자본 제약이 나쁜 거래를 고른다**(선택 손실), 0 근처면 **순서가 무작위에 가깝고 손실은 분산에서만** 온다.

================================================================================================
종가판 · 한국-미래에셋
================================================================================================
① 분해 — 산술 예측(곱하지 않은 합) vs 관측
  판            체결       체결분거래당        산술 예측           관측        **격차**
  0회차         270     -0.4662%      -27.13%      -33.00%        -5.86%p
  1a          208      0.3333%       11.88%       -1.13%       -13.01%p
  2a          292     -0.0661%       -3.05%      -12.27%        -9.22%p
  → 2a 격차가 1a 보다 **좁다** (-13.01%p → -9.22%p · 차 +3.79%p)

② 체결분 거래당 vs 방아쇠 전수 거래당 — **선택 손실이 있나**
  판                 체결분         방아쇠 전수           차이      체결/전수
  0회차          -0.4662%       -0.1518%     -0.3144%p       3.0%
  1a            0.3333%       -0.0641%      0.3974%p       2.4%
  2a           -0.0661%       -0.0641%     -0.0020%p       3.3%
  → 차이가 음수면 **자본 제약이 나쁜 거래를 고른다**(선택 손실), 0 근처면 **순서가 무작위에 가깝고 손실은 분산에서만** 온다.

================================================================================================
실집행 근사판 · 무비용
================================================================================================
① 분해 — 산술 예측(곱하지 않은 합) vs 관측
  판            체결       체결분거래당        산술 예측           관측        **격차**
  0회차         270     -0.2004%      -10.74%      -22.85%       -12.10%p
  1a          208      0.6087%       24.77%       15.48%        -9.28%p
  2a          294      0.4689%       21.43%       12.95%        -8.48%p
  → 2a 격차가 1a 보다 **좁다** (-9.28%p → -8.48%p · 차 +0.80%p)

② 체결분 거래당 vs 방아쇠 전수 거래당 — **선택 손실이 있나**
  판                 체결분         방아쇠 전수           차이      체결/전수
  0회차          -0.2004%        0.2260%     -0.4264%p       3.0%
  1a            0.6087%        0.2440%      0.3646%p       2.4%
  2a            0.4689%        0.2440%      0.2249%p       3.3%
  → 차이가 음수면 **자본 제약이 나쁜 거래를 고른다**(선택 손실), 0 근처면 **순서가 무작위에 가깝고 손실은 분산에서만** 온다.

================================================================================================
실집행 근사판 · 한국-미래에셋
================================================================================================
① 분해 — 산술 예측(곱하지 않은 합) vs 관측
  판            체결       체결분거래당        산술 예측           관측        **격차**
  0회차         270     -0.6788%      -37.26%      -40.19%        -2.93%p
  1a          208      0.1264%        5.28%       -4.32%        -9.60%p
  2a          292     -0.0351%       -1.67%      -12.52%       -10.86%p
  → 2a 격차가 1a 보다 **넓다** (-9.60%p → -10.86%p · 차 -1.25%p)

② 체결분 거래당 vs 방아쇠 전수 거래당 — **선택 손실이 있나**
  판                 체결분         방아쇠 전수           차이      체결/전수
  0회차          -0.6788%       -0.2544%     -0.4243%p       3.0%
  1a            0.1264%       -0.2365%      0.3629%p       2.4%
  2a           -0.0351%       -0.2365%      0.2014%p       3.3%
  → 차이가 음수면 **자본 제약이 나쁜 거래를 고른다**(선택 손실), 0 근처면 **순서가 무작위에 가깝고 손실은 분산에서만** 온다.

저장: .cache/bt5y/out/45-round2-extras.json
