  연장 경로 101개를 갈아끼웠다 (101개 중)

================================================================================================
종가판 · 무비용
================================================================================================
① 분해 — 산술 예측(곱하지 않은 합) vs 관측
  판            체결       체결분거래당        산술 예측           관측        **격차**
  0회차         270      0.0132%      -14.90%      -14.90%         0.00%p
  1a          208      0.8166%       18.40%       18.40%         0.00%p
  2a          294      0.3158%        7.01%        7.01%         0.00%p
  → 2a 격차가 1a 보다 **좁다** (0.00%p → 0.00%p · 차 +0.00%p)

② 체결분 거래당 vs 방아쇠 전수 거래당 — **선택 손실이 있나**
  판                 체결분         방아쇠 전수           차이      체결/전수
  0회차           0.0132%        0.3291%     -0.3159%p       3.0%
  1a            0.8166%        0.4173%      0.3993%p       2.4%
  2a            0.3158%        0.4173%     -0.1015%p       3.3%
  → 차이가 음수면 **자본 제약이 나쁜 거래를 고른다**(선택 손실), 0 근처면 **순서가 무작위에 가깝고 손실은 분산에서만** 온다.

================================================================================================
종가판 · 한국-미래에셋
================================================================================================
① 분해 — 산술 예측(곱하지 않은 합) vs 관측
  판            체결       체결분거래당        산술 예측           관측        **격차**
  0회차         270     -0.4662%      -33.00%      -33.00%        -0.00%p
  1a          208      0.3333%       -1.13%       -1.13%        -0.00%p
  2a          292     -0.0661%      -12.27%      -12.27%         0.00%p
  → 2a 격차가 1a 보다 **좁다** (-0.00%p → 0.00%p · 차 +0.00%p)

② 체결분 거래당 vs 방아쇠 전수 거래당 — **선택 손실이 있나**
  판                 체결분         방아쇠 전수           차이      체결/전수
  0회차          -0.4662%       -0.1518%     -0.3144%p       3.0%
  1a            0.3333%       -0.0641%      0.3974%p       2.4%
  2a           -0.0661%       -0.0641%     -0.0020%p       3.3%
  → 차이가 음수면 **자본 제약이 나쁜 거래를 고른다**(선택 손실), 0 근처면 **순서가 무작위에 가깝고 손실은 분산에서만** 온다.

================================================================================================
실집행 근사판 · 무비용
================================================================================================
① 분해 — 산술 예측(곱하지 않은 합) vs 관측
  판            체결       체결분거래당        산술 예측           관측        **격차**
  0회차         270     -0.2004%      -22.85%      -22.85%        -0.00%p
  1a          208      0.6087%       15.48%       15.48%         0.00%p
  2a          294      0.4689%       12.95%       12.95%        -0.00%p
  → 2a 격차가 1a 보다 **넓다** (0.00%p → -0.00%p · 차 -0.00%p)

② 체결분 거래당 vs 방아쇠 전수 거래당 — **선택 손실이 있나**
  판                 체결분         방아쇠 전수           차이      체결/전수
  0회차          -0.2004%        0.2260%     -0.4264%p       3.0%
  1a            0.6087%        0.2440%      0.3646%p       2.4%
  2a            0.4689%        0.2440%      0.2249%p       3.3%
  → 차이가 음수면 **자본 제약이 나쁜 거래를 고른다**(선택 손실), 0 근처면 **순서가 무작위에 가깝고 손실은 분산에서만** 온다.

================================================================================================
실집행 근사판 · 한국-미래에셋
================================================================================================
① 분해 — 산술 예측(곱하지 않은 합) vs 관측
  판            체결       체결분거래당        산술 예측           관측        **격차**
  0회차         270     -0.6788%      -40.19%      -40.19%         0.00%p
  1a          208      0.1264%       -4.32%       -4.32%         0.00%p
  2a          292     -0.0351%      -12.52%      -12.52%        -0.00%p
  → 2a 격차가 1a 보다 **넓다** (0.00%p → -0.00%p · 차 -0.00%p)

② 체결분 거래당 vs 방아쇠 전수 거래당 — **선택 손실이 있나**
  판                 체결분         방아쇠 전수           차이      체결/전수
  0회차          -0.6788%       -0.2544%     -0.4243%p       3.0%
  1a            0.1264%       -0.2365%      0.3629%p       2.4%
  2a           -0.0351%       -0.2365%      0.2014%p       3.3%
  → 차이가 음수면 **자본 제약이 나쁜 거래를 고른다**(선택 손실), 0 근처면 **순서가 무작위에 가깝고 손실은 분산에서만** 온다.

저장: .cache/bt5y/out/45-round2-extras.json
