  연장 경로 101개를 갈아끼웠다 (101개 중)
================================================================================================
① 두 회계 — **무엇을 재는가**
================================================================================================
  41번: `체결 × 0.20 × 체결분 거래당`  = **「매번 정확히 20%를 넣었다면」의 반사실**
  새 판: `Σ(실제 명목 비중 × 순수익)`   = **「실제로 넣은 만큼」의 산술 합**
  차이 = **실제 비중이 20%에서 벗어난 몫**

  판            체결     명목비중 평균          중앙         P10         P90    <20%인 비율        관측
  0회차         270     0.1941     0.2000     0.1789     0.2000       35.8%   -33.00%
  1a          208     0.1973     0.2000     0.1896     0.2000       17.8%    -1.13%
  2a          292     0.1562     0.1562     0.1562     0.1563      100.0%   -12.27%

  판              41번 산술           새 산술         41번 격차           새 격차
  0회차           -25.17%        -27.13%         -7.82%p         -5.86%p
  1a            +13.83%        +11.88%        -14.96%p        -13.01%p
  2a             -3.86%         -3.05%         -8.41%p         -9.22%p
  → 41번 개선(0회차→1a) -7.14%p · 새 회계 개선 -7.15%p

================================================================================================
② 보유일수 — **체결 집합이 전수와 다른가** (기전을 쓰기 «전»에 잰다)
================================================================================================
  판               방아쇠 전수(중앙/평균/P90)               체결 집합(중앙/평균/P90)
  0회차          15 /   27.9 /     69         12.5 /   24.6 /   62.4
        → 체결이 **짧다** (중앙 -2.5일)
  1a           15 /   32.5 /     87         16.6 /   32.2 /   84.8
        → 체결이 **길다** (중앙 +1.6일)

저장: .cache/bt5y/out/46-reconcile.json
