시작 전 여유 3.301 GB
명령: python scripts/backtest_volatility_pilot_us.py --market us --start 2021-02-01 --end 2026-08-21 --out .cache/bt5y/sub/us_full.json
설정: 관문임박=off · 진입상태=['actionable']
Sharadar 적재 2020-09-14~2027-06-17 (variant=base) …
  일자 1492일 · 거래대금 시계열 5759종목
  유니버스 등장 5759종목 · 시계열 보유 5759종목
스캔일 1396개 (2021-02-01~2026-08-21, step 1)
  2021-06-29: 평가 3767 · 후보 0 · 진입 0 (누적 0)
  2021-06-30: 평가 3770 · 후보 0 · 진입 0 (누적 0)
  2021-07-01: 평가 3771 · 후보 0 · 진입 0 (누적 0)
  2021-07-02: 평가 3774 · 후보 0 · 진입 0 (누적 0)
  2021-07-06: 평가 3780 · 후보 0 · 진입 0 (누적 0)
  2021-07-07: 평가 3778 · 후보 0 · 진입 0 (누적 0)
  2021-07-08: 평가 3780 · 후보 0 · 진입 0 (누적 0)
  2021-07-09: 평가 3786 · 후보 0 · 진입 0 (누적 0)
  2021-07-12: 평가 3790 · 후보 0 · 진입 0 (누적 0)
  2021-07-13: 평가 3800 · 후보 0 · 진입 0 (누적 0)
  2021-07-14: 평가 3803 · 후보 0 · 진입 0 (누적 0)
  2021-07-15: 평가 3805 · 후보 0 · 진입 0 (누적 0)
  2021-07-16: 평가 3809 · 후보 0 · 진입 0 (누적 0)
  2021-07-19: 평가 3812 · 후보 0 · 진입 0 (누적 0)
  2021-07-20: 평가 3819 · 후보 0 · 진입 0 (누적 0)
  2021-07-21: 평가 3817 · 후보 0 · 진입 0 (누적 0)
  2021-07-22: 평가 3819 · 후보 0 · 진입 0 (누적 0)
  2021-07-23: 평가 3820 · 후보 0 · 진입 0 (누적 0)
  2021-07-26: 평가 3821 · 후보 0 · 진입 0 (누적 0)
  2021-07-27: 평가 3823 · 후보 0 · 진입 0 (누적 0)
  2021-07-28: 평가 3822 · 후보 0 · 진입 0 (누적 0)
  2021-07-29: 평가 3822 · 후보 0 · 진입 0 (누적 0)
  2021-07-30: 평가 3824 · 후보 98 · 진입 61 (누적 61)
  2021-08-02: 평가 3827 · 후보 89 · 진입 19 (누적 80)
  2021-08-03: 평가 3834 · 후보 77 · 진입 7 (누적 87)
  2021-08-04: 평가 3833 · 후보 61 · 진입 14 (누적 101)
  2021-08-05: 평가 3833 · 후보 67 · 진입 16 (누적 117)
  2021-08-06: 평가 3834 · 후보 82 · 진입 12 (누적 129)
  2021-08-09: 평가 3837 · 후보 76 · 진입 14 (누적 143)
  2021-08-10: 평가 3839 · 후보 75 · 진입 15 (누적 158)
  2021-08-11: 평가 3840 · 후보 67 · 진입 9 (누적 167)
  2021-08-12: 평가 3841 · 후보 90 · 진입 8 (누적 175)
  2021-08-13: 평가 3848 · 후보 95 · 진입 6 (누적 181)
  2021-08-16: 평가 3850 · 후보 97 · 진입 3 (누적 184)
  2021-08-17: 평가 3850 · 후보 79 · 진입 5 (누적 189)
  2021-08-18: 평가 3851 · 후보 70 · 진입 2 (누적 191)
  2021-08-19: 평가 3852 · 후보 56 · 진입 7 (누적 198)
  2021-08-20: 평가 3848 · 후보 95 · 진입 15 (누적 213)
  2021-08-23: 평가 3845 · 후보 108 · 진입 12 (누적 225)
  2021-08-24: 평가 3846 · 후보 118 · 진입 18 (누적 243)
  2021-08-25: 평가 3845 · 후보 125 · 진입 2 (누적 245)
  2021-08-26: 평가 3844 · 후보 112 · 진입 25 (누적 270)
  2021-08-27: 평가 3838 · 후보 100 · 진입 8 (누적 278)
  2021-08-30: 평가 3832 · 후보 118 · 진입 8 (누적 286)
  2021-08-31: 평가 3828 · 후보 110 · 진입 12 (누적 298)
  2021-09-01: 평가 3828 · 후보 111 · 진입 20 (누적 318)
  2021-09-02: 평가 3831 · 후보 97 · 진입 10 (누적 328)
  2021-09-03: 평가 3832 · 후보 107 · 진입 7 (누적 335)
  2021-09-07: 평가 3771 · 후보 104 · 진입 5 (누적 340)
  2021-09-08: 평가 3764 · 후보 89 · 진입 5 (누적 345)
  2021-09-09: 평가 3758 · 후보 86 · 진입 5 (누적 350)
  2021-09-10: 평가 3759 · 후보 60 · 진입 4 (누적 354)
  2021-09-13: 평가 3761 · 후보 68 · 진입 7 (누적 361)
  2021-09-14: 평가 3758 · 후보 50 · 진입 3 (누적 364)
  2021-09-15: 평가 3753 · 후보 50 · 진입 6 (누적 370)
  2021-09-16: 평가 3748 · 후보 54 · 진입 5 (누적 375)
  2021-09-17: 평가 3751 · 후보 30 · 진입 0 (누적 375)
  2021-09-20: 평가 3754 · 후보 14 · 진입 0 (누적 375)
  2021-09-21: 평가 3754 · 후보 21 · 진입 5 (누적 380)
  2021-09-22: 평가 3747 · 후보 39 · 진입 6 (누적 386)
  2021-09-23: 평가 3745 · 후보 40 · 진입 7 (누적 393)
  2021-09-24: 평가 3744 · 후보 42 · 진입 10 (누적 403)
  2021-09-27: 평가 3743 · 후보 46 · 진입 2 (누적 405)
  2021-09-28: 평가 3748 · 후보 47 · 진입 3 (누적 408)
  2021-09-29: 평가 3745 · 후보 58 · 진입 4 (누적 412)
  2021-09-30: 평가 3746 · 후보 48 · 진입 5 (누적 417)
  2021-10-01: 평가 3748 · 후보 40 · 진입 1 (누적 418)
  2021-10-04: 평가 3745 · 후보 43 · 진입 9 (누적 427)
  2021-10-05: 평가 3746 · 후보 47 · 진입 3 (누적 430)
  2021-10-06: 평가 3746 · 후보 57 · 진입 14 (누적 444)
  2021-10-07: 평가 3751 · 후보 60 · 진입 4 (누적 448)
  2021-10-08: 평가 3748 · 후보 67 · 진입 8 (누적 456)
  2021-10-11: 평가 3749 · 후보 73 · 진입 6 (누적 462)
  2021-10-12: 평가 3745 · 후보 69 · 진입 4 (누적 466)
  2021-10-13: 평가 3741 · 후보 78 · 진입 13 (누적 479)
  2021-10-14: 평가 3735 · 후보 94 · 진입 17 (누적 496)
  2021-10-15: 평가 3734 · 후보 78 · 진입 7 (누적 503)
  2021-10-18: 평가 3734 · 후보 71 · 진입 2 (누적 505)
  2021-10-19: 평가 3724 · 후보 83 · 진입 9 (누적 514)
  2021-10-20: 평가 3724 · 후보 81 · 진입 10 (누적 524)
  2021-10-21: 평가 3723 · 후보 98 · 진입 7 (누적 531)
  2021-10-22: 평가 3724 · 후보 98 · 진입 14 (누적 545)
  2021-10-25: 평가 3720 · 후보 88 · 진입 10 (누적 555)
  2021-10-26: 평가 3722 · 후보 97 · 진입 4 (누적 559)
  2021-10-27: 평가 3721 · 후보 69 · 진입 4 (누적 563)
  2021-10-28: 평가 3722 · 후보 75 · 진입 12 (누적 575)
  2021-10-29: 평가 3719 · 후보 78 · 진입 15 (누적 590)
  2021-11-01: 평가 3720 · 후보 59 · 진입 7 (누적 597)
  2021-11-02: 평가 3725 · 후보 64 · 진입 9 (누적 606)
  2021-11-03: 평가 3724 · 후보 45 · 진입 6 (누적 612)
  2021-11-04: 평가 3731 · 후보 50 · 진입 6 (누적 618)
  2021-11-05: 평가 3732 · 후보 33 · 진입 6 (누적 624)
  2021-11-08: 평가 3733 · 후보 50 · 진입 6 (누적 630)
  2021-11-09: 평가 3741 · 후보 45 · 진입 6 (누적 636)
  2021-11-10: 평가 3742 · 후보 37 · 진입 4 (누적 640)
  2021-11-11: 평가 3751 · 후보 47 · 진입 6 (누적 646)
  2021-11-12: 평가 3747 · 후보 65 · 진입 4 (누적 650)
  2021-11-15: 평가 3743 · 후보 66 · 진입 7 (누적 657)
  2021-11-16: 평가 3745 · 후보 58 · 진입 4 (누적 661)
  2021-11-17: 평가 3751 · 후보 65 · 진입 6 (누적 667)
  2021-11-18: 평가 3761 · 후보 53 · 진입 5 (누적 672)
  2021-11-19: 평가 3761 · 후보 54 · 진입 6 (누적 678)
  2021-11-22: 평가 3771 · 후보 43 · 진입 3 (누적 681)
  2021-11-23: 평가 3773 · 후보 38 · 진입 2 (누적 683)
  2021-11-24: 평가 3776 · 후보 49 · 진입 1 (누적 684)
  2021-11-26: 평가 3779 · 후보 33 · 진입 3 (누적 687)
  2021-11-29: 평가 3771 · 후보 32 · 진입 2 (누적 689)
  2021-11-30: 평가 3774 · 후보 25 · 진입 6 (누적 695)
  2021-12-01: 평가 3769 · 후보 9 · 진입 0 (누적 695)
  2021-12-02: 평가 3767 · 후보 18 · 진입 0 (누적 695)
  2021-12-03: 평가 3762 · 후보 13 · 진입 2 (누적 697)
  2021-12-06: 평가 3762 · 후보 20 · 진입 8 (누적 705)
  2021-12-07: 평가 3766 · 후보 22 · 진입 6 (누적 711)
  2021-12-08: 평가 3757 · 후보 19 · 진입 2 (누적 713)
  2021-12-09: 평가 3760 · 후보 29 · 진입 4 (누적 717)
  2021-12-10: 평가 3757 · 후보 52 · 진입 2 (누적 719)
  2021-12-13: 평가 3756 · 후보 35 · 진입 0 (누적 719)
  2021-12-14: 평가 3757 · 후보 27 · 진입 5 (누적 724)
  2021-12-15: 평가 3759 · 후보 27 · 진입 4 (누적 728)
  2021-12-16: 평가 3763 · 후보 19 · 진입 2 (누적 730)
  2021-12-17: 평가 3773 · 후보 9 · 진입 0 (누적 730)
  2021-12-20: 평가 3780 · 후보 7 · 진입 2 (누적 732)
  2021-12-21: 평가 3787 · 후보 21 · 진입 2 (누적 734)
  2021-12-22: 평가 3786 · 후보 17 · 진입 5 (누적 739)
  2021-12-23: 평가 3789 · 후보 25 · 진입 9 (누적 748)
  2021-12-27: 평가 3786 · 후보 30 · 진입 6 (누적 754)
  2021-12-28: 평가 3788 · 후보 57 · 진입 19 (누적 773)
  2021-12-29: 평가 3785 · 후보 50 · 진입 14 (누적 787)
  2021-12-30: 평가 3786 · 후보 102 · 진입 10 (누적 797)
  2021-12-31: 평가 3798 · 후보 95 · 진입 20 (누적 817)
  2022-01-03: 평가 3788 · 후보 120 · 진입 30 (누적 847)
  2022-01-04: 평가 3792 · 후보 70 · 진입 9 (누적 856)
  2022-01-05: 평가 3793 · 후보 104 · 진입 13 (누적 869)
  2022-01-06: 평가 3796 · 후보 101 · 진입 10 (누적 879)
  2022-01-07: 평가 3798 · 후보 69 · 진입 2 (누적 881)
  2022-01-10: 평가 3798 · 후보 78 · 진입 7 (누적 888)
  2022-01-11: 평가 3799 · 후보 93 · 진입 11 (누적 899)
  2022-01-12: 평가 3800 · 후보 80 · 진입 9 (누적 908)
  2022-01-13: 평가 3794 · 후보 89 · 진입 2 (누적 910)
  2022-01-14: 평가 3791 · 후보 78 · 진입 5 (누적 915)
  2022-01-18: 평가 3784 · 후보 71 · 진입 2 (누적 917)
  2022-01-19: 평가 3783 · 후보 39 · 진입 1 (누적 918)
  2022-01-20: 평가 3782 · 후보 17 · 진입 1 (누적 919)
  2022-01-21: 평가 3787 · 후보 16 · 진입 1 (누적 920)
  2022-01-24: 평가 3781 · 후보 18 · 진입 0 (누적 920)
  2022-01-25: 평가 3775 · 후보 20 · 진입 3 (누적 923)
  2022-01-26: 평가 3777 · 후보 21 · 진입 1 (누적 924)
  2022-01-27: 평가 3780 · 후보 13 · 진입 2 (누적 926)
  2022-01-28: 평가 3779 · 후보 14 · 진입 1 (누적 927)
  2022-01-31: 평가 3775 · 후보 20 · 진입 5 (누적 932)
  2022-02-01: 평가 3766 · 후보 17 · 진입 3 (누적 935)
  2022-02-02: 평가 3768 · 후보 13 · 진입 1 (누적 936)
  2022-02-03: 평가 3771 · 후보 13 · 진입 3 (누적 939)
  2022-02-04: 평가 3770 · 후보 21 · 진입 4 (누적 943)
  2022-02-07: 평가 3766 · 후보 30 · 진입 7 (누적 950)
  2022-02-08: 평가 3765 · 후보 35 · 진입 16 (누적 966)
  2022-02-09: 평가 3753 · 후보 33 · 진입 1 (누적 967)
  2022-02-10: 평가 3752 · 후보 31 · 진입 5 (누적 972)
  2022-02-11: 평가 3748 · 후보 27 · 진입 1 (누적 973)
  2022-02-14: 평가 3742 · 후보 34 · 진입 3 (누적 976)
  2022-02-15: 평가 3738 · 후보 64 · 진입 9 (누적 985)
  2022-02-16: 평가 3728 · 후보 73 · 진입 3 (누적 988)
  2022-02-17: 평가 3719 · 후보 43 · 진입 4 (누적 992)
  2022-02-18: 평가 3713 · 후보 48 · 진입 3 (누적 995)
  2022-02-22: 평가 3712 · 후보 28 · 진입 2 (누적 997)
  2022-02-23: 평가 3709 · 후보 16 · 진입 3 (누적 1000)
  2022-02-24: 평가 3705 · 후보 16 · 진입 3 (누적 1003)
  2022-02-25: 평가 3700 · 후보 34 · 진입 4 (누적 1007)
  2022-02-28: 평가 3695 · 후보 30 · 진입 1 (누적 1008)
  2022-03-01: 평가 3695 · 후보 14 · 진입 2 (누적 1010)
  2022-03-02: 평가 3687 · 후보 22 · 진입 6 (누적 1016)
  2022-03-03: 평가 3682 · 후보 17 · 진입 0 (누적 1016)
  2022-03-04: 평가 3676 · 후보 18 · 진입 3 (누적 1019)
  2022-03-07: 평가 3676 · 후보 9 · 진입 2 (누적 1021)
  2022-03-08: 평가 3677 · 후보 8 · 진입 1 (누적 1022)
  2022-03-09: 평가 3678 · 후보 19 · 진입 1 (누적 1023)
  2022-03-10: 평가 3677 · 후보 21 · 진입 2 (누적 1025)
  2022-03-11: 평가 3685 · 후보 22 · 진입 4 (누적 1029)
  2022-03-14: 평가 3684 · 후보 15 · 진입 1 (누적 1030)
  2022-03-15: 평가 3683 · 후보 28 · 진입 8 (누적 1038)
  2022-03-16: 평가 3680 · 후보 31 · 진입 11 (누적 1049)
  2022-03-17: 평가 3675 · 후보 21 · 진입 4 (누적 1053)
  2022-03-18: 평가 3681 · 후보 22 · 진입 4 (누적 1057)
  2022-03-21: 평가 3679 · 후보 22 · 진입 5 (누적 1062)
  2022-03-22: 평가 3682 · 후보 27 · 진입 2 (누적 1064)
  2022-03-23: 평가 3675 · 후보 22 · 진입 4 (누적 1068)
  2022-03-24: 평가 3680 · 후보 44 · 진입 8 (누적 1076)
  2022-03-25: 평가 3681 · 후보 65 · 진입 6 (누적 1082)
  2022-03-28: 평가 3679 · 후보 63 · 진입 19 (누적 1101)
  2022-03-29: 평가 3677 · 후보 52 · 진입 6 (누적 1107)
  2022-03-30: 평가 3679 · 후보 56 · 진입 6 (누적 1113)
  2022-03-31: 평가 3685 · 후보 63 · 진입 9 (누적 1122)
  2022-04-01: 평가 3687 · 후보 63 · 진입 5 (누적 1127)
  2022-04-04: 평가 3688 · 후보 84 · 진입 10 (누적 1137)
  2022-04-05: 평가 3681 · 후보 65 · 진입 2 (누적 1139)
  2022-04-06: 평가 3678 · 후보 51 · 진입 7 (누적 1146)
  2022-04-07: 평가 3682 · 후보 63 · 진입 14 (누적 1160)
  2022-04-08: 평가 3685 · 후보 64 · 진입 3 (누적 1163)
  2022-04-11: 평가 3685 · 후보 59 · 진입 8 (누적 1171)
  2022-04-12: 평가 3690 · 후보 60 · 진입 9 (누적 1180)
  2022-04-13: 평가 3695 · 후보 68 · 진입 11 (누적 1191)
  2022-04-14: 평가 3696 · 후보 59 · 진입 9 (누적 1200)
  2022-04-18: 평가 3698 · 후보 73 · 진입 10 (누적 1210)
  2022-04-19: 평가 3700 · 후보 72 · 진입 13 (누적 1223)
  2022-04-20: 평가 3703 · 후보 76 · 진입 4 (누적 1227)
  2022-04-21: 평가 3705 · 후보 64 · 진입 1 (누적 1228)
  2022-04-22: 평가 3702 · 후보 28 · 진입 1 (누적 1229)
  2022-04-25: 평가 3697 · 후보 32 · 진입 1 (누적 1230)
  2022-04-26: 평가 3693 · 후보 20 · 진입 0 (누적 1230)
  2022-04-27: 평가 3696 · 후보 22 · 진입 3 (누적 1233)
  2022-04-28: 평가 3702 · 후보 29 · 진입 1 (누적 1234)
  2022-04-29: 평가 3704 · 후보 15 · 진입 0 (누적 1234)
  2022-05-02: 평가 3700 · 후보 11 · 진입 2 (누적 1236)
  2022-05-03: 평가 3702 · 후보 27 · 진입 12 (누적 1248)
  2022-05-04: 평가 3704 · 후보 26 · 진입 2 (누적 1250)
  2022-05-05: 평가 3705 · 후보 14 · 진입 1 (누적 1251)
  2022-05-06: 평가 3710 · 후보 19 · 진입 0 (누적 1251)
  2022-05-09: 평가 3714 · 후보 5 · 진입 0 (누적 1251)
  2022-05-10: 평가 3714 · 후보 5 · 진입 0 (누적 1251)
  2022-05-11: 평가 3720 · 후보 6 · 진입 0 (누적 1251)
  2022-05-12: 평가 3730 · 후보 6 · 진입 1 (누적 1252)
  2022-05-13: 평가 3736 · 후보 15 · 진입 2 (누적 1254)
  2022-05-16: 평가 3736 · 후보 16 · 진입 5 (누적 1259)
  2022-05-17: 평가 3733 · 후보 11 · 진입 2 (누적 1261)
  2022-05-18: 평가 3728 · 후보 11 · 진입 1 (누적 1262)
  2022-05-19: 평가 3726 · 후보 13 · 진입 2 (누적 1264)
  2022-05-20: 평가 3725 · 후보 14 · 진입 4 (누적 1268)
  2022-05-23: 평가 3719 · 후보 33 · 진입 9 (누적 1277)
  2022-05-24: 평가 3726 · 후보 31 · 진입 12 (누적 1289)
  2022-05-25: 평가 3727 · 후보 22 · 진입 7 (누적 1296)
  2022-05-26: 평가 3723 · 후보 31 · 진입 10 (누적 1306)
  2022-05-27: 평가 3721 · 후보 22 · 진입 4 (누적 1310)
  2022-05-31: 평가 3711 · 후보 31 · 진입 7 (누적 1317)
  2022-06-01: 평가 3705 · 후보 23 · 진입 4 (누적 1321)
  2022-06-02: 평가 3696 · 후보 30 · 진입 2 (누적 1323)
  2022-06-03: 평가 3688 · 후보 41 · 진입 11 (누적 1334)
  2022-06-06: 평가 3683 · 후보 47 · 진입 8 (누적 1342)
  2022-06-07: 평가 3682 · 후보 39 · 진입 3 (누적 1345)
  2022-06-08: 평가 3680 · 후보 49 · 진입 1 (누적 1346)
  2022-06-09: 평가 3679 · 후보 31 · 진입 0 (누적 1346)
  2022-06-10: 평가 3676 · 후보 23 · 진입 0 (누적 1346)
  2022-06-13: 평가 3671 · 후보 8 · 진입 1 (누적 1347)
  2022-06-14: 평가 3660 · 후보 8 · 진입 0 (누적 1347)
  2022-06-15: 평가 3656 · 후보 12 · 진입 0 (누적 1347)
  2022-06-16: 평가 3656 · 후보 8 · 진입 0 (누적 1347)
  2022-06-17: 평가 3652 · 후보 7 · 진입 1 (누적 1348)
  2022-06-21: 평가 3659 · 후보 10 · 진입 2 (누적 1350)
  2022-06-22: 평가 3662 · 후보 8 · 진입 1 (누적 1351)
  2022-06-23: 평가 3648 · 후보 7 · 진입 0 (누적 1351)
  2022-06-24: 평가 3652 · 후보 10 · 진입 2 (누적 1353)
  2022-06-27: 평가 3650 · 후보 8 · 진입 2 (누적 1355)
  2022-06-28: 평가 3649 · 후보 13 · 진입 1 (누적 1356)
  2022-06-29: 평가 3647 · 후보 12 · 진입 0 (누적 1356)
  2022-06-30: 평가 3655 · 후보 10 · 진입 3 (누적 1359)
  2022-07-01: 평가 3653 · 후보 20 · 진입 0 (누적 1359)
  2022-07-05: 평가 3650 · 후보 17 · 진입 3 (누적 1362)
  2022-07-06: 평가 3649 · 후보 19 · 진입 1 (누적 1363)
  2022-07-07: 평가 3645 · 후보 19 · 진입 4 (누적 1367)
  2022-07-08: 평가 3645 · 후보 19 · 진입 3 (누적 1370)
  2022-07-11: 평가 3651 · 후보 22 · 진입 1 (누적 1371)
  2022-07-12: 평가 3653 · 후보 35 · 진입 1 (누적 1372)
  2022-07-13: 평가 3649 · 후보 34 · 진입 1 (누적 1373)
  2022-07-14: 평가 3649 · 후보 34 · 진입 4 (누적 1377)
  2022-07-15: 평가 3647 · 후보 32 · 진입 5 (누적 1382)
  2022-07-18: 평가 3644 · 후보 25 · 진입 3 (누적 1385)
  2022-07-19: 평가 3647 · 후보 27 · 진입 9 (누적 1394)
  2022-07-20: 평가 3646 · 후보 28 · 진입 0 (누적 1394)
  2022-07-21: 평가 3635 · 후보 26 · 진입 2 (누적 1396)
  2022-07-22: 평가 3627 · 후보 43 · 진입 15 (누적 1411)
  2022-07-25: 평가 3625 · 후보 34 · 진입 4 (누적 1415)
  2022-07-26: 평가 3620 · 후보 38 · 진입 3 (누적 1418)
  2022-07-27: 평가 3619 · 후보 39 · 진입 6 (누적 1424)
  2022-07-28: 평가 3617 · 후보 37 · 진입 7 (누적 1431)
  2022-07-29: 평가 3614 · 후보 39 · 진입 3 (누적 1434)
  2022-08-01: 평가 3617 · 후보 34 · 진입 5 (누적 1439)
  2022-08-02: 평가 3617 · 후보 39 · 진입 5 (누적 1444)
  2022-08-03: 평가 3615 · 후보 44 · 진입 4 (누적 1448)
  2022-08-04: 평가 3626 · 후보 34 · 진입 1 (누적 1449)
  2022-08-05: 평가 3633 · 후보 36 · 진입 6 (누적 1455)
  2022-08-08: 평가 3649 · 후보 39 · 진입 1 (누적 1456)
  2022-08-09: 평가 3650 · 후보 45 · 진입 2 (누적 1458)
  2022-08-10: 평가 3649 · 후보 55 · 진입 11 (누적 1469)
  2022-08-11: 평가 3650 · 후보 44 · 진입 4 (누적 1473)
  2022-08-12: 평가 3658 · 후보 34 · 진입 4 (누적 1477)
  2022-08-15: 평가 3661 · 후보 48 · 진입 7 (누적 1484)
  2022-08-16: 평가 3672 · 후보 51 · 진입 4 (누적 1488)
  2022-08-17: 평가 3669 · 후보 64 · 진입 8 (누적 1496)
  2022-08-18: 평가 3668 · 후보 58 · 진입 1 (누적 1497)
  2022-08-19: 평가 3668 · 후보 68 · 진입 2 (누적 1499)
  2022-08-22: 평가 3664 · 후보 65 · 진입 7 (누적 1506)
  2022-08-23: 평가 3663 · 후보 61 · 진입 9 (누적 1515)
  2022-08-24: 평가 3660 · 후보 64 · 진입 8 (누적 1523)
  2022-08-25: 평가 3663 · 후보 68 · 진입 1 (누적 1524)
  2022-08-26: 평가 3667 · 후보 72 · 진입 1 (누적 1525)
  2022-08-29: 평가 3666 · 후보 60 · 진입 0 (누적 1525)
  2022-08-30: 평가 3664 · 후보 45 · 진입 1 (누적 1526)
  2022-08-31: 평가 3653 · 후보 50 · 진입 1 (누적 1527)
  2022-09-01: 평가 3651 · 후보 35 · 진입 3 (누적 1530)
  2022-09-02: 평가 3651 · 후보 45 · 진입 2 (누적 1532)
  2022-09-06: 평가 3615 · 후보 28 · 진입 2 (누적 1534)
  2022-09-07: 평가 3616 · 후보 22 · 진입 5 (누적 1539)
  2022-09-08: 평가 3609 · 후보 28 · 진입 5 (누적 1544)
  2022-09-09: 평가 3606 · 후보 38 · 진입 3 (누적 1547)
  2022-09-12: 평가 3603 · 후보 48 · 진입 4 (누적 1551)
  2022-09-13: 평가 3602 · 후보 33 · 진입 3 (누적 1554)
  2022-09-14: 평가 3602 · 후보 33 · 진입 2 (누적 1556)
  2022-09-15: 평가 3598 · 후보 26 · 진입 0 (누적 1556)
  2022-09-16: 평가 3605 · 후보 10 · 진입 0 (누적 1556)
  2022-09-19: 평가 3604 · 후보 11 · 진입 1 (누적 1557)
  2022-09-20: 평가 3604 · 후보 12 · 진입 2 (누적 1559)
  2022-09-21: 평가 3606 · 후보 14 · 진입 0 (누적 1559)
  2022-09-22: 평가 3603 · 후보 7 · 진입 0 (누적 1559)
  2022-09-23: 평가 3604 · 후보 12 · 진입 0 (누적 1559)
  2022-09-26: 평가 3604 · 후보 11 · 진입 0 (누적 1559)
  2022-09-27: 평가 3604 · 후보 9 · 진입 1 (누적 1560)
  2022-09-28: 평가 3605 · 후보 13 · 진입 1 (누적 1561)
  2022-09-29: 평가 3602 · 후보 13 · 진입 4 (누적 1565)
  2022-09-30: 평가 3601 · 후보 12 · 진입 3 (누적 1568)
  2022-10-03: 평가 3597 · 후보 12 · 진입 5 (누적 1573)
  2022-10-04: 평가 3597 · 후보 12 · 진입 2 (누적 1575)
  2022-10-05: 평가 3592 · 후보 13 · 진입 2 (누적 1577)
  2022-10-06: 평가 3589 · 후보 22 · 진입 4 (누적 1581)
  2022-10-07: 평가 3589 · 후보 18 · 진입 0 (누적 1581)
  2022-10-10: 평가 3587 · 후보 23 · 진입 4 (누적 1585)
  2022-10-11: 평가 3583 · 후보 28 · 진입 4 (누적 1589)
  2022-10-12: 평가 3578 · 후보 26 · 진입 7 (누적 1596)
  2022-10-13: 평가 3566 · 후보 37 · 진입 9 (누적 1605)
  2022-10-14: 평가 3556 · 후보 34 · 진입 3 (누적 1608)
  2022-10-17: 평가 3551 · 후보 34 · 진입 6 (누적 1614)
  2022-10-18: 평가 3544 · 후보 33 · 진입 6 (누적 1620)
  2022-10-19: 평가 3528 · 후보 29 · 진입 4 (누적 1624)
  2022-10-20: 평가 3527 · 후보 34 · 진입 3 (누적 1627)
  2022-10-21: 평가 3522 · 후보 32 · 진입 9 (누적 1636)
  2022-10-24: 평가 3517 · 후보 44 · 진입 9 (누적 1645)
  2022-10-25: 평가 3514 · 후보 33 · 진입 4 (누적 1649)
  2022-10-26: 평가 3505 · 후보 31 · 진입 4 (누적 1653)
  2022-10-27: 평가 3501 · 후보 22 · 진입 3 (누적 1656)
  2022-10-28: 평가 3484 · 후보 23 · 진입 3 (누적 1659)
  2022-10-31: 평가 3479 · 후보 36 · 진입 5 (누적 1664)
  2022-11-01: 평가 3474 · 후보 46 · 진입 6 (누적 1670)
  2022-11-02: 평가 3468 · 후보 28 · 진입 1 (누적 1671)
  2022-11-03: 평가 3468 · 후보 29 · 진입 4 (누적 1675)
  2022-11-04: 평가 3465 · 후보 28 · 진입 4 (누적 1679)
  2022-11-07: 평가 3460 · 후보 22 · 진입 2 (누적 1681)
  2022-11-08: 평가 3455 · 후보 25 · 진입 0 (누적 1681)
  2022-11-09: 평가 3459 · 후보 23 · 진입 9 (누적 1690)
  2022-11-10: 평가 3459 · 후보 20 · 진입 7 (누적 1697)
  2022-11-11: 평가 3456 · 후보 16 · 진입 0 (누적 1697)
  2022-11-14: 평가 3466 · 후보 32 · 진입 5 (누적 1702)
  2022-11-15: 평가 3466 · 후보 31 · 진입 1 (누적 1703)
  2022-11-16: 평가 3466 · 후보 26 · 진입 0 (누적 1703)
  2022-11-17: 평가 3464 · 후보 30 · 진입 5 (누적 1708)
  2022-11-18: 평가 3464 · 후보 27 · 진입 1 (누적 1709)
  2022-11-21: 평가 3458 · 후보 28 · 진입 1 (누적 1710)
  2022-11-22: 평가 3454 · 후보 38 · 진입 5 (누적 1715)
  2022-11-23: 평가 3451 · 후보 47 · 진입 6 (누적 1721)
  2022-11-25: 평가 3445 · 후보 66 · 진입 5 (누적 1726)
  2022-11-28: 평가 3432 · 후보 99 · 진입 11 (누적 1737)
  2022-11-29: 평가 3427 · 후보 103 · 진입 16 (누적 1753)
  2022-11-30: 평가 3427 · 후보 101 · 진입 15 (누적 1768)
  2022-12-01: 평가 3427 · 후보 110 · 진입 20 (누적 1788)
  2022-12-02: 평가 3424 · 후보 83 · 진입 0 (누적 1788)
  2022-12-05: 평가 3426 · 후보 79 · 진입 3 (누적 1791)
  2022-12-06: 평가 3429 · 후보 55 · 진입 3 (누적 1794)
  2022-12-07: 평가 3426 · 후보 64 · 진입 3 (누적 1797)
  2022-12-08: 평가 3418 · 후보 77 · 진입 1 (누적 1798)
  2022-12-09: 평가 3422 · 후보 67 · 진입 4 (누적 1802)
  2022-12-12: 평가 3425 · 후보 79 · 진입 20 (누적 1822)
  2022-12-13: 평가 3431 · 후보 76 · 진입 4 (누적 1826)
  2022-12-14: 평가 3439 · 후보 44 · 진입 1 (누적 1827)
  2022-12-15: 평가 3442 · 후보 27 · 진입 0 (누적 1827)
  2022-12-16: 평가 3451 · 후보 18 · 진입 0 (누적 1827)
  2022-12-19: 평가 3450 · 후보 13 · 진입 1 (누적 1828)
  2022-12-20: 평가 3454 · 후보 16 · 진입 2 (누적 1830)
  2022-12-21: 평가 3454 · 후보 22 · 진입 3 (누적 1833)
  2022-12-22: 평가 3455 · 후보 28 · 진입 0 (누적 1833)
  2022-12-23: 평가 3449 · 후보 41 · 진입 7 (누적 1840)
  2022-12-27: 평가 3454 · 후보 41 · 진입 5 (누적 1845)
  2022-12-28: 평가 3455 · 후보 41 · 진입 6 (누적 1851)
  2022-12-29: 평가 3452 · 후보 60 · 진입 4 (누적 1855)
  2022-12-30: 평가 3456 · 후보 51 · 진입 2 (누적 1857)
  2023-01-03: 평가 3460 · 후보 42 · 진입 5 (누적 1862)
  2023-01-04: 평가 3462 · 후보 42 · 진입 3 (누적 1865)
  2023-01-05: 평가 3464 · 후보 41 · 진입 6 (누적 1871)
  2023-01-06: 평가 3473 · 후보 53 · 진입 8 (누적 1879)
  2023-01-09: 평가 3474 · 후보 53 · 진입 15 (누적 1894)
  2023-01-10: 평가 3479 · 후보 46 · 진입 3 (누적 1897)
  2023-01-11: 평가 3478 · 후보 60 · 진입 14 (누적 1911)
  2023-01-12: 평가 3488 · 후보 51 · 진입 8 (누적 1919)
  2023-01-13: 평가 3489 · 후보 47 · 진입 3 (누적 1922)
  2023-01-17: 평가 3493 · 후보 71 · 진입 9 (누적 1931)
  2023-01-18: 평가 3497 · 후보 46 · 진입 0 (누적 1931)
  2023-01-19: 평가 3494 · 후보 56 · 진입 7 (누적 1938)
  2023-01-20: 평가 3494 · 후보 54 · 진입 5 (누적 1943)
  2023-01-23: 평가 3495 · 후보 58 · 진입 5 (누적 1948)
  2023-01-24: 평가 3491 · 후보 53 · 진입 7 (누적 1955)
  2023-01-25: 평가 3488 · 후보 60 · 진입 10 (누적 1965)
  2023-01-26: 평가 3492 · 후보 54 · 진입 3 (누적 1968)
  2023-01-27: 평가 3498 · 후보 73 · 진입 7 (누적 1975)
  2023-01-30: 평가 3497 · 후보 75 · 진입 15 (누적 1990)
  2023-01-31: 평가 3501 · 후보 56 · 진입 8 (누적 1998)
  2023-02-01: 평가 3507 · 후보 49 · 진입 10 (누적 2008)
  2023-02-02: 평가 3511 · 후보 49 · 진입 5 (누적 2013)
  2023-02-03: 평가 3514 · 후보 47 · 진입 4 (누적 2017)
  2023-02-06: 평가 3516 · 후보 49 · 진입 4 (누적 2021)
  2023-02-07: 평가 3525 · 후보 60 · 진입 3 (누적 2024)
  2023-02-08: 평가 3528 · 후보 58 · 진입 3 (누적 2027)
  2023-02-09: 평가 3531 · 후보 42 · 진입 0 (누적 2027)
  2023-02-10: 평가 3536 · 후보 57 · 진입 4 (누적 2031)
  2023-02-13: 평가 3536 · 후보 62 · 진입 5 (누적 2036)
  2023-02-14: 평가 3537 · 후보 61 · 진입 4 (누적 2040)
  2023-02-15: 평가 3540 · 후보 73 · 진입 8 (누적 2048)
  2023-02-16: 평가 3542 · 후보 69 · 진입 10 (누적 2058)
  2023-02-17: 평가 3547 · 후보 69 · 진입 0 (누적 2058)
  2023-02-21: 평가 3547 · 후보 43 · 진입 3 (누적 2061)
  2023-02-22: 평가 3545 · 후보 38 · 진입 3 (누적 2064)
  2023-02-23: 평가 3542 · 후보 51 · 진입 2 (누적 2066)
  2023-02-24: 평가 3546 · 후보 45 · 진입 7 (누적 2073)
  2023-02-27: 평가 3539 · 후보 57 · 진입 5 (누적 2078)
  2023-02-28: 평가 3538 · 후보 51 · 진입 10 (누적 2088)
  2023-03-01: 평가 3538 · 후보 52 · 진입 5 (누적 2093)
  2023-03-02: 평가 3526 · 후보 53 · 진입 10 (누적 2103)
  2023-03-03: 평가 3523 · 후보 38 · 진입 2 (누적 2105)
  2023-03-06: 평가 3532 · 후보 50 · 진입 4 (누적 2109)
  2023-03-07: 평가 3528 · 후보 48 · 진입 2 (누적 2111)
  2023-03-08: 평가 3532 · 후보 49 · 진입 4 (누적 2115)
  2023-03-09: 평가 3536 · 후보 32 · 진입 1 (누적 2116)
  2023-03-10: 평가 3534 · 후보 14 · 진입 0 (누적 2116)
  2023-03-13: 평가 3537 · 후보 8 · 진입 0 (누적 2116)
  2023-03-14: 평가 3529 · 후보 13 · 진입 1 (누적 2117)
  2023-03-15: 평가 3526 · 후보 9 · 진입 2 (누적 2119)
  2023-03-16: 평가 3529 · 후보 18 · 진입 3 (누적 2122)
  2023-03-17: 평가 3532 · 후보 9 · 진입 0 (누적 2122)
  2023-03-20: 평가 3522 · 후보 10 · 진입 0 (누적 2122)
  2023-03-21: 평가 3519 · 후보 20 · 진입 6 (누적 2128)
  2023-03-22: 평가 3524 · 후보 12 · 진입 2 (누적 2130)
  2023-03-23: 평가 3527 · 후보 13 · 진입 0 (누적 2130)
  2023-03-24: 평가 3524 · 후보 16 · 진입 2 (누적 2132)
  2023-03-27: 평가 3518 · 후보 34 · 진입 4 (누적 2136)
  2023-03-28: 평가 3515 · 후보 40 · 진입 14 (누적 2150)
  2023-03-29: 평가 3510 · 후보 44 · 진입 8 (누적 2158)
  2023-03-30: 평가 3511 · 후보 45 · 진입 9 (누적 2167)
  2023-03-31: 평가 3509 · 후보 36 · 진입 9 (누적 2176)
  2023-04-03: 평가 3508 · 후보 41 · 진입 6 (누적 2182)
  2023-04-04: 평가 3501 · 후보 47 · 진입 5 (누적 2187)
  2023-04-05: 평가 3502 · 후보 55 · 진입 4 (누적 2191)
  2023-04-06: 평가 3501 · 후보 51 · 진입 6 (누적 2197)
  2023-04-10: 평가 3495 · 후보 66 · 진입 8 (누적 2205)
  2023-04-11: 평가 3496 · 후보 82 · 진입 11 (누적 2216)
  2023-04-12: 평가 3498 · 후보 86 · 진입 9 (누적 2225)
  2023-04-13: 평가 3491 · 후보 81 · 진입 11 (누적 2236)
  2023-04-14: 평가 3491 · 후보 104 · 진입 7 (누적 2243)
  2023-04-17: 평가 3488 · 후보 96 · 진입 19 (누적 2262)
  2023-04-18: 평가 3489 · 후보 89 · 진입 3 (누적 2265)
  2023-04-19: 평가 3483 · 후보 84 · 진입 6 (누적 2271)
  2023-04-20: 평가 3483 · 후보 99 · 진입 6 (누적 2277)
  2023-04-21: 평가 3481 · 후보 96 · 진입 10 (누적 2287)
  2023-04-24: 평가 3477 · 후보 107 · 진입 5 (누적 2292)
  2023-04-25: 평가 3471 · 후보 78 · 진입 1 (누적 2293)
  2023-04-26: 평가 3467 · 후보 56 · 진입 5 (누적 2298)
  2023-04-27: 평가 3467 · 후보 77 · 진입 11 (누적 2309)
  2023-04-28: 평가 3464 · 후보 69 · 진입 6 (누적 2315)
  2023-05-01: 평가 3461 · 후보 76 · 진입 0 (누적 2315)
  2023-05-02: 평가 3455 · 후보 50 · 진입 5 (누적 2320)
  2023-05-03: 평가 3456 · 후보 58 · 진입 3 (누적 2323)
  2023-05-04: 평가 3458 · 후보 42 · 진입 5 (누적 2328)
  2023-05-05: 평가 3461 · 후보 53 · 진입 5 (누적 2333)
  2023-05-08: 평가 3459 · 후보 62 · 진입 7 (누적 2340)
  2023-05-09: 평가 3453 · 후보 49 · 진입 7 (누적 2347)
  2023-05-10: 평가 3453 · 후보 42 · 진입 1 (누적 2348)
  2023-05-11: 평가 3461 · 후보 44 · 진입 10 (누적 2358)
  2023-05-12: 평가 3455 · 후보 48 · 진입 5 (누적 2363)
  2023-05-15: 평가 3451 · 후보 50 · 진입 3 (누적 2366)
  2023-05-16: 평가 3448 · 후보 55 · 진입 3 (누적 2369)
  2023-05-17: 평가 3454 · 후보 64 · 진입 9 (누적 2378)
  2023-05-18: 평가 3454 · 후보 48 · 진입 5 (누적 2383)
  2023-05-19: 평가 3453 · 후보 57 · 진입 6 (누적 2389)
  2023-05-22: 평가 3452 · 후보 52 · 진입 6 (누적 2395)
  2023-05-23: 평가 3453 · 후보 64 · 진입 1 (누적 2396)
  2023-05-24: 평가 3453 · 후보 61 · 진입 2 (누적 2398)
  2023-05-25: 평가 3455 · 후보 50 · 진입 2 (누적 2400)
  2023-05-26: 평가 3451 · 후보 66 · 진입 7 (누적 2407)
  2023-05-30: 평가 3433 · 후보 65 · 진입 2 (누적 2409)
  2023-05-31: 평가 3434 · 후보 34 · 진입 5 (누적 2414)
  2023-06-01: 평가 3430 · 후보 56 · 진입 14 (누적 2428)
  2023-06-02: 평가 3431 · 후보 50 · 진입 4 (누적 2432)
  2023-06-05: 평가 3431 · 후보 54 · 진입 9 (누적 2441)
  2023-06-06: 평가 3442 · 후보 35 · 진입 9 (누적 2450)
  2023-06-07: 평가 3444 · 후보 34 · 진입 5 (누적 2455)
  2023-06-08: 평가 3445 · 후보 48 · 진입 7 (누적 2462)
  2023-06-09: 평가 3441 · 후보 56 · 진입 5 (누적 2467)
  2023-06-12: 평가 3445 · 후보 58 · 진입 14 (누적 2481)
  2023-06-13: 평가 3453 · 후보 56 · 진입 2 (누적 2483)
  2023-06-14: 평가 3457 · 후보 58 · 진입 6 (누적 2489)
  2023-06-15: 평가 3454 · 후보 54 · 진입 3 (누적 2492)
  2023-06-16: 평가 3470 · 후보 32 · 진입 3 (누적 2495)
  2023-06-20: 평가 3473 · 후보 25 · 진입 2 (누적 2497)
  2023-06-21: 평가 3470 · 후보 36 · 진입 7 (누적 2504)
  2023-06-22: 평가 3478 · 후보 34 · 진입 1 (누적 2505)
  2023-06-23: 평가 3523 · 후보 27 · 진입 2 (누적 2507)
  2023-06-26: 평가 3524 · 후보 28 · 진입 6 (누적 2513)
  2023-06-27: 평가 3528 · 후보 37 · 진입 4 (누적 2517)
  2023-06-28: 평가 3527 · 후보 30 · 진입 3 (누적 2520)
  2023-06-29: 평가 3522 · 후보 33 · 진입 9 (누적 2529)
  2023-06-30: 평가 3523 · 후보 40 · 진입 1 (누적 2530)
  2023-07-03: 평가 3515 · 후보 45 · 진입 2 (누적 2532)
  2023-07-05: 평가 3514 · 후보 92 · 진입 1 (누적 2533)
  2023-07-06: 평가 3509 · 후보 92 · 진입 13 (누적 2546)
  2023-07-07: 평가 3511 · 후보 132 · 진입 22 (누적 2568)
  2023-07-10: 평가 3514 · 후보 129 · 진입 27 (누적 2595)
  2023-07-11: 평가 3514 · 후보 114 · 진입 26 (누적 2621)
  2023-07-12: 평가 3516 · 후보 88 · 진입 15 (누적 2636)
  2023-07-13: 평가 3521 · 후보 119 · 진입 13 (누적 2649)
  2023-07-14: 평가 3517 · 후보 161 · 진입 26 (누적 2675)
  2023-07-17: 평가 3518 · 후보 131 · 진입 17 (누적 2692)
  2023-07-18: 평가 3517 · 후보 126 · 진입 10 (누적 2702)
  2023-07-19: 평가 3515 · 후보 149 · 진입 4 (누적 2706)
  2023-07-20: 평가 3512 · 후보 146 · 진입 10 (누적 2716)
  2023-07-21: 평가 3516 · 후보 99 · 진입 5 (누적 2721)
  2023-07-24: 평가 3517 · 후보 97 · 진입 10 (누적 2731)
  2023-07-25: 평가 3521 · 후보 94 · 진입 2 (누적 2733)
  2023-07-26: 평가 3522 · 후보 94 · 진입 10 (누적 2743)
  2023-07-27: 평가 3518 · 후보 102 · 진입 10 (누적 2753)
  2023-07-28: 평가 3516 · 후보 120 · 진입 18 (누적 2771)
  2023-07-31: 평가 3514 · 후보 126 · 진입 7 (누적 2778)
  2023-08-01: 평가 3517 · 후보 106 · 진입 7 (누적 2785)
  2023-08-02: 평가 3517 · 후보 85 · 진입 8 (누적 2793)
  2023-08-03: 평가 3512 · 후보 72 · 진입 7 (누적 2800)
  2023-08-04: 평가 3510 · 후보 73 · 진입 9 (누적 2809)
  2023-08-07: 평가 3509 · 후보 66 · 진입 0 (누적 2809)
  2023-08-08: 평가 3513 · 후보 68 · 진입 4 (누적 2813)
  2023-08-09: 평가 3515 · 후보 58 · 진입 3 (누적 2816)
  2023-08-10: 평가 3518 · 후보 51 · 진입 4 (누적 2820)
  2023-08-11: 평가 3515 · 후보 53 · 진입 4 (누적 2824)
  2023-08-14: 평가 3517 · 후보 79 · 진입 5 (누적 2829)
  2023-08-15: 평가 3509 · 후보 80 · 진입 8 (누적 2837)
  2023-08-16: 평가 3504 · 후보 70 · 진입 2 (누적 2839)
  2023-08-17: 평가 3503 · 후보 40 · 진입 1 (누적 2840)
  2023-08-18: 평가 3497 · 후보 49 · 진입 2 (누적 2842)
  2023-08-21: 평가 3492 · 후보 69 · 진입 6 (누적 2848)
  2023-08-22: 평가 3489 · 후보 65 · 진입 6 (누적 2854)
  2023-08-23: 평가 3491 · 후보 77 · 진입 7 (누적 2861)
  2023-08-24: 평가 3485 · 후보 71 · 진입 8 (누적 2869)
  2023-08-25: 평가 3478 · 후보 77 · 진입 10 (누적 2879)
  2023-08-28: 평가 3470 · 후보 88 · 진입 14 (누적 2893)
  2023-08-29: 평가 3464 · 후보 86 · 진입 18 (누적 2911)
  2023-08-30: 평가 3457 · 후보 73 · 진입 7 (누적 2918)
  2023-08-31: 평가 3454 · 후보 85 · 진입 21 (누적 2939)
  2023-09-01: 평가 3448 · 후보 62 · 진입 3 (누적 2942)
  2023-09-05: 평가 3396 · 후보 48 · 진입 2 (누적 2944)
  2023-09-06: 평가 3399 · 후보 54 · 진입 1 (누적 2945)
  2023-09-07: 평가 3395 · 후보 50 · 진입 1 (누적 2946)
  2023-09-08: 평가 3391 · 후보 62 · 진입 4 (누적 2950)
  2023-09-11: 평가 3394 · 후보 59 · 진입 2 (누적 2952)
  2023-09-12: 평가 3381 · 후보 48 · 진입 3 (누적 2955)
  2023-09-13: 평가 3381 · 후보 47 · 진입 7 (누적 2962)
  2023-09-14: 평가 3378 · 후보 49 · 진입 2 (누적 2964)
  2023-09-15: 평가 3386 · 후보 17 · 진입 1 (누적 2965)
  2023-09-18: 평가 3379 · 후보 12 · 진입 1 (누적 2966)
  2023-09-19: 평가 3382 · 후보 17 · 진입 1 (누적 2967)
  2023-09-20: 평가 3381 · 후보 18 · 진입 1 (누적 2968)
  2023-09-21: 평가 3377 · 후보 14 · 진입 1 (누적 2969)
  2023-09-22: 평가 3373 · 후보 23 · 진입 4 (누적 2973)
  2023-09-25: 평가 3368 · 후보 16 · 진입 0 (누적 2973)
  2023-09-26: 평가 3365 · 후보 14 · 진입 3 (누적 2976)
  2023-09-27: 평가 3363 · 후보 27 · 진입 5 (누적 2981)
  2023-09-28: 평가 3360 · 후보 29 · 진입 5 (누적 2986)
  2023-09-29: 평가 3359 · 후보 40 · 진입 2 (누적 2988)
  2023-10-02: 평가 3351 · 후보 23 · 진입 0 (누적 2988)
  2023-10-03: 평가 3344 · 후보 17 · 진입 0 (누적 2988)
  2023-10-04: 평가 3340 · 후보 31 · 진입 2 (누적 2990)
  2023-10-05: 평가 3339 · 후보 30 · 진입 7 (누적 2997)
  2023-10-06: 평가 3334 · 후보 27 · 진입 3 (누적 3000)
  2023-10-09: 평가 3323 · 후보 34 · 진입 8 (누적 3008)
  2023-10-10: 평가 3323 · 후보 33 · 진입 4 (누적 3012)
  2023-10-11: 평가 3319 · 후보 38 · 진입 2 (누적 3014)
  2023-10-12: 평가 3317 · 후보 33 · 진입 2 (누적 3016)
  2023-10-13: 평가 3315 · 후보 23 · 진입 2 (누적 3018)
  2023-10-16: 평가 3314 · 후보 38 · 진입 6 (누적 3024)
  2023-10-17: 평가 3313 · 후보 49 · 진입 3 (누적 3027)
  2023-10-18: 평가 3303 · 후보 29 · 진입 2 (누적 3029)
  2023-10-19: 평가 3294 · 후보 25 · 진입 0 (누적 3029)
  2023-10-20: 평가 3287 · 후보 20 · 진입 2 (누적 3031)
  2023-10-23: 평가 3283 · 후보 15 · 진입 2 (누적 3033)
  2023-10-24: 평가 3277 · 후보 29 · 진입 3 (누적 3036)
  2023-10-25: 평가 3277 · 후보 22 · 진입 1 (누적 3037)
  2023-10-26: 평가 3273 · 후보 25 · 진입 1 (누적 3038)
  2023-10-27: 평가 3271 · 후보 16 · 진입 2 (누적 3040)
  2023-10-30: 평가 3270 · 후보 25 · 진입 4 (누적 3044)
  2023-10-31: 평가 3272 · 후보 31 · 진입 6 (누적 3050)
  2023-11-01: 평가 3264 · 후보 31 · 진입 7 (누적 3057)
  2023-11-02: 평가 3268 · 후보 32 · 진입 5 (누적 3062)
  2023-11-03: 평가 3270 · 후보 25 · 진입 3 (누적 3065)
  2023-11-06: 평가 3270 · 후보 31 · 진입 3 (누적 3068)
  2023-11-07: 평가 3268 · 후보 48 · 진입 11 (누적 3079)
  2023-11-08: 평가 3268 · 후보 47 · 진입 4 (누적 3083)
  2023-11-09: 평가 3263 · 후보 47 · 진입 6 (누적 3089)
  2023-11-10: 평가 3269 · 후보 45 · 진입 6 (누적 3095)
  2023-11-13: 평가 3270 · 후보 47 · 진입 17 (누적 3112)
  2023-11-14: 평가 3273 · 후보 27 · 진입 3 (누적 3115)
  2023-11-15: 평가 3274 · 후보 31 · 진입 4 (누적 3119)
  2023-11-16: 평가 3265 · 후보 29 · 진입 7 (누적 3126)
  2023-11-17: 평가 3266 · 후보 51 · 진입 10 (누적 3136)
  2023-11-20: 평가 3269 · 후보 47 · 진입 1 (누적 3137)
  2023-11-21: 평가 3270 · 후보 53 · 진입 6 (누적 3143)
  2023-11-22: 평가 3266 · 후보 53 · 진입 6 (누적 3149)
  2023-11-24: 평가 3261 · 후보 67 · 진입 6 (누적 3155)
  2023-11-27: 평가 3243 · 후보 89 · 진입 5 (누적 3160)
  2023-11-28: 평가 3241 · 후보 110 · 진입 15 (누적 3175)
  2023-11-29: 평가 3244 · 후보 107 · 진입 13 (누적 3188)
  2023-11-30: 평가 3245 · 후보 90 · 진입 9 (누적 3197)
  2023-12-01: 평가 3248 · 후보 44 · 진입 4 (누적 3201)
  2023-12-04: 평가 3257 · 후보 48 · 진입 2 (누적 3203)
  2023-12-05: 평가 3262 · 후보 62 · 진입 9 (누적 3212)
  2023-12-06: 평가 3259 · 후보 72 · 진입 7 (누적 3219)
  2023-12-07: 평가 3263 · 후보 78 · 진입 9 (누적 3228)
  2023-12-08: 평가 3271 · 후보 76 · 진입 5 (누적 3233)
  2023-12-11: 평가 3281 · 후보 84 · 진입 4 (누적 3237)
  2023-12-12: 평가 3283 · 후보 63 · 진입 11 (누적 3248)
  2023-12-13: 평가 3290 · 후보 28 · 진입 5 (누적 3253)
  2023-12-14: 평가 3299 · 후보 22 · 진입 1 (누적 3254)
  2023-12-15: 평가 3325 · 후보 8 · 진입 2 (누적 3256)
  2023-12-18: 평가 3334 · 후보 8 · 진입 1 (누적 3257)
  2023-12-19: 평가 3348 · 후보 8 · 진입 1 (누적 3258)
  2023-12-20: 평가 3356 · 후보 14 · 진입 2 (누적 3260)
  2023-12-21: 평가 3362 · 후보 20 · 진입 3 (누적 3263)
  2023-12-22: 평가 3362 · 후보 39 · 진입 9 (누적 3272)
  2023-12-26: 평가 3366 · 후보 33 · 진입 6 (누적 3278)
  2023-12-27: 평가 3372 · 후보 53 · 진입 5 (누적 3283)
  2023-12-28: 평가 3375 · 후보 70 · 진입 5 (누적 3288)
  2023-12-29: 평가 3377 · 후보 85 · 진입 3 (누적 3291)
  2024-01-02: 평가 3381 · 후보 79 · 진입 3 (누적 3294)
  2024-01-03: 평가 3380 · 후보 60 · 진입 4 (누적 3298)
  2024-01-04: 평가 3380 · 후보 59 · 진입 6 (누적 3304)
  2024-01-05: 평가 3388 · 후보 72 · 진입 11 (누적 3315)
  2024-01-08: 평가 3391 · 후보 100 · 진입 8 (누적 3323)
  2024-01-09: 평가 3397 · 후보 108 · 진입 12 (누적 3335)
  2024-01-10: 평가 3406 · 후보 109 · 진입 9 (누적 3344)
  2024-01-11: 평가 3408 · 후보 116 · 진입 14 (누적 3358)
  2024-01-12: 평가 3407 · 후보 123 · 진입 6 (누적 3364)
  2024-01-16: 평가 3409 · 후보 114 · 진입 5 (누적 3369)
  2024-01-17: 평가 3412 · 후보 109 · 진입 14 (누적 3383)
  2024-01-18: 평가 3414 · 후보 83 · 진입 15 (누적 3398)
  2024-01-19: 평가 3412 · 후보 73 · 진입 25 (누적 3423)
  2024-01-22: 평가 3415 · 후보 53 · 진입 12 (누적 3435)
  2024-01-23: 평가 3412 · 후보 87 · 진입 6 (누적 3441)
  2024-01-24: 평가 3410 · 후보 98 · 진입 10 (누적 3451)
  2024-01-25: 평가 3413 · 후보 99 · 진입 7 (누적 3458)
  2024-01-26: 평가 3412 · 후보 106 · 진입 19 (누적 3477)
  2024-01-29: 평가 3408 · 후보 93 · 진입 5 (누적 3482)
  2024-01-30: 평가 3413 · 후보 100 · 진입 6 (누적 3488)
  2024-01-31: 평가 3417 · 후보 73 · 진입 4 (누적 3492)
  2024-02-01: 평가 3415 · 후보 81 · 진입 7 (누적 3499)
  2024-02-02: 평가 3413 · 후보 75 · 진입 5 (누적 3504)
  2024-02-05: 평가 3417 · 후보 74 · 진입 11 (누적 3515)
  2024-02-06: 평가 3426 · 후보 81 · 진입 8 (누적 3523)
  2024-02-07: 평가 3428 · 후보 75 · 진입 10 (누적 3533)
  2024-02-08: 평가 3429 · 후보 64 · 진입 11 (누적 3544)
  2024-02-09: 평가 3428 · 후보 55 · 진입 6 (누적 3550)
  2024-02-12: 평가 3431 · 후보 46 · 진입 2 (누적 3552)
  2024-02-13: 평가 3424 · 후보 47 · 진입 5 (누적 3557)
  2024-02-14: 평가 3421 · 후보 68 · 진입 9 (누적 3566)
  2024-02-15: 평가 3426 · 후보 51 · 진입 5 (누적 3571)
  2024-02-16: 평가 3423 · 후보 55 · 진입 3 (누적 3574)
  2024-02-20: 평가 3428 · 후보 57 · 진입 2 (누적 3576)
  2024-02-21: 평가 3424 · 후보 61 · 진입 6 (누적 3582)
  2024-02-22: 평가 3423 · 후보 56 · 진입 3 (누적 3585)
  2024-02-23: 평가 3423 · 후보 56 · 진입 9 (누적 3594)
  2024-02-26: 평가 3424 · 후보 58 · 진입 13 (누적 3607)
  2024-02-27: 평가 3423 · 후보 51 · 진입 3 (누적 3610)
  2024-02-28: 평가 3412 · 후보 60 · 진입 3 (누적 3613)
  2024-02-29: 평가 3403 · 후보 45 · 진입 7 (누적 3620)
  2024-03-01: 평가 3398 · 후보 47 · 진입 5 (누적 3625)
  2024-03-04: 평가 3390 · 후보 47 · 진입 4 (누적 3629)
  2024-03-05: 평가 3384 · 후보 40 · 진입 2 (누적 3631)
  2024-03-06: 평가 3382 · 후보 34 · 진입 4 (누적 3635)
  2024-03-07: 평가 3380 · 후보 40 · 진입 6 (누적 3641)
  2024-03-08: 평가 3376 · 후보 42 · 진입 5 (누적 3646)
  2024-03-11: 평가 3375 · 후보 37 · 진입 1 (누적 3647)
  2024-03-12: 평가 3374 · 후보 41 · 진입 6 (누적 3653)
  2024-03-13: 평가 3376 · 후보 39 · 진입 2 (누적 3655)
  2024-03-14: 평가 3377 · 후보 26 · 진입 2 (누적 3657)
  2024-03-15: 평가 3384 · 후보 21 · 진입 3 (누적 3660)
  2024-03-18: 평가 3379 · 후보 20 · 진입 1 (누적 3661)
  2024-03-19: 평가 3371 · 후보 20 · 진입 5 (누적 3666)
  2024-03-20: 평가 3369 · 후보 28 · 진입 14 (누적 3680)
  2024-03-21: 평가 3369 · 후보 21 · 진입 1 (누적 3681)
  2024-03-22: 평가 3370 · 후보 35 · 진입 5 (누적 3686)
  2024-03-25: 평가 3368 · 후보 46 · 진입 7 (누적 3693)
  2024-03-26: 평가 3374 · 후보 55 · 진입 9 (누적 3702)
  2024-03-27: 평가 3374 · 후보 68 · 진입 17 (누적 3719)
  2024-03-28: 평가 3376 · 후보 73 · 진입 8 (누적 3727)
  2024-04-01: 평가 3381 · 후보 78 · 진입 5 (누적 3732)
  2024-04-02: 평가 3381 · 후보 57 · 진입 8 (누적 3740)
  2024-04-03: 평가 3382 · 후보 57 · 진입 3 (누적 3743)
  2024-04-04: 평가 3391 · 후보 54 · 진입 4 (누적 3747)
  2024-04-05: 평가 3387 · 후보 61 · 진입 6 (누적 3753)
  2024-04-08: 평가 3383 · 후보 84 · 진입 6 (누적 3759)
  2024-04-09: 평가 3390 · 후보 88 · 진입 1 (누적 3760)
  2024-04-10: 평가 3388 · 후보 55 · 진입 5 (누적 3765)
  2024-04-11: 평가 3396 · 후보 75 · 진입 2 (누적 3767)
  2024-04-12: 평가 3402 · 후보 42 · 진입 1 (누적 3768)
  2024-04-15: 평가 3403 · 후보 22 · 진입 0 (누적 3768)
  2024-04-16: 평가 3406 · 후보 24 · 진입 1 (누적 3769)
  2024-04-17: 평가 3405 · 후보 20 · 진입 1 (누적 3770)
  2024-04-18: 평가 3414 · 후보 16 · 진입 2 (누적 3772)
  2024-04-19: 평가 3412 · 후보 21 · 진입 1 (누적 3773)
  2024-04-22: 평가 3415 · 후보 26 · 진입 7 (누적 3780)
  2024-04-23: 평가 3414 · 후보 35 · 진입 2 (누적 3782)
  2024-04-24: 평가 3414 · 후보 41 · 진입 3 (누적 3785)
  2024-04-25: 평가 3416 · 후보 31 · 진입 2 (누적 3787)
  2024-04-26: 평가 3412 · 후보 54 · 진입 24 (누적 3811)
  2024-04-29: 평가 3412 · 후보 61 · 진입 3 (누적 3814)
  2024-04-30: 평가 3411 · 후보 50 · 진입 11 (누적 3825)
  2024-05-01: 평가 3410 · 후보 45 · 진입 8 (누적 3833)
  2024-05-02: 평가 3407 · 후보 48 · 진입 9 (누적 3842)
  2024-05-03: 평가 3399 · 후보 54 · 진입 11 (누적 3853)
  2024-05-06: 평가 3398 · 후보 38 · 진입 9 (누적 3862)
  2024-05-07: 평가 3401 · 후보 49 · 진입 1 (누적 3863)
  2024-05-08: 평가 3401 · 후보 69 · 진입 15 (누적 3878)
  2024-05-09: 평가 3397 · 후보 58 · 진입 4 (누적 3882)
  2024-05-10: 평가 3395 · 후보 71 · 진입 12 (누적 3894)
  2024-05-13: 평가 3394 · 후보 81 · 진입 15 (누적 3909)
  2024-05-14: 평가 3395 · 후보 64 · 진입 12 (누적 3921)
  2024-05-15: 평가 3399 · 후보 54 · 진입 6 (누적 3927)
  2024-05-16: 평가 3398 · 후보 56 · 진입 3 (누적 3930)
  2024-05-17: 평가 3397 · 후보 69 · 진입 10 (누적 3940)
  2024-05-20: 평가 3396 · 후보 71 · 진입 6 (누적 3946)
  2024-05-21: 평가 3401 · 후보 76 · 진입 8 (누적 3954)
  2024-05-22: 평가 3393 · 후보 67 · 진입 2 (누적 3956)
  2024-05-23: 평가 3393 · 후보 60 · 진입 9 (누적 3965)
  2024-05-24: 평가 3392 · 후보 64 · 진입 6 (누적 3971)
  2024-05-28: 평가 3385 · 후보 70 · 진입 4 (누적 3975)
  2024-05-29: 평가 3386 · 후보 55 · 진입 7 (누적 3982)
  2024-05-30: 평가 3384 · 후보 72 · 진입 3 (누적 3985)
  2024-05-31: 평가 3384 · 후보 75 · 진입 8 (누적 3993)
  2024-06-03: 평가 3383 · 후보 42 · 진입 2 (누적 3995)
  2024-06-04: 평가 3375 · 후보 35 · 진입 3 (누적 3998)
  2024-06-05: 평가 3376 · 후보 51 · 진입 3 (누적 4001)
  2024-06-06: 평가 3371 · 후보 53 · 진입 1 (누적 4002)
  2024-06-07: 평가 3369 · 후보 52 · 진입 7 (누적 4009)
  2024-06-10: 평가 3370 · 후보 51 · 진입 3 (누적 4012)
  2024-06-11: 평가 3367 · 후보 52 · 진입 17 (누적 4029)
  2024-06-12: 평가 3368 · 후보 59 · 진입 6 (누적 4035)
  2024-06-13: 평가 3366 · 후보 48 · 진입 0 (누적 4035)
  2024-06-14: 평가 3363 · 후보 49 · 진입 7 (누적 4042)
  2024-06-17: 평가 3365 · 후보 55 · 진입 9 (누적 4051)
  2024-06-18: 평가 3369 · 후보 44 · 진입 4 (누적 4055)
  2024-06-20: 평가 3363 · 후보 51 · 진입 3 (누적 4058)
  2024-06-21: 평가 3367 · 후보 34 · 진입 8 (누적 4066)
  2024-06-24: 평가 3371 · 후보 28 · 진입 1 (누적 4067)
  2024-06-25: 평가 3368 · 후보 32 · 진입 2 (누적 4069)
  2024-06-26: 평가 3368 · 후보 28 · 진입 3 (누적 4072)
  2024-06-27: 평가 3366 · 후보 27 · 진입 5 (누적 4077)
  2024-06-28: 평가 3387 · 후보 17 · 진입 2 (누적 4079)
  2024-07-01: 평가 3388 · 후보 14 · 진입 2 (누적 4081)
  2024-07-02: 평가 3386 · 후보 22 · 진입 5 (누적 4086)
  2024-07-03: 평가 3382 · 후보 34 · 진입 6 (누적 4092)
  2024-07-05: 평가 3384 · 후보 46 · 진입 7 (누적 4099)
  2024-07-08: 평가 3390 · 후보 66 · 진입 9 (누적 4108)
  2024-07-09: 평가 3387 · 후보 76 · 진입 12 (누적 4120)
  2024-07-10: 평가 3386 · 후보 72 · 진입 21 (누적 4141)
  2024-07-11: 평가 3385 · 후보 67 · 진입 15 (누적 4156)
  2024-07-12: 평가 3388 · 후보 61 · 진입 16 (누적 4172)
  2024-07-15: 평가 3391 · 후보 48 · 진입 13 (누적 4185)
  2024-07-16: 평가 3397 · 후보 23 · 진입 1 (누적 4186)
  2024-07-17: 평가 3399 · 후보 39 · 진입 4 (누적 4190)
  2024-07-18: 평가 3402 · 후보 48 · 진입 3 (누적 4193)
  2024-07-19: 평가 3399 · 후보 60 · 진입 7 (누적 4200)
  2024-07-22: 평가 3396 · 후보 79 · 진입 21 (누적 4221)
  2024-07-23: 평가 3400 · 후보 75 · 진입 5 (누적 4226)
  2024-07-24: 평가 3405 · 후보 57 · 진입 6 (누적 4232)
  2024-07-25: 평가 3402 · 후보 51 · 진입 7 (누적 4239)
  2024-07-26: 평가 3406 · 후보 58 · 진입 6 (누적 4245)
  2024-07-29: 평가 3408 · 후보 55 · 진입 4 (누적 4249)
  2024-07-30: 평가 3411 · 후보 39 · 진입 8 (누적 4257)
  2024-07-31: 평가 3411 · 후보 52 · 진입 4 (누적 4261)
  2024-08-01: 평가 3408 · 후보 29 · 진입 1 (누적 4262)
  2024-08-02: 평가 3407 · 후보 17 · 진입 0 (누적 4262)
  2024-08-05: 평가 3408 · 후보 11 · 진입 4 (누적 4266)
  2024-08-06: 평가 3405 · 후보 14 · 진입 2 (누적 4268)
  2024-08-07: 평가 3403 · 후보 7 · 진입 0 (누적 4268)
  2024-08-08: 평가 3401 · 후보 12 · 진입 4 (누적 4272)
  2024-08-09: 평가 3400 · 후보 17 · 진입 1 (누적 4273)
  2024-08-12: 평가 3398 · 후보 26 · 진입 8 (누적 4281)
  2024-08-13: 평가 3395 · 후보 34 · 진입 8 (누적 4289)
  2024-08-14: 평가 3391 · 후보 45 · 진입 22 (누적 4311)
  2024-08-15: 평가 3391 · 후보 43 · 진입 5 (누적 4316)
  2024-08-16: 평가 3387 · 후보 51 · 진입 11 (누적 4327)
  2024-08-19: 평가 3393 · 후보 59 · 진입 8 (누적 4335)
  2024-08-20: 평가 3399 · 후보 96 · 진입 20 (누적 4355)
  2024-08-21: 평가 3397 · 후보 89 · 진입 6 (누적 4361)
  2024-08-22: 평가 3403 · 후보 116 · 진입 33 (누적 4394)
  2024-08-23: 평가 3404 · 후보 76 · 진입 11 (누적 4405)
  2024-08-26: 평가 3402 · 후보 112 · 진입 3 (누적 4408)
  2024-08-27: 평가 3400 · 후보 137 · 진입 9 (누적 4417)
  2024-08-28: 평가 3401 · 후보 165 · 진입 21 (누적 4438)
  2024-08-29: 평가 3404 · 후보 167 · 진입 17 (누적 4455)
  2024-08-30: 평가 3401 · 후보 161 · 진입 5 (누적 4460)
  2024-09-03: 평가 3396 · 후보 130 · 진입 7 (누적 4467)
  2024-09-04: 평가 3387 · 후보 129 · 진입 5 (누적 4472)
  2024-09-05: 평가 3386 · 후보 119 · 진입 1 (누적 4473)
  2024-09-06: 평가 3383 · 후보 67 · 진입 5 (누적 4478)
  2024-09-09: 평가 3383 · 후보 85 · 진입 7 (누적 4485)
  2024-09-10: 평가 3355 · 후보 84 · 진입 4 (누적 4489)
  2024-09-11: 평가 3348 · 후보 77 · 진입 13 (누적 4502)
  2024-09-12: 평가 3351 · 후보 89 · 진입 13 (누적 4515)
  2024-09-13: 평가 3355 · 후보 106 · 진입 13 (누적 4528)
  2024-09-16: 평가 3348 · 후보 114 · 진입 26 (누적 4554)
  2024-09-17: 평가 3343 · 후보 97 · 진입 14 (누적 4568)
  2024-09-18: 평가 3343 · 후보 85 · 진입 7 (누적 4575)
  2024-09-19: 평가 3348 · 후보 50 · 진입 6 (누적 4581)
  2024-09-20: 평가 3355 · 후보 38 · 진입 4 (누적 4585)
  2024-09-23: 평가 3352 · 후보 29 · 진입 3 (누적 4588)
  2024-09-24: 평가 3355 · 후보 31 · 진입 1 (누적 4589)
  2024-09-25: 평가 3358 · 후보 37 · 진입 6 (누적 4595)
  2024-09-26: 평가 3358 · 후보 40 · 진입 3 (누적 4598)
  2024-09-27: 평가 3355 · 후보 62 · 진입 3 (누적 4601)
  2024-09-30: 평가 3361 · 후보 72 · 진입 1 (누적 4602)
  2024-10-01: 평가 3354 · 후보 56 · 진입 1 (누적 4603)
  2024-10-02: 평가 3345 · 후보 59 · 진입 2 (누적 4605)
  2024-10-03: 평가 3344 · 후보 54 · 진입 7 (누적 4612)
  2024-10-04: 평가 3342 · 후보 63 · 진입 2 (누적 4614)
  2024-10-07: 평가 3341 · 후보 67 · 진입 8 (누적 4622)
  2024-10-08: 평가 3338 · 후보 71 · 진입 12 (누적 4634)
  2024-10-09: 평가 3331 · 후보 91 · 진입 7 (누적 4641)
  2024-10-10: 평가 3328 · 후보 100 · 진입 17 (누적 4658)
  2024-10-11: 평가 3323 · 후보 81 · 진입 7 (누적 4665)
  2024-10-14: 평가 3326 · 후보 78 · 진입 13 (누적 4678)
  2024-10-15: 평가 3327 · 후보 90 · 진입 16 (누적 4694)
  2024-10-16: 평가 3326 · 후보 59 · 진입 5 (누적 4699)
  2024-10-17: 평가 3327 · 후보 94 · 진입 11 (누적 4710)
  2024-10-18: 평가 3334 · 후보 107 · 진입 6 (누적 4716)
  2024-10-21: 평가 3339 · 후보 96 · 진입 3 (누적 4719)
  2024-10-22: 평가 3333 · 후보 97 · 진입 7 (누적 4726)
  2024-10-23: 평가 3334 · 후보 83 · 진입 4 (누적 4730)
  2024-10-24: 평가 3332 · 후보 75 · 진입 11 (누적 4741)
  2024-10-25: 평가 3337 · 후보 69 · 진입 6 (누적 4747)
  2024-10-28: 평가 3335 · 후보 89 · 진입 4 (누적 4751)
  2024-10-29: 평가 3338 · 후보 88 · 진입 8 (누적 4759)
  2024-10-30: 평가 3340 · 후보 98 · 진입 5 (누적 4764)
  2024-10-31: 평가 3332 · 후보 59 · 진입 7 (누적 4771)
  2024-11-01: 평가 3333 · 후보 57 · 진입 7 (누적 4778)
  2024-11-04: 평가 3335 · 후보 55 · 진입 5 (누적 4783)
  2024-11-05: 평가 3339 · 후보 54 · 진입 21 (누적 4804)
  2024-11-06: 평가 3353 · 후보 21 · 진입 6 (누적 4810)
  2024-11-07: 평가 3358 · 후보 29 · 진입 5 (누적 4815)
  2024-11-08: 평가 3368 · 후보 19 · 진입 5 (누적 4820)
  2024-11-11: 평가 3381 · 후보 25 · 진입 1 (누적 4821)
  2024-11-12: 평가 3383 · 후보 23 · 진입 2 (누적 4823)
  2024-11-13: 평가 3387 · 후보 21 · 진입 2 (누적 4825)
  2024-11-14: 평가 3392 · 후보 19 · 진입 2 (누적 4827)
  2024-11-15: 평가 3401 · 후보 17 · 진입 0 (누적 4827)
  2024-11-18: 평가 3406 · 후보 18 · 진입 2 (누적 4829)
  2024-11-19: 평가 3410 · 후보 23 · 진입 2 (누적 4831)
  2024-11-20: 평가 3414 · 후보 25 · 진입 7 (누적 4838)
  2024-11-21: 평가 3419 · 후보 33 · 진입 7 (누적 4845)
  2024-11-22: 평가 3419 · 후보 36 · 진입 11 (누적 4856)
  2024-11-25: 평가 3419 · 후보 30 · 진입 4 (누적 4860)
  2024-11-26: 평가 3420 · 후보 35 · 진입 8 (누적 4868)
  2024-11-27: 평가 3425 · 후보 47 · 진입 3 (누적 4871)
  2024-11-29: 평가 3423 · 후보 62 · 진입 8 (누적 4879)
  2024-12-02: 평가 3420 · 후보 103 · 진입 11 (누적 4890)
  2024-12-03: 평가 3422 · 후보 119 · 진입 23 (누적 4913)
  2024-12-04: 평가 3425 · 후보 116 · 진입 12 (누적 4925)
  2024-12-05: 평가 3430 · 후보 114 · 진입 9 (누적 4934)
  2024-12-06: 평가 3433 · 후보 103 · 진입 10 (누적 4944)
  2024-12-09: 평가 3431 · 후보 81 · 진입 5 (누적 4949)
  2024-12-10: 평가 3440 · 후보 71 · 진입 5 (누적 4954)
  2024-12-11: 평가 3444 · 후보 80 · 진입 5 (누적 4959)
  2024-12-12: 평가 3456 · 후보 78 · 진입 4 (누적 4963)
  2024-12-13: 평가 3460 · 후보 68 · 진입 7 (누적 4970)
  2024-12-16: 평가 3467 · 후보 72 · 진입 6 (누적 4976)
  2024-12-17: 평가 3467 · 후보 62 · 진입 4 (누적 4980)
  2024-12-18: 평가 3468 · 후보 11 · 진입 1 (누적 4981)
  2024-12-19: 평가 3474 · 후보 16 · 진입 3 (누적 4984)
  2024-12-20: 평가 3494 · 후보 11 · 진입 2 (누적 4986)
  2024-12-23: 평가 3503 · 후보 14 · 진입 3 (누적 4989)
  2024-12-24: 평가 3500 · 후보 31 · 진입 7 (누적 4996)
  2024-12-26: 평가 3508 · 후보 57 · 진입 8 (누적 5004)
  2024-12-27: 평가 3512 · 후보 59 · 진입 3 (누적 5007)
  2024-12-30: 평가 3527 · 후보 60 · 진입 3 (누적 5010)
  2024-12-31: 평가 3528 · 후보 74 · 진입 12 (누적 5022)
  2025-01-02: 평가 3531 · 후보 82 · 진입 23 (누적 5045)
  2025-01-03: 평가 3536 · 후보 80 · 진입 23 (누적 5068)
  2025-01-06: 평가 3554 · 후보 69 · 진입 6 (누적 5074)
  2025-01-07: 평가 3554 · 후보 66 · 진입 6 (누적 5080)
  2025-01-08: 평가 3557 · 후보 61 · 진입 2 (누적 5082)
  2025-01-10: 평가 3563 · 후보 40 · 진입 2 (누적 5084)
  2025-01-13: 평가 3560 · 후보 51 · 진입 9 (누적 5093)
  2025-01-14: 평가 3563 · 후보 48 · 진입 16 (누적 5109)
  2025-01-15: 평가 3561 · 후보 49 · 진입 6 (누적 5115)
  2025-01-16: 평가 3564 · 후보 51 · 진입 14 (누적 5129)
  2025-01-17: 평가 3565 · 후보 53 · 진입 20 (누적 5149)
  2025-01-21: 평가 3569 · 후보 37 · 진입 7 (누적 5156)
  2025-01-22: 평가 3563 · 후보 40 · 진입 7 (누적 5163)
  2025-01-23: 평가 3567 · 후보 53 · 진입 7 (누적 5170)
  2025-01-24: 평가 3569 · 후보 62 · 진입 3 (누적 5173)
  2025-01-27: 평가 3564 · 후보 42 · 진입 3 (누적 5176)
  2025-01-28: 평가 3561 · 후보 60 · 진입 11 (누적 5187)
  2025-01-29: 평가 3553 · 후보 62 · 진입 9 (누적 5196)
  2025-01-30: 평가 3555 · 후보 85 · 진입 12 (누적 5208)
  2025-01-31: 평가 3554 · 후보 72 · 진입 4 (누적 5212)
  2025-02-03: 평가 3550 · 후보 57 · 진입 10 (누적 5222)
  2025-02-04: 평가 3550 · 후보 66 · 진입 10 (누적 5232)
  2025-02-05: 평가 3549 · 후보 73 · 진입 13 (누적 5245)
  2025-02-06: 평가 3548 · 후보 58 · 진입 4 (누적 5249)
  2025-02-07: 평가 3549 · 후보 51 · 진입 4 (누적 5253)
  2025-02-10: 평가 3545 · 후보 67 · 진입 4 (누적 5257)
  2025-02-11: 평가 3548 · 후보 67 · 진입 2 (누적 5259)
  2025-02-12: 평가 3547 · 후보 61 · 진입 7 (누적 5266)
  2025-02-13: 평가 3549 · 후보 78 · 진입 6 (누적 5272)
  2025-02-14: 평가 3551 · 후보 77 · 진입 13 (누적 5285)
  2025-02-18: 평가 3545 · 후보 68 · 진입 7 (누적 5292)
  2025-02-19: 평가 3547 · 후보 63 · 진입 1 (누적 5293)
  2025-02-20: 평가 3547 · 후보 54 · 진입 5 (누적 5298)
  2025-02-21: 평가 3545 · 후보 17 · 진입 0 (누적 5298)
  2025-02-24: 평가 3546 · 후보 13 · 진입 2 (누적 5300)
  2025-02-25: 평가 3544 · 후보 14 · 진입 1 (누적 5301)
  2025-02-26: 평가 3539 · 후보 11 · 진입 0 (누적 5301)
  2025-02-27: 평가 3537 · 후보 10 · 진입 1 (누적 5302)
  2025-02-28: 평가 3530 · 후보 23 · 진입 2 (누적 5304)
  2025-03-03: 평가 3527 · 후보 17 · 진입 0 (누적 5304)
  2025-03-04: 평가 3526 · 후보 5 · 진입 0 (누적 5304)
  2025-03-05: 평가 3520 · 후보 11 · 진입 0 (누적 5304)
  2025-03-06: 평가 3516 · 후보 4 · 진입 1 (누적 5305)
  2025-03-07: 평가 3496 · 후보 5 · 진입 0 (누적 5305)
  2025-03-10: 평가 3495 · 후보 1 · 진입 1 (누적 5306)
  2025-03-11: 평가 3502 · 후보 4 · 진입 1 (누적 5307)
  2025-03-12: 평가 3493 · 후보 9 · 진입 1 (누적 5308)
  2025-03-13: 평가 3483 · 후보 9 · 진입 6 (누적 5314)
  2025-03-14: 평가 3478 · 후보 13 · 진입 4 (누적 5318)
  2025-03-17: 평가 3472 · 후보 18 · 진입 1 (누적 5319)
  2025-03-18: 평가 3459 · 후보 12 · 진입 3 (누적 5322)
  2025-03-19: 평가 3455 · 후보 26 · 진입 9 (누적 5331)
  2025-03-20: 평가 3439 · 후보 20 · 진입 2 (누적 5333)
  2025-03-21: 평가 3439 · 후보 26 · 진입 8 (누적 5341)
  2025-03-24: 평가 3434 · 후보 31 · 진입 6 (누적 5347)
  2025-03-25: 평가 3428 · 후보 27 · 진입 3 (누적 5350)
  2025-03-26: 평가 3431 · 후보 22 · 진입 2 (누적 5352)
  2025-03-27: 평가 3419 · 후보 26 · 진입 1 (누적 5353)
  2025-03-28: 평가 3418 · 후보 30 · 진입 4 (누적 5357)
  2025-03-31: 평가 3416 · 후보 28 · 진입 1 (누적 5358)
  2025-04-01: 평가 3412 · 후보 36 · 진입 1 (누적 5359)
  2025-04-02: 평가 3408 · 후보 43 · 진입 0 (누적 5359)
  2025-04-03: 평가 3405 · 후보 15 · 진입 0 (누적 5359)
  2025-04-04: 평가 3404 · 후보 4 · 진입 1 (누적 5360)
  2025-04-07: 평가 3403 · 후보 4 · 진입 1 (누적 5361)
  2025-04-08: 평가 3398 · 후보 3 · 진입 0 (누적 5361)
  2025-04-09: 평가 3400 · 후보 1 · 진입 0 (누적 5361)
  2025-04-10: 평가 3401 · 후보 1 · 진입 0 (누적 5361)
  2025-04-11: 평가 3399 · 후보 3 · 진입 1 (누적 5362)
  2025-04-14: 평가 3394 · 후보 6 · 진입 2 (누적 5364)
  2025-04-15: 평가 3390 · 후보 4 · 진입 2 (누적 5366)
  2025-04-16: 평가 3389 · 후보 20 · 진입 6 (누적 5372)
  2025-04-17: 평가 3391 · 후보 33 · 진입 3 (누적 5375)
  2025-04-21: 평가 3384 · 후보 15 · 진입 5 (누적 5380)
  2025-04-22: 평가 3379 · 후보 32 · 진입 15 (누적 5395)
  2025-04-23: 평가 3383 · 후보 44 · 진입 14 (누적 5409)
  2025-04-24: 평가 3378 · 후보 24 · 진입 2 (누적 5411)
  2025-04-25: 평가 3377 · 후보 50 · 진입 11 (누적 5422)
  2025-04-28: 평가 3373 · 후보 52 · 진입 8 (누적 5430)
  2025-04-29: 평가 3370 · 후보 54 · 진입 7 (누적 5437)
  2025-04-30: 평가 3362 · 후보 59 · 진입 12 (누적 5449)
  2025-05-01: 평가 3359 · 후보 63 · 진입 12 (누적 5461)
  2025-05-02: 평가 3359 · 후보 44 · 진입 3 (누적 5464)
  2025-05-05: 평가 3354 · 후보 47 · 진입 2 (누적 5466)
  2025-05-06: 평가 3351 · 후보 52 · 진입 11 (누적 5477)
  2025-05-07: 평가 3349 · 후보 52 · 진입 6 (누적 5483)
  2025-05-08: 평가 3347 · 후보 36 · 진입 6 (누적 5489)
  2025-05-09: 평가 3346 · 후보 37 · 진입 3 (누적 5492)
  2025-05-12: 평가 3351 · 후보 32 · 진입 2 (누적 5494)
  2025-05-13: 평가 3349 · 후보 25 · 진입 0 (누적 5494)
  2025-05-14: 평가 3350 · 후보 34 · 진입 5 (누적 5499)
  2025-05-15: 평가 3355 · 후보 35 · 진입 5 (누적 5504)
  2025-05-16: 평가 3362 · 후보 35 · 진입 1 (누적 5505)
  2025-05-19: 평가 3364 · 후보 37 · 진입 2 (누적 5507)
  2025-05-20: 평가 3368 · 후보 57 · 진입 2 (누적 5509)
  2025-05-21: 평가 3365 · 후보 52 · 진입 5 (누적 5514)
  2025-05-22: 평가 3367 · 후보 51 · 진입 1 (누적 5515)
  2025-05-23: 평가 3367 · 후보 58 · 진입 9 (누적 5524)
  2025-05-27: 평가 3371 · 후보 57 · 진입 1 (누적 5525)
  2025-05-28: 평가 3377 · 후보 68 · 진입 2 (누적 5527)
  2025-05-29: 평가 3376 · 후보 64 · 진입 5 (누적 5532)
  2025-05-30: 평가 3387 · 후보 83 · 진입 11 (누적 5543)
  2025-06-02: 평가 3385 · 후보 63 · 진입 2 (누적 5545)
  2025-06-03: 평가 3387 · 후보 60 · 진입 6 (누적 5551)
  2025-06-04: 평가 3389 · 후보 43 · 진입 3 (누적 5554)
  2025-06-05: 평가 3396 · 후보 51 · 진입 6 (누적 5560)
  2025-06-06: 평가 3398 · 후보 47 · 진입 3 (누적 5563)
  2025-06-09: 평가 3405 · 후보 58 · 진입 6 (누적 5569)
  2025-06-10: 평가 3404 · 후보 49 · 진입 7 (누적 5576)
  2025-06-11: 평가 3408 · 후보 57 · 진입 2 (누적 5578)
  2025-06-12: 평가 3412 · 후보 51 · 진입 0 (누적 5578)
  2025-06-13: 평가 3417 · 후보 56 · 진입 9 (누적 5587)
  2025-06-16: 평가 3422 · 후보 55 · 진입 2 (누적 5589)
  2025-06-17: 평가 3428 · 후보 50 · 진입 3 (누적 5592)
  2025-06-18: 평가 3427 · 후보 50 · 진입 5 (누적 5597)
  2025-06-20: 평가 3430 · 후보 42 · 진입 3 (누적 5600)
  2025-06-23: 평가 3431 · 후보 34 · 진입 5 (누적 5605)
  2025-06-24: 평가 3434 · 후보 34 · 진입 4 (누적 5609)
  2025-06-25: 평가 3433 · 후보 41 · 진입 4 (누적 5613)
  2025-06-26: 평가 3440 · 후보 37 · 진입 6 (누적 5619)
  2025-06-27: 평가 3472 · 후보 29 · 진입 3 (누적 5622)
  2025-06-30: 평가 3476 · 후보 21 · 진입 2 (누적 5624)
  2025-07-01: 평가 3474 · 후보 18 · 진입 0 (누적 5624)
  2025-07-02: 평가 3471 · 후보 16 · 진입 4 (누적 5628)
  2025-07-03: 평가 3469 · 후보 26 · 진입 5 (누적 5633)
  2025-07-07: 평가 3469 · 후보 48 · 진입 8 (누적 5641)
  2025-07-08: 평가 3476 · 후보 54 · 진입 4 (누적 5645)
  2025-07-09: 평가 3480 · 후보 55 · 진입 7 (누적 5652)
  2025-07-10: 평가 3485 · 후보 61 · 진입 6 (누적 5658)
  2025-07-11: 평가 3492 · 후보 58 · 진입 8 (누적 5666)
  2025-07-14: 평가 3497 · 후보 61 · 진입 3 (누적 5669)
  2025-07-15: 평가 3496 · 후보 70 · 진입 9 (누적 5678)
  2025-07-16: 평가 3503 · 후보 75 · 진입 10 (누적 5688)
  2025-07-17: 평가 3509 · 후보 75 · 진입 12 (누적 5700)
  2025-07-18: 평가 3508 · 후보 83 · 진입 9 (누적 5709)
  2025-07-21: 평가 3510 · 후보 86 · 진입 4 (누적 5713)
  2025-07-22: 평가 3517 · 후보 77 · 진입 8 (누적 5721)
  2025-07-23: 평가 3525 · 후보 47 · 진입 5 (누적 5726)
  2025-07-24: 평가 3531 · 후보 50 · 진입 3 (누적 5729)
  2025-07-25: 평가 3522 · 후보 44 · 진입 4 (누적 5733)
  2025-07-28: 평가 3524 · 후보 56 · 진입 5 (누적 5738)
  2025-07-29: 평가 3526 · 후보 60 · 진입 5 (누적 5743)
  2025-07-30: 평가 3529 · 후보 44 · 진입 10 (누적 5753)
  2025-07-31: 평가 3532 · 후보 49 · 진입 1 (누적 5754)
  2025-08-01: 평가 3535 · 후보 36 · 진입 5 (누적 5759)
  2025-08-04: 평가 3536 · 후보 44 · 진입 9 (누적 5768)
  2025-08-05: 평가 3541 · 후보 45 · 진입 5 (누적 5773)
  2025-08-06: 평가 3541 · 후보 41 · 진입 4 (누적 5777)
  2025-08-07: 평가 3540 · 후보 29 · 진입 4 (누적 5781)
  2025-08-08: 평가 3534 · 후보 37 · 진입 7 (누적 5788)
  2025-08-11: 평가 3531 · 후보 33 · 진입 7 (누적 5795)
  2025-08-12: 평가 3536 · 후보 25 · 진입 5 (누적 5800)
  2025-08-13: 평가 3532 · 후보 23 · 진입 2 (누적 5802)
  2025-08-14: 평가 3533 · 후보 36 · 진입 4 (누적 5806)
  2025-08-15: 평가 3537 · 후보 54 · 진입 7 (누적 5813)
  2025-08-18: 평가 3539 · 후보 53 · 진입 2 (누적 5815)
  2025-08-19: 평가 3536 · 후보 46 · 진입 2 (누적 5817)
  2025-08-20: 평가 3536 · 후보 55 · 진입 7 (누적 5824)
  2025-08-21: 평가 3534 · 후보 58 · 진입 18 (누적 5842)
  2025-08-22: 평가 3543 · 후보 51 · 진입 8 (누적 5850)
  2025-08-25: 평가 3548 · 후보 56 · 진입 9 (누적 5859)
  2025-08-26: 평가 3549 · 후보 63 · 진입 9 (누적 5868)
  2025-08-27: 평가 3547 · 후보 68 · 진입 18 (누적 5886)
  2025-08-28: 평가 3550 · 후보 76 · 진입 8 (누적 5894)
  2025-08-29: 평가 3550 · 후보 79 · 진입 4 (누적 5898)
  2025-09-02: 평가 3549 · 후보 75 · 진입 8 (누적 5906)
  2025-09-03: 평가 3548 · 후보 76 · 진입 12 (누적 5918)
  2025-09-04: 평가 3550 · 후보 63 · 진입 9 (누적 5927)
  2025-09-05: 평가 3547 · 후보 64 · 진입 6 (누적 5933)
  2025-09-08: 평가 3545 · 후보 68 · 진입 8 (누적 5941)
  2025-09-09: 평가 3507 · 후보 70 · 진입 6 (누적 5947)
  2025-09-10: 평가 3507 · 후보 66 · 진입 15 (누적 5962)
  2025-09-11: 평가 3508 · 후보 59 · 진입 5 (누적 5967)
  2025-09-12: 평가 3508 · 후보 70 · 진입 7 (누적 5974)
  2025-09-15: 평가 3517 · 후보 61 · 진입 4 (누적 5978)
  2025-09-16: 평가 3527 · 후보 59 · 진입 2 (누적 5980)
  2025-09-17: 평가 3525 · 후보 65 · 진입 9 (누적 5989)
  2025-09-18: 평가 3523 · 후보 55 · 진입 2 (누적 5991)
  2025-09-19: 평가 3538 · 후보 36 · 진입 3 (누적 5994)
  2025-09-22: 평가 3541 · 후보 35 · 진입 2 (누적 5996)
  2025-09-23: 평가 3543 · 후보 38 · 진입 3 (누적 5999)
  2025-09-24: 평가 3540 · 후보 29 · 진입 0 (누적 5999)
  2025-09-25: 평가 3536 · 후보 26 · 진입 1 (누적 6000)
  2025-09-26: 평가 3535 · 후보 60 · 진입 10 (누적 6010)
  2025-09-29: 평가 3539 · 후보 56 · 진입 7 (누적 6017)
  2025-09-30: 평가 3538 · 후보 43 · 진입 9 (누적 6026)
  2025-10-01: 평가 3538 · 후보 44 · 진입 5 (누적 6031)
  2025-10-02: 평가 3530 · 후보 38 · 진입 7 (누적 6038)
  2025-10-03: 평가 3526 · 후보 43 · 진입 6 (누적 6044)
  2025-10-06: 평가 3531 · 후보 39 · 진입 4 (누적 6048)
  2025-10-07: 평가 3526 · 후보 42 · 진입 5 (누적 6053)
  2025-10-08: 평가 3536 · 후보 63 · 진입 4 (누적 6057)
  2025-10-09: 평가 3537 · 후보 61 · 진입 10 (누적 6067)
  2025-10-10: 평가 3543 · 후보 32 · 진입 2 (누적 6069)
  2025-10-13: 평가 3543 · 후보 46 · 진입 8 (누적 6077)
  2025-10-14: 평가 3550 · 후보 65 · 진입 9 (누적 6086)
  2025-10-15: 평가 3552 · 후보 54 · 진입 4 (누적 6090)
  2025-10-16: 평가 3560 · 후보 47 · 진입 3 (누적 6093)
  2025-10-17: 평가 3562 · 후보 40 · 진입 5 (누적 6098)
  2025-10-20: 평가 3553 · 후보 56 · 진입 9 (누적 6107)
  2025-10-21: 평가 3552 · 후보 52 · 진입 3 (누적 6110)
  2025-10-22: 평가 3552 · 후보 52 · 진입 9 (누적 6119)
  2025-10-23: 평가 3551 · 후보 54 · 진입 14 (누적 6133)
  2025-10-24: 평가 3544 · 후보 58 · 진입 9 (누적 6142)
  2025-10-27: 평가 3544 · 후보 58 · 진입 6 (누적 6148)
  2025-10-28: 평가 3544 · 후보 61 · 진입 7 (누적 6155)
  2025-10-29: 평가 3541 · 후보 57 · 진입 4 (누적 6159)
  2025-10-30: 평가 3544 · 후보 47 · 진입 8 (누적 6167)
  2025-10-31: 평가 3543 · 후보 49 · 진입 7 (누적 6174)
  2025-11-03: 평가 3550 · 후보 45 · 진입 2 (누적 6176)
  2025-11-04: 평가 3553 · 후보 32 · 진입 3 (누적 6179)
  2025-11-05: 평가 3554 · 후보 41 · 진입 4 (누적 6183)
  2025-11-06: 평가 3550 · 후보 27 · 진입 5 (누적 6188)
  2025-11-07: 평가 3552 · 후보 21 · 진입 5 (누적 6193)
  2025-11-10: 평가 3555 · 후보 20 · 진입 3 (누적 6196)
  2025-11-11: 평가 3558 · 후보 20 · 진입 3 (누적 6199)
  2025-11-12: 평가 3559 · 후보 22 · 진입 1 (누적 6200)
  2025-11-13: 평가 3560 · 후보 21 · 진입 5 (누적 6205)
  2025-11-14: 평가 3566 · 후보 22 · 진입 6 (누적 6211)
  2025-11-17: 평가 3564 · 후보 16 · 진입 1 (누적 6212)
  2025-11-18: 평가 3559 · 후보 17 · 진입 6 (누적 6218)
  2025-11-19: 평가 3560 · 후보 32 · 진입 12 (누적 6230)
  2025-11-20: 평가 3559 · 후보 26 · 진입 5 (누적 6235)
  2025-11-21: 평가 3559 · 후보 33 · 진입 10 (누적 6245)
  2025-11-24: 평가 3553 · 후보 37 · 진입 10 (누적 6255)
  2025-11-25: 평가 3555 · 후보 32 · 진입 8 (누적 6263)
  2025-11-26: 평가 3554 · 후보 27 · 진입 3 (누적 6266)
  2025-11-28: 평가 3547 · 후보 37 · 진입 5 (누적 6271)
  2025-12-01: 평가 3536 · 후보 72 · 진입 16 (누적 6287)
  2025-12-02: 평가 3528 · 후보 74 · 진입 18 (누적 6305)
  2025-12-03: 평가 3524 · 후보 66 · 진입 13 (누적 6318)
  2025-12-04: 평가 3521 · 후보 80 · 진입 18 (누적 6336)
  2025-12-05: 평가 3521 · 후보 65 · 진입 19 (누적 6355)
  2025-12-08: 평가 3525 · 후보 72 · 진입 9 (누적 6364)
  2025-12-09: 평가 3525 · 후보 86 · 진입 17 (누적 6381)
  2025-12-10: 평가 3528 · 후보 84 · 진입 13 (누적 6394)
  2025-12-11: 평가 3529 · 후보 70 · 진입 4 (누적 6398)
  2025-12-12: 평가 3535 · 후보 60 · 진입 13 (누적 6411)
  2025-12-15: 평가 3532 · 후보 60 · 진입 6 (누적 6417)
  2025-12-16: 평가 3530 · 후보 70 · 진입 4 (누적 6421)
  2025-12-17: 평가 3521 · 후보 44 · 진입 2 (누적 6423)
  2025-12-18: 평가 3525 · 후보 56 · 진입 12 (누적 6435)
  2025-12-19: 평가 3530 · 후보 43 · 진입 9 (누적 6444)
  2025-12-22: 평가 3523 · 후보 38 · 진입 5 (누적 6449)
  2025-12-23: 평가 3521 · 후보 51 · 진입 3 (누적 6452)
  2025-12-24: 평가 3516 · 후보 74 · 진입 4 (누적 6456)
  2025-12-26: 평가 3507 · 후보 129 · 진입 6 (누적 6462)
  2025-12-29: 평가 3501 · 후보 163 · 진입 14 (누적 6476)
  2025-12-30: 평가 3498 · 후보 167 · 진입 6 (누적 6482)
  2025-12-31: 평가 3495 · 후보 163 · 진입 18 (누적 6500)
  2026-01-02: 평가 3491 · 후보 141 · 진입 37 (누적 6537)
  2026-01-05: 평가 3492 · 후보 108 · 진입 21 (누적 6558)
  2026-01-06: 평가 3489 · 후보 91 · 진입 13 (누적 6571)
  2026-01-07: 평가 3490 · 후보 122 · 진입 13 (누적 6584)
  2026-01-08: 평가 3483 · 후보 82 · 진입 9 (누적 6593)
  2026-01-09: 평가 3471 · 후보 92 · 진입 6 (누적 6599)
  2026-01-12: 평가 3470 · 후보 68 · 진입 16 (누적 6615)
  2026-01-13: 평가 3469 · 후보 87 · 진입 13 (누적 6628)
  2026-01-14: 평가 3472 · 후보 78 · 진입 7 (누적 6635)
  2026-01-15: 평가 3467 · 후보 64 · 진입 7 (누적 6642)
  2026-01-16: 평가 3461 · 후보 72 · 진입 7 (누적 6649)
  2026-01-20: 평가 3467 · 후보 64 · 진입 7 (누적 6656)
  2026-01-21: 평가 3466 · 후보 51 · 진입 8 (누적 6664)
  2026-01-22: 평가 3469 · 후보 52 · 진입 6 (누적 6670)
  2026-01-23: 평가 3469 · 후보 57 · 진입 2 (누적 6672)
  2026-01-26: 평가 3471 · 후보 53 · 진입 3 (누적 6675)
  2026-01-27: 평가 3468 · 후보 65 · 진입 6 (누적 6681)
  2026-01-28: 평가 3475 · 후보 54 · 진입 6 (누적 6687)
  2026-01-29: 평가 3474 · 후보 53 · 진입 7 (누적 6694)
  2026-01-30: 평가 3478 · 후보 43 · 진입 6 (누적 6700)
  2026-02-02: 평가 3470 · 후보 47 · 진입 6 (누적 6706)
  2026-02-03: 평가 3472 · 후보 44 · 진입 7 (누적 6713)
  2026-02-04: 평가 3467 · 후보 24 · 진입 4 (누적 6717)
  2026-02-05: 평가 3468 · 후보 25 · 진입 6 (누적 6723)
  2026-02-06: 평가 3470 · 후보 24 · 진입 8 (누적 6731)
  2026-02-09: 평가 3468 · 후보 33 · 진입 5 (누적 6736)
  2026-02-10: 평가 3470 · 후보 37 · 진입 5 (누적 6741)
  2026-02-11: 평가 3471 · 후보 39 · 진입 6 (누적 6747)
  2026-02-12: 평가 3466 · 후보 39 · 진입 6 (누적 6753)
  2026-02-13: 평가 3463 · 후보 39 · 진입 2 (누적 6755)
  2026-02-17: 평가 3462 · 후보 55 · 진입 13 (누적 6768)
  2026-02-18: 평가 3462 · 후보 58 · 진입 6 (누적 6774)
  2026-02-19: 평가 3457 · 후보 49 · 진입 7 (누적 6781)
  2026-02-20: 평가 3458 · 후보 52 · 진입 7 (누적 6788)
  2026-02-23: 평가 3465 · 후보 32 · 진입 8 (누적 6796)
  2026-02-24: 평가 3460 · 후보 43 · 진입 10 (누적 6806)
  2026-02-25: 평가 3456 · 후보 58 · 진입 6 (누적 6812)
  2026-02-26: 평가 3457 · 후보 55 · 진입 3 (누적 6815)
  2026-02-27: 평가 3457 · 후보 55 · 진입 8 (누적 6823)
  2026-03-02: 평가 3456 · 후보 44 · 진입 2 (누적 6825)
  2026-03-03: 평가 3456 · 후보 32 · 진입 6 (누적 6831)
  2026-03-04: 평가 3454 · 후보 45 · 진입 5 (누적 6836)
  2026-03-05: 평가 3449 · 후보 23 · 진입 0 (누적 6836)
  2026-03-06: 평가 3448 · 후보 18 · 진입 5 (누적 6841)
  2026-03-09: 평가 3449 · 후보 13 · 진입 3 (누적 6844)
  2026-03-10: 평가 3455 · 후보 23 · 진입 1 (누적 6845)
  2026-03-11: 평가 3461 · 후보 14 · 진입 0 (누적 6845)
  2026-03-12: 평가 3463 · 후보 15 · 진입 1 (누적 6846)
  2026-03-13: 평가 3458 · 후보 18 · 진입 8 (누적 6854)
  2026-03-16: 평가 3459 · 후보 29 · 진입 6 (누적 6860)
  2026-03-17: 평가 3461 · 후보 28 · 진입 6 (누적 6866)
  2026-03-18: 평가 3462 · 후보 18 · 진입 3 (누적 6869)
  2026-03-19: 평가 3461 · 후보 28 · 진입 5 (누적 6874)
  2026-03-20: 평가 3462 · 후보 11 · 진입 2 (누적 6876)
  2026-03-23: 평가 3462 · 후보 28 · 진입 10 (누적 6886)
  2026-03-24: 평가 3461 · 후보 12 · 진입 2 (누적 6888)
  2026-03-25: 평가 3460 · 후보 31 · 진입 1 (누적 6889)
  2026-03-26: 평가 3457 · 후보 23 · 진입 1 (누적 6890)
  2026-03-27: 평가 3457 · 후보 32 · 진입 2 (누적 6892)
  2026-03-30: 평가 3457 · 후보 24 · 진입 8 (누적 6900)
  2026-03-31: 평가 3460 · 후보 48 · 진입 19 (누적 6919)
  2026-04-01: 평가 3456 · 후보 54 · 진입 9 (누적 6928)
  2026-04-02: 평가 3445 · 후보 39 · 진입 7 (누적 6935)
  2026-04-06: 평가 3445 · 후보 83 · 진입 16 (누적 6951)
  2026-04-07: 평가 3441 · 후보 75 · 진입 25 (누적 6976)
  2026-04-08: 평가 3442 · 후보 44 · 진입 8 (누적 6984)
  2026-04-09: 평가 3436 · 후보 31 · 진입 3 (누적 6987)
  2026-04-10: 평가 3431 · 후보 67 · 진입 18 (누적 7005)
  2026-04-13: 평가 3425 · 후보 72 · 진입 20 (누적 7025)
  2026-04-14: 평가 3424 · 후보 83 · 진입 7 (누적 7032)
  2026-04-15: 평가 3424 · 후보 78 · 진입 8 (누적 7040)
  2026-04-16: 평가 3421 · 후보 90 · 진입 20 (누적 7060)
  2026-04-17: 평가 3424 · 후보 73 · 진입 5 (누적 7065)
  2026-04-20: 평가 3425 · 후보 65 · 진입 7 (누적 7072)
  2026-04-21: 평가 3421 · 후보 74 · 진입 10 (누적 7082)
  2026-04-22: 평가 3425 · 후보 77 · 진입 8 (누적 7090)
  2026-04-23: 평가 3431 · 후보 66 · 진입 11 (누적 7101)
  2026-04-24: 평가 3432 · 후보 83 · 진입 15 (누적 7116)
  2026-04-27: 평가 3432 · 후보 76 · 진입 7 (누적 7123)
  2026-04-28: 평가 3433 · 후보 73 · 진입 7 (누적 7130)
  2026-04-29: 평가 3434 · 후보 63 · 진입 9 (누적 7139)
  2026-04-30: 평가 3431 · 후보 65 · 진입 9 (누적 7148)
  2026-05-01: 평가 3435 · 후보 67 · 진입 12 (누적 7160)
  2026-05-04: 평가 3431 · 후보 48 · 진입 9 (누적 7169)
  2026-05-05: 평가 3427 · 후보 44 · 진입 6 (누적 7175)
  2026-05-06: 평가 3429 · 후보 44 · 진입 4 (누적 7179)
  2026-05-07: 평가 3429 · 후보 31 · 진입 3 (누적 7182)
  2026-05-08: 평가 3430 · 후보 25 · 진입 6 (누적 7188)
  2026-05-11: 평가 3434 · 후보 33 · 진입 3 (누적 7191)
  2026-05-12: 평가 3438 · 후보 30 · 진입 4 (누적 7195)
  2026-05-13: 평가 3436 · 후보 33 · 진입 4 (누적 7199)
  2026-05-14: 평가 3441 · 후보 31 · 진입 2 (누적 7201)
  2026-05-15: 평가 3443 · 후보 18 · 진입 4 (누적 7205)
  2026-05-18: 평가 3444 · 후보 18 · 진입 1 (누적 7206)
  2026-05-19: 평가 3448 · 후보 23 · 진입 4 (누적 7210)
  2026-05-20: 평가 3443 · 후보 26 · 진입 3 (누적 7213)
  2026-05-21: 평가 3444 · 후보 37 · 진입 5 (누적 7218)
  2026-05-22: 평가 3444 · 후보 44 · 진입 13 (누적 7231)
  2026-05-26: 평가 3449 · 후보 33 · 진입 8 (누적 7239)
  2026-05-27: 평가 3450 · 후보 28 · 진입 2 (누적 7241)
  2026-05-28: 평가 3453 · 후보 35 · 진입 7 (누적 7248)
  2026-05-29: 평가 3455 · 후보 40 · 진입 6 (누적 7254)
  2026-06-01: 평가 3461 · 후보 26 · 진입 3 (누적 7257)
  2026-06-02: 평가 3459 · 후보 30 · 진입 8 (누적 7265)
  2026-06-03: 평가 3461 · 후보 24 · 진입 7 (누적 7272)
  2026-06-04: 평가 3465 · 후보 29 · 진입 1 (누적 7273)
  2026-06-05: 평가 3465 · 후보 20 · 진입 2 (누적 7275)
  2026-06-08: 평가 3463 · 후보 32 · 진입 6 (누적 7281)
  2026-06-09: 평가 3468 · 후보 25 · 진입 6 (누적 7287)
  2026-06-10: 평가 3471 · 후보 19 · 진입 4 (누적 7291)
  2026-06-11: 평가 3468 · 후보 21 · 진입 6 (누적 7297)
  2026-06-12: 평가 3462 · 후보 32 · 진입 10 (누적 7307)
  2026-06-15: 평가 3460 · 후보 26 · 진입 4 (누적 7311)
  2026-06-16: 평가 3465 · 후보 28 · 진입 6 (누적 7317)
  2026-06-17: 평가 3465 · 후보 27 · 진입 9 (누적 7326)
  2026-06-18: 평가 3465 · 후보 29 · 진입 3 (누적 7329)
  2026-06-22: 평가 3467 · 후보 27 · 진입 3 (누적 7332)
  2026-06-23: 평가 3465 · 후보 19 · 진입 6 (누적 7338)
  2026-06-24: 평가 3459 · 후보 16 · 진입 0 (누적 7338)
  2026-06-25: 평가 3458 · 후보 20 · 진입 6 (누적 7344)
  2026-06-26: 평가 3479 · 후보 4 · 진입 1 (누적 7345)
  2026-06-29: 평가 3485 · 후보 10 · 진입 3 (누적 7348)
  2026-06-30: 평가 3497 · 후보 11 · 진입 2 (누적 7350)
  2026-07-01: 평가 3491 · 후보 7 · 진입 1 (누적 7351)
  2026-07-02: 평가 3493 · 후보 7 · 진입 0 (누적 7351)
  2026-07-06: 평가 3491 · 후보 24 · 진입 5 (누적 7356)
  2026-07-07: 평가 3497 · 후보 18 · 진입 5 (누적 7361)
  2026-07-08: 평가 3494 · 후보 18 · 진입 7 (누적 7368)
  2026-07-09: 평가 3495 · 후보 29 · 진입 1 (누적 7369)
  2026-07-10: 평가 3492 · 후보 26 · 진입 6 (누적 7375)
  2026-07-13: 평가 3492 · 후보 29 · 진입 6 (누적 7381)
  2026-07-14: 평가 3492 · 후보 33 · 진입 9 (누적 7390)
  2026-07-15: 평가 3490 · 후보 36 · 진입 4 (누적 7394)
  2026-07-16: 평가 3488 · 후보 52 · 진입 10 (누적 7404)
  2026-07-17: 평가 3491 · 후보 68 · 진입 10 (누적 7414)
  2026-07-20: 평가 3491 · 후보 56 · 진입 9 (누적 7423)
  2026-07-21: 평가 3487 · 후보 83 · 진입 6 (누적 7429)
  2026-07-22: 평가 3484 · 후보 91 · 진입 7 (누적 7436)
  2026-07-23: 평가 3481 · 후보 71 · 진입 9 (누적 7445)
  2026-07-24: 평가 3475 · 후보 71 · 진입 4 (누적 7449)
  2026-07-27: 평가 3473 · 후보 79 · 진입 14 (누적 7463)
  2026-07-28: 평가 3472 · 후보 68 · 진입 7 (누적 7470)
  2026-07-29: 평가 3473 · 후보 53 · 진입 2 (누적 7472)
  2026-07-30: 평가 3471 · 후보 79 · 진입 11 (누적 7483)
  2026-07-31: 평가 3467 · 후보 77 · 진입 15 (누적 7498)
  2026-08-03: 평가 3470 · 후보 70 · 진입 18 (누적 7516)
  2026-08-04: 평가 3475 · 후보 54 · 진입 12 (누적 7528)
  2026-08-05: 평가 3474 · 후보 60 · 진입 11 (누적 7539)
  2026-08-06: 평가 3467 · 후보 53 · 진입 7 (누적 7546)
  2026-08-07: 평가 3467 · 후보 61 · 진입 10 (누적 7556)
  2026-08-10: 평가 3461 · 후보 67 · 진입 10 (누적 7566)
  2026-08-11: 평가 3461 · 후보 57 · 진입 7 (누적 7573)
  2026-08-12: 평가 3466 · 후보 63 · 진입 10 (누적 7583)
  2026-08-13: 평가 3466 · 후보 61 · 진입 7 (누적 7590)
  2026-08-14: 평가 3467 · 후보 80 · 진입 9 (누적 7599)
  2026-08-17: 평가 3470 · 후보 75 · 진입 7 (누적 7606)
  2026-08-18: 평가 3473 · 후보 73 · 진입 8 (누적 7614)
  2026-08-19: 평가 3475 · 후보 59 · 진입 3 (누적 7617)
  2026-08-20: 평가 3476 · 후보 49 · 진입 2 (누적 7619)
  2026-08-21: 평가 3471 · 후보 69 · 진입 0 (누적 7619)

💾 저장: .cache/bt5y/sub/us_full.json
거래 7619건 · 승 2448 패 4661 예외 100 미결 410
승률 결착 34.4% (최악 34.0% ~ 최선 35.3%)

[변동성 구간별]
  ①조용 <2.5%      n=1271  승 399 패 643 예외   1 미결 228  결착승률 38.3%  (최악 38.3%)
  ②보통 2.5~4%     n=2680  승 889 패 1691 예외   6 미결  94  결착승률 34.5%  (최악 34.4%)
  ③큼 4~6%        n=2183  승 695 패 1399 예외  26 미결  63  결착승률 33.2%  (최악 32.8%)
  ④매우큼 6%+       n=1485  승 465 패 928 예외  67 미결  25  결착승률 33.4%  (최악 31.8%)

--- 감시 결과 ---
자식 **peak working set 2.871 GB**
실행 중 **최저 여유 0.283 GB**
종료코드 0 · 경과 3140초 · 중단여부 아니오
