시작 전 여유 3.671 GB
명령: python -u scripts/backtest_volatility_pilot_us.py --market us --start 2023-01-01 --end 2023-12-31 --out .cache/bt5y/sub/us_2023.json
설정: 팔=pattern · 관문임박=off · 진입상태=['actionable']
Sharadar 적재 2021-10-28~2024-10-26 (variant=base) …
  일자 753일 · 거래대금 시계열 5195종목
  유니버스 등장 5195종목 · 시계열 보유 5195종목
스캔일 250개 (2023-01-03~2023-12-29, step 1)
  2023-01-03: 평가 3460 · 후보 42 · 진입 16 (누적 16)
  2023-01-04: 평가 3462 · 후보 42 · 진입 7 (누적 23)
  2023-01-05: 평가 3464 · 후보 41 · 진입 17 (누적 40)
  2023-01-06: 평가 3473 · 후보 53 · 진입 14 (누적 54)
  2023-01-09: 평가 3474 · 후보 53 · 진입 17 (누적 71)
  2023-01-10: 평가 3479 · 후보 46 · 진입 4 (누적 75)
  2023-01-11: 평가 3478 · 후보 60 · 진입 19 (누적 94)
  2023-01-12: 평가 3488 · 후보 51 · 진입 12 (누적 106)
  2023-01-13: 평가 3489 · 후보 47 · 진입 5 (누적 111)
  2023-01-17: 평가 3493 · 후보 71 · 진입 12 (누적 123)
  2023-01-18: 평가 3497 · 후보 46 · 진입 1 (누적 124)
  2023-01-19: 평가 3494 · 후보 56 · 진입 7 (누적 131)
  2023-01-20: 평가 3494 · 후보 54 · 진입 7 (누적 138)
  2023-01-23: 평가 3495 · 후보 58 · 진입 7 (누적 145)
  2023-01-24: 평가 3491 · 후보 53 · 진입 7 (누적 152)
  2023-01-25: 평가 3488 · 후보 60 · 진입 13 (누적 165)
  2023-01-26: 평가 3492 · 후보 54 · 진입 3 (누적 168)
  2023-01-27: 평가 3498 · 후보 73 · 진입 7 (누적 175)
  2023-01-30: 평가 3497 · 후보 75 · 진입 16 (누적 191)
  2023-01-31: 평가 3501 · 후보 56 · 진입 9 (누적 200)
  2023-02-01: 평가 3507 · 후보 49 · 진입 11 (누적 211)
  2023-02-02: 평가 3511 · 후보 49 · 진입 5 (누적 216)
  2023-02-03: 평가 3514 · 후보 47 · 진입 4 (누적 220)
  2023-02-06: 평가 3516 · 후보 49 · 진입 4 (누적 224)
  2023-02-07: 평가 3525 · 후보 60 · 진입 2 (누적 226)
  2023-02-08: 평가 3528 · 후보 58 · 진입 3 (누적 229)
  2023-02-09: 평가 3531 · 후보 42 · 진입 0 (누적 229)
  2023-02-10: 평가 3536 · 후보 57 · 진입 5 (누적 234)
  2023-02-13: 평가 3536 · 후보 62 · 진입 5 (누적 239)
  2023-02-14: 평가 3537 · 후보 61 · 진입 4 (누적 243)
  2023-02-15: 평가 3540 · 후보 73 · 진입 8 (누적 251)
  2023-02-16: 평가 3542 · 후보 69 · 진입 11 (누적 262)
  2023-02-17: 평가 3547 · 후보 69 · 진입 0 (누적 262)
  2023-02-21: 평가 3547 · 후보 43 · 진입 3 (누적 265)
  2023-02-22: 평가 3545 · 후보 38 · 진입 2 (누적 267)
  2023-02-23: 평가 3542 · 후보 51 · 진입 2 (누적 269)
  2023-02-24: 평가 3546 · 후보 45 · 진입 7 (누적 276)
  2023-02-27: 평가 3539 · 후보 57 · 진입 5 (누적 281)
  2023-02-28: 평가 3538 · 후보 51 · 진입 10 (누적 291)
