시작 전 여유 3.432 GB
명령: python -u scripts/backtest_volatility_pilot_us.py --market us --start 2024-01-01 --end 2024-12-31 --out .cache/bt5y/sub/us_2024.json
설정: 팔=pattern · 관문임박=off · 진입상태=['actionable']
Sharadar 적재 2022-10-28~2025-10-27 (variant=base) …
  일자 751일 · 거래대금 시계열 5084종목
  유니버스 등장 5084종목 · 시계열 보유 5084종목
스캔일 252개 (2024-01-02~2024-12-31, step 1)
  2024-01-02: 평가 3381 · 후보 79 · 진입 9 (누적 9)
  2024-01-03: 평가 3380 · 후보 60 · 진입 6 (누적 15)
  2024-01-04: 평가 3380 · 후보 59 · 진입 8 (누적 23)
  2024-01-05: 평가 3388 · 후보 72 · 진입 16 (누적 39)
  2024-01-08: 평가 3391 · 후보 100 · 진입 10 (누적 49)
  2024-01-09: 평가 3397 · 후보 108 · 진입 19 (누적 68)
  2024-01-10: 평가 3406 · 후보 109 · 진입 12 (누적 80)
  2024-01-11: 평가 3408 · 후보 116 · 진입 22 (누적 102)
  2024-01-12: 평가 3407 · 후보 123 · 진입 5 (누적 107)
  2024-01-16: 평가 3409 · 후보 114 · 진입 6 (누적 113)
  2024-01-17: 평가 3412 · 후보 109 · 진입 17 (누적 130)
  2024-01-18: 평가 3414 · 후보 83 · 진입 16 (누적 146)
  2024-01-19: 평가 3412 · 후보 73 · 진입 34 (누적 180)
  2024-01-22: 평가 3415 · 후보 53 · 진입 14 (누적 194)
  2024-01-23: 평가 3412 · 후보 87 · 진입 10 (누적 204)
  2024-01-24: 평가 3410 · 후보 98 · 진입 12 (누적 216)
  2024-01-25: 평가 3413 · 후보 99 · 진입 10 (누적 226)
  2024-01-26: 평가 3412 · 후보 106 · 진입 20 (누적 246)
  2024-01-29: 평가 3408 · 후보 93 · 진입 6 (누적 252)
  2024-01-30: 평가 3413 · 후보 100 · 진입 6 (누적 258)
  2024-01-31: 평가 3417 · 후보 73 · 진입 4 (누적 262)
  2024-02-01: 평가 3415 · 후보 81 · 진입 8 (누적 270)
  2024-02-02: 평가 3413 · 후보 75 · 진입 5 (누적 275)
  2024-02-05: 평가 3417 · 후보 74 · 진입 12 (누적 287)
  2024-02-06: 평가 3426 · 후보 81 · 진입 9 (누적 296)
  2024-02-07: 평가 3428 · 후보 75 · 진입 11 (누적 307)
  2024-02-08: 평가 3429 · 후보 64 · 진입 12 (누적 319)
  2024-02-09: 평가 3428 · 후보 55 · 진입 7 (누적 326)
  2024-02-12: 평가 3431 · 후보 46 · 진입 2 (누적 328)
  2024-02-13: 평가 3424 · 후보 47 · 진입 5 (누적 333)
  2024-02-14: 평가 3421 · 후보 68 · 진입 9 (누적 342)
  2024-02-15: 평가 3426 · 후보 51 · 진입 5 (누적 347)
  2024-02-16: 평가 3423 · 후보 55 · 진입 3 (누적 350)
  2024-02-20: 평가 3428 · 후보 57 · 진입 2 (누적 352)
  2024-02-21: 평가 3424 · 후보 61 · 진입 7 (누적 359)
  2024-02-22: 평가 3423 · 후보 56 · 진입 3 (누적 362)
  2024-02-23: 평가 3423 · 후보 56 · 진입 9 (누적 371)
  2024-02-26: 평가 3424 · 후보 58 · 진입 13 (누적 384)
  2024-02-27: 평가 3423 · 후보 51 · 진입 5 (누적 389)
  2024-02-28: 평가 3412 · 후보 60 · 진입 3 (누적 392)
  2024-02-29: 평가 3403 · 후보 45 · 진입 8 (누적 400)
  2024-03-01: 평가 3398 · 후보 47 · 진입 5 (누적 405)
  2024-03-04: 평가 3390 · 후보 47 · 진입 4 (누적 409)
  2024-03-05: 평가 3384 · 후보 40 · 진입 3 (누적 412)
  2024-03-06: 평가 3382 · 후보 34 · 진입 4 (누적 416)
  2024-03-07: 평가 3380 · 후보 40 · 진입 6 (누적 422)
  2024-03-08: 평가 3376 · 후보 42 · 진입 5 (누적 427)
  2024-03-11: 평가 3375 · 후보 37 · 진입 2 (누적 429)
  2024-03-12: 평가 3374 · 후보 41 · 진입 6 (누적 435)
  2024-03-13: 평가 3376 · 후보 39 · 진입 2 (누적 437)
  2024-03-14: 평가 3377 · 후보 26 · 진입 2 (누적 439)
  2024-03-15: 평가 3384 · 후보 21 · 진입 3 (누적 442)
  2024-03-18: 평가 3379 · 후보 20 · 진입 2 (누적 444)
  2024-03-19: 평가 3371 · 후보 20 · 진입 5 (누적 449)
  2024-03-20: 평가 3369 · 후보 28 · 진입 14 (누적 463)
  2024-03-21: 평가 3369 · 후보 21 · 진입 1 (누적 464)
  2024-03-22: 평가 3370 · 후보 35 · 진입 5 (누적 469)
  2024-03-25: 평가 3368 · 후보 46 · 진입 7 (누적 476)
  2024-03-26: 평가 3374 · 후보 55 · 진입 10 (누적 486)
  2024-03-27: 평가 3374 · 후보 68 · 진입 18 (누적 504)
  2024-03-28: 평가 3376 · 후보 73 · 진입 8 (누적 512)
  2024-04-01: 평가 3381 · 후보 78 · 진입 5 (누적 517)
  2024-04-02: 평가 3381 · 후보 57 · 진입 8 (누적 525)
  2024-04-03: 평가 3382 · 후보 57 · 진입 3 (누적 528)
  2024-04-04: 평가 3391 · 후보 54 · 진입 4 (누적 532)
  2024-04-05: 평가 3387 · 후보 61 · 진입 5 (누적 537)
  2024-04-08: 평가 3383 · 후보 84 · 진입 6 (누적 543)
  2024-04-09: 평가 3390 · 후보 88 · 진입 1 (누적 544)
  2024-04-10: 평가 3388 · 후보 55 · 진입 5 (누적 549)
  2024-04-11: 평가 3396 · 후보 75 · 진입 2 (누적 551)
  2024-04-12: 평가 3402 · 후보 42 · 진입 1 (누적 552)
  2024-04-15: 평가 3403 · 후보 22 · 진입 0 (누적 552)
  2024-04-16: 평가 3406 · 후보 24 · 진입 1 (누적 553)
  2024-04-17: 평가 3405 · 후보 20 · 진입 1 (누적 554)
  2024-04-18: 평가 3414 · 후보 16 · 진입 2 (누적 556)
  2024-04-19: 평가 3412 · 후보 21 · 진입 1 (누적 557)
  2024-04-22: 평가 3415 · 후보 26 · 진입 7 (누적 564)
  2024-04-23: 평가 3414 · 후보 35 · 진입 2 (누적 566)
  2024-04-24: 평가 3414 · 후보 41 · 진입 3 (누적 569)
  2024-04-25: 평가 3416 · 후보 31 · 진입 2 (누적 571)
  2024-04-26: 평가 3412 · 후보 54 · 진입 24 (누적 595)
  2024-04-29: 평가 3412 · 후보 61 · 진입 3 (누적 598)
  2024-04-30: 평가 3411 · 후보 50 · 진입 11 (누적 609)
  2024-05-01: 평가 3410 · 후보 45 · 진입 8 (누적 617)
  2024-05-02: 평가 3407 · 후보 48 · 진입 9 (누적 626)
  2024-05-03: 평가 3399 · 후보 54 · 진입 11 (누적 637)
  2024-05-06: 평가 3398 · 후보 38 · 진입 9 (누적 646)
  2024-05-07: 평가 3401 · 후보 49 · 진입 1 (누적 647)
  2024-05-08: 평가 3401 · 후보 69 · 진입 15 (누적 662)
  2024-05-09: 평가 3397 · 후보 58 · 진입 5 (누적 667)
  2024-05-10: 평가 3395 · 후보 71 · 진입 12 (누적 679)
  2024-05-13: 평가 3394 · 후보 81 · 진입 15 (누적 694)
  2024-05-14: 평가 3395 · 후보 64 · 진입 12 (누적 706)
  2024-05-15: 평가 3399 · 후보 54 · 진입 6 (누적 712)
  2024-05-16: 평가 3398 · 후보 56 · 진입 3 (누적 715)
  2024-05-17: 평가 3397 · 후보 69 · 진입 10 (누적 725)
  2024-05-20: 평가 3396 · 후보 71 · 진입 6 (누적 731)
  2024-05-21: 평가 3401 · 후보 76 · 진입 8 (누적 739)
  2024-05-22: 평가 3393 · 후보 67 · 진입 2 (누적 741)
  2024-05-23: 평가 3393 · 후보 60 · 진입 9 (누적 750)
  2024-05-24: 평가 3392 · 후보 64 · 진입 5 (누적 755)
  2024-05-28: 평가 3385 · 후보 70 · 진입 4 (누적 759)
  2024-05-29: 평가 3386 · 후보 55 · 진입 6 (누적 765)
  2024-05-30: 평가 3384 · 후보 72 · 진입 3 (누적 768)
  2024-05-31: 평가 3384 · 후보 75 · 진입 8 (누적 776)
  2024-06-03: 평가 3383 · 후보 42 · 진입 2 (누적 778)
  2024-06-04: 평가 3375 · 후보 35 · 진입 3 (누적 781)
  2024-06-05: 평가 3376 · 후보 51 · 진입 3 (누적 784)
  2024-06-06: 평가 3371 · 후보 53 · 진입 1 (누적 785)
  2024-06-07: 평가 3369 · 후보 52 · 진입 7 (누적 792)
  2024-06-10: 평가 3370 · 후보 51 · 진입 3 (누적 795)
  2024-06-11: 평가 3367 · 후보 52 · 진입 16 (누적 811)
  2024-06-12: 평가 3368 · 후보 59 · 진입 6 (누적 817)
  2024-06-13: 평가 3366 · 후보 48 · 진입 0 (누적 817)
  2024-06-14: 평가 3363 · 후보 49 · 진입 7 (누적 824)
  2024-06-17: 평가 3365 · 후보 55 · 진입 9 (누적 833)
