시작 전 여유 2.987 GB
명령: python -u scripts/backtest_volatility_pilot_us.py --market us --emit-paths --start 2022-01-01 --end 2022-12-31 --out .cache/bt5y/sub/uspath_2022.json
설정: 팔=pattern · 관문임박=off · 진입상태=['actionable']
Sharadar 적재 2020-10-28~2023-10-27 (variant=base) …
  일자 755일 · 거래대금 시계열 5298종목
  유니버스 등장 5298종목 · 시계열 보유 5298종목
스캔일 251개 (2022-01-03~2022-12-30, step 1)
  2022-01-03: 평가 3788 · 후보 120 · 진입 63 (누적 63)
  2022-01-04: 평가 3792 · 후보 70 · 진입 11 (누적 74)
  2022-01-05: 평가 3793 · 후보 104 · 진입 25 (누적 99)
  2022-01-06: 평가 3796 · 후보 101 · 진입 12 (누적 111)
  2022-01-07: 평가 3798 · 후보 69 · 진입 5 (누적 116)
  2022-01-10: 평가 3798 · 후보 78 · 진입 9 (누적 125)
  2022-01-11: 평가 3799 · 후보 93 · 진입 15 (누적 140)
  2022-01-12: 평가 3800 · 후보 80 · 진입 12 (누적 152)
  2022-01-13: 평가 3794 · 후보 89 · 진입 3 (누적 155)
  2022-01-14: 평가 3791 · 후보 78 · 진입 5 (누적 160)
  2022-01-18: 평가 3784 · 후보 71 · 진입 2 (누적 162)
  2022-01-19: 평가 3783 · 후보 39 · 진입 0 (누적 162)
  2022-01-20: 평가 3782 · 후보 17 · 진입 1 (누적 163)
  2022-01-21: 평가 3787 · 후보 16 · 진입 1 (누적 164)
  2022-01-24: 평가 3781 · 후보 18 · 진입 1 (누적 165)
  2022-01-25: 평가 3775 · 후보 20 · 진입 3 (누적 168)
  2022-01-26: 평가 3777 · 후보 21 · 진입 1 (누적 169)
  2022-01-27: 평가 3780 · 후보 13 · 진입 2 (누적 171)
  2022-01-28: 평가 3779 · 후보 14 · 진입 2 (누적 173)
  2022-01-31: 평가 3775 · 후보 20 · 진입 6 (누적 179)
  2022-02-01: 평가 3766 · 후보 17 · 진입 3 (누적 182)
  2022-02-02: 평가 3768 · 후보 13 · 진입 1 (누적 183)
  2022-02-03: 평가 3771 · 후보 13 · 진입 3 (누적 186)
  2022-02-04: 평가 3770 · 후보 21 · 진입 6 (누적 192)
  2022-02-07: 평가 3766 · 후보 30 · 진입 7 (누적 199)
  2022-02-08: 평가 3765 · 후보 35 · 진입 18 (누적 217)
  2022-02-09: 평가 3753 · 후보 33 · 진입 1 (누적 218)
  2022-02-10: 평가 3752 · 후보 31 · 진입 5 (누적 223)
  2022-02-11: 평가 3748 · 후보 27 · 진입 1 (누적 224)
  2022-02-14: 평가 3742 · 후보 34 · 진입 5 (누적 229)
  2022-02-15: 평가 3738 · 후보 64 · 진입 9 (누적 238)
  2022-02-16: 평가 3728 · 후보 73 · 진입 3 (누적 241)
  2022-02-17: 평가 3719 · 후보 43 · 진입 4 (누적 245)
  2022-02-18: 평가 3713 · 후보 48 · 진입 3 (누적 248)
  2022-02-22: 평가 3712 · 후보 28 · 진입 3 (누적 251)
  2022-02-23: 평가 3709 · 후보 16 · 진입 3 (누적 254)
  2022-02-24: 평가 3705 · 후보 16 · 진입 3 (누적 257)
  2022-02-25: 평가 3700 · 후보 34 · 진입 4 (누적 261)
  2022-02-28: 평가 3695 · 후보 30 · 진입 1 (누적 262)
  2022-03-01: 평가 3695 · 후보 14 · 진입 3 (누적 265)
  2022-03-02: 평가 3687 · 후보 22 · 진입 6 (누적 271)
  2022-03-03: 평가 3682 · 후보 17 · 진입 0 (누적 271)
  2022-03-04: 평가 3676 · 후보 18 · 진입 3 (누적 274)
  2022-03-07: 평가 3676 · 후보 9 · 진입 2 (누적 276)
  2022-03-08: 평가 3677 · 후보 8 · 진입 2 (누적 278)
  2022-03-09: 평가 3678 · 후보 19 · 진입 1 (누적 279)
  2022-03-10: 평가 3677 · 후보 21 · 진입 2 (누적 281)
  2022-03-11: 평가 3685 · 후보 22 · 진입 4 (누적 285)
  2022-03-14: 평가 3684 · 후보 15 · 진입 1 (누적 286)
  2022-03-15: 평가 3683 · 후보 28 · 진입 8 (누적 294)
  2022-03-16: 평가 3680 · 후보 31 · 진입 11 (누적 305)
  2022-03-17: 평가 3675 · 후보 21 · 진입 4 (누적 309)
  2022-03-18: 평가 3681 · 후보 22 · 진입 4 (누적 313)
  2022-03-21: 평가 3679 · 후보 22 · 진입 5 (누적 318)
  2022-03-22: 평가 3682 · 후보 27 · 진입 2 (누적 320)
  2022-03-23: 평가 3675 · 후보 22 · 진입 4 (누적 324)
  2022-03-24: 평가 3680 · 후보 44 · 진입 8 (누적 332)
  2022-03-25: 평가 3681 · 후보 65 · 진입 7 (누적 339)
  2022-03-28: 평가 3679 · 후보 63 · 진입 18 (누적 357)
  2022-03-29: 평가 3677 · 후보 52 · 진입 5 (누적 362)
  2022-03-30: 평가 3679 · 후보 56 · 진입 7 (누적 369)
  2022-03-31: 평가 3685 · 후보 63 · 진입 9 (누적 378)
  2022-04-01: 평가 3687 · 후보 63 · 진입 5 (누적 383)
  2022-04-04: 평가 3688 · 후보 84 · 진입 9 (누적 392)
  2022-04-05: 평가 3681 · 후보 65 · 진입 2 (누적 394)
  2022-04-06: 평가 3678 · 후보 51 · 진입 7 (누적 401)
  2022-04-07: 평가 3682 · 후보 63 · 진입 14 (누적 415)
  2022-04-08: 평가 3685 · 후보 64 · 진입 3 (누적 418)
  2022-04-11: 평가 3685 · 후보 59 · 진입 8 (누적 426)
  2022-04-12: 평가 3690 · 후보 60 · 진입 9 (누적 435)
  2022-04-13: 평가 3695 · 후보 68 · 진입 11 (누적 446)
  2022-04-14: 평가 3696 · 후보 59 · 진입 9 (누적 455)
  2022-04-18: 평가 3698 · 후보 73 · 진입 10 (누적 465)
  2022-04-19: 평가 3700 · 후보 72 · 진입 13 (누적 478)
  2022-04-20: 평가 3703 · 후보 76 · 진입 4 (누적 482)
  2022-04-21: 평가 3705 · 후보 64 · 진입 1 (누적 483)
  2022-04-22: 평가 3702 · 후보 28 · 진입 1 (누적 484)
  2022-04-25: 평가 3697 · 후보 32 · 진입 1 (누적 485)
  2022-04-26: 평가 3693 · 후보 20 · 진입 0 (누적 485)
  2022-04-27: 평가 3696 · 후보 22 · 진입 3 (누적 488)
  2022-04-28: 평가 3702 · 후보 29 · 진입 1 (누적 489)
  2022-04-29: 평가 3704 · 후보 15 · 진입 0 (누적 489)
  2022-05-02: 평가 3700 · 후보 11 · 진입 2 (누적 491)
  2022-05-03: 평가 3702 · 후보 27 · 진입 12 (누적 503)
  2022-05-04: 평가 3704 · 후보 26 · 진입 2 (누적 505)
  2022-05-05: 평가 3705 · 후보 14 · 진입 1 (누적 506)
  2022-05-06: 평가 3710 · 후보 19 · 진입 0 (누적 506)
  2022-05-09: 평가 3714 · 후보 5 · 진입 0 (누적 506)
  2022-05-10: 평가 3714 · 후보 5 · 진입 0 (누적 506)
  2022-05-11: 평가 3720 · 후보 6 · 진입 0 (누적 506)
  2022-05-12: 평가 3730 · 후보 6 · 진입 1 (누적 507)
  2022-05-13: 평가 3736 · 후보 15 · 진입 2 (누적 509)
  2022-05-16: 평가 3736 · 후보 16 · 진입 5 (누적 514)
  2022-05-17: 평가 3733 · 후보 11 · 진입 2 (누적 516)
  2022-05-18: 평가 3728 · 후보 11 · 진입 1 (누적 517)
  2022-05-19: 평가 3726 · 후보 13 · 진입 2 (누적 519)
  2022-05-20: 평가 3725 · 후보 14 · 진입 4 (누적 523)
  2022-05-23: 평가 3719 · 후보 33 · 진입 9 (누적 532)
  2022-05-24: 평가 3726 · 후보 31 · 진입 12 (누적 544)
  2022-05-25: 평가 3727 · 후보 22 · 진입 7 (누적 551)
  2022-05-26: 평가 3723 · 후보 31 · 진입 10 (누적 561)
  2022-05-27: 평가 3721 · 후보 22 · 진입 4 (누적 565)
  2022-05-31: 평가 3711 · 후보 31 · 진입 7 (누적 572)
  2022-06-01: 평가 3705 · 후보 23 · 진입 4 (누적 576)
  2022-06-02: 평가 3696 · 후보 30 · 진입 2 (누적 578)
  2022-06-03: 평가 3688 · 후보 41 · 진입 11 (누적 589)
  2022-06-06: 평가 3683 · 후보 47 · 진입 8 (누적 597)
  2022-06-07: 평가 3682 · 후보 39 · 진입 3 (누적 600)
  2022-06-08: 평가 3680 · 후보 49 · 진입 1 (누적 601)
  2022-06-09: 평가 3679 · 후보 31 · 진입 0 (누적 601)
  2022-06-10: 평가 3676 · 후보 23 · 진입 0 (누적 601)
  2022-06-13: 평가 3671 · 후보 8 · 진입 1 (누적 602)
  2022-06-14: 평가 3660 · 후보 8 · 진입 0 (누적 602)
  2022-06-15: 평가 3656 · 후보 12 · 진입 0 (누적 602)
  2022-06-16: 평가 3656 · 후보 8 · 진입 0 (누적 602)
  2022-06-17: 평가 3652 · 후보 7 · 진입 1 (누적 603)
  2022-06-21: 평가 3659 · 후보 10 · 진입 2 (누적 605)
  2022-06-22: 평가 3662 · 후보 8 · 진입 1 (누적 606)
  2022-06-23: 평가 3648 · 후보 7 · 진입 0 (누적 606)
  2022-06-24: 평가 3652 · 후보 10 · 진입 2 (누적 608)
  2022-06-27: 평가 3650 · 후보 8 · 진입 2 (누적 610)
  2022-06-28: 평가 3649 · 후보 13 · 진입 1 (누적 611)
  2022-06-29: 평가 3647 · 후보 12 · 진입 0 (누적 611)
  2022-06-30: 평가 3655 · 후보 10 · 진입 3 (누적 614)
  2022-07-01: 평가 3653 · 후보 20 · 진입 0 (누적 614)
  2022-07-05: 평가 3650 · 후보 17 · 진입 3 (누적 617)
  2022-07-06: 평가 3649 · 후보 19 · 진입 1 (누적 618)
  2022-07-07: 평가 3645 · 후보 19 · 진입 4 (누적 622)
  2022-07-08: 평가 3645 · 후보 19 · 진입 3 (누적 625)
  2022-07-11: 평가 3651 · 후보 22 · 진입 1 (누적 626)
  2022-07-12: 평가 3653 · 후보 35 · 진입 1 (누적 627)
  2022-07-13: 평가 3649 · 후보 34 · 진입 1 (누적 628)
  2022-07-14: 평가 3649 · 후보 34 · 진입 4 (누적 632)
  2022-07-15: 평가 3647 · 후보 32 · 진입 5 (누적 637)
  2022-07-18: 평가 3644 · 후보 25 · 진입 3 (누적 640)
  2022-07-19: 평가 3647 · 후보 27 · 진입 9 (누적 649)
  2022-07-20: 평가 3646 · 후보 28 · 진입 0 (누적 649)
  2022-07-21: 평가 3635 · 후보 26 · 진입 2 (누적 651)
  2022-07-22: 평가 3627 · 후보 43 · 진입 15 (누적 666)
  2022-07-25: 평가 3625 · 후보 34 · 진입 4 (누적 670)
  2022-07-26: 평가 3620 · 후보 38 · 진입 3 (누적 673)
  2022-07-27: 평가 3619 · 후보 39 · 진입 6 (누적 679)
  2022-07-28: 평가 3617 · 후보 37 · 진입 7 (누적 686)
  2022-07-29: 평가 3614 · 후보 39 · 진입 3 (누적 689)
  2022-08-01: 평가 3617 · 후보 34 · 진입 5 (누적 694)
  2022-08-02: 평가 3617 · 후보 39 · 진입 5 (누적 699)
  2022-08-03: 평가 3615 · 후보 44 · 진입 4 (누적 703)
  2022-08-04: 평가 3626 · 후보 34 · 진입 1 (누적 704)
  2022-08-05: 평가 3633 · 후보 36 · 진입 6 (누적 710)
  2022-08-08: 평가 3649 · 후보 39 · 진입 1 (누적 711)
  2022-08-09: 평가 3650 · 후보 45 · 진입 2 (누적 713)
  2022-08-10: 평가 3649 · 후보 55 · 진입 11 (누적 724)
  2022-08-11: 평가 3650 · 후보 44 · 진입 4 (누적 728)
  2022-08-12: 평가 3658 · 후보 34 · 진입 4 (누적 732)
  2022-08-15: 평가 3661 · 후보 48 · 진입 7 (누적 739)
  2022-08-16: 평가 3672 · 후보 51 · 진입 4 (누적 743)
  2022-08-17: 평가 3669 · 후보 64 · 진입 8 (누적 751)
  2022-08-18: 평가 3668 · 후보 58 · 진입 1 (누적 752)
  2022-08-19: 평가 3668 · 후보 68 · 진입 2 (누적 754)
  2022-08-22: 평가 3664 · 후보 65 · 진입 7 (누적 761)
  2022-08-23: 평가 3663 · 후보 61 · 진입 9 (누적 770)
  2022-08-24: 평가 3660 · 후보 64 · 진입 8 (누적 778)
  2022-08-25: 평가 3663 · 후보 68 · 진입 1 (누적 779)
  2022-08-26: 평가 3667 · 후보 72 · 진입 1 (누적 780)
  2022-08-29: 평가 3666 · 후보 60 · 진입 0 (누적 780)
  2022-08-30: 평가 3664 · 후보 45 · 진입 1 (누적 781)
  2022-08-31: 평가 3653 · 후보 50 · 진입 1 (누적 782)
  2022-09-01: 평가 3651 · 후보 35 · 진입 3 (누적 785)
  2022-09-02: 평가 3651 · 후보 45 · 진입 2 (누적 787)
  2022-09-06: 평가 3615 · 후보 28 · 진입 2 (누적 789)
  2022-09-07: 평가 3616 · 후보 22 · 진입 5 (누적 794)
  2022-09-08: 평가 3609 · 후보 28 · 진입 5 (누적 799)
  2022-09-09: 평가 3606 · 후보 38 · 진입 3 (누적 802)
  2022-09-12: 평가 3603 · 후보 48 · 진입 4 (누적 806)
  2022-09-13: 평가 3602 · 후보 33 · 진입 3 (누적 809)
  2022-09-14: 평가 3602 · 후보 33 · 진입 2 (누적 811)
  2022-09-15: 평가 3598 · 후보 26 · 진입 0 (누적 811)
  2022-09-16: 평가 3605 · 후보 10 · 진입 0 (누적 811)
  2022-09-19: 평가 3604 · 후보 11 · 진입 1 (누적 812)
  2022-09-20: 평가 3604 · 후보 12 · 진입 2 (누적 814)
  2022-09-21: 평가 3606 · 후보 14 · 진입 0 (누적 814)
  2022-09-22: 평가 3603 · 후보 7 · 진입 0 (누적 814)
  2022-09-23: 평가 3604 · 후보 12 · 진입 0 (누적 814)
  2022-09-26: 평가 3604 · 후보 11 · 진입 0 (누적 814)
  2022-09-27: 평가 3604 · 후보 9 · 진입 1 (누적 815)
  2022-09-28: 평가 3605 · 후보 13 · 진입 1 (누적 816)
  2022-09-29: 평가 3602 · 후보 13 · 진입 4 (누적 820)
  2022-09-30: 평가 3601 · 후보 12 · 진입 3 (누적 823)
  2022-10-03: 평가 3597 · 후보 12 · 진입 5 (누적 828)
  2022-10-04: 평가 3597 · 후보 12 · 진입 2 (누적 830)
  2022-10-05: 평가 3592 · 후보 13 · 진입 2 (누적 832)
  2022-10-06: 평가 3589 · 후보 22 · 진입 4 (누적 836)
  2022-10-07: 평가 3589 · 후보 18 · 진입 0 (누적 836)
  2022-10-10: 평가 3587 · 후보 23 · 진입 4 (누적 840)
  2022-10-11: 평가 3583 · 후보 28 · 진입 4 (누적 844)
  2022-10-12: 평가 3578 · 후보 26 · 진입 7 (누적 851)
  2022-10-13: 평가 3566 · 후보 37 · 진입 9 (누적 860)
  2022-10-14: 평가 3556 · 후보 34 · 진입 3 (누적 863)
  2022-10-17: 평가 3551 · 후보 34 · 진입 6 (누적 869)
  2022-10-18: 평가 3544 · 후보 33 · 진입 6 (누적 875)
  2022-10-19: 평가 3528 · 후보 29 · 진입 4 (누적 879)
  2022-10-20: 평가 3527 · 후보 34 · 진입 3 (누적 882)
  2022-10-21: 평가 3522 · 후보 32 · 진입 9 (누적 891)
  2022-10-24: 평가 3517 · 후보 44 · 진입 9 (누적 900)
  2022-10-25: 평가 3514 · 후보 33 · 진입 4 (누적 904)
  2022-10-26: 평가 3505 · 후보 31 · 진입 4 (누적 908)
  2022-10-27: 평가 3501 · 후보 22 · 진입 3 (누적 911)
  2022-10-28: 평가 3484 · 후보 23 · 진입 3 (누적 914)
  2022-10-31: 평가 3479 · 후보 36 · 진입 5 (누적 919)
  2022-11-01: 평가 3474 · 후보 46 · 진입 6 (누적 925)
  2022-11-02: 평가 3468 · 후보 28 · 진입 1 (누적 926)
  2022-11-03: 평가 3468 · 후보 29 · 진입 4 (누적 930)
  2022-11-04: 평가 3465 · 후보 28 · 진입 4 (누적 934)
  2022-11-07: 평가 3460 · 후보 22 · 진입 2 (누적 936)
  2022-11-08: 평가 3455 · 후보 25 · 진입 0 (누적 936)
  2022-11-09: 평가 3459 · 후보 23 · 진입 9 (누적 945)
  2022-11-10: 평가 3459 · 후보 20 · 진입 7 (누적 952)
  2022-11-11: 평가 3456 · 후보 16 · 진입 0 (누적 952)
  2022-11-14: 평가 3466 · 후보 32 · 진입 5 (누적 957)
  2022-11-15: 평가 3466 · 후보 31 · 진입 1 (누적 958)
  2022-11-16: 평가 3466 · 후보 26 · 진입 0 (누적 958)
  2022-11-17: 평가 3464 · 후보 30 · 진입 5 (누적 963)
  2022-11-18: 평가 3464 · 후보 27 · 진입 1 (누적 964)
  2022-11-21: 평가 3458 · 후보 28 · 진입 1 (누적 965)
  2022-11-22: 평가 3454 · 후보 38 · 진입 5 (누적 970)
  2022-11-23: 평가 3451 · 후보 47 · 진입 6 (누적 976)
  2022-11-25: 평가 3445 · 후보 66 · 진입 5 (누적 981)
  2022-11-28: 평가 3432 · 후보 99 · 진입 11 (누적 992)
  2022-11-29: 평가 3427 · 후보 103 · 진입 16 (누적 1008)
  2022-11-30: 평가 3427 · 후보 101 · 진입 15 (누적 1023)
  2022-12-01: 평가 3427 · 후보 110 · 진입 20 (누적 1043)
  2022-12-02: 평가 3424 · 후보 83 · 진입 0 (누적 1043)
  2022-12-05: 평가 3426 · 후보 79 · 진입 3 (누적 1046)
  2022-12-06: 평가 3429 · 후보 55 · 진입 3 (누적 1049)
  2022-12-07: 평가 3426 · 후보 64 · 진입 3 (누적 1052)
  2022-12-08: 평가 3418 · 후보 77 · 진입 1 (누적 1053)
  2022-12-09: 평가 3422 · 후보 67 · 진입 4 (누적 1057)
  2022-12-12: 평가 3425 · 후보 79 · 진입 20 (누적 1077)
  2022-12-13: 평가 3431 · 후보 76 · 진입 4 (누적 1081)
  2022-12-14: 평가 3439 · 후보 44 · 진입 1 (누적 1082)
  2022-12-15: 평가 3442 · 후보 27 · 진입 0 (누적 1082)
  2022-12-16: 평가 3451 · 후보 18 · 진입 0 (누적 1082)
  2022-12-19: 평가 3450 · 후보 13 · 진입 1 (누적 1083)
  2022-12-20: 평가 3454 · 후보 16 · 진입 2 (누적 1085)
  2022-12-21: 평가 3454 · 후보 22 · 진입 3 (누적 1088)
  2022-12-22: 평가 3455 · 후보 28 · 진입 0 (누적 1088)
  2022-12-23: 평가 3449 · 후보 41 · 진입 7 (누적 1095)
  2022-12-27: 평가 3454 · 후보 41 · 진입 5 (누적 1100)
  2022-12-28: 평가 3455 · 후보 41 · 진입 6 (누적 1106)
  2022-12-29: 평가 3452 · 후보 60 · 진입 4 (누적 1110)
  2022-12-30: 평가 3456 · 후보 51 · 진입 2 (누적 1112)

💾 저장: .cache/bt5y/sub/uspath_2022.json
거래 1112건 · 승 211 패 809 예외 12 미결 80
승률 결착 20.7% (최악 20.4% ~ 최선 21.6%)

[변동성 구간별]
  ①조용 <2.5%      n= 184  승  13 패 106 예외   0 미결  65  결착승률 10.9%  (최악 10.9%)
  ②보통 2.5~4%     n= 403  승  71 패 320 예외   1 미결  11  결착승률 18.2%  (최악 18.1%)
  ③큼 4~6%        n= 373  승  78 패 286 예외   5 미결   4  결착승률 21.4%  (최악 21.1%)
  ④매우큼 6%+       n= 152  승  49 패  97 예외   6 미결   0  결착승률 33.6%  (최악 32.2%)

--- 감시 결과 ---
자식 **peak working set 1.931 GB**
실행 중 **최저 여유 1.418 GB**
종료코드 0 · 경과 355초 · 중단여부 아니오
