시작 전 여유 2.100 GB
명령: python -u scripts/backtest_volatility_pilot_us.py --market us --emit-paths --start 2026-01-01 --end 2026-08-21 --out .cache/bt5y/sub/uspath_2026.json
설정: 팔=pattern · 관문임박=off · 진입상태=['actionable']
Sharadar 적재 2024-10-28~2027-06-17 (variant=base) …
  일자 455일 · 거래대금 시계열 4595종목
  유니버스 등장 4595종목 · 시계열 보유 4595종목
스캔일 160개 (2026-01-02~2026-08-21, step 1)
  2026-01-02: 평가 3491 · 후보 141 · 진입 76 (누적 76)
  2026-01-05: 평가 3492 · 후보 108 · 진입 33 (누적 109)
  2026-01-06: 평가 3489 · 후보 91 · 진입 20 (누적 129)
  2026-01-07: 평가 3490 · 후보 122 · 진입 25 (누적 154)
  2026-01-08: 평가 3483 · 후보 82 · 진입 14 (누적 168)
  2026-01-09: 평가 3471 · 후보 92 · 진입 11 (누적 179)
  2026-01-12: 평가 3470 · 후보 68 · 진입 22 (누적 201)
  2026-01-13: 평가 3469 · 후보 87 · 진입 15 (누적 216)
  2026-01-14: 평가 3472 · 후보 78 · 진입 11 (누적 227)
  2026-01-15: 평가 3467 · 후보 64 · 진입 9 (누적 236)
  2026-01-16: 평가 3461 · 후보 72 · 진입 7 (누적 243)
  2026-01-20: 평가 3467 · 후보 64 · 진입 10 (누적 253)
  2026-01-21: 평가 3466 · 후보 51 · 진입 12 (누적 265)
  2026-01-22: 평가 3469 · 후보 52 · 진입 6 (누적 271)
  2026-01-23: 평가 3469 · 후보 57 · 진입 2 (누적 273)
  2026-01-26: 평가 3471 · 후보 53 · 진입 3 (누적 276)
  2026-01-27: 평가 3468 · 후보 65 · 진입 6 (누적 282)
  2026-01-28: 평가 3475 · 후보 54 · 진입 7 (누적 289)
  2026-01-29: 평가 3474 · 후보 53 · 진입 7 (누적 296)
  2026-01-30: 평가 3478 · 후보 43 · 진입 5 (누적 301)
  2026-02-02: 평가 3470 · 후보 47 · 진입 6 (누적 307)
  2026-02-03: 평가 3472 · 후보 44 · 진입 7 (누적 314)
  2026-02-04: 평가 3467 · 후보 24 · 진입 3 (누적 317)
  2026-02-05: 평가 3468 · 후보 25 · 진입 5 (누적 322)
  2026-02-06: 평가 3470 · 후보 24 · 진입 8 (누적 330)
  2026-02-09: 평가 3468 · 후보 33 · 진입 5 (누적 335)
  2026-02-10: 평가 3470 · 후보 37 · 진입 6 (누적 341)
  2026-02-11: 평가 3471 · 후보 39 · 진입 5 (누적 346)
  2026-02-12: 평가 3466 · 후보 39 · 진입 5 (누적 351)
  2026-02-13: 평가 3463 · 후보 39 · 진입 3 (누적 354)
  2026-02-17: 평가 3462 · 후보 55 · 진입 14 (누적 368)
  2026-02-18: 평가 3462 · 후보 58 · 진입 7 (누적 375)
  2026-02-19: 평가 3457 · 후보 49 · 진입 7 (누적 382)
  2026-02-20: 평가 3458 · 후보 52 · 진입 7 (누적 389)
  2026-02-23: 평가 3465 · 후보 32 · 진입 9 (누적 398)
  2026-02-24: 평가 3460 · 후보 43 · 진입 10 (누적 408)
  2026-02-25: 평가 3456 · 후보 58 · 진입 6 (누적 414)
  2026-02-26: 평가 3457 · 후보 55 · 진입 3 (누적 417)
  2026-02-27: 평가 3457 · 후보 55 · 진입 6 (누적 423)
  2026-03-02: 평가 3456 · 후보 44 · 진입 2 (누적 425)
  2026-03-03: 평가 3456 · 후보 32 · 진입 6 (누적 431)
  2026-03-04: 평가 3454 · 후보 45 · 진입 5 (누적 436)
  2026-03-05: 평가 3449 · 후보 23 · 진입 1 (누적 437)
  2026-03-06: 평가 3448 · 후보 18 · 진입 5 (누적 442)
  2026-03-09: 평가 3449 · 후보 13 · 진입 3 (누적 445)
  2026-03-10: 평가 3455 · 후보 23 · 진입 1 (누적 446)
  2026-03-11: 평가 3461 · 후보 14 · 진입 0 (누적 446)
  2026-03-12: 평가 3463 · 후보 15 · 진입 1 (누적 447)
  2026-03-13: 평가 3458 · 후보 18 · 진입 8 (누적 455)
  2026-03-16: 평가 3459 · 후보 29 · 진입 6 (누적 461)
  2026-03-17: 평가 3461 · 후보 28 · 진입 6 (누적 467)
  2026-03-18: 평가 3462 · 후보 18 · 진입 3 (누적 470)
  2026-03-19: 평가 3461 · 후보 28 · 진입 5 (누적 475)
  2026-03-20: 평가 3462 · 후보 11 · 진입 2 (누적 477)
  2026-03-23: 평가 3462 · 후보 28 · 진입 10 (누적 487)
  2026-03-24: 평가 3461 · 후보 12 · 진입 3 (누적 490)
  2026-03-25: 평가 3460 · 후보 31 · 진입 1 (누적 491)
  2026-03-26: 평가 3457 · 후보 23 · 진입 1 (누적 492)
  2026-03-27: 평가 3457 · 후보 32 · 진입 2 (누적 494)
  2026-03-30: 평가 3457 · 후보 24 · 진입 8 (누적 502)
  2026-03-31: 평가 3460 · 후보 48 · 진입 18 (누적 520)
  2026-04-01: 평가 3456 · 후보 54 · 진입 8 (누적 528)
  2026-04-02: 평가 3445 · 후보 39 · 진입 7 (누적 535)
  2026-04-06: 평가 3445 · 후보 83 · 진입 16 (누적 551)
  2026-04-07: 평가 3441 · 후보 75 · 진입 25 (누적 576)
  2026-04-08: 평가 3442 · 후보 44 · 진입 8 (누적 584)
  2026-04-09: 평가 3436 · 후보 31 · 진입 3 (누적 587)
  2026-04-10: 평가 3431 · 후보 67 · 진입 18 (누적 605)
  2026-04-13: 평가 3425 · 후보 72 · 진입 21 (누적 626)
  2026-04-14: 평가 3424 · 후보 83 · 진입 7 (누적 633)
  2026-04-15: 평가 3424 · 후보 78 · 진입 7 (누적 640)
  2026-04-16: 평가 3421 · 후보 90 · 진입 20 (누적 660)
  2026-04-17: 평가 3424 · 후보 73 · 진입 5 (누적 665)
  2026-04-20: 평가 3425 · 후보 65 · 진입 7 (누적 672)
  2026-04-21: 평가 3421 · 후보 74 · 진입 10 (누적 682)
  2026-04-22: 평가 3425 · 후보 77 · 진입 8 (누적 690)
  2026-04-23: 평가 3431 · 후보 66 · 진입 11 (누적 701)
  2026-04-24: 평가 3432 · 후보 83 · 진입 15 (누적 716)
  2026-04-27: 평가 3432 · 후보 76 · 진입 7 (누적 723)
  2026-04-28: 평가 3433 · 후보 73 · 진입 7 (누적 730)
  2026-04-29: 평가 3434 · 후보 63 · 진입 9 (누적 739)
  2026-04-30: 평가 3431 · 후보 65 · 진입 9 (누적 748)
  2026-05-01: 평가 3435 · 후보 67 · 진입 12 (누적 760)
  2026-05-04: 평가 3431 · 후보 48 · 진입 9 (누적 769)
  2026-05-05: 평가 3427 · 후보 44 · 진입 6 (누적 775)
  2026-05-06: 평가 3429 · 후보 44 · 진입 4 (누적 779)
  2026-05-07: 평가 3429 · 후보 31 · 진입 3 (누적 782)
  2026-05-08: 평가 3430 · 후보 25 · 진입 6 (누적 788)
  2026-05-11: 평가 3434 · 후보 33 · 진입 3 (누적 791)
  2026-05-12: 평가 3438 · 후보 30 · 진입 4 (누적 795)
  2026-05-13: 평가 3436 · 후보 33 · 진입 4 (누적 799)
  2026-05-14: 평가 3441 · 후보 31 · 진입 2 (누적 801)
  2026-05-15: 평가 3443 · 후보 18 · 진입 3 (누적 804)
  2026-05-18: 평가 3444 · 후보 18 · 진입 1 (누적 805)
  2026-05-19: 평가 3448 · 후보 23 · 진입 5 (누적 810)
  2026-05-20: 평가 3443 · 후보 26 · 진입 3 (누적 813)
  2026-05-21: 평가 3444 · 후보 37 · 진입 5 (누적 818)
  2026-05-22: 평가 3444 · 후보 44 · 진입 13 (누적 831)
  2026-05-26: 평가 3449 · 후보 33 · 진입 8 (누적 839)
  2026-05-27: 평가 3450 · 후보 28 · 진입 2 (누적 841)
  2026-05-28: 평가 3453 · 후보 35 · 진입 7 (누적 848)
  2026-05-29: 평가 3455 · 후보 40 · 진입 6 (누적 854)
  2026-06-01: 평가 3461 · 후보 26 · 진입 3 (누적 857)
  2026-06-02: 평가 3459 · 후보 30 · 진입 8 (누적 865)
  2026-06-03: 평가 3461 · 후보 24 · 진입 7 (누적 872)
  2026-06-04: 평가 3465 · 후보 29 · 진입 1 (누적 873)
  2026-06-05: 평가 3465 · 후보 20 · 진입 2 (누적 875)
  2026-06-08: 평가 3463 · 후보 32 · 진입 6 (누적 881)
  2026-06-09: 평가 3468 · 후보 25 · 진입 6 (누적 887)
  2026-06-10: 평가 3471 · 후보 19 · 진입 4 (누적 891)
  2026-06-11: 평가 3468 · 후보 21 · 진입 6 (누적 897)
  2026-06-12: 평가 3462 · 후보 32 · 진입 10 (누적 907)
  2026-06-15: 평가 3460 · 후보 26 · 진입 4 (누적 911)
  2026-06-16: 평가 3465 · 후보 28 · 진입 6 (누적 917)
  2026-06-17: 평가 3465 · 후보 27 · 진입 9 (누적 926)
  2026-06-18: 평가 3465 · 후보 29 · 진입 3 (누적 929)
  2026-06-22: 평가 3467 · 후보 27 · 진입 3 (누적 932)
  2026-06-23: 평가 3465 · 후보 19 · 진입 6 (누적 938)
  2026-06-24: 평가 3459 · 후보 16 · 진입 0 (누적 938)
  2026-06-25: 평가 3458 · 후보 20 · 진입 6 (누적 944)
  2026-06-26: 평가 3479 · 후보 4 · 진입 1 (누적 945)
  2026-06-29: 평가 3485 · 후보 10 · 진입 3 (누적 948)
  2026-06-30: 평가 3497 · 후보 11 · 진입 2 (누적 950)
  2026-07-01: 평가 3491 · 후보 7 · 진입 1 (누적 951)
  2026-07-02: 평가 3493 · 후보 7 · 진입 0 (누적 951)
  2026-07-06: 평가 3491 · 후보 24 · 진입 5 (누적 956)
  2026-07-07: 평가 3497 · 후보 18 · 진입 5 (누적 961)
  2026-07-08: 평가 3494 · 후보 18 · 진입 7 (누적 968)
  2026-07-09: 평가 3495 · 후보 29 · 진입 1 (누적 969)
  2026-07-10: 평가 3492 · 후보 26 · 진입 6 (누적 975)
  2026-07-13: 평가 3492 · 후보 29 · 진입 6 (누적 981)
  2026-07-14: 평가 3492 · 후보 33 · 진입 9 (누적 990)
  2026-07-15: 평가 3490 · 후보 36 · 진입 4 (누적 994)
  2026-07-16: 평가 3488 · 후보 52 · 진입 10 (누적 1004)
  2026-07-17: 평가 3491 · 후보 68 · 진입 10 (누적 1014)
  2026-07-20: 평가 3491 · 후보 56 · 진입 9 (누적 1023)
  2026-07-21: 평가 3487 · 후보 83 · 진입 6 (누적 1029)
  2026-07-22: 평가 3484 · 후보 91 · 진입 7 (누적 1036)
  2026-07-23: 평가 3481 · 후보 71 · 진입 9 (누적 1045)
  2026-07-24: 평가 3475 · 후보 71 · 진입 4 (누적 1049)
  2026-07-27: 평가 3473 · 후보 79 · 진입 14 (누적 1063)
  2026-07-28: 평가 3472 · 후보 68 · 진입 7 (누적 1070)
  2026-07-29: 평가 3473 · 후보 53 · 진입 2 (누적 1072)
  2026-07-30: 평가 3471 · 후보 79 · 진입 11 (누적 1083)
  2026-07-31: 평가 3467 · 후보 77 · 진입 15 (누적 1098)
  2026-08-03: 평가 3470 · 후보 70 · 진입 18 (누적 1116)
  2026-08-04: 평가 3475 · 후보 54 · 진입 12 (누적 1128)
  2026-08-05: 평가 3474 · 후보 60 · 진입 11 (누적 1139)
  2026-08-06: 평가 3467 · 후보 53 · 진입 7 (누적 1146)
  2026-08-07: 평가 3467 · 후보 61 · 진입 10 (누적 1156)
  2026-08-10: 평가 3461 · 후보 67 · 진입 10 (누적 1166)
  2026-08-11: 평가 3461 · 후보 57 · 진입 7 (누적 1173)
  2026-08-12: 평가 3466 · 후보 63 · 진입 10 (누적 1183)
  2026-08-13: 평가 3466 · 후보 61 · 진입 7 (누적 1190)
  2026-08-14: 평가 3467 · 후보 80 · 진입 9 (누적 1199)
  2026-08-17: 평가 3470 · 후보 75 · 진입 7 (누적 1206)
  2026-08-18: 평가 3473 · 후보 73 · 진입 8 (누적 1214)
  2026-08-19: 평가 3475 · 후보 59 · 진입 3 (누적 1217)
  2026-08-20: 평가 3476 · 후보 49 · 진입 2 (누적 1219)
  2026-08-21: 평가 3471 · 후보 69 · 진입 0 (누적 1219)
경로 3202개를 스트리밍으로 이어 붙였다 (메모리에 안 쌓았다)

💾 저장: .cache/bt5y/sub/uspath_2026.json
거래 1219건 · 승 398 패 631 예외 23 미결 167
승률 결착 38.7% (최악 37.8% ~ 최선 40.0%)

[변동성 구간별]
  ①조용 <2.5%      n=  99  승  30 패  37 예외   0 미결  32  결착승률 44.8%  (최악 44.8%)
  ②보통 2.5~4%     n= 343  승 120 패 160 예외   1 미결  62  결착승률 42.9%  (최악 42.7%)
  ③큼 4~6%        n= 416  승 135 패 224 예외   6 미결  51  결착승률 37.6%  (최악 37.0%)
  ④매우큼 6%+       n= 361  승 113 패 210 예외  16 미결  22  결착승률 35.0%  (최악 33.3%)

--- 감시 결과 ---
자식 **peak working set 0.928 GB**
실행 중 **최저 여유 1.166 GB**
종료코드 0 · 경과 190초 · 중단여부 아니오
