시작 전 여유 3.049 GB
명령: python -u scripts/backtest_volatility_pilot_us.py --market us --emit-paths --start 2025-01-01 --end 2025-12-31 --out .cache/bt5y/sub/uspath_2025.json
설정: 팔=pattern · 관문임박=off · 진입상태=['actionable']
Sharadar 적재 2023-10-29~2026-10-27 (variant=base) …
  일자 705일 · 거래대금 시계열 4931종목
  유니버스 등장 4931종목 · 시계열 보유 4931종목
스캔일 250개 (2025-01-02~2025-12-31, step 1)
  2025-01-02: 평가 3531 · 후보 82 · 진입 39 (누적 39)
  2025-01-03: 평가 3536 · 후보 80 · 진입 28 (누적 67)
  2025-01-06: 평가 3554 · 후보 69 · 진입 15 (누적 82)
  2025-01-07: 평가 3554 · 후보 66 · 진입 6 (누적 88)
  2025-01-08: 평가 3557 · 후보 61 · 진입 3 (누적 91)
  2025-01-10: 평가 3563 · 후보 40 · 진입 2 (누적 93)
  2025-01-13: 평가 3560 · 후보 51 · 진입 13 (누적 106)
  2025-01-14: 평가 3563 · 후보 48 · 진입 20 (누적 126)
  2025-01-15: 평가 3561 · 후보 49 · 진입 7 (누적 133)
  2025-01-16: 평가 3564 · 후보 51 · 진입 18 (누적 151)
  2025-01-17: 평가 3565 · 후보 53 · 진입 21 (누적 172)
  2025-01-21: 평가 3569 · 후보 37 · 진입 9 (누적 181)
  2025-01-22: 평가 3563 · 후보 40 · 진입 7 (누적 188)
  2025-01-23: 평가 3567 · 후보 53 · 진입 8 (누적 196)
  2025-01-24: 평가 3569 · 후보 62 · 진입 3 (누적 199)
  2025-01-27: 평가 3564 · 후보 42 · 진입 4 (누적 203)
  2025-01-28: 평가 3561 · 후보 60 · 진입 13 (누적 216)
  2025-01-29: 평가 3553 · 후보 62 · 진입 10 (누적 226)
  2025-01-30: 평가 3555 · 후보 85 · 진입 12 (누적 238)
  2025-01-31: 평가 3554 · 후보 72 · 진입 4 (누적 242)
  2025-02-03: 평가 3550 · 후보 57 · 진입 10 (누적 252)
  2025-02-04: 평가 3550 · 후보 66 · 진입 10 (누적 262)
  2025-02-05: 평가 3549 · 후보 73 · 진입 14 (누적 276)
  2025-02-06: 평가 3548 · 후보 58 · 진입 4 (누적 280)
  2025-02-07: 평가 3549 · 후보 51 · 진입 4 (누적 284)
  2025-02-10: 평가 3545 · 후보 67 · 진입 4 (누적 288)
  2025-02-11: 평가 3548 · 후보 67 · 진입 2 (누적 290)
  2025-02-12: 평가 3547 · 후보 61 · 진입 7 (누적 297)
  2025-02-13: 평가 3549 · 후보 78 · 진입 6 (누적 303)
  2025-02-14: 평가 3551 · 후보 77 · 진입 13 (누적 316)
  2025-02-18: 평가 3545 · 후보 68 · 진입 7 (누적 323)
  2025-02-19: 평가 3547 · 후보 63 · 진입 1 (누적 324)
  2025-02-20: 평가 3547 · 후보 54 · 진입 5 (누적 329)
  2025-02-21: 평가 3545 · 후보 17 · 진입 0 (누적 329)
  2025-02-24: 평가 3546 · 후보 13 · 진입 2 (누적 331)
  2025-02-25: 평가 3544 · 후보 14 · 진입 1 (누적 332)
  2025-02-26: 평가 3539 · 후보 11 · 진입 0 (누적 332)
  2025-02-27: 평가 3537 · 후보 10 · 진입 1 (누적 333)
  2025-02-28: 평가 3530 · 후보 23 · 진입 2 (누적 335)
  2025-03-03: 평가 3527 · 후보 17 · 진입 0 (누적 335)
  2025-03-04: 평가 3526 · 후보 5 · 진입 0 (누적 335)
  2025-03-05: 평가 3520 · 후보 11 · 진입 0 (누적 335)
  2025-03-06: 평가 3516 · 후보 4 · 진입 1 (누적 336)
  2025-03-07: 평가 3496 · 후보 5 · 진입 0 (누적 336)
  2025-03-10: 평가 3495 · 후보 1 · 진입 1 (누적 337)
  2025-03-11: 평가 3502 · 후보 4 · 진입 1 (누적 338)
  2025-03-12: 평가 3493 · 후보 9 · 진입 1 (누적 339)
  2025-03-13: 평가 3483 · 후보 9 · 진입 6 (누적 345)
  2025-03-14: 평가 3478 · 후보 13 · 진입 4 (누적 349)
  2025-03-17: 평가 3472 · 후보 18 · 진입 1 (누적 350)
  2025-03-18: 평가 3459 · 후보 12 · 진입 3 (누적 353)
  2025-03-19: 평가 3455 · 후보 26 · 진입 9 (누적 362)
  2025-03-20: 평가 3439 · 후보 20 · 진입 2 (누적 364)
  2025-03-21: 평가 3439 · 후보 26 · 진입 8 (누적 372)
  2025-03-24: 평가 3434 · 후보 31 · 진입 6 (누적 378)
  2025-03-25: 평가 3428 · 후보 27 · 진입 3 (누적 381)
  2025-03-26: 평가 3431 · 후보 22 · 진입 2 (누적 383)
  2025-03-27: 평가 3419 · 후보 26 · 진입 1 (누적 384)
  2025-03-28: 평가 3418 · 후보 30 · 진입 5 (누적 389)
  2025-03-31: 평가 3416 · 후보 28 · 진입 2 (누적 391)
  2025-04-01: 평가 3412 · 후보 36 · 진입 1 (누적 392)
  2025-04-02: 평가 3408 · 후보 43 · 진입 0 (누적 392)
  2025-04-03: 평가 3405 · 후보 15 · 진입 0 (누적 392)
  2025-04-04: 평가 3404 · 후보 4 · 진입 1 (누적 393)
  2025-04-07: 평가 3403 · 후보 4 · 진입 1 (누적 394)
  2025-04-08: 평가 3398 · 후보 3 · 진입 0 (누적 394)
  2025-04-09: 평가 3400 · 후보 1 · 진입 0 (누적 394)
  2025-04-10: 평가 3401 · 후보 1 · 진입 0 (누적 394)
  2025-04-11: 평가 3399 · 후보 3 · 진입 1 (누적 395)
  2025-04-14: 평가 3394 · 후보 6 · 진입 2 (누적 397)
  2025-04-15: 평가 3390 · 후보 4 · 진입 2 (누적 399)
  2025-04-16: 평가 3389 · 후보 20 · 진입 6 (누적 405)
  2025-04-17: 평가 3391 · 후보 33 · 진입 3 (누적 408)
  2025-04-21: 평가 3384 · 후보 15 · 진입 5 (누적 413)
  2025-04-22: 평가 3379 · 후보 32 · 진입 15 (누적 428)
  2025-04-23: 평가 3383 · 후보 44 · 진입 14 (누적 442)
  2025-04-24: 평가 3378 · 후보 24 · 진입 2 (누적 444)
  2025-04-25: 평가 3377 · 후보 50 · 진입 9 (누적 453)
  2025-04-28: 평가 3373 · 후보 52 · 진입 8 (누적 461)
  2025-04-29: 평가 3370 · 후보 54 · 진입 7 (누적 468)
  2025-04-30: 평가 3362 · 후보 59 · 진입 12 (누적 480)
  2025-05-01: 평가 3359 · 후보 63 · 진입 12 (누적 492)
  2025-05-02: 평가 3359 · 후보 44 · 진입 3 (누적 495)
  2025-05-05: 평가 3354 · 후보 47 · 진입 2 (누적 497)
  2025-05-06: 평가 3351 · 후보 52 · 진입 11 (누적 508)
  2025-05-07: 평가 3349 · 후보 52 · 진입 6 (누적 514)
  2025-05-08: 평가 3347 · 후보 36 · 진입 6 (누적 520)
  2025-05-09: 평가 3346 · 후보 37 · 진입 4 (누적 524)
  2025-05-12: 평가 3351 · 후보 32 · 진입 2 (누적 526)
  2025-05-13: 평가 3349 · 후보 25 · 진입 0 (누적 526)
  2025-05-14: 평가 3350 · 후보 34 · 진입 5 (누적 531)
  2025-05-15: 평가 3355 · 후보 35 · 진입 5 (누적 536)
  2025-05-16: 평가 3362 · 후보 35 · 진입 1 (누적 537)
  2025-05-19: 평가 3364 · 후보 37 · 진입 2 (누적 539)
  2025-05-20: 평가 3368 · 후보 57 · 진입 2 (누적 541)
  2025-05-21: 평가 3365 · 후보 52 · 진입 5 (누적 546)
  2025-05-22: 평가 3367 · 후보 51 · 진입 2 (누적 548)
  2025-05-23: 평가 3367 · 후보 58 · 진입 9 (누적 557)
  2025-05-27: 평가 3371 · 후보 57 · 진입 1 (누적 558)
  2025-05-28: 평가 3377 · 후보 68 · 진입 2 (누적 560)
  2025-05-29: 평가 3376 · 후보 64 · 진입 5 (누적 565)
  2025-05-30: 평가 3387 · 후보 83 · 진입 11 (누적 576)
  2025-06-02: 평가 3385 · 후보 63 · 진입 2 (누적 578)
  2025-06-03: 평가 3387 · 후보 60 · 진입 6 (누적 584)
  2025-06-04: 평가 3389 · 후보 43 · 진입 3 (누적 587)
  2025-06-05: 평가 3396 · 후보 51 · 진입 6 (누적 593)
  2025-06-06: 평가 3398 · 후보 47 · 진입 3 (누적 596)
  2025-06-09: 평가 3405 · 후보 58 · 진입 6 (누적 602)
  2025-06-10: 평가 3404 · 후보 49 · 진입 7 (누적 609)
  2025-06-11: 평가 3408 · 후보 57 · 진입 2 (누적 611)
  2025-06-12: 평가 3412 · 후보 51 · 진입 0 (누적 611)
  2025-06-13: 평가 3417 · 후보 56 · 진입 9 (누적 620)
  2025-06-16: 평가 3422 · 후보 55 · 진입 2 (누적 622)
  2025-06-17: 평가 3428 · 후보 50 · 진입 3 (누적 625)
  2025-06-18: 평가 3427 · 후보 50 · 진입 5 (누적 630)
  2025-06-20: 평가 3430 · 후보 42 · 진입 3 (누적 633)
  2025-06-23: 평가 3431 · 후보 34 · 진입 5 (누적 638)
  2025-06-24: 평가 3434 · 후보 34 · 진입 4 (누적 642)
  2025-06-25: 평가 3433 · 후보 41 · 진입 4 (누적 646)
  2025-06-26: 평가 3440 · 후보 37 · 진입 6 (누적 652)
  2025-06-27: 평가 3472 · 후보 29 · 진입 3 (누적 655)
  2025-06-30: 평가 3476 · 후보 21 · 진입 2 (누적 657)
  2025-07-01: 평가 3474 · 후보 18 · 진입 0 (누적 657)
  2025-07-02: 평가 3471 · 후보 16 · 진입 4 (누적 661)
  2025-07-03: 평가 3469 · 후보 26 · 진입 5 (누적 666)
  2025-07-07: 평가 3469 · 후보 48 · 진입 8 (누적 674)
  2025-07-08: 평가 3476 · 후보 54 · 진입 4 (누적 678)
  2025-07-09: 평가 3480 · 후보 55 · 진입 7 (누적 685)
  2025-07-10: 평가 3485 · 후보 61 · 진입 6 (누적 691)
  2025-07-11: 평가 3492 · 후보 58 · 진입 8 (누적 699)
  2025-07-14: 평가 3497 · 후보 61 · 진입 3 (누적 702)
  2025-07-15: 평가 3496 · 후보 70 · 진입 9 (누적 711)
  2025-07-16: 평가 3503 · 후보 75 · 진입 10 (누적 721)
  2025-07-17: 평가 3509 · 후보 75 · 진입 12 (누적 733)
  2025-07-18: 평가 3508 · 후보 83 · 진입 9 (누적 742)
  2025-07-21: 평가 3510 · 후보 86 · 진입 4 (누적 746)
  2025-07-22: 평가 3517 · 후보 77 · 진입 8 (누적 754)
  2025-07-23: 평가 3525 · 후보 47 · 진입 5 (누적 759)
  2025-07-24: 평가 3531 · 후보 50 · 진입 3 (누적 762)
  2025-07-25: 평가 3522 · 후보 44 · 진입 4 (누적 766)
  2025-07-28: 평가 3524 · 후보 56 · 진입 5 (누적 771)
  2025-07-29: 평가 3526 · 후보 60 · 진입 5 (누적 776)
  2025-07-30: 평가 3529 · 후보 44 · 진입 10 (누적 786)
  2025-07-31: 평가 3532 · 후보 49 · 진입 1 (누적 787)
  2025-08-01: 평가 3535 · 후보 36 · 진입 5 (누적 792)
  2025-08-04: 평가 3536 · 후보 44 · 진입 9 (누적 801)
  2025-08-05: 평가 3541 · 후보 45 · 진입 5 (누적 806)
  2025-08-06: 평가 3541 · 후보 41 · 진입 4 (누적 810)
  2025-08-07: 평가 3540 · 후보 29 · 진입 4 (누적 814)
  2025-08-08: 평가 3534 · 후보 37 · 진입 7 (누적 821)
  2025-08-11: 평가 3531 · 후보 33 · 진입 7 (누적 828)
  2025-08-12: 평가 3536 · 후보 25 · 진입 5 (누적 833)
  2025-08-13: 평가 3532 · 후보 23 · 진입 2 (누적 835)
  2025-08-14: 평가 3533 · 후보 36 · 진입 4 (누적 839)
  2025-08-15: 평가 3537 · 후보 54 · 진입 7 (누적 846)
  2025-08-18: 평가 3539 · 후보 53 · 진입 2 (누적 848)
  2025-08-19: 평가 3536 · 후보 46 · 진입 2 (누적 850)
  2025-08-20: 평가 3536 · 후보 55 · 진입 7 (누적 857)
  2025-08-21: 평가 3534 · 후보 58 · 진입 18 (누적 875)
  2025-08-22: 평가 3543 · 후보 51 · 진입 8 (누적 883)
  2025-08-25: 평가 3548 · 후보 56 · 진입 9 (누적 892)
  2025-08-26: 평가 3549 · 후보 63 · 진입 9 (누적 901)
  2025-08-27: 평가 3547 · 후보 68 · 진입 18 (누적 919)
  2025-08-28: 평가 3550 · 후보 76 · 진입 8 (누적 927)
  2025-08-29: 평가 3550 · 후보 79 · 진입 4 (누적 931)
  2025-09-02: 평가 3549 · 후보 75 · 진입 8 (누적 939)
  2025-09-03: 평가 3548 · 후보 76 · 진입 12 (누적 951)
  2025-09-04: 평가 3550 · 후보 63 · 진입 9 (누적 960)
  2025-09-05: 평가 3547 · 후보 64 · 진입 6 (누적 966)
  2025-09-08: 평가 3545 · 후보 68 · 진입 8 (누적 974)
  2025-09-09: 평가 3507 · 후보 70 · 진입 6 (누적 980)
  2025-09-10: 평가 3507 · 후보 66 · 진입 15 (누적 995)
  2025-09-11: 평가 3508 · 후보 59 · 진입 5 (누적 1000)
  2025-09-12: 평가 3508 · 후보 70 · 진입 7 (누적 1007)
  2025-09-15: 평가 3517 · 후보 61 · 진입 4 (누적 1011)
  2025-09-16: 평가 3527 · 후보 59 · 진입 2 (누적 1013)
  2025-09-17: 평가 3525 · 후보 65 · 진입 9 (누적 1022)
  2025-09-18: 평가 3523 · 후보 55 · 진입 2 (누적 1024)
  2025-09-19: 평가 3538 · 후보 36 · 진입 3 (누적 1027)
  2025-09-22: 평가 3541 · 후보 35 · 진입 2 (누적 1029)
  2025-09-23: 평가 3543 · 후보 38 · 진입 3 (누적 1032)
  2025-09-24: 평가 3540 · 후보 29 · 진입 0 (누적 1032)
  2025-09-25: 평가 3536 · 후보 26 · 진입 1 (누적 1033)
  2025-09-26: 평가 3535 · 후보 60 · 진입 10 (누적 1043)
  2025-09-29: 평가 3539 · 후보 56 · 진입 7 (누적 1050)
  2025-09-30: 평가 3538 · 후보 43 · 진입 9 (누적 1059)
  2025-10-01: 평가 3538 · 후보 44 · 진입 5 (누적 1064)
  2025-10-02: 평가 3530 · 후보 38 · 진입 7 (누적 1071)
  2025-10-03: 평가 3526 · 후보 43 · 진입 6 (누적 1077)
  2025-10-06: 평가 3531 · 후보 39 · 진입 4 (누적 1081)
  2025-10-07: 평가 3526 · 후보 42 · 진입 5 (누적 1086)
  2025-10-08: 평가 3536 · 후보 63 · 진입 4 (누적 1090)
  2025-10-09: 평가 3537 · 후보 61 · 진입 10 (누적 1100)
  2025-10-10: 평가 3543 · 후보 32 · 진입 2 (누적 1102)
  2025-10-13: 평가 3543 · 후보 46 · 진입 8 (누적 1110)
  2025-10-14: 평가 3550 · 후보 65 · 진입 9 (누적 1119)
  2025-10-15: 평가 3552 · 후보 54 · 진입 4 (누적 1123)
  2025-10-16: 평가 3560 · 후보 47 · 진입 3 (누적 1126)
  2025-10-17: 평가 3562 · 후보 40 · 진입 5 (누적 1131)
  2025-10-20: 평가 3553 · 후보 56 · 진입 9 (누적 1140)
  2025-10-21: 평가 3552 · 후보 52 · 진입 3 (누적 1143)
  2025-10-22: 평가 3552 · 후보 52 · 진입 9 (누적 1152)
  2025-10-23: 평가 3551 · 후보 54 · 진입 14 (누적 1166)
  2025-10-24: 평가 3544 · 후보 58 · 진입 9 (누적 1175)
  2025-10-27: 평가 3544 · 후보 58 · 진입 6 (누적 1181)
  2025-10-28: 평가 3544 · 후보 61 · 진입 7 (누적 1188)
  2025-10-29: 평가 3541 · 후보 57 · 진입 4 (누적 1192)
  2025-10-30: 평가 3544 · 후보 47 · 진입 8 (누적 1200)
  2025-10-31: 평가 3543 · 후보 49 · 진입 7 (누적 1207)
  2025-11-03: 평가 3550 · 후보 45 · 진입 2 (누적 1209)
  2025-11-04: 평가 3553 · 후보 32 · 진입 3 (누적 1212)
  2025-11-05: 평가 3554 · 후보 41 · 진입 4 (누적 1216)
  2025-11-06: 평가 3550 · 후보 27 · 진입 5 (누적 1221)
  2025-11-07: 평가 3552 · 후보 21 · 진입 5 (누적 1226)
  2025-11-10: 평가 3555 · 후보 20 · 진입 3 (누적 1229)
  2025-11-11: 평가 3558 · 후보 20 · 진입 3 (누적 1232)
  2025-11-12: 평가 3559 · 후보 22 · 진입 1 (누적 1233)
  2025-11-13: 평가 3560 · 후보 21 · 진입 5 (누적 1238)
  2025-11-14: 평가 3566 · 후보 22 · 진입 6 (누적 1244)
  2025-11-17: 평가 3564 · 후보 16 · 진입 1 (누적 1245)
  2025-11-18: 평가 3559 · 후보 17 · 진입 6 (누적 1251)
  2025-11-19: 평가 3560 · 후보 32 · 진입 12 (누적 1263)
  2025-11-20: 평가 3559 · 후보 26 · 진입 5 (누적 1268)
  2025-11-21: 평가 3559 · 후보 33 · 진입 10 (누적 1278)
  2025-11-24: 평가 3553 · 후보 37 · 진입 10 (누적 1288)
  2025-11-25: 평가 3555 · 후보 32 · 진입 8 (누적 1296)
  2025-11-26: 평가 3554 · 후보 27 · 진입 3 (누적 1299)
  2025-11-28: 평가 3547 · 후보 37 · 진입 5 (누적 1304)
  2025-12-01: 평가 3536 · 후보 72 · 진입 16 (누적 1320)
  2025-12-02: 평가 3528 · 후보 74 · 진입 18 (누적 1338)
  2025-12-03: 평가 3524 · 후보 66 · 진입 13 (누적 1351)
  2025-12-04: 평가 3521 · 후보 80 · 진입 18 (누적 1369)
  2025-12-05: 평가 3521 · 후보 65 · 진입 19 (누적 1388)
  2025-12-08: 평가 3525 · 후보 72 · 진입 9 (누적 1397)
  2025-12-09: 평가 3525 · 후보 86 · 진입 17 (누적 1414)
  2025-12-10: 평가 3528 · 후보 84 · 진입 13 (누적 1427)
  2025-12-11: 평가 3529 · 후보 70 · 진입 4 (누적 1431)
  2025-12-12: 평가 3535 · 후보 60 · 진입 13 (누적 1444)
  2025-12-15: 평가 3532 · 후보 60 · 진입 6 (누적 1450)
  2025-12-16: 평가 3530 · 후보 70 · 진입 4 (누적 1454)
  2025-12-17: 평가 3521 · 후보 44 · 진입 2 (누적 1456)
  2025-12-18: 평가 3525 · 후보 56 · 진입 12 (누적 1468)
  2025-12-19: 평가 3530 · 후보 43 · 진입 9 (누적 1477)
  2025-12-22: 평가 3523 · 후보 38 · 진입 5 (누적 1482)
  2025-12-23: 평가 3521 · 후보 51 · 진입 3 (누적 1485)
  2025-12-24: 평가 3516 · 후보 74 · 진입 4 (누적 1489)
  2025-12-26: 평가 3507 · 후보 129 · 진입 6 (누적 1495)
  2025-12-29: 평가 3501 · 후보 163 · 진입 14 (누적 1509)
  2025-12-30: 평가 3498 · 후보 167 · 진입 6 (누적 1515)
  2025-12-31: 평가 3495 · 후보 163 · 진입 18 (누적 1533)

💾 저장: .cache/bt5y/sub/uspath_2025.json
거래 1533건 · 승 545 패 909 예외 23 미결 56
승률 결착 37.5% (최악 36.9% ~ 최선 38.5%)

[변동성 구간별]
  ①조용 <2.5%      n= 213  승  67 패 104 예외   0 미결  42  결착승률 39.2%  (최악 39.2%)
  ②보통 2.5~4%     n= 519  승 188 패 323 예외   1 미결   7  결착승률 36.8%  (최악 36.7%)
  ③큼 4~6%        n= 423  승 158 패 257 예외   3 미결   5  결착승률 38.1%  (최악 37.8%)
  ④매우큼 6%+       n= 378  승 132 패 225 예외  19 미결   2  결착승률 37.0%  (최악 35.1%)

--- 감시 결과 ---
자식 **peak working set 1.816 GB**
실행 중 **최저 여유 1.632 GB**
종료코드 0 · 경과 335초 · 중단여부 아니오
