시작 전 여유 3.038 GB
명령: python -u scripts/backtest_volatility_pilot_us.py --market us --emit-paths --start 2023-01-01 --end 2023-12-31 --out .cache/bt5y/sub/uspath_2023.json
설정: 팔=pattern · 관문임박=off · 진입상태=['actionable']
Sharadar 적재 2021-10-28~2024-10-26 (variant=base) …
  일자 753일 · 거래대금 시계열 5195종목
  유니버스 등장 5195종목 · 시계열 보유 5195종목
스캔일 250개 (2023-01-03~2023-12-29, step 1)
  2023-01-03: 평가 3460 · 후보 42 · 진입 16 (누적 16)
  2023-01-04: 평가 3462 · 후보 42 · 진입 7 (누적 23)
  2023-01-05: 평가 3464 · 후보 41 · 진입 17 (누적 40)
  2023-01-06: 평가 3473 · 후보 53 · 진입 14 (누적 54)
  2023-01-09: 평가 3474 · 후보 53 · 진입 17 (누적 71)
  2023-01-10: 평가 3479 · 후보 46 · 진입 4 (누적 75)
  2023-01-11: 평가 3478 · 후보 60 · 진입 19 (누적 94)
  2023-01-12: 평가 3488 · 후보 51 · 진입 12 (누적 106)
  2023-01-13: 평가 3489 · 후보 47 · 진입 5 (누적 111)
  2023-01-17: 평가 3493 · 후보 71 · 진입 12 (누적 123)
  2023-01-18: 평가 3497 · 후보 46 · 진입 1 (누적 124)
  2023-01-19: 평가 3494 · 후보 56 · 진입 7 (누적 131)
  2023-01-20: 평가 3494 · 후보 54 · 진입 7 (누적 138)
  2023-01-23: 평가 3495 · 후보 58 · 진입 7 (누적 145)
  2023-01-24: 평가 3491 · 후보 53 · 진입 7 (누적 152)
  2023-01-25: 평가 3488 · 후보 60 · 진입 13 (누적 165)
  2023-01-26: 평가 3492 · 후보 54 · 진입 3 (누적 168)
  2023-01-27: 평가 3498 · 후보 73 · 진입 7 (누적 175)
  2023-01-30: 평가 3497 · 후보 75 · 진입 16 (누적 191)
  2023-01-31: 평가 3501 · 후보 56 · 진입 9 (누적 200)
  2023-02-01: 평가 3507 · 후보 49 · 진입 11 (누적 211)
  2023-02-02: 평가 3511 · 후보 49 · 진입 5 (누적 216)
  2023-02-03: 평가 3514 · 후보 47 · 진입 4 (누적 220)
  2023-02-06: 평가 3516 · 후보 49 · 진입 4 (누적 224)
  2023-02-07: 평가 3525 · 후보 60 · 진입 2 (누적 226)
  2023-02-08: 평가 3528 · 후보 58 · 진입 3 (누적 229)
  2023-02-09: 평가 3531 · 후보 42 · 진입 0 (누적 229)
  2023-02-10: 평가 3536 · 후보 57 · 진입 5 (누적 234)
  2023-02-13: 평가 3536 · 후보 62 · 진입 5 (누적 239)
  2023-02-14: 평가 3537 · 후보 61 · 진입 4 (누적 243)
  2023-02-15: 평가 3540 · 후보 73 · 진입 8 (누적 251)
  2023-02-16: 평가 3542 · 후보 69 · 진입 11 (누적 262)
  2023-02-17: 평가 3547 · 후보 69 · 진입 0 (누적 262)
  2023-02-21: 평가 3547 · 후보 43 · 진입 3 (누적 265)
  2023-02-22: 평가 3545 · 후보 38 · 진입 2 (누적 267)
  2023-02-23: 평가 3542 · 후보 51 · 진입 2 (누적 269)
  2023-02-24: 평가 3546 · 후보 45 · 진입 7 (누적 276)
  2023-02-27: 평가 3539 · 후보 57 · 진입 5 (누적 281)
  2023-02-28: 평가 3538 · 후보 51 · 진입 10 (누적 291)
  2023-03-01: 평가 3538 · 후보 52 · 진입 5 (누적 296)
  2023-03-02: 평가 3526 · 후보 53 · 진입 11 (누적 307)
  2023-03-03: 평가 3523 · 후보 38 · 진입 2 (누적 309)
  2023-03-06: 평가 3532 · 후보 50 · 진입 4 (누적 313)
  2023-03-07: 평가 3528 · 후보 48 · 진입 2 (누적 315)
  2023-03-08: 평가 3532 · 후보 49 · 진입 4 (누적 319)
  2023-03-09: 평가 3536 · 후보 32 · 진입 1 (누적 320)
  2023-03-10: 평가 3534 · 후보 14 · 진입 0 (누적 320)
  2023-03-13: 평가 3537 · 후보 8 · 진입 0 (누적 320)
  2023-03-14: 평가 3529 · 후보 13 · 진입 1 (누적 321)
  2023-03-15: 평가 3526 · 후보 9 · 진입 2 (누적 323)
  2023-03-16: 평가 3529 · 후보 18 · 진입 3 (누적 326)
  2023-03-17: 평가 3532 · 후보 9 · 진입 0 (누적 326)
  2023-03-20: 평가 3522 · 후보 10 · 진입 0 (누적 326)
  2023-03-21: 평가 3519 · 후보 20 · 진입 6 (누적 332)
  2023-03-22: 평가 3524 · 후보 12 · 진입 2 (누적 334)
  2023-03-23: 평가 3527 · 후보 13 · 진입 0 (누적 334)
  2023-03-24: 평가 3524 · 후보 16 · 진입 2 (누적 336)
  2023-03-27: 평가 3518 · 후보 34 · 진입 4 (누적 340)
  2023-03-28: 평가 3515 · 후보 40 · 진입 14 (누적 354)
  2023-03-29: 평가 3510 · 후보 44 · 진입 8 (누적 362)
  2023-03-30: 평가 3511 · 후보 45 · 진입 9 (누적 371)
  2023-03-31: 평가 3509 · 후보 36 · 진입 9 (누적 380)
  2023-04-03: 평가 3508 · 후보 41 · 진입 6 (누적 386)
  2023-04-04: 평가 3501 · 후보 47 · 진입 4 (누적 390)
  2023-04-05: 평가 3502 · 후보 55 · 진입 5 (누적 395)
  2023-04-06: 평가 3501 · 후보 51 · 진입 6 (누적 401)
  2023-04-10: 평가 3495 · 후보 66 · 진입 9 (누적 410)
  2023-04-11: 평가 3496 · 후보 82 · 진입 11 (누적 421)
  2023-04-12: 평가 3498 · 후보 86 · 진입 9 (누적 430)
  2023-04-13: 평가 3491 · 후보 81 · 진입 12 (누적 442)
  2023-04-14: 평가 3491 · 후보 104 · 진입 8 (누적 450)
  2023-04-17: 평가 3488 · 후보 96 · 진입 18 (누적 468)
  2023-04-18: 평가 3489 · 후보 89 · 진입 4 (누적 472)
  2023-04-19: 평가 3483 · 후보 84 · 진입 7 (누적 479)
  2023-04-20: 평가 3483 · 후보 99 · 진입 6 (누적 485)
  2023-04-21: 평가 3481 · 후보 96 · 진입 10 (누적 495)
  2023-04-24: 평가 3477 · 후보 107 · 진입 5 (누적 500)
  2023-04-25: 평가 3471 · 후보 78 · 진입 2 (누적 502)
  2023-04-26: 평가 3467 · 후보 56 · 진입 6 (누적 508)
  2023-04-27: 평가 3467 · 후보 77 · 진입 11 (누적 519)
  2023-04-28: 평가 3464 · 후보 69 · 진입 6 (누적 525)
  2023-05-01: 평가 3461 · 후보 76 · 진입 0 (누적 525)
  2023-05-02: 평가 3455 · 후보 50 · 진입 5 (누적 530)
  2023-05-03: 평가 3456 · 후보 58 · 진입 3 (누적 533)
  2023-05-04: 평가 3458 · 후보 42 · 진입 6 (누적 539)
  2023-05-05: 평가 3461 · 후보 53 · 진입 5 (누적 544)
  2023-05-08: 평가 3459 · 후보 62 · 진입 7 (누적 551)
  2023-05-09: 평가 3453 · 후보 49 · 진입 7 (누적 558)
  2023-05-10: 평가 3453 · 후보 42 · 진입 1 (누적 559)
  2023-05-11: 평가 3461 · 후보 44 · 진입 10 (누적 569)
  2023-05-12: 평가 3455 · 후보 48 · 진입 5 (누적 574)
  2023-05-15: 평가 3451 · 후보 50 · 진입 3 (누적 577)
  2023-05-16: 평가 3448 · 후보 55 · 진입 3 (누적 580)
  2023-05-17: 평가 3454 · 후보 64 · 진입 9 (누적 589)
  2023-05-18: 평가 3454 · 후보 48 · 진입 5 (누적 594)
  2023-05-19: 평가 3453 · 후보 57 · 진입 6 (누적 600)
  2023-05-22: 평가 3452 · 후보 52 · 진입 6 (누적 606)
  2023-05-23: 평가 3453 · 후보 64 · 진입 1 (누적 607)
  2023-05-24: 평가 3453 · 후보 61 · 진입 2 (누적 609)
  2023-05-25: 평가 3455 · 후보 50 · 진입 2 (누적 611)
  2023-05-26: 평가 3451 · 후보 66 · 진입 7 (누적 618)
  2023-05-30: 평가 3433 · 후보 65 · 진입 2 (누적 620)
  2023-05-31: 평가 3434 · 후보 34 · 진입 5 (누적 625)
  2023-06-01: 평가 3430 · 후보 56 · 진입 14 (누적 639)
  2023-06-02: 평가 3431 · 후보 50 · 진입 4 (누적 643)
  2023-06-05: 평가 3431 · 후보 54 · 진입 9 (누적 652)
  2023-06-06: 평가 3442 · 후보 35 · 진입 9 (누적 661)
  2023-06-07: 평가 3444 · 후보 34 · 진입 5 (누적 666)
  2023-06-08: 평가 3445 · 후보 48 · 진입 7 (누적 673)
  2023-06-09: 평가 3441 · 후보 56 · 진입 5 (누적 678)
  2023-06-12: 평가 3445 · 후보 58 · 진입 14 (누적 692)
  2023-06-13: 평가 3453 · 후보 56 · 진입 3 (누적 695)
  2023-06-14: 평가 3457 · 후보 58 · 진입 6 (누적 701)
  2023-06-15: 평가 3454 · 후보 54 · 진입 3 (누적 704)
  2023-06-16: 평가 3470 · 후보 32 · 진입 3 (누적 707)
  2023-06-20: 평가 3473 · 후보 25 · 진입 2 (누적 709)
  2023-06-21: 평가 3470 · 후보 36 · 진입 7 (누적 716)
  2023-06-22: 평가 3478 · 후보 34 · 진입 1 (누적 717)
  2023-06-23: 평가 3523 · 후보 27 · 진입 3 (누적 720)
  2023-06-26: 평가 3524 · 후보 28 · 진입 6 (누적 726)
  2023-06-27: 평가 3528 · 후보 37 · 진입 4 (누적 730)
  2023-06-28: 평가 3527 · 후보 30 · 진입 3 (누적 733)
  2023-06-29: 평가 3522 · 후보 33 · 진입 9 (누적 742)
  2023-06-30: 평가 3523 · 후보 40 · 진입 1 (누적 743)
  2023-07-03: 평가 3515 · 후보 45 · 진입 2 (누적 745)
  2023-07-05: 평가 3514 · 후보 92 · 진입 1 (누적 746)
  2023-07-06: 평가 3509 · 후보 92 · 진입 13 (누적 759)
  2023-07-07: 평가 3511 · 후보 132 · 진입 22 (누적 781)
  2023-07-10: 평가 3514 · 후보 129 · 진입 27 (누적 808)
  2023-07-11: 평가 3514 · 후보 114 · 진입 26 (누적 834)
  2023-07-12: 평가 3516 · 후보 88 · 진입 15 (누적 849)
  2023-07-13: 평가 3521 · 후보 119 · 진입 14 (누적 863)
  2023-07-14: 평가 3517 · 후보 161 · 진입 26 (누적 889)
  2023-07-17: 평가 3518 · 후보 131 · 진입 17 (누적 906)
  2023-07-18: 평가 3517 · 후보 126 · 진입 10 (누적 916)
  2023-07-19: 평가 3515 · 후보 149 · 진입 4 (누적 920)
  2023-07-20: 평가 3512 · 후보 146 · 진입 10 (누적 930)
  2023-07-21: 평가 3516 · 후보 99 · 진입 5 (누적 935)
  2023-07-24: 평가 3517 · 후보 97 · 진입 10 (누적 945)
  2023-07-25: 평가 3521 · 후보 94 · 진입 2 (누적 947)
  2023-07-26: 평가 3522 · 후보 94 · 진입 10 (누적 957)
  2023-07-27: 평가 3518 · 후보 102 · 진입 10 (누적 967)
  2023-07-28: 평가 3516 · 후보 120 · 진입 18 (누적 985)
  2023-07-31: 평가 3514 · 후보 126 · 진입 7 (누적 992)
  2023-08-01: 평가 3517 · 후보 106 · 진입 7 (누적 999)
  2023-08-02: 평가 3517 · 후보 85 · 진입 8 (누적 1007)
  2023-08-03: 평가 3512 · 후보 72 · 진입 7 (누적 1014)
  2023-08-04: 평가 3510 · 후보 73 · 진입 9 (누적 1023)
  2023-08-07: 평가 3509 · 후보 66 · 진입 0 (누적 1023)
  2023-08-08: 평가 3513 · 후보 68 · 진입 4 (누적 1027)
  2023-08-09: 평가 3515 · 후보 58 · 진입 3 (누적 1030)
  2023-08-10: 평가 3518 · 후보 51 · 진입 4 (누적 1034)
  2023-08-11: 평가 3515 · 후보 53 · 진입 4 (누적 1038)
  2023-08-14: 평가 3517 · 후보 79 · 진입 4 (누적 1042)
  2023-08-15: 평가 3509 · 후보 80 · 진입 8 (누적 1050)
  2023-08-16: 평가 3504 · 후보 70 · 진입 2 (누적 1052)
  2023-08-17: 평가 3503 · 후보 40 · 진입 1 (누적 1053)
  2023-08-18: 평가 3497 · 후보 49 · 진입 2 (누적 1055)
  2023-08-21: 평가 3492 · 후보 69 · 진입 6 (누적 1061)
  2023-08-22: 평가 3489 · 후보 65 · 진입 6 (누적 1067)
  2023-08-23: 평가 3491 · 후보 77 · 진입 7 (누적 1074)
  2023-08-24: 평가 3485 · 후보 71 · 진입 8 (누적 1082)
  2023-08-25: 평가 3478 · 후보 77 · 진입 10 (누적 1092)
  2023-08-28: 평가 3470 · 후보 88 · 진입 14 (누적 1106)
  2023-08-29: 평가 3464 · 후보 86 · 진입 18 (누적 1124)
  2023-08-30: 평가 3457 · 후보 73 · 진입 7 (누적 1131)
  2023-08-31: 평가 3454 · 후보 85 · 진입 20 (누적 1151)
  2023-09-01: 평가 3448 · 후보 62 · 진입 3 (누적 1154)
  2023-09-05: 평가 3396 · 후보 48 · 진입 2 (누적 1156)
  2023-09-06: 평가 3399 · 후보 54 · 진입 1 (누적 1157)
  2023-09-07: 평가 3395 · 후보 50 · 진입 1 (누적 1158)
  2023-09-08: 평가 3391 · 후보 62 · 진입 4 (누적 1162)
  2023-09-11: 평가 3394 · 후보 59 · 진입 2 (누적 1164)
  2023-09-12: 평가 3381 · 후보 48 · 진입 3 (누적 1167)
  2023-09-13: 평가 3381 · 후보 47 · 진입 7 (누적 1174)
  2023-09-14: 평가 3378 · 후보 49 · 진입 2 (누적 1176)
  2023-09-15: 평가 3386 · 후보 17 · 진입 1 (누적 1177)
  2023-09-18: 평가 3379 · 후보 12 · 진입 1 (누적 1178)
  2023-09-19: 평가 3382 · 후보 17 · 진입 1 (누적 1179)
  2023-09-20: 평가 3381 · 후보 18 · 진입 1 (누적 1180)
  2023-09-21: 평가 3377 · 후보 14 · 진입 1 (누적 1181)
  2023-09-22: 평가 3373 · 후보 23 · 진입 4 (누적 1185)
  2023-09-25: 평가 3368 · 후보 16 · 진입 0 (누적 1185)
  2023-09-26: 평가 3365 · 후보 14 · 진입 3 (누적 1188)
  2023-09-27: 평가 3363 · 후보 27 · 진입 5 (누적 1193)
  2023-09-28: 평가 3360 · 후보 29 · 진입 5 (누적 1198)
  2023-09-29: 평가 3359 · 후보 40 · 진입 2 (누적 1200)
  2023-10-02: 평가 3351 · 후보 23 · 진입 0 (누적 1200)
  2023-10-03: 평가 3344 · 후보 17 · 진입 0 (누적 1200)
  2023-10-04: 평가 3340 · 후보 31 · 진입 2 (누적 1202)
  2023-10-05: 평가 3339 · 후보 30 · 진입 7 (누적 1209)
  2023-10-06: 평가 3334 · 후보 27 · 진입 3 (누적 1212)
  2023-10-09: 평가 3323 · 후보 34 · 진입 8 (누적 1220)
  2023-10-10: 평가 3323 · 후보 33 · 진입 4 (누적 1224)
  2023-10-11: 평가 3319 · 후보 38 · 진입 2 (누적 1226)
  2023-10-12: 평가 3317 · 후보 33 · 진입 2 (누적 1228)
  2023-10-13: 평가 3315 · 후보 23 · 진입 2 (누적 1230)
  2023-10-16: 평가 3314 · 후보 38 · 진입 6 (누적 1236)
  2023-10-17: 평가 3313 · 후보 49 · 진입 3 (누적 1239)
  2023-10-18: 평가 3303 · 후보 29 · 진입 2 (누적 1241)
  2023-10-19: 평가 3294 · 후보 25 · 진입 0 (누적 1241)
  2023-10-20: 평가 3287 · 후보 20 · 진입 2 (누적 1243)
  2023-10-23: 평가 3283 · 후보 15 · 진입 2 (누적 1245)
  2023-10-24: 평가 3277 · 후보 29 · 진입 3 (누적 1248)
  2023-10-25: 평가 3277 · 후보 22 · 진입 1 (누적 1249)
  2023-10-26: 평가 3273 · 후보 25 · 진입 1 (누적 1250)
  2023-10-27: 평가 3271 · 후보 16 · 진입 2 (누적 1252)
  2023-10-30: 평가 3270 · 후보 25 · 진입 4 (누적 1256)
  2023-10-31: 평가 3272 · 후보 31 · 진입 6 (누적 1262)
  2023-11-01: 평가 3264 · 후보 31 · 진입 7 (누적 1269)
  2023-11-02: 평가 3268 · 후보 32 · 진입 5 (누적 1274)
  2023-11-03: 평가 3270 · 후보 25 · 진입 3 (누적 1277)
  2023-11-06: 평가 3270 · 후보 31 · 진입 3 (누적 1280)
  2023-11-07: 평가 3268 · 후보 48 · 진입 11 (누적 1291)
  2023-11-08: 평가 3268 · 후보 47 · 진입 4 (누적 1295)
  2023-11-09: 평가 3263 · 후보 47 · 진입 6 (누적 1301)
  2023-11-10: 평가 3269 · 후보 45 · 진입 6 (누적 1307)
  2023-11-13: 평가 3270 · 후보 47 · 진입 17 (누적 1324)
  2023-11-14: 평가 3273 · 후보 27 · 진입 3 (누적 1327)
  2023-11-15: 평가 3274 · 후보 31 · 진입 4 (누적 1331)
  2023-11-16: 평가 3265 · 후보 29 · 진입 7 (누적 1338)
  2023-11-17: 평가 3266 · 후보 51 · 진입 10 (누적 1348)
  2023-11-20: 평가 3269 · 후보 47 · 진입 1 (누적 1349)
  2023-11-21: 평가 3270 · 후보 53 · 진입 6 (누적 1355)
  2023-11-22: 평가 3266 · 후보 53 · 진입 6 (누적 1361)
  2023-11-24: 평가 3261 · 후보 67 · 진입 6 (누적 1367)
  2023-11-27: 평가 3243 · 후보 89 · 진입 5 (누적 1372)
  2023-11-28: 평가 3241 · 후보 110 · 진입 15 (누적 1387)
  2023-11-29: 평가 3244 · 후보 107 · 진입 13 (누적 1400)
  2023-11-30: 평가 3245 · 후보 90 · 진입 9 (누적 1409)
  2023-12-01: 평가 3248 · 후보 44 · 진입 4 (누적 1413)
  2023-12-04: 평가 3257 · 후보 48 · 진입 2 (누적 1415)
  2023-12-05: 평가 3262 · 후보 62 · 진입 9 (누적 1424)
  2023-12-06: 평가 3259 · 후보 72 · 진입 7 (누적 1431)
  2023-12-07: 평가 3263 · 후보 78 · 진입 9 (누적 1440)
  2023-12-08: 평가 3271 · 후보 76 · 진입 5 (누적 1445)
  2023-12-11: 평가 3281 · 후보 84 · 진입 4 (누적 1449)
  2023-12-12: 평가 3283 · 후보 63 · 진입 11 (누적 1460)
  2023-12-13: 평가 3290 · 후보 28 · 진입 5 (누적 1465)
  2023-12-14: 평가 3299 · 후보 22 · 진입 1 (누적 1466)
  2023-12-15: 평가 3325 · 후보 8 · 진입 2 (누적 1468)
  2023-12-18: 평가 3334 · 후보 8 · 진입 1 (누적 1469)
  2023-12-19: 평가 3348 · 후보 8 · 진입 1 (누적 1470)
  2023-12-20: 평가 3356 · 후보 14 · 진입 2 (누적 1472)
  2023-12-21: 평가 3362 · 후보 20 · 진입 3 (누적 1475)
  2023-12-22: 평가 3362 · 후보 39 · 진입 9 (누적 1484)
  2023-12-26: 평가 3366 · 후보 33 · 진입 6 (누적 1490)
  2023-12-27: 평가 3372 · 후보 53 · 진입 5 (누적 1495)
  2023-12-28: 평가 3375 · 후보 70 · 진입 5 (누적 1500)
  2023-12-29: 평가 3377 · 후보 85 · 진입 3 (누적 1503)

💾 저장: .cache/bt5y/sub/uspath_2023.json
거래 1503건 · 승 508 패 912 예외 14 미결 69
승률 결착 35.8% (최악 35.4% ~ 최선 36.4%)

[변동성 구간별]
  ①조용 <2.5%      n= 406  승 144 패 202 예외   1 미결  59  결착승률 41.6%  (최악 41.5%)
  ②보통 2.5~4%     n= 583  승 206 패 367 예외   0 미결  10  결착승률 36.0%  (최악 36.0%)
  ③큼 4~6%        n= 342  승 110 패 229 예외   3 미결   0  결착승률 32.4%  (최악 32.2%)
  ④매우큼 6%+       n= 172  승  48 패 114 예외  10 미결   0  결착승률 29.6%  (최악 27.9%)

--- 감시 결과 ---
자식 **peak working set 2.168 GB**
실행 중 **최저 여유 1.083 GB**
종료코드 0 · 경과 359초 · 중단여부 아니오
