시작 전 여유 3.045 GB
명령: python -u scripts/backtest_volatility_pilot_us.py --market us --emit-paths --start 2024-01-01 --end 2024-12-31 --out .cache/bt5y/sub/uspath_2024.json
설정: 팔=pattern · 관문임박=off · 진입상태=['actionable']
Sharadar 적재 2022-10-28~2025-10-27 (variant=base) …
  일자 751일 · 거래대금 시계열 5084종목
  유니버스 등장 5084종목 · 시계열 보유 5084종목
스캔일 252개 (2024-01-02~2024-12-31, step 1)
  2024-01-02: 평가 3381 · 후보 79 · 진입 9 (누적 9)
  2024-01-03: 평가 3380 · 후보 60 · 진입 6 (누적 15)
  2024-01-04: 평가 3380 · 후보 59 · 진입 8 (누적 23)
  2024-01-05: 평가 3388 · 후보 72 · 진입 16 (누적 39)
  2024-01-08: 평가 3391 · 후보 100 · 진입 10 (누적 49)
  2024-01-09: 평가 3397 · 후보 108 · 진입 19 (누적 68)
  2024-01-10: 평가 3406 · 후보 109 · 진입 12 (누적 80)
  2024-01-11: 평가 3408 · 후보 116 · 진입 22 (누적 102)
  2024-01-12: 평가 3407 · 후보 123 · 진입 5 (누적 107)
  2024-01-16: 평가 3409 · 후보 114 · 진입 6 (누적 113)
  2024-01-17: 평가 3412 · 후보 109 · 진입 17 (누적 130)
  2024-01-18: 평가 3414 · 후보 83 · 진입 16 (누적 146)
  2024-01-19: 평가 3412 · 후보 73 · 진입 34 (누적 180)
  2024-01-22: 평가 3415 · 후보 53 · 진입 14 (누적 194)
  2024-01-23: 평가 3412 · 후보 87 · 진입 10 (누적 204)
  2024-01-24: 평가 3410 · 후보 98 · 진입 12 (누적 216)
  2024-01-25: 평가 3413 · 후보 99 · 진입 10 (누적 226)
  2024-01-26: 평가 3412 · 후보 106 · 진입 20 (누적 246)
  2024-01-29: 평가 3408 · 후보 93 · 진입 6 (누적 252)
  2024-01-30: 평가 3413 · 후보 100 · 진입 6 (누적 258)
  2024-01-31: 평가 3417 · 후보 73 · 진입 4 (누적 262)
  2024-02-01: 평가 3415 · 후보 81 · 진입 8 (누적 270)
  2024-02-02: 평가 3413 · 후보 75 · 진입 5 (누적 275)
  2024-02-05: 평가 3417 · 후보 74 · 진입 12 (누적 287)
  2024-02-06: 평가 3426 · 후보 81 · 진입 9 (누적 296)
  2024-02-07: 평가 3428 · 후보 75 · 진입 11 (누적 307)
  2024-02-08: 평가 3429 · 후보 64 · 진입 12 (누적 319)
  2024-02-09: 평가 3428 · 후보 55 · 진입 7 (누적 326)
  2024-02-12: 평가 3431 · 후보 46 · 진입 2 (누적 328)
  2024-02-13: 평가 3424 · 후보 47 · 진입 5 (누적 333)
  2024-02-14: 평가 3421 · 후보 68 · 진입 9 (누적 342)
  2024-02-15: 평가 3426 · 후보 51 · 진입 5 (누적 347)
  2024-02-16: 평가 3423 · 후보 55 · 진입 3 (누적 350)
  2024-02-20: 평가 3428 · 후보 57 · 진입 2 (누적 352)
  2024-02-21: 평가 3424 · 후보 61 · 진입 7 (누적 359)
  2024-02-22: 평가 3423 · 후보 56 · 진입 3 (누적 362)
  2024-02-23: 평가 3423 · 후보 56 · 진입 9 (누적 371)
  2024-02-26: 평가 3424 · 후보 58 · 진입 13 (누적 384)
  2024-02-27: 평가 3423 · 후보 51 · 진입 5 (누적 389)
  2024-02-28: 평가 3412 · 후보 60 · 진입 3 (누적 392)
  2024-02-29: 평가 3403 · 후보 45 · 진입 8 (누적 400)
  2024-03-01: 평가 3398 · 후보 47 · 진입 5 (누적 405)
  2024-03-04: 평가 3390 · 후보 47 · 진입 4 (누적 409)
  2024-03-05: 평가 3384 · 후보 40 · 진입 3 (누적 412)
  2024-03-06: 평가 3382 · 후보 34 · 진입 4 (누적 416)
  2024-03-07: 평가 3380 · 후보 40 · 진입 6 (누적 422)
  2024-03-08: 평가 3376 · 후보 42 · 진입 5 (누적 427)
  2024-03-11: 평가 3375 · 후보 37 · 진입 2 (누적 429)
  2024-03-12: 평가 3374 · 후보 41 · 진입 6 (누적 435)
  2024-03-13: 평가 3376 · 후보 39 · 진입 2 (누적 437)
  2024-03-14: 평가 3377 · 후보 26 · 진입 2 (누적 439)
  2024-03-15: 평가 3384 · 후보 21 · 진입 3 (누적 442)
  2024-03-18: 평가 3379 · 후보 20 · 진입 2 (누적 444)
  2024-03-19: 평가 3371 · 후보 20 · 진입 5 (누적 449)
  2024-03-20: 평가 3369 · 후보 28 · 진입 14 (누적 463)
  2024-03-21: 평가 3369 · 후보 21 · 진입 1 (누적 464)
  2024-03-22: 평가 3370 · 후보 35 · 진입 5 (누적 469)
  2024-03-25: 평가 3368 · 후보 46 · 진입 7 (누적 476)
  2024-03-26: 평가 3374 · 후보 55 · 진입 10 (누적 486)
  2024-03-27: 평가 3374 · 후보 68 · 진입 18 (누적 504)
  2024-03-28: 평가 3376 · 후보 73 · 진입 8 (누적 512)
  2024-04-01: 평가 3381 · 후보 78 · 진입 5 (누적 517)
  2024-04-02: 평가 3381 · 후보 57 · 진입 8 (누적 525)
  2024-04-03: 평가 3382 · 후보 57 · 진입 3 (누적 528)
  2024-04-04: 평가 3391 · 후보 54 · 진입 4 (누적 532)
  2024-04-05: 평가 3387 · 후보 61 · 진입 5 (누적 537)
  2024-04-08: 평가 3383 · 후보 84 · 진입 6 (누적 543)
  2024-04-09: 평가 3390 · 후보 88 · 진입 1 (누적 544)
  2024-04-10: 평가 3388 · 후보 55 · 진입 5 (누적 549)
  2024-04-11: 평가 3396 · 후보 75 · 진입 2 (누적 551)
  2024-04-12: 평가 3402 · 후보 42 · 진입 1 (누적 552)
  2024-04-15: 평가 3403 · 후보 22 · 진입 0 (누적 552)
  2024-04-16: 평가 3406 · 후보 24 · 진입 1 (누적 553)
  2024-04-17: 평가 3405 · 후보 20 · 진입 1 (누적 554)
  2024-04-18: 평가 3414 · 후보 16 · 진입 2 (누적 556)
  2024-04-19: 평가 3412 · 후보 21 · 진입 1 (누적 557)
  2024-04-22: 평가 3415 · 후보 26 · 진입 7 (누적 564)
  2024-04-23: 평가 3414 · 후보 35 · 진입 2 (누적 566)
  2024-04-24: 평가 3414 · 후보 41 · 진입 3 (누적 569)
  2024-04-25: 평가 3416 · 후보 31 · 진입 2 (누적 571)
  2024-04-26: 평가 3412 · 후보 54 · 진입 24 (누적 595)
  2024-04-29: 평가 3412 · 후보 61 · 진입 3 (누적 598)
  2024-04-30: 평가 3411 · 후보 50 · 진입 11 (누적 609)
  2024-05-01: 평가 3410 · 후보 45 · 진입 8 (누적 617)
  2024-05-02: 평가 3407 · 후보 48 · 진입 9 (누적 626)
  2024-05-03: 평가 3399 · 후보 54 · 진입 11 (누적 637)
  2024-05-06: 평가 3398 · 후보 38 · 진입 9 (누적 646)
  2024-05-07: 평가 3401 · 후보 49 · 진입 1 (누적 647)
  2024-05-08: 평가 3401 · 후보 69 · 진입 15 (누적 662)
  2024-05-09: 평가 3397 · 후보 58 · 진입 5 (누적 667)
  2024-05-10: 평가 3395 · 후보 71 · 진입 12 (누적 679)
  2024-05-13: 평가 3394 · 후보 81 · 진입 15 (누적 694)
  2024-05-14: 평가 3395 · 후보 64 · 진입 12 (누적 706)
  2024-05-15: 평가 3399 · 후보 54 · 진입 6 (누적 712)
  2024-05-16: 평가 3398 · 후보 56 · 진입 3 (누적 715)
  2024-05-17: 평가 3397 · 후보 69 · 진입 10 (누적 725)
  2024-05-20: 평가 3396 · 후보 71 · 진입 6 (누적 731)
  2024-05-21: 평가 3401 · 후보 76 · 진입 8 (누적 739)
  2024-05-22: 평가 3393 · 후보 67 · 진입 2 (누적 741)
  2024-05-23: 평가 3393 · 후보 60 · 진입 9 (누적 750)
  2024-05-24: 평가 3392 · 후보 64 · 진입 5 (누적 755)
  2024-05-28: 평가 3385 · 후보 70 · 진입 4 (누적 759)
  2024-05-29: 평가 3386 · 후보 55 · 진입 6 (누적 765)
  2024-05-30: 평가 3384 · 후보 72 · 진입 3 (누적 768)
  2024-05-31: 평가 3384 · 후보 75 · 진입 8 (누적 776)
  2024-06-03: 평가 3383 · 후보 42 · 진입 2 (누적 778)
  2024-06-04: 평가 3375 · 후보 35 · 진입 3 (누적 781)
  2024-06-05: 평가 3376 · 후보 51 · 진입 3 (누적 784)
  2024-06-06: 평가 3371 · 후보 53 · 진입 1 (누적 785)
  2024-06-07: 평가 3369 · 후보 52 · 진입 7 (누적 792)
  2024-06-10: 평가 3370 · 후보 51 · 진입 3 (누적 795)
  2024-06-11: 평가 3367 · 후보 52 · 진입 16 (누적 811)
  2024-06-12: 평가 3368 · 후보 59 · 진입 6 (누적 817)
  2024-06-13: 평가 3366 · 후보 48 · 진입 0 (누적 817)
  2024-06-14: 평가 3363 · 후보 49 · 진입 7 (누적 824)
  2024-06-17: 평가 3365 · 후보 55 · 진입 9 (누적 833)
  2024-06-18: 평가 3369 · 후보 44 · 진입 4 (누적 837)
  2024-06-20: 평가 3363 · 후보 51 · 진입 3 (누적 840)
  2024-06-21: 평가 3367 · 후보 34 · 진입 8 (누적 848)
  2024-06-24: 평가 3371 · 후보 28 · 진입 1 (누적 849)
  2024-06-25: 평가 3368 · 후보 32 · 진입 2 (누적 851)
  2024-06-26: 평가 3368 · 후보 28 · 진입 3 (누적 854)
  2024-06-27: 평가 3366 · 후보 27 · 진입 5 (누적 859)
  2024-06-28: 평가 3387 · 후보 17 · 진입 2 (누적 861)
  2024-07-01: 평가 3388 · 후보 14 · 진입 2 (누적 863)
  2024-07-02: 평가 3386 · 후보 22 · 진입 5 (누적 868)
  2024-07-03: 평가 3382 · 후보 34 · 진입 6 (누적 874)
  2024-07-05: 평가 3384 · 후보 46 · 진입 7 (누적 881)
  2024-07-08: 평가 3390 · 후보 66 · 진입 9 (누적 890)
  2024-07-09: 평가 3387 · 후보 76 · 진입 12 (누적 902)
  2024-07-10: 평가 3386 · 후보 72 · 진입 21 (누적 923)
  2024-07-11: 평가 3385 · 후보 67 · 진입 15 (누적 938)
  2024-07-12: 평가 3388 · 후보 61 · 진입 16 (누적 954)
  2024-07-15: 평가 3391 · 후보 48 · 진입 13 (누적 967)
  2024-07-16: 평가 3397 · 후보 23 · 진입 1 (누적 968)
  2024-07-17: 평가 3399 · 후보 39 · 진입 4 (누적 972)
  2024-07-18: 평가 3402 · 후보 48 · 진입 3 (누적 975)
  2024-07-19: 평가 3399 · 후보 60 · 진입 7 (누적 982)
  2024-07-22: 평가 3396 · 후보 79 · 진입 21 (누적 1003)
  2024-07-23: 평가 3400 · 후보 75 · 진입 5 (누적 1008)
  2024-07-24: 평가 3405 · 후보 57 · 진입 6 (누적 1014)
  2024-07-25: 평가 3402 · 후보 51 · 진입 7 (누적 1021)
  2024-07-26: 평가 3406 · 후보 58 · 진입 6 (누적 1027)
  2024-07-29: 평가 3408 · 후보 55 · 진입 4 (누적 1031)
  2024-07-30: 평가 3411 · 후보 39 · 진입 8 (누적 1039)
  2024-07-31: 평가 3411 · 후보 52 · 진입 4 (누적 1043)
  2024-08-01: 평가 3408 · 후보 29 · 진입 1 (누적 1044)
  2024-08-02: 평가 3407 · 후보 17 · 진입 0 (누적 1044)
  2024-08-05: 평가 3408 · 후보 11 · 진입 4 (누적 1048)
  2024-08-06: 평가 3405 · 후보 14 · 진입 2 (누적 1050)
  2024-08-07: 평가 3403 · 후보 7 · 진입 0 (누적 1050)
  2024-08-08: 평가 3401 · 후보 12 · 진입 4 (누적 1054)
  2024-08-09: 평가 3400 · 후보 17 · 진입 1 (누적 1055)
  2024-08-12: 평가 3398 · 후보 26 · 진입 8 (누적 1063)
  2024-08-13: 평가 3395 · 후보 34 · 진입 8 (누적 1071)
  2024-08-14: 평가 3391 · 후보 45 · 진입 22 (누적 1093)
  2024-08-15: 평가 3391 · 후보 43 · 진입 5 (누적 1098)
  2024-08-16: 평가 3387 · 후보 51 · 진입 11 (누적 1109)
  2024-08-19: 평가 3393 · 후보 59 · 진입 8 (누적 1117)
  2024-08-20: 평가 3399 · 후보 96 · 진입 20 (누적 1137)
  2024-08-21: 평가 3397 · 후보 89 · 진입 6 (누적 1143)
  2024-08-22: 평가 3403 · 후보 116 · 진입 33 (누적 1176)
  2024-08-23: 평가 3404 · 후보 76 · 진입 11 (누적 1187)
  2024-08-26: 평가 3402 · 후보 112 · 진입 3 (누적 1190)
  2024-08-27: 평가 3400 · 후보 137 · 진입 9 (누적 1199)
  2024-08-28: 평가 3401 · 후보 165 · 진입 21 (누적 1220)
  2024-08-29: 평가 3404 · 후보 167 · 진입 17 (누적 1237)
  2024-08-30: 평가 3401 · 후보 161 · 진입 5 (누적 1242)
  2024-09-03: 평가 3396 · 후보 130 · 진입 7 (누적 1249)
  2024-09-04: 평가 3387 · 후보 129 · 진입 5 (누적 1254)
  2024-09-05: 평가 3386 · 후보 119 · 진입 1 (누적 1255)
  2024-09-06: 평가 3383 · 후보 67 · 진입 5 (누적 1260)
  2024-09-09: 평가 3383 · 후보 85 · 진입 7 (누적 1267)
  2024-09-10: 평가 3355 · 후보 84 · 진입 4 (누적 1271)
  2024-09-11: 평가 3348 · 후보 77 · 진입 13 (누적 1284)
  2024-09-12: 평가 3351 · 후보 89 · 진입 13 (누적 1297)
  2024-09-13: 평가 3355 · 후보 106 · 진입 13 (누적 1310)
  2024-09-16: 평가 3348 · 후보 114 · 진입 26 (누적 1336)
  2024-09-17: 평가 3343 · 후보 97 · 진입 14 (누적 1350)
  2024-09-18: 평가 3343 · 후보 85 · 진입 7 (누적 1357)
  2024-09-19: 평가 3348 · 후보 50 · 진입 6 (누적 1363)
  2024-09-20: 평가 3355 · 후보 38 · 진입 4 (누적 1367)
  2024-09-23: 평가 3352 · 후보 29 · 진입 3 (누적 1370)
  2024-09-24: 평가 3355 · 후보 31 · 진입 1 (누적 1371)
  2024-09-25: 평가 3358 · 후보 37 · 진입 6 (누적 1377)
  2024-09-26: 평가 3358 · 후보 40 · 진입 3 (누적 1380)
  2024-09-27: 평가 3355 · 후보 62 · 진입 3 (누적 1383)
  2024-09-30: 평가 3361 · 후보 72 · 진입 1 (누적 1384)
  2024-10-01: 평가 3354 · 후보 56 · 진입 1 (누적 1385)
  2024-10-02: 평가 3345 · 후보 59 · 진입 2 (누적 1387)
  2024-10-03: 평가 3344 · 후보 54 · 진입 7 (누적 1394)
  2024-10-04: 평가 3342 · 후보 63 · 진입 2 (누적 1396)
  2024-10-07: 평가 3341 · 후보 67 · 진입 8 (누적 1404)
  2024-10-08: 평가 3338 · 후보 71 · 진입 12 (누적 1416)
  2024-10-09: 평가 3331 · 후보 91 · 진입 7 (누적 1423)
  2024-10-10: 평가 3328 · 후보 100 · 진입 17 (누적 1440)
  2024-10-11: 평가 3323 · 후보 81 · 진입 7 (누적 1447)
  2024-10-14: 평가 3326 · 후보 78 · 진입 13 (누적 1460)
  2024-10-15: 평가 3327 · 후보 90 · 진입 16 (누적 1476)
  2024-10-16: 평가 3326 · 후보 59 · 진입 5 (누적 1481)
  2024-10-17: 평가 3327 · 후보 94 · 진입 11 (누적 1492)
  2024-10-18: 평가 3334 · 후보 107 · 진입 6 (누적 1498)
  2024-10-21: 평가 3339 · 후보 96 · 진입 3 (누적 1501)
  2024-10-22: 평가 3333 · 후보 97 · 진입 7 (누적 1508)
  2024-10-23: 평가 3334 · 후보 83 · 진입 4 (누적 1512)
  2024-10-24: 평가 3332 · 후보 75 · 진입 11 (누적 1523)
  2024-10-25: 평가 3337 · 후보 69 · 진입 6 (누적 1529)
  2024-10-28: 평가 3335 · 후보 89 · 진입 4 (누적 1533)
  2024-10-29: 평가 3338 · 후보 88 · 진입 8 (누적 1541)
  2024-10-30: 평가 3340 · 후보 98 · 진입 5 (누적 1546)
  2024-10-31: 평가 3332 · 후보 59 · 진입 7 (누적 1553)
  2024-11-01: 평가 3333 · 후보 57 · 진입 7 (누적 1560)
  2024-11-04: 평가 3335 · 후보 55 · 진입 5 (누적 1565)
  2024-11-05: 평가 3339 · 후보 54 · 진입 21 (누적 1586)
  2024-11-06: 평가 3353 · 후보 21 · 진입 6 (누적 1592)
  2024-11-07: 평가 3358 · 후보 29 · 진입 5 (누적 1597)
  2024-11-08: 평가 3368 · 후보 19 · 진입 5 (누적 1602)
  2024-11-11: 평가 3381 · 후보 25 · 진입 1 (누적 1603)
  2024-11-12: 평가 3383 · 후보 23 · 진입 2 (누적 1605)
  2024-11-13: 평가 3387 · 후보 21 · 진입 2 (누적 1607)
  2024-11-14: 평가 3392 · 후보 19 · 진입 2 (누적 1609)
  2024-11-15: 평가 3401 · 후보 17 · 진입 0 (누적 1609)
  2024-11-18: 평가 3406 · 후보 18 · 진입 2 (누적 1611)
  2024-11-19: 평가 3410 · 후보 23 · 진입 2 (누적 1613)
  2024-11-20: 평가 3414 · 후보 25 · 진입 7 (누적 1620)
  2024-11-21: 평가 3419 · 후보 33 · 진입 7 (누적 1627)
  2024-11-22: 평가 3419 · 후보 36 · 진입 11 (누적 1638)
  2024-11-25: 평가 3419 · 후보 30 · 진입 4 (누적 1642)
  2024-11-26: 평가 3420 · 후보 35 · 진입 8 (누적 1650)
