시작 전 여유 2.897 GB
명령: python -u scripts/backtest_volatility_pilot_us.py --market us --emit-paths --start 2021-02-01 --end 2021-12-31 --out .cache/bt5y/sub/uspath_2021.json
설정: 팔=pattern · 관문임박=off · 진입상태=['actionable']
Sharadar 적재 2019-11-29~2022-10-27 (variant=base) …
  일자 734일 · 거래대금 시계열 5391종목
  유니버스 등장 5391종목 · 시계열 보유 5391종목
스캔일 233개 (2021-02-01~2021-12-31, step 1)
  2021-02-01: 평가 3617 · 후보 44 · 진입 25 (누적 25)
  2021-02-02: 평가 3621 · 후보 59 · 진입 32 (누적 57)
  2021-02-03: 평가 3625 · 후보 58 · 진입 24 (누적 81)
  2021-02-04: 평가 3623 · 후보 62 · 진입 32 (누적 113)
  2021-02-05: 평가 3627 · 후보 67 · 진입 28 (누적 141)
  2021-02-08: 평가 3636 · 후보 53 · 진입 9 (누적 150)
  2021-02-09: 평가 3646 · 후보 61 · 진입 14 (누적 164)
  2021-02-10: 평가 3654 · 후보 65 · 진입 12 (누적 176)
  2021-02-11: 평가 3658 · 후보 51 · 진입 9 (누적 185)
  2021-02-12: 평가 3665 · 후보 43 · 진입 12 (누적 197)
  2021-02-16: 평가 3674 · 후보 52 · 진입 10 (누적 207)
  2021-02-17: 평가 3678 · 후보 45 · 진입 2 (누적 209)
  2021-02-18: 평가 3682 · 후보 32 · 진입 5 (누적 214)
  2021-02-19: 평가 3687 · 후보 60 · 진입 11 (누적 225)
  2021-02-22: 평가 3691 · 후보 41 · 진입 1 (누적 226)
  2021-02-23: 평가 3690 · 후보 24 · 진입 7 (누적 233)
  2021-02-24: 평가 3690 · 후보 21 · 진입 6 (누적 239)
  2021-02-25: 평가 3695 · 후보 13 · 진입 1 (누적 240)
  2021-02-26: 평가 3699 · 후보 16 · 진입 6 (누적 246)
  2021-03-01: 평가 3701 · 후보 33 · 진입 10 (누적 256)
  2021-03-02: 평가 3708 · 후보 29 · 진입 6 (누적 262)
  2021-03-03: 평가 3709 · 후보 23 · 진입 4 (누적 266)
  2021-03-04: 평가 3709 · 후보 6 · 진입 2 (누적 268)
  2021-03-05: 평가 3711 · 후보 13 · 진입 8 (누적 276)
  2021-03-08: 평가 3712 · 후보 9 · 진입 5 (누적 281)
  2021-03-09: 평가 3712 · 후보 13 · 진입 6 (누적 287)
  2021-03-10: 평가 3718 · 후보 23 · 진입 13 (누적 300)
  2021-03-11: 평가 3721 · 후보 16 · 진입 1 (누적 301)
  2021-03-12: 평가 3725 · 후보 29 · 진입 18 (누적 319)
  2021-03-15: 평가 3724 · 후보 36 · 진입 10 (누적 329)
  2021-03-16: 평가 3723 · 후보 32 · 진입 6 (누적 335)
  2021-03-17: 평가 3723 · 후보 54 · 진입 8 (누적 343)
  2021-03-18: 평가 3729 · 후보 35 · 진입 8 (누적 351)
  2021-03-19: 평가 3740 · 후보 35 · 진입 7 (누적 358)
  2021-03-22: 평가 3744 · 후보 30 · 진입 5 (누적 363)
  2021-03-23: 평가 3746 · 후보 19 · 진입 2 (누적 365)
  2021-03-24: 평가 3751 · 후보 16 · 진입 1 (누적 366)
  2021-03-25: 평가 3750 · 후보 27 · 진입 7 (누적 373)
  2021-03-26: 평가 3750 · 후보 32 · 진입 5 (누적 378)
  2021-03-29: 평가 3753 · 후보 28 · 진입 2 (누적 380)
  2021-03-30: 평가 3751 · 후보 23 · 진입 2 (누적 382)
  2021-03-31: 평가 3753 · 후보 54 · 진입 23 (누적 405)
  2021-04-01: 평가 3752 · 후보 47 · 진입 10 (누적 415)
  2021-04-05: 평가 3752 · 후보 52 · 진입 8 (누적 423)
  2021-04-06: 평가 3754 · 후보 55 · 진입 10 (누적 433)
  2021-04-07: 평가 3753 · 후보 66 · 진입 8 (누적 441)
  2021-04-08: 평가 3756 · 후보 96 · 진입 20 (누적 461)
  2021-04-09: 평가 3757 · 후보 96 · 진입 17 (누적 478)
  2021-04-12: 평가 3757 · 후보 92 · 진입 12 (누적 490)
  2021-04-13: 평가 3759 · 후보 100 · 진입 38 (누적 528)
  2021-04-14: 평가 3756 · 후보 135 · 진입 16 (누적 544)
  2021-04-15: 평가 3755 · 후보 132 · 진입 27 (누적 571)
  2021-04-16: 평가 3758 · 후보 138 · 진입 8 (누적 579)
  2021-04-19: 평가 3765 · 후보 100 · 진입 4 (누적 583)
  2021-04-20: 평가 3766 · 후보 53 · 진입 7 (누적 590)
  2021-04-21: 평가 3763 · 후보 126 · 진입 18 (누적 608)
  2021-04-22: 평가 3757 · 후보 109 · 진입 10 (누적 618)
  2021-04-23: 평가 3754 · 후보 105 · 진입 19 (누적 637)
  2021-04-26: 평가 3752 · 후보 130 · 진입 23 (누적 660)
  2021-04-27: 평가 3747 · 후보 123 · 진입 18 (누적 678)
  2021-04-28: 평가 3747 · 후보 105 · 진입 15 (누적 693)
  2021-04-29: 평가 3748 · 후보 117 · 진입 11 (누적 704)
  2021-04-30: 평가 3751 · 후보 121 · 진입 14 (누적 718)
  2021-05-03: 평가 3748 · 후보 112 · 진입 8 (누적 726)
  2021-05-04: 평가 3745 · 후보 92 · 진입 14 (누적 740)
  2021-05-05: 평가 3741 · 후보 77 · 진입 8 (누적 748)
  2021-05-06: 평가 3743 · 후보 77 · 진입 13 (누적 761)
  2021-05-07: 평가 3743 · 후보 72 · 진입 10 (누적 771)
  2021-05-10: 평가 3749 · 후보 81 · 진입 3 (누적 774)
  2021-05-11: 평가 3746 · 후보 63 · 진입 4 (누적 778)
  2021-05-12: 평가 3746 · 후보 29 · 진입 5 (누적 783)
  2021-05-13: 평가 3744 · 후보 47 · 진입 10 (누적 793)
  2021-05-14: 평가 3744 · 후보 64 · 진입 11 (누적 804)
  2021-05-17: 평가 3739 · 후보 63 · 진입 7 (누적 811)
  2021-05-18: 평가 3738 · 후보 69 · 진입 1 (누적 812)
  2021-05-19: 평가 3736 · 후보 57 · 진입 9 (누적 821)
  2021-05-20: 평가 3741 · 후보 70 · 진입 12 (누적 833)
  2021-05-21: 평가 3743 · 후보 87 · 진입 17 (누적 850)
  2021-05-24: 평가 3743 · 후보 93 · 진입 12 (누적 862)
  2021-05-25: 평가 3743 · 후보 75 · 진입 9 (누적 871)
  2021-05-26: 평가 3743 · 후보 93 · 진입 19 (누적 890)
  2021-05-27: 평가 3746 · 후보 87 · 진입 11 (누적 901)
  2021-05-28: 평가 3747 · 후보 116 · 진입 32 (누적 933)
  2021-06-01: 평가 3738 · 후보 92 · 진입 11 (누적 944)
  2021-06-02: 평가 3734 · 후보 96 · 진입 3 (누적 947)
  2021-06-03: 평가 3731 · 후보 86 · 진입 4 (누적 951)
  2021-06-04: 평가 3732 · 후보 106 · 진입 14 (누적 965)
  2021-06-07: 평가 3729 · 후보 84 · 진입 15 (누적 980)
  2021-06-08: 평가 3728 · 후보 76 · 진입 4 (누적 984)
  2021-06-09: 평가 3725 · 후보 81 · 진입 10 (누적 994)
  2021-06-10: 평가 3724 · 후보 81 · 진입 7 (누적 1001)
  2021-06-11: 평가 3725 · 후보 93 · 진입 10 (누적 1011)
  2021-06-14: 평가 3729 · 후보 79 · 진입 3 (누적 1014)
  2021-06-15: 평가 3730 · 후보 81 · 진입 7 (누적 1021)
  2021-06-16: 평가 3728 · 후보 65 · 진입 6 (누적 1027)
  2021-06-17: 평가 3721 · 후보 39 · 진입 5 (누적 1032)
  2021-06-18: 평가 3726 · 후보 19 · 진입 1 (누적 1033)
  2021-06-21: 평가 3733 · 후보 35 · 진입 4 (누적 1037)
  2021-06-22: 평가 3732 · 후보 40 · 진입 10 (누적 1047)
  2021-06-23: 평가 3736 · 후보 51 · 진입 9 (누적 1056)
  2021-06-24: 평가 3738 · 후보 50 · 진입 8 (누적 1064)
  2021-06-25: 평가 3760 · 후보 41 · 진입 8 (누적 1072)
  2021-06-28: 평가 3765 · 후보 33 · 진입 6 (누적 1078)
  2021-06-29: 평가 3767 · 후보 36 · 진입 3 (누적 1081)
  2021-06-30: 평가 3770 · 후보 43 · 진입 11 (누적 1092)
  2021-07-01: 평가 3771 · 후보 52 · 진입 2 (누적 1094)
  2021-07-02: 평가 3774 · 후보 56 · 진입 1 (누적 1095)
  2021-07-06: 평가 3780 · 후보 47 · 진입 3 (누적 1098)
  2021-07-07: 평가 3778 · 후보 40 · 진입 0 (누적 1098)
  2021-07-08: 평가 3780 · 후보 37 · 진입 10 (누적 1108)
  2021-07-09: 평가 3786 · 후보 76 · 진입 9 (누적 1117)
  2021-07-12: 평가 3790 · 후보 77 · 진입 9 (누적 1126)
  2021-07-13: 평가 3800 · 후보 59 · 진입 5 (누적 1131)
  2021-07-14: 평가 3803 · 후보 44 · 진입 3 (누적 1134)
  2021-07-15: 평가 3805 · 후보 47 · 진입 4 (누적 1138)
  2021-07-16: 평가 3809 · 후보 32 · 진입 3 (누적 1141)
  2021-07-19: 평가 3812 · 후보 21 · 진입 5 (누적 1146)
  2021-07-20: 평가 3819 · 후보 45 · 진입 16 (누적 1162)
  2021-07-21: 평가 3817 · 후보 61 · 진입 5 (누적 1167)
  2021-07-22: 평가 3819 · 후보 72 · 진입 6 (누적 1173)
  2021-07-23: 평가 3820 · 후보 77 · 진입 19 (누적 1192)
  2021-07-26: 평가 3821 · 후보 88 · 진입 3 (누적 1195)
  2021-07-27: 평가 3823 · 후보 75 · 진입 11 (누적 1206)
  2021-07-28: 평가 3822 · 후보 101 · 진입 19 (누적 1225)
  2021-07-29: 평가 3822 · 후보 95 · 진입 12 (누적 1237)
  2021-07-30: 평가 3824 · 후보 99 · 진입 16 (누적 1253)
  2021-08-02: 평가 3827 · 후보 92 · 진입 7 (누적 1260)
  2021-08-03: 평가 3834 · 후보 82 · 진입 2 (누적 1262)
  2021-08-04: 평가 3833 · 후보 67 · 진입 12 (누적 1274)
  2021-08-05: 평가 3833 · 후보 64 · 진입 13 (누적 1287)
  2021-08-06: 평가 3834 · 후보 85 · 진입 13 (누적 1300)
  2021-08-09: 평가 3837 · 후보 79 · 진입 10 (누적 1310)
  2021-08-10: 평가 3839 · 후보 87 · 진입 18 (누적 1328)
  2021-08-11: 평가 3840 · 후보 74 · 진입 7 (누적 1335)
  2021-08-12: 평가 3841 · 후보 98 · 진입 8 (누적 1343)
  2021-08-13: 평가 3848 · 후보 103 · 진입 5 (누적 1348)
  2021-08-16: 평가 3850 · 후보 102 · 진입 2 (누적 1350)
  2021-08-17: 평가 3850 · 후보 82 · 진입 3 (누적 1353)
  2021-08-18: 평가 3851 · 후보 73 · 진입 1 (누적 1354)
  2021-08-19: 평가 3852 · 후보 60 · 진입 6 (누적 1360)
  2021-08-20: 평가 3848 · 후보 93 · 진입 11 (누적 1371)
  2021-08-23: 평가 3845 · 후보 108 · 진입 11 (누적 1382)
  2021-08-24: 평가 3846 · 후보 114 · 진입 20 (누적 1402)
  2021-08-25: 평가 3845 · 후보 126 · 진입 4 (누적 1406)
  2021-08-26: 평가 3844 · 후보 108 · 진입 25 (누적 1431)
  2021-08-27: 평가 3838 · 후보 102 · 진입 7 (누적 1438)
  2021-08-30: 평가 3832 · 후보 124 · 진입 7 (누적 1445)
  2021-08-31: 평가 3828 · 후보 113 · 진입 9 (누적 1454)
  2021-09-01: 평가 3828 · 후보 117 · 진입 20 (누적 1474)
  2021-09-02: 평가 3831 · 후보 98 · 진입 9 (누적 1483)
  2021-09-03: 평가 3832 · 후보 101 · 진입 7 (누적 1490)
  2021-09-07: 평가 3771 · 후보 102 · 진입 6 (누적 1496)
  2021-09-08: 평가 3764 · 후보 88 · 진입 5 (누적 1501)
  2021-09-09: 평가 3758 · 후보 85 · 진입 5 (누적 1506)
  2021-09-10: 평가 3759 · 후보 58 · 진입 5 (누적 1511)
  2021-09-13: 평가 3761 · 후보 64 · 진입 6 (누적 1517)
  2021-09-14: 평가 3758 · 후보 50 · 진입 3 (누적 1520)
  2021-09-15: 평가 3753 · 후보 50 · 진입 6 (누적 1526)
  2021-09-16: 평가 3748 · 후보 54 · 진입 3 (누적 1529)
  2021-09-17: 평가 3751 · 후보 30 · 진입 0 (누적 1529)
  2021-09-20: 평가 3754 · 후보 14 · 진입 0 (누적 1529)
  2021-09-21: 평가 3754 · 후보 21 · 진입 5 (누적 1534)
  2021-09-22: 평가 3747 · 후보 39 · 진입 7 (누적 1541)
  2021-09-23: 평가 3745 · 후보 40 · 진입 7 (누적 1548)
  2021-09-24: 평가 3744 · 후보 42 · 진입 11 (누적 1559)
  2021-09-27: 평가 3743 · 후보 46 · 진입 2 (누적 1561)
  2021-09-28: 평가 3748 · 후보 47 · 진입 3 (누적 1564)
  2021-09-29: 평가 3745 · 후보 58 · 진입 4 (누적 1568)
  2021-09-30: 평가 3746 · 후보 48 · 진입 5 (누적 1573)
  2021-10-01: 평가 3748 · 후보 40 · 진입 1 (누적 1574)
  2021-10-04: 평가 3745 · 후보 43 · 진입 9 (누적 1583)
  2021-10-05: 평가 3746 · 후보 47 · 진입 3 (누적 1586)
  2021-10-06: 평가 3746 · 후보 57 · 진입 13 (누적 1599)
  2021-10-07: 평가 3751 · 후보 60 · 진입 2 (누적 1601)
  2021-10-08: 평가 3748 · 후보 67 · 진입 8 (누적 1609)
  2021-10-11: 평가 3749 · 후보 73 · 진입 5 (누적 1614)
  2021-10-12: 평가 3745 · 후보 69 · 진입 4 (누적 1618)
  2021-10-13: 평가 3741 · 후보 78 · 진입 12 (누적 1630)
  2021-10-14: 평가 3735 · 후보 94 · 진입 18 (누적 1648)
  2021-10-15: 평가 3734 · 후보 78 · 진입 7 (누적 1655)
  2021-10-18: 평가 3734 · 후보 71 · 진입 2 (누적 1657)
  2021-10-19: 평가 3724 · 후보 83 · 진입 8 (누적 1665)
  2021-10-20: 평가 3724 · 후보 81 · 진입 9 (누적 1674)
  2021-10-21: 평가 3723 · 후보 98 · 진입 7 (누적 1681)
  2021-10-22: 평가 3724 · 후보 98 · 진입 14 (누적 1695)
  2021-10-25: 평가 3720 · 후보 88 · 진입 10 (누적 1705)
  2021-10-26: 평가 3722 · 후보 97 · 진입 4 (누적 1709)
  2021-10-27: 평가 3721 · 후보 69 · 진입 4 (누적 1713)
  2021-10-28: 평가 3722 · 후보 75 · 진입 11 (누적 1724)
  2021-10-29: 평가 3719 · 후보 78 · 진입 15 (누적 1739)
  2021-11-01: 평가 3720 · 후보 59 · 진입 7 (누적 1746)
  2021-11-02: 평가 3725 · 후보 64 · 진입 7 (누적 1753)
  2021-11-03: 평가 3724 · 후보 45 · 진입 6 (누적 1759)
  2021-11-04: 평가 3731 · 후보 50 · 진입 6 (누적 1765)
  2021-11-05: 평가 3732 · 후보 33 · 진입 6 (누적 1771)
  2021-11-08: 평가 3733 · 후보 50 · 진입 6 (누적 1777)
  2021-11-09: 평가 3741 · 후보 45 · 진입 6 (누적 1783)
  2021-11-10: 평가 3742 · 후보 37 · 진입 4 (누적 1787)
  2021-11-11: 평가 3751 · 후보 47 · 진입 6 (누적 1793)
  2021-11-12: 평가 3747 · 후보 65 · 진입 4 (누적 1797)
  2021-11-15: 평가 3743 · 후보 66 · 진입 7 (누적 1804)
  2021-11-16: 평가 3745 · 후보 58 · 진입 4 (누적 1808)
  2021-11-17: 평가 3751 · 후보 65 · 진입 7 (누적 1815)
  2021-11-18: 평가 3761 · 후보 53 · 진입 6 (누적 1821)
  2021-11-19: 평가 3761 · 후보 54 · 진입 6 (누적 1827)
  2021-11-22: 평가 3771 · 후보 43 · 진입 2 (누적 1829)
  2021-11-23: 평가 3773 · 후보 38 · 진입 2 (누적 1831)
  2021-11-24: 평가 3776 · 후보 49 · 진입 1 (누적 1832)
  2021-11-26: 평가 3779 · 후보 33 · 진입 3 (누적 1835)
  2021-11-29: 평가 3771 · 후보 32 · 진입 2 (누적 1837)
  2021-11-30: 평가 3774 · 후보 25 · 진입 6 (누적 1843)
  2021-12-01: 평가 3769 · 후보 9 · 진입 0 (누적 1843)
  2021-12-02: 평가 3767 · 후보 18 · 진입 0 (누적 1843)
  2021-12-03: 평가 3762 · 후보 13 · 진입 2 (누적 1845)
  2021-12-06: 평가 3762 · 후보 20 · 진입 8 (누적 1853)
  2021-12-07: 평가 3766 · 후보 22 · 진입 6 (누적 1859)
  2021-12-08: 평가 3757 · 후보 19 · 진입 2 (누적 1861)
  2021-12-09: 평가 3760 · 후보 29 · 진입 4 (누적 1865)
  2021-12-10: 평가 3757 · 후보 52 · 진입 3 (누적 1868)
  2021-12-13: 평가 3756 · 후보 35 · 진입 0 (누적 1868)
  2021-12-14: 평가 3757 · 후보 27 · 진입 6 (누적 1874)
  2021-12-15: 평가 3759 · 후보 27 · 진입 4 (누적 1878)
  2021-12-16: 평가 3763 · 후보 19 · 진입 2 (누적 1880)
  2021-12-17: 평가 3773 · 후보 9 · 진입 0 (누적 1880)
  2021-12-20: 평가 3780 · 후보 7 · 진입 2 (누적 1882)
  2021-12-21: 평가 3787 · 후보 21 · 진입 2 (누적 1884)
  2021-12-22: 평가 3786 · 후보 17 · 진입 5 (누적 1889)
  2021-12-23: 평가 3789 · 후보 25 · 진입 8 (누적 1897)
  2021-12-27: 평가 3786 · 후보 30 · 진입 6 (누적 1903)
  2021-12-28: 평가 3788 · 후보 57 · 진입 20 (누적 1923)
  2021-12-29: 평가 3785 · 후보 50 · 진입 14 (누적 1937)
  2021-12-30: 평가 3786 · 후보 102 · 진입 10 (누적 1947)
  2021-12-31: 평가 3798 · 후보 95 · 진입 20 (누적 1967)

💾 저장: .cache/bt5y/sub/uspath_2021.json
거래 1967건 · 승 586 패 1291 예외 30 미결 60
승률 결착 31.2% (최악 30.7% ~ 최선 32.3%)

[변동성 구간별]
  ①조용 <2.5%      n= 143  승  22 패  77 예외   0 미결  44  결착승률 22.2%  (최악 22.2%)
  ②보통 2.5~4%     n= 538  승 152 패 374 예외   0 미결  12  결착승률 28.9%  (최악 28.9%)
  ③큼 4~6%        n= 700  승 219 패 474 예외   4 미결   3  결착승률 31.6%  (최악 31.4%)
  ④매우큼 6%+       n= 586  승 193 패 366 예외  26 미결   1  결착승률 34.5%  (최악 33.0%)

--- 감시 결과 ---
자식 **peak working set 2.091 GB**
실행 중 **최저 여유 1.064 GB**
종료코드 0 · 경과 335초 · 중단여부 아니오
