양보 감시기 시작 — 문턱 0.50 GB · 2회 연속 · 10초 간격
[20:21:58] 여유 2.597 GB · 우리 4개 · 연속 0/2
[20:22:09] 여유 2.363 GB · 우리 4개 · 연속 0/2
[20:22:19] 여유 1.904 GB · 우리 4개 · 연속 0/2
[20:22:30] 여유 1.565 GB · 우리 4개 · 연속 0/2
[20:22:40] 여유 1.561 GB · 우리 4개 · 연속 0/2
[20:22:51] 여유 1.254 GB · 우리 4개 · 연속 0/2
[20:23:01] 여유 1.146 GB · 우리 4개 · 연속 0/2
[20:23:12] 여유 1.002 GB · 우리 4개 · 연속 0/2
[20:23:22] 여유 1.433 GB · 우리 4개 · 연속 0/2
[20:23:33] 여유 1.402 GB · 우리 4개 · 연속 0/2
[20:23:43] 여유 1.383 GB · 우리 4개 · 연속 0/2
[20:23:54] 여유 1.126 GB · 우리 4개 · 연속 0/2
[20:24:04] 여유 1.353 GB · 우리 4개 · 연속 0/2
[20:24:14] 여유 1.145 GB · 우리 4개 · 연속 0/2
[20:24:25] 여유 1.258 GB · 우리 4개 · 연속 0/2
[20:24:35] 여유 1.272 GB · 우리 4개 · 연속 0/2
[20:24:46] 여유 1.291 GB · 우리 4개 · 연속 0/2
[20:24:56] 여유 1.215 GB · 우리 4개 · 연속 0/2
[20:25:07] 여유 1.318 GB · 우리 4개 · 연속 0/2
[20:25:17] 여유 1.294 GB · 우리 4개 · 연속 0/2
[20:25:27] 여유 1.282 GB · 우리 4개 · 연속 0/2
[20:25:38] 여유 1.294 GB · 우리 4개 · 연속 0/2
[20:25:48] 여유 1.279 GB · 우리 4개 · 연속 0/2
[20:25:59] 여유 1.257 GB · 우리 4개 · 연속 0/2
[20:26:09] 여유 1.270 GB · 우리 4개 · 연속 0/2
[20:26:20] 여유 1.328 GB · 우리 4개 · 연속 0/2
[20:26:30] 여유 1.312 GB · 우리 4개 · 연속 0/2
[20:26:40] 여유 1.319 GB · 우리 4개 · 연속 0/2
[20:26:51] 여유 1.251 GB · 우리 4개 · 연속 0/2
[20:27:01] 여유 1.281 GB · 우리 4개 · 연속 0/2
[20:27:12] 여유 1.281 GB · 우리 4개 · 연속 0/2
[20:27:22] 여유 1.207 GB · 우리 4개 · 연속 0/2
[20:27:33] 여유 1.220 GB · 우리 4개 · 연속 0/2
양보 감시기 시작 — 문턱 0.50 GB · 2회 연속 · 10초 간격
[20:27:34] 여유 1.212 GB · 우리 4개 · 연속 0/2
[20:27:45] 여유 1.203 GB · 우리 4개 · 연속 0/2
[20:27:55] 여유 1.243 GB · 우리 4개 · 연속 0/2
[20:28:06] 여유 1.212 GB · 우리 4개 · 연속 0/2
[20:28:16] 여유 1.308 GB · 우리 4개 · 연속 0/2
[20:28:26] 여유 2.599 GB · 우리 4개 · 연속 0/2
[20:28:37] 여유 2.284 GB · 우리 4개 · 연속 0/2
[20:28:47] 여유 1.797 GB · 우리 4개 · 연속 0/2
[20:28:58] 여유 1.502 GB · 우리 4개 · 연속 0/2
[20:29:08] 여유 1.388 GB · 우리 4개 · 연속 0/2
[20:29:19] 여유 1.380 GB · 우리 4개 · 연속 0/2
[20:29:29] 여유 1.395 GB · 우리 4개 · 연속 0/2
[20:29:40] 여유 1.366 GB · 우리 4개 · 연속 0/2
[20:29:50] 여유 1.431 GB · 우리 4개 · 연속 0/2
[20:30:00] 여유 1.426 GB · 우리 4개 · 연속 0/2
[20:30:11] 여유 1.256 GB · 우리 4개 · 연속 0/2
[20:30:21] 여유 1.306 GB · 우리 4개 · 연속 0/2
[20:30:32] 여유 1.302 GB · 우리 4개 · 연속 0/2
[20:30:42] 여유 1.315 GB · 우리 4개 · 연속 0/2
[20:30:53] 여유 1.347 GB · 우리 4개 · 연속 0/2
[20:31:03] 여유 1.338 GB · 우리 4개 · 연속 0/2
[20:31:14] 여유 1.343 GB · 우리 4개 · 연속 0/2
[20:31:24] 여유 1.297 GB · 우리 4개 · 연속 0/2
[20:31:34] 여유 1.293 GB · 우리 4개 · 연속 0/2
[20:31:45] 여유 1.282 GB · 우리 4개 · 연속 0/2
[20:31:55] 여유 1.291 GB · 우리 4개 · 연속 0/2
[20:32:06] 여유 1.280 GB · 우리 4개 · 연속 0/2
[20:32:16] 여유 1.275 GB · 우리 4개 · 연속 0/2
[20:32:27] 여유 1.270 GB · 우리 4개 · 연속 0/2
[20:32:37] 여유 1.282 GB · 우리 4개 · 연속 0/2
[20:32:47] 여유 1.266 GB · 우리 4개 · 연속 0/2
[20:32:58] 여유 1.253 GB · 우리 4개 · 연속 0/2
[20:33:08] 여유 1.413 GB · 우리 4개 · 연속 0/2
[20:33:19] 여유 1.410 GB · 우리 4개 · 연속 0/2
[20:33:29] 여유 1.400 GB · 우리 4개 · 연속 0/2
[20:33:39] 여유 1.406 GB · 우리 4개 · 연속 0/2
[20:33:50] 여유 1.406 GB · 우리 4개 · 연속 0/2
[20:34:00] 여유 1.412 GB · 우리 4개 · 연속 0/2
[20:34:11] 여유 1.414 GB · 우리 4개 · 연속 0/2
[20:34:21] 여유 1.414 GB · 우리 4개 · 연속 0/2
[20:34:32] 여유 1.545 GB · 우리 4개 · 연속 0/2
[20:34:42] 여유 2.868 GB · 우리 4개 · 연속 0/2
[20:34:52] 여유 2.490 GB · 우리 4개 · 연속 0/2
[20:35:03] 여유 2.095 GB · 우리 4개 · 연속 0/2
[20:35:13] 여유 1.707 GB · 우리 4개 · 연속 0/2
[20:35:24] 여유 1.739 GB · 우리 4개 · 연속 0/2
[20:35:34] 여유 1.727 GB · 우리 4개 · 연속 0/2
[20:35:44] 여유 1.727 GB · 우리 4개 · 연속 0/2
[20:35:55] 여유 1.721 GB · 우리 4개 · 연속 0/2
[20:36:05] 여유 1.720 GB · 우리 4개 · 연속 0/2
[20:36:16] 여유 1.705 GB · 우리 4개 · 연속 0/2
[20:36:26] 여유 1.716 GB · 우리 4개 · 연속 0/2
[20:36:36] 여유 1.720 GB · 우리 4개 · 연속 0/2
[20:36:47] 여유 1.715 GB · 우리 4개 · 연속 0/2
[20:36:57] 여유 1.703 GB · 우리 4개 · 연속 0/2
[20:37:08] 여유 1.702 GB · 우리 4개 · 연속 0/2
[20:37:18] 여유 1.691 GB · 우리 4개 · 연속 0/2
[20:37:28] 여유 1.690 GB · 우리 4개 · 연속 0/2
[20:37:39] 여유 1.680 GB · 우리 4개 · 연속 0/2
[20:37:49] 여유 1.677 GB · 우리 4개 · 연속 0/2
[20:38:00] 여유 1.677 GB · 우리 4개 · 연속 0/2
[20:38:10] 여유 1.670 GB · 우리 4개 · 연속 0/2
[20:38:20] 여유 1.665 GB · 우리 4개 · 연속 0/2
[20:38:31] 여유 1.667 GB · 우리 4개 · 연속 0/2
[20:38:41] 여유 1.658 GB · 우리 4개 · 연속 0/2
[20:38:52] 여유 1.656 GB · 우리 4개 · 연속 0/2
[20:39:02] 여유 1.650 GB · 우리 4개 · 연속 0/2
[20:39:12] 여유 1.646 GB · 우리 4개 · 연속 0/2
[20:39:23] 여유 1.640 GB · 우리 4개 · 연속 0/2
[20:39:33] 여유 1.638 GB · 우리 4개 · 연속 0/2
[20:39:44] 여유 1.637 GB · 우리 4개 · 연속 0/2
[20:39:54] 여유 1.635 GB · 우리 4개 · 연속 0/2
[20:40:04] 여유 1.680 GB · 우리 4개 · 연속 0/2
[20:40:15] 여유 2.996 GB · 우리 4개 · 연속 0/2
[20:40:25] 여유 2.798 GB · 우리 4개 · 연속 0/2
[20:40:35] 여유 2.453 GB · 우리 4개 · 연속 0/2
[20:40:46] 여유 2.240 GB · 우리 4개 · 연속 0/2
[20:40:56] 여유 2.233 GB · 우리 4개 · 연속 0/2
[20:41:07] 여유 2.219 GB · 우리 4개 · 연속 0/2
[20:41:17] 여유 2.215 GB · 우리 4개 · 연속 0/2
[20:41:27] 여유 2.206 GB · 우리 4개 · 연속 0/2
[20:41:38] 여유 2.207 GB · 우리 4개 · 연속 0/2
[20:41:48] 여유 2.199 GB · 우리 4개 · 연속 0/2
[20:41:59] 여유 2.194 GB · 우리 4개 · 연속 0/2
[20:42:09] 여유 2.189 GB · 우리 4개 · 연속 0/2
[20:42:20] 여유 2.191 GB · 우리 4개 · 연속 0/2
[20:42:30] 여유 2.181 GB · 우리 4개 · 연속 0/2
[20:42:40] 여유 2.181 GB · 우리 4개 · 연속 0/2
[20:42:51] 여유 2.177 GB · 우리 4개 · 연속 0/2
[20:43:01] 여유 2.176 GB · 우리 4개 · 연속 0/2
[20:43:12] 여유 2.179 GB · 우리 4개 · 연속 0/2
[20:43:22] 우리 배치가 없다 — 감시 종료 (여유 3.130 GB)
양보 감시기 시작 — 문턱 0.50 GB · 2회 연속 · 10초 간격
[20:44:25] 우리 배치가 없다 — 감시 종료 (여유 3.080 GB)
양보 감시기 시작 — 문턱 0.50 GB · 2회 연속 · 10초 간격
[20:52:55] 여유 2.822 GB · 우리 1개 · 연속 0/2
[20:53:05] 여유 2.018 GB · 우리 1개 · 연속 0/2
[20:53:16] 여유 2.034 GB · 우리 1개 · 연속 0/2
[20:53:26] 우리 배치가 없다 — 감시 종료 (여유 3.064 GB)
양보 감시기 시작 — 문턱 0.50 GB · 2회 연속 · 10초 간격
[20:54:26] 여유 2.837 GB · 우리 1개 · 연속 0/2
[20:54:36] 여유 1.999 GB · 우리 1개 · 연속 0/2
[20:54:47] 여유 1.983 GB · 우리 1개 · 연속 0/2
[20:54:57] 여유 1.976 GB · 우리 1개 · 연속 0/2
[20:55:08] 우리 배치가 없다 — 감시 종료 (여유 3.080 GB)
양보 감시기 시작 — 문턱 0.50 GB · 2회 연속 · 10초 간격
[21:04:57] 여유 2.783 GB · 우리 1개 · 연속 0/2
[21:05:07] 여유 2.026 GB · 우리 1개 · 연속 0/2
[21:05:18] 여유 2.043 GB · 우리 1개 · 연속 0/2
[21:05:28] 여유 2.038 GB · 우리 1개 · 연속 0/2
[21:05:39] 여유 2.028 GB · 우리 1개 · 연속 0/2
[21:05:49] 여유 2.037 GB · 우리 1개 · 연속 0/2
[21:05:59] 우리 배치가 없다 — 감시 종료 (여유 3.079 GB)
양보 감시기 시작 — 문턱 0.50 GB · 2회 연속 · 10초 간격
[21:09:23] 여유 2.831 GB · 우리 1개 · 연속 0/2
[21:09:33] 우리 배치가 없다 — 감시 종료 (여유 3.081 GB)
양보 감시기 시작 — 문턱 0.50 GB · 2회 연속 · 10초 간격
[21:15:41] 여유 2.789 GB · 우리 1개 · 연속 0/2
[21:15:51] 여유 1.990 GB · 우리 1개 · 연속 0/2
[21:16:01] 여유 1.985 GB · 우리 1개 · 연속 0/2
[21:16:12] 우리 배치가 없다 — 감시 종료 (여유 3.043 GB)
양보 감시기 시작 — 문턱 0.50 GB · 2회 연속 · 10초 간격
[21:17:17] 여유 2.818 GB · 우리 1개 · 연속 0/2
[21:17:27] 여유 1.993 GB · 우리 1개 · 연속 0/2
[21:17:38] 여유 1.981 GB · 우리 1개 · 연속 0/2
[21:17:48] 여유 1.998 GB · 우리 1개 · 연속 0/2
[21:17:58] 여유 2.008 GB · 우리 1개 · 연속 0/2
[21:18:09] 여유 1.988 GB · 우리 1개 · 연속 0/2
[21:18:19] 여유 1.992 GB · 우리 1개 · 연속 0/2
[21:18:30] 여유 1.982 GB · 우리 1개 · 연속 0/2
[21:18:40] 여유 1.959 GB · 우리 1개 · 연속 0/2
[21:18:50] 여유 1.950 GB · 우리 1개 · 연속 0/2
[21:19:01] 여유 1.972 GB · 우리 1개 · 연속 0/2
[21:19:11] 여유 1.974 GB · 우리 1개 · 연속 0/2
[21:19:21] 여유 1.978 GB · 우리 1개 · 연속 0/2
[21:19:32] 여유 1.968 GB · 우리 1개 · 연속 0/2
[21:19:42] 여유 1.981 GB · 우리 1개 · 연속 0/2
[21:19:53] 여유 1.950 GB · 우리 1개 · 연속 0/2
[21:20:03] 여유 1.958 GB · 우리 1개 · 연속 0/2
[21:20:13] 여유 1.956 GB · 우리 1개 · 연속 0/2
[21:20:24] 여유 1.966 GB · 우리 1개 · 연속 0/2
[21:20:34] 여유 1.969 GB · 우리 1개 · 연속 0/2
[21:20:44] 여유 1.970 GB · 우리 1개 · 연속 0/2
[21:20:55] 우리 배치가 없다 — 감시 종료 (여유 3.023 GB)
양보 감시기 시작 — 문턱 0.50 GB · 2회 연속 · 10초 간격
[21:28:18] 여유 2.868 GB · 우리 4개 · 연속 0/2
[21:28:28] 여유 2.343 GB · 우리 4개 · 연속 0/2
[21:28:39] 여유 2.046 GB · 우리 4개 · 연속 0/2
[21:28:49] 여유 1.660 GB · 우리 4개 · 연속 0/2
[21:28:59] 여유 1.577 GB · 우리 4개 · 연속 0/2
[21:29:10] 여유 1.614 GB · 우리 4개 · 연속 0/2
[21:29:20] 여유 1.574 GB · 우리 4개 · 연속 0/2
[21:29:31] 여유 1.558 GB · 우리 4개 · 연속 0/2
[21:29:41] 여유 1.562 GB · 우리 4개 · 연속 0/2
[21:29:51] 여유 1.551 GB · 우리 4개 · 연속 0/2
[21:30:02] 여유 1.498 GB · 우리 4개 · 연속 0/2
[21:30:12] 여유 1.496 GB · 우리 4개 · 연속 0/2
[21:30:23] 여유 1.508 GB · 우리 4개 · 연속 0/2
[21:30:33] 여유 1.485 GB · 우리 4개 · 연속 0/2
[21:30:43] 여유 1.474 GB · 우리 4개 · 연속 0/2
[21:30:54] 여유 1.456 GB · 우리 4개 · 연속 0/2
[21:31:04] 여유 1.472 GB · 우리 4개 · 연속 0/2
[21:31:15] 여유 1.453 GB · 우리 4개 · 연속 0/2
[21:31:25] 여유 1.441 GB · 우리 4개 · 연속 0/2
[21:31:36] 여유 1.413 GB · 우리 4개 · 연속 0/2
[21:31:46] 여유 1.409 GB · 우리 4개 · 연속 0/2
[21:31:56] 여유 1.414 GB · 우리 4개 · 연속 0/2
[21:32:07] 여유 1.411 GB · 우리 4개 · 연속 0/2
[21:32:17] 여유 1.389 GB · 우리 4개 · 연속 0/2
[21:32:28] 여유 1.393 GB · 우리 4개 · 연속 0/2
[21:32:38] 여유 1.381 GB · 우리 4개 · 연속 0/2
[21:32:48] 여유 1.366 GB · 우리 4개 · 연속 0/2
[21:32:59] 여유 1.372 GB · 우리 4개 · 연속 0/2
[21:33:09] 여유 1.355 GB · 우리 4개 · 연속 0/2
[21:33:20] 여유 1.348 GB · 우리 4개 · 연속 0/2
[21:33:30] 여유 1.344 GB · 우리 4개 · 연속 0/2
[21:33:41] 여유 1.170 GB · 우리 4개 · 연속 0/2
[21:33:51] 여유 1.195 GB · 우리 4개 · 연속 0/2
[21:34:01] 여유 2.984 GB · 우리 3개 · 연속 0/2
[21:34:12] 여유 2.546 GB · 우리 4개 · 연속 0/2
[21:34:22] 여유 2.148 GB · 우리 4개 · 연속 0/2
[21:34:33] 여유 1.627 GB · 우리 4개 · 연속 0/2
[21:34:43] 여유 1.500 GB · 우리 4개 · 연속 0/2
[21:34:53] 여유 1.538 GB · 우리 4개 · 연속 0/2
[21:35:04] 여유 1.500 GB · 우리 4개 · 연속 0/2
[21:35:14] 여유 1.482 GB · 우리 4개 · 연속 0/2
[21:35:25] 여유 1.479 GB · 우리 4개 · 연속 0/2
[21:35:35] 여유 1.478 GB · 우리 4개 · 연속 0/2
[21:35:45] 여유 1.481 GB · 우리 4개 · 연속 0/2
[21:35:56] 여유 1.489 GB · 우리 4개 · 연속 0/2
[21:36:06] 여유 1.483 GB · 우리 4개 · 연속 0/2
[21:36:17] 여유 1.458 GB · 우리 4개 · 연속 0/2
[21:36:27] 여유 1.467 GB · 우리 4개 · 연속 0/2
[21:36:37] 여유 1.467 GB · 우리 4개 · 연속 0/2
[21:36:48] 여유 1.462 GB · 우리 4개 · 연속 0/2
[21:36:58] 여유 1.452 GB · 우리 4개 · 연속 0/2
[21:37:09] 여유 1.462 GB · 우리 4개 · 연속 0/2
[21:37:19] 여유 1.449 GB · 우리 4개 · 연속 0/2
[21:37:29] 여유 1.462 GB · 우리 4개 · 연속 0/2
[21:37:40] 여유 1.447 GB · 우리 4개 · 연속 0/2
[21:37:50] 여유 1.478 GB · 우리 4개 · 연속 0/2
[21:38:01] 여유 1.452 GB · 우리 4개 · 연속 0/2
[21:38:11] 여유 1.453 GB · 우리 4개 · 연속 0/2
[21:38:21] 여유 1.452 GB · 우리 4개 · 연속 0/2
[21:38:32] 여유 1.452 GB · 우리 4개 · 연속 0/2
[21:38:42] 여유 1.444 GB · 우리 4개 · 연속 0/2
[21:38:53] 여유 1.441 GB · 우리 4개 · 연속 0/2
[21:39:03] 여유 1.437 GB · 우리 4개 · 연속 0/2
[21:39:13] 여유 1.433 GB · 우리 4개 · 연속 0/2
[21:39:24] 여유 1.425 GB · 우리 4개 · 연속 0/2
[21:39:34] 여유 1.417 GB · 우리 4개 · 연속 0/2
[21:39:44] 여유 1.425 GB · 우리 4개 · 연속 0/2
[21:39:55] 여유 3.032 GB · 우리 3개 · 연속 0/2
[21:40:05] 여유 2.791 GB · 우리 4개 · 연속 0/2
[21:40:16] 여유 2.350 GB · 우리 4개 · 연속 0/2
[21:40:26] 여유 1.795 GB · 우리 4개 · 연속 0/2
[21:40:36] 여유 1.620 GB · 우리 4개 · 연속 0/2
[21:40:50] 여유 1.630 GB · 우리 4개 · 연속 0/2
[21:41:01] 여유 1.595 GB · 우리 4개 · 연속 0/2
[21:41:11] 여유 1.580 GB · 우리 4개 · 연속 0/2
[21:41:21] 여유 1.581 GB · 우리 4개 · 연속 0/2
[21:41:32] 여유 1.572 GB · 우리 4개 · 연속 0/2
[21:41:42] 여유 1.573 GB · 우리 4개 · 연속 0/2
[21:41:52] 여유 1.560 GB · 우리 4개 · 연속 0/2
[21:42:03] 여유 1.557 GB · 우리 4개 · 연속 0/2
[21:42:13] 여유 1.542 GB · 우리 4개 · 연속 0/2
[21:42:24] 여유 1.539 GB · 우리 4개 · 연속 0/2
[21:42:34] 여유 1.529 GB · 우리 4개 · 연속 0/2
[21:42:44] 여유 1.526 GB · 우리 4개 · 연속 0/2
[21:42:55] 여유 1.516 GB · 우리 4개 · 연속 0/2
[21:43:05] 여유 1.513 GB · 우리 4개 · 연속 0/2
[21:43:15] 여유 1.498 GB · 우리 4개 · 연속 0/2
[21:43:26] 여유 1.490 GB · 우리 4개 · 연속 0/2
[21:43:36] 여유 1.473 GB · 우리 4개 · 연속 0/2
[21:43:47] 여유 1.470 GB · 우리 4개 · 연속 0/2
[21:43:57] 여유 1.462 GB · 우리 4개 · 연속 0/2
[21:44:07] 여유 1.458 GB · 우리 4개 · 연속 0/2
[21:44:18] 여유 1.453 GB · 우리 4개 · 연속 0/2
[21:44:28] 여유 1.452 GB · 우리 4개 · 연속 0/2
[21:44:39] 여유 1.449 GB · 우리 4개 · 연속 0/2
[21:44:49] 여유 1.448 GB · 우리 4개 · 연속 0/2
[21:44:59] 여유 1.440 GB · 우리 4개 · 연속 0/2
[21:45:10] 여유 1.413 GB · 우리 4개 · 연속 0/2
[21:45:20] 여유 1.403 GB · 우리 4개 · 연속 0/2
[21:45:30] 여유 1.402 GB · 우리 4개 · 연속 0/2
[21:45:41] 여유 1.395 GB · 우리 4개 · 연속 0/2
[21:45:51] 여유 1.094 GB · 우리 4개 · 연속 0/2
[21:46:02] 여유 2.851 GB · 우리 4개 · 연속 0/2
[21:46:12] 여유 2.441 GB · 우리 4개 · 연속 0/2
[21:46:22] 여유 1.001 GB · 우리 4개 · 연속 0/2
[21:46:33] 여유 0.799 GB · 우리 4개 · 연속 0/2
[21:46:43] 여유 0.790 GB · 우리 4개 · 연속 0/2
[21:46:54] 여유 0.781 GB · 우리 4개 · 연속 0/2
[21:47:04] 여유 0.765 GB · 우리 4개 · 연속 0/2
[21:47:14] 여유 0.760 GB · 우리 4개 · 연속 0/2
[21:47:25] 여유 0.739 GB · 우리 4개 · 연속 0/2
[21:47:35] 여유 0.734 GB · 우리 4개 · 연속 0/2
[21:47:45] 여유 0.721 GB · 우리 4개 · 연속 0/2
[21:47:56] 여유 0.713 GB · 우리 4개 · 연속 0/2
[21:48:06] 여유 0.708 GB · 우리 4개 · 연속 0/2
[21:48:17] 여유 0.704 GB · 우리 4개 · 연속 0/2
[21:48:27] 여유 0.681 GB · 우리 4개 · 연속 0/2
[21:48:37] 여유 0.678 GB · 우리 4개 · 연속 0/2
[21:48:48] 여유 0.669 GB · 우리 4개 · 연속 0/2
[21:48:58] 여유 0.663 GB · 우리 4개 · 연속 0/2
[21:49:09] 여유 0.639 GB · 우리 4개 · 연속 0/2
[21:49:19] 여유 0.633 GB · 우리 4개 · 연속 0/2
[21:49:29] 여유 0.625 GB · 우리 4개 · 연속 0/2
[21:49:40] 여유 0.626 GB · 우리 4개 · 연속 0/2
[21:49:50] 여유 0.613 GB · 우리 4개 · 연속 0/2
[21:50:01] 여유 0.595 GB · 우리 4개 · 연속 0/2
[21:50:11] 여유 0.582 GB · 우리 4개 · 연속 0/2
[21:50:21] 여유 0.576 GB · 우리 4개 · 연속 0/2
[21:50:32] 여유 0.566 GB · 우리 4개 · 연속 0/2
[21:50:42] 여유 0.558 GB · 우리 4개 · 연속 0/2
[21:50:53] 여유 0.518 GB · 우리 4개 · 연속 0/2
[21:51:03] 여유 0.496 GB · 우리 4개 · 연속 1/2
[21:51:13] 여유 0.486 GB · 우리 4개 · 연속 2/2

🚨 **양보한다** — 여유 0.486 GB < 0.50 GB
   죽임 1092 · "C:\Program Files\Git\usr\bin\bash.exe" research/handoff/scripts/_us_paths_run.sh
   죽임 15240 · "C:\Program Files\Git\usr\bin\bash.exe" research/handoff/scripts/_us_paths_run.sh
   죽임 15168 · C:\Users\hanul\AppData\Local\Programs\Python\Python312\python.exe research/handoff/scripts
   죽임 14212 · python -u scripts/backtest_volatility_pilot_us.py --market us --emit-paths --start 2024-01
   잘린 파일 지움: 없음
   남은 경로 4개: ['uspath_2021', 'uspath_2022', 'uspath_2023', 'uspath_ext']
   → SEPA 가 끝나면 `_us_paths_run.sh` 를 다시 돌리면 된다.
양보 감시기 시작 — 문턱 0.50 GB · 2회 연속 · 10초 간격
[22:10:36] 여유 1.843 GB · 우리 2개 · 연속 0/2
[22:10:46] 여유 1.590 GB · 우리 2개 · 연속 0/2
[22:10:56] 여유 1.213 GB · 우리 2개 · 연속 0/2
[22:11:07] 여유 0.742 GB · 우리 2개 · 연속 0/2
[22:11:17] 여유 0.553 GB · 우리 2개 · 연속 0/2
[22:11:28] 여유 0.526 GB · 우리 2개 · 연속 0/2
[22:11:38] 여유 0.524 GB · 우리 2개 · 연속 0/2
[22:11:48] 여유 0.510 GB · 우리 2개 · 연속 0/2
[22:11:59] 여유 0.625 GB · 우리 2개 · 연속 0/2
[22:12:09] 여유 0.611 GB · 우리 2개 · 연속 0/2
[22:12:20] 여유 0.608 GB · 우리 2개 · 연속 0/2
[22:12:30] 여유 0.587 GB · 우리 2개 · 연속 0/2
[22:12:40] 여유 0.590 GB · 우리 2개 · 연속 0/2
[22:12:51] 여유 0.577 GB · 우리 2개 · 연속 0/2
[22:13:01] 여유 0.594 GB · 우리 2개 · 연속 0/2
[22:13:12] 여유 0.587 GB · 우리 2개 · 연속 0/2
[22:13:22] 여유 0.565 GB · 우리 2개 · 연속 0/2
[22:13:32] 여유 0.598 GB · 우리 2개 · 연속 0/2
[22:13:43] 여유 0.584 GB · 우리 2개 · 연속 0/2
[22:13:53] 여유 0.610 GB · 우리 2개 · 연속 0/2
[22:14:04] 여유 0.592 GB · 우리 2개 · 연속 0/2
[22:14:14] 여유 0.598 GB · 우리 2개 · 연속 0/2
[22:14:24] 여유 0.589 GB · 우리 2개 · 연속 0/2
[22:14:35] 여유 0.583 GB · 우리 2개 · 연속 0/2
[22:14:45] 여유 0.601 GB · 우리 2개 · 연속 0/2
[22:14:56] 여유 0.584 GB · 우리 2개 · 연속 0/2
[22:15:06] 여유 0.576 GB · 우리 2개 · 연속 0/2
[22:15:17] 여유 0.585 GB · 우리 2개 · 연속 0/2
[22:15:27] 여유 0.579 GB · 우리 2개 · 연속 0/2
[22:15:37] 여유 0.605 GB · 우리 2개 · 연속 0/2
[22:15:48] 여유 0.607 GB · 우리 2개 · 연속 0/2
[22:15:58] 여유 0.574 GB · 우리 2개 · 연속 0/2
[22:16:09] 여유 0.569 GB · 우리 2개 · 연속 0/2
[22:16:19] 여유 0.585 GB · 우리 2개 · 연속 0/2
[22:16:30] 여유 0.582 GB · 우리 2개 · 연속 0/2
[22:16:40] 우리 배치가 없다 — 감시 종료 (여유 2.031 GB)
양보 감시기 시작 — 문턱 0.50 GB · 2회 연속 · 10초 간격
[22:17:47] 여유 1.989 GB · 우리 2개 · 연속 0/2
[22:17:57] 여유 1.756 GB · 우리 2개 · 연속 0/2
[22:18:08] 여유 1.396 GB · 우리 2개 · 연속 0/2
[22:18:18] 여유 0.872 GB · 우리 2개 · 연속 0/2
[22:18:29] 여유 0.841 GB · 우리 2개 · 연속 0/2
[22:18:39] 여유 0.854 GB · 우리 2개 · 연속 0/2
[22:18:49] 여유 0.819 GB · 우리 2개 · 연속 0/2
[22:19:00] 여유 0.799 GB · 우리 2개 · 연속 0/2
[22:19:10] 여유 0.794 GB · 우리 2개 · 연속 0/2
[22:19:21] 여유 0.792 GB · 우리 2개 · 연속 0/2
[22:19:31] 여유 0.788 GB · 우리 2개 · 연속 0/2
[22:19:41] 여유 0.798 GB · 우리 2개 · 연속 0/2
[22:19:52] 여유 0.794 GB · 우리 2개 · 연속 0/2
[22:20:02] 여유 0.774 GB · 우리 2개 · 연속 0/2
[22:20:13] 여유 0.779 GB · 우리 2개 · 연속 0/2
[22:20:23] 여유 0.790 GB · 우리 2개 · 연속 0/2
[22:20:33] 여유 0.803 GB · 우리 2개 · 연속 0/2
[22:20:44] 여유 0.771 GB · 우리 2개 · 연속 0/2
[22:20:54] 여유 0.751 GB · 우리 2개 · 연속 0/2
[22:21:05] 여유 0.761 GB · 우리 2개 · 연속 0/2
[22:21:15] 여유 0.749 GB · 우리 2개 · 연속 0/2
[22:21:26] 여유 0.749 GB · 우리 2개 · 연속 0/2
[22:21:36] 여유 0.750 GB · 우리 2개 · 연속 0/2
[22:21:46] 여유 0.745 GB · 우리 2개 · 연속 0/2
[22:21:57] 여유 0.762 GB · 우리 2개 · 연속 0/2
[22:22:07] 여유 0.765 GB · 우리 2개 · 연속 0/2
[22:22:18] 여유 0.769 GB · 우리 2개 · 연속 0/2
[22:22:28] 여유 0.768 GB · 우리 2개 · 연속 0/2
[22:22:38] 여유 0.770 GB · 우리 2개 · 연속 0/2
[22:22:49] 여유 0.759 GB · 우리 2개 · 연속 0/2
[22:22:59] 여유 0.751 GB · 우리 2개 · 연속 0/2
[22:23:10] 여유 0.745 GB · 우리 2개 · 연속 0/2
[22:23:20] 여유 0.763 GB · 우리 2개 · 연속 0/2
[22:23:30] 여유 1.971 GB · 우리 2개 · 연속 0/2
[22:23:41] 여유 1.735 GB · 우리 2개 · 연속 0/2
[22:23:51] 여유 1.391 GB · 우리 2개 · 연속 0/2
[22:24:01] 여유 1.200 GB · 우리 2개 · 연속 0/2
[22:24:12] 여유 1.186 GB · 우리 2개 · 연속 0/2
[22:24:22] 여유 1.181 GB · 우리 2개 · 연속 0/2
[22:24:33] 여유 1.178 GB · 우리 2개 · 연속 0/2
[22:24:43] 여유 1.175 GB · 우리 2개 · 연속 0/2
[22:24:54] 여유 1.170 GB · 우리 2개 · 연속 0/2
[22:25:04] 여유 1.197 GB · 우리 2개 · 연속 0/2
[22:25:14] 여유 1.192 GB · 우리 2개 · 연속 0/2
[22:25:25] 여유 1.191 GB · 우리 2개 · 연속 0/2
[22:25:35] 여유 1.188 GB · 우리 2개 · 연속 0/2
[22:25:46] 여유 1.186 GB · 우리 2개 · 연속 0/2
[22:25:56] 여유 1.184 GB · 우리 2개 · 연속 0/2
[22:26:06] 여유 1.183 GB · 우리 2개 · 연속 0/2
[22:26:17] 여유 1.178 GB · 우리 2개 · 연속 0/2
[22:26:27] 여유 1.160 GB · 우리 2개 · 연속 0/2
[22:26:38] 여유 1.908 GB · 우리 1개 · 연속 0/2
[22:26:48] 여유 0.840 GB · 우리 1개 · 연속 0/2
[22:26:58] 여유 0.882 GB · 우리 1개 · 연속 0/2
[22:27:09] 우리 배치가 없다 — 감시 종료 (여유 2.086 GB)
